2026-01-06 00:28:48.306  9535-9535  ColorViewRootUtil       com.gap.droid                        D  nav bar mode ignore false downX 491 downY 893 mScreenHeight 1600 mScreenWidth 720 mStatusBarHeight 36 globalScale 1.125 nav mode 0 rotation 0 event MotionEvent \{ action=ACTION_DOWN, actionButton=0, id[0]=0, x[0]=491.0, y[0]=893.0, toolType[0]=TOOL_TYPE_FINGER, buttonState=0, classification=NONE, metaState=0, flags=0x0, edgeFlags=0x0, pointerCount=1, historySize=0, eventTime=16145647, downTime=16145647, deviceId=3, source=0x1002, displayId=0 \}\
2026-01-06 00:28:48.455  9535-9535  LocationChannelManager  com.gap.droid                        D  Setting teleported status: true\
2026-01-06 00:28:48.456  9535-9535  LocationChannelManager  com.gap.droid                        D  Selected channel: Province \'95 ttt\
2026-01-06 00:28:48.456  9535-9535  GeohashViewModel        com.gap.droid                        D  \uc0\u55357 \u56525  Switching to geohash channel: ttt\
2026-01-06 00:28:48.456  9535-9535  NotificationManager     com.gap.droid                        D  Current geohash changed: ttt\
2026-01-06 00:28:48.459  9535-9535  NotificationManager     com.gap.droid                        D  Cleared notifications for geohash: ttt\
2026-01-06 00:28:48.699  9535-9535  NostrIdentityBridge     com.gap.droid                        D  Derived geohash identity for ttt (iteration 0)\
2026-01-06 00:28:48.702  9535-9535  NostrRelayManager       com.gap.droid                        D  \uc0\u55357 \u57003  Unsubscribing from subscription: geohash-wwe\
2026-01-06 00:28:48.704  9535-9535  NostrRelayManager       com.gap.droid                        D  \uc0\u55357 \u57003  Unsubscribing from subscription: geo-dm-wwe\
2026-01-06 00:28:48.705  9535-9839  NostrRelayManager       com.gap.droid                        V  Unsubscribed 'geohash-wwe' from relay: wss://relay.comcomponent.com\
2026-01-06 00:28:48.705  9535-9834  NostrRelayManager       com.gap.droid                        V  Unsubscribed 'geo-dm-wwe' from relay: wss://relay.comcomponent.com\
2026-01-06 00:28:48.706  9535-9839  NostrRelayManager       com.gap.droid                        V  Unsubscribed 'geohash-wwe' from relay: wss://relay.nostr.wirednet.jp\
2026-01-06 00:28:48.706  9535-9839  NostrRelayManager       com.gap.droid                        V  Unsubscribed 'geohash-wwe' from relay: wss://nostr.camalolo.com\
2026-01-06 00:28:48.707  9535-9834  NostrRelayManager       com.gap.droid                        V  Unsubscribed 'geo-dm-wwe' from relay: wss://relay-dev.satlantis.io\
2026-01-06 00:28:48.708  9535-9834  NostrRelayManager       com.gap.droid                        V  Unsubscribed 'geo-dm-wwe' from relay: wss://nostr21.com\
2026-01-06 00:28:48.712  9535-9834  NostrRelayManager       com.gap.droid                        V  Unsubscribed 'geo-dm-wwe' from relay: wss://relay.damus.io\
2026-01-06 00:28:48.716  9535-9834  NostrRelayManager       com.gap.droid                        V  Unsubscribed 'geo-dm-wwe' from relay: wss://cyberspace.nostr1.com\
2026-01-06 00:28:48.716  9535-9834  NostrRelayManager       com.gap.droid                        V  Unsubscribed 'geo-dm-wwe' from relay: wss://relay.toastr.net\
2026-01-06 00:28:48.717  9535-9834  NostrRelayManager       com.gap.droid                        V  Unsubscribed 'geo-dm-wwe' from relay: wss://vitor.nostr1.com\
2026-01-06 00:28:48.717  9535-9834  NostrRelayManager       com.gap.droid                        V  Unsubscribed 'geo-dm-wwe' from relay: wss://relay.nostr.wirednet.jp\
2026-01-06 00:28:48.717  9535-9834  NostrRelayManager       com.gap.droid                        V  Unsubscribed 'geo-dm-wwe' from relay: wss://relay.fundstr.me\
2026-01-06 00:28:48.717  9535-9535  NostrRelayManager       com.gap.droid                        I  \uc0\u55356 \u57104  Geohash ttt using 5 relays: wss://shu04.shugur.net, wss://relay.islandbitcoin.com, wss://nos4smartnkind.tech, wss://nostr-relay.gateway.in.th, wss://nostr-relayrs.gateway.in.th\
2026-01-06 00:28:48.718  9535-9834  NostrRelayManager       com.gap.droid                        V  Unsubscribed 'geo-dm-wwe' from relay: wss://nostr.camalolo.com\
2026-01-06 00:28:48.719  9535-9535  NostrRelayManager       com.gap.droid                        D  \uc0\u55357 \u56545  Subscribing id=geohash-ttt for geohash=ttt on 5 relays\
2026-01-06 00:28:48.719  9535-9535  NostrRelayManager       com.gap.droid                        D  \uc0\u55357 \u56545  Subscribing to Nostr filter id=geohash-ttt NostrFilter(kinds=[20000], since=1767673728, limit=200, #g=1)\
2026-01-06 00:28:48.720  9535-9834  NostrRelayManager       com.gap.droid                        V  Unsubscribed 'geo-dm-wwe' from relay: wss://nostr.notribe.net\
2026-01-06 00:28:48.720  9535-9834  NostrRelayManager       com.gap.droid                        V  Unsubscribed 'geo-dm-wwe' from relay: wss://relay.primal.net\
2026-01-06 00:28:48.721  9535-9535  NostrRelayManager       com.gap.droid                        V  \uc0\u55357 \u56589  DEBUG: Serialized subscription message: ["REQ","geohash-ttt",\{"kinds":[20000],"since":1767673728,"limit":200,"#g":["ttt"]\}]\
2026-01-06 00:28:48.722  9535-9564  NostrRelayManager       com.gap.droid                        V  Attempting to connect to Nostr relay: wss://nos4smartnkind.tech\
2026-01-06 00:28:48.722  9535-9535  NostrRelayManager       com.gap.droid                        D  \uc0\u55357 \u56545  Subscribing to Nostr filter id=geo-dm-ttt NostrFilter(kinds=[1059], since=1767504528, limit=100, #p=1)\
2026-01-06 00:28:48.722  9535-9561  NostrRelayManager       com.gap.droid                        V  Attempting to connect to Nostr relay: wss://shu04.shugur.net\
2026-01-06 00:28:48.723  9535-9836  NostrRelayManager       com.gap.droid                        V  Attempting to connect to Nostr relay: wss://relay.islandbitcoin.com\
2026-01-06 00:28:48.723  9535-9571  NostrRelayManager       com.gap.droid                        V  Attempting to connect to Nostr relay: wss://nostr-relayrs.gateway.in.th\
2026-01-06 00:28:48.724  9535-9535  NostrRelayManager       com.gap.droid                        V  \uc0\u55357 \u56589  DEBUG: Serialized subscription message: ["REQ","geo-dm-ttt",\{"kinds":[1059],"since":1767504528,"limit":100,"#p":["e15626d2b5b4458b2cd6a52df5530172b1b02e39be1fde29471422452a5fd4a7"]\}]\
2026-01-06 00:28:48.724  9535-9563  NostrRelayManager       com.gap.droid                        V  \uc0\u9203  Relay wss://shu04.shugur.net not connected, subscription will be sent on reconnection\
2026-01-06 00:28:48.724  9535-9563  NostrRelayManager       com.gap.droid                        V  \uc0\u9203  Relay wss://relay.islandbitcoin.com not connected, subscription will be sent on reconnection\
2026-01-06 00:28:48.724  9535-9563  NostrRelayManager       com.gap.droid                        V  \uc0\u9203  Relay wss://nos4smartnkind.tech not connected, subscription will be sent on reconnection\
2026-01-06 00:28:48.724  9535-9563  NostrRelayManager       com.gap.droid                        V  \uc0\u9203  Relay wss://nostr-relay.gateway.in.th not connected, subscription will be sent on reconnection\
2026-01-06 00:28:48.724  9535-9563  NostrRelayManager       com.gap.droid                        V  \uc0\u9203  Relay wss://nostr-relayrs.gateway.in.th not connected, subscription will be sent on reconnection\
2026-01-06 00:28:48.724  9535-9566  NostrRelayManager       com.gap.droid                        V  Attempting to connect to Nostr relay: wss://nostr-relay.gateway.in.th\
2026-01-06 00:28:48.729  9535-9563  NostrRelayManager       com.gap.droid                        V  \uc0\u9989  Subscription 'geo-dm-ttt' sent to relay: wss://relay.comcomponent.com\
2026-01-06 00:28:48.729  9535-9563  NostrRelayManager       com.gap.droid                        V  \uc0\u9989  Subscription 'geo-dm-ttt' sent to relay: wss://relay-dev.satlantis.io\
2026-01-06 00:28:48.730  9535-9535  DataManager             com.gap.droid                        D  Saved last geohash channel: \{"type":"location","level":"PROVINCE","precision":4,"geohash":"ttt","displayName":"Province"\}\
2026-01-06 00:28:48.730  9535-9535  LocationChannelManager  com.gap.droid                        D  Saved channel selection: Province \'95 ttt\
2026-01-06 00:28:48.730  9535-9535  LocationChannelManager  com.gap.droid                        D  Teleported (immediate recompute): true (current: dr5r, selected: ttt)\
2026-01-06 00:28:48.731  9535-9563  NostrRelayManager       com.gap.droid                        V  \uc0\u9989  Subscription 'geo-dm-ttt' sent to relay: wss://nostr21.com\
2026-01-06 00:28:48.731  9535-9563  NostrRelayManager       com.gap.droid                        V  \uc0\u9989  Subscription 'geo-dm-ttt' sent to relay: wss://relay.damus.io\
2026-01-06 00:28:48.732  9535-9563  NostrRelayManager       com.gap.droid                        V  \uc0\u9989  Subscription 'geo-dm-ttt' sent to relay: wss://dev-nostr.bityacht.io\
2026-01-06 00:28:48.734  9535-9563  NostrRelayManager       com.gap.droid                        V  \uc0\u9989  Subscription 'geo-dm-ttt' sent to relay: wss://cyberspace.nostr1.com\
2026-01-06 00:28:48.734  9535-9563  NostrRelayManager       com.gap.droid                        V  \uc0\u9989  Subscription 'geo-dm-ttt' sent to relay: wss://nostr.jerrynya.fun\
2026-01-06 00:28:48.734  9535-9563  NostrRelayManager       com.gap.droid                        V  \uc0\u9989  Subscription 'geo-dm-ttt' sent to relay: wss://relay.toastr.net\
2026-01-06 00:28:48.735  9535-9834  NostrRelayManager       com.gap.droid                        V  Unsubscribed 'geo-dm-wwe' from relay: wss://offchain.pub\
2026-01-06 00:28:48.735  9535-9834  NostrRelayManager       com.gap.droid                        V  Unsubscribed 'geo-dm-wwe' from relay: wss://fanfares.nostr1.com\
2026-01-06 00:28:48.736  9535-9834  NostrRelayManager       com.gap.droid                        V  Unsubscribed 'geo-dm-wwe' from relay: wss://relay.evanverma.com\
2026-01-06 00:28:48.736  9535-9563  NostrRelayManager       com.gap.droid                        V  \uc0\u9989  Subscription 'geo-dm-ttt' sent to relay: wss://vitor.nostr1.com\
2026-01-06 00:28:48.737  9535-9563  NostrRelayManager       com.gap.droid                        V  \uc0\u9989  Subscription 'geo-dm-ttt' sent to relay: wss://relay.nostr.wirednet.jp\
2026-01-06 00:28:48.737  9535-9535  Choreographer           com.gap.droid                        I  Skipped 17 frames!  The application may be doing too much work on its main thread.\
2026-01-06 00:28:48.738  9535-9563  NostrRelayManager       com.gap.droid                        V  \uc0\u9989  Subscription 'geo-dm-ttt' sent to relay: wss://relay.fundstr.me\
2026-01-06 00:28:48.738  9535-9563  NostrRelayManager       com.gap.droid                        V  \uc0\u9989  Subscription 'geo-dm-ttt' sent to relay: wss://nostr.camalolo.com\
2026-01-06 00:28:48.739  9535-9563  NostrRelayManager       com.gap.droid                        V  \uc0\u9989  Subscription 'geo-dm-ttt' sent to relay: wss://nostr.notribe.net\
2026-01-06 00:28:48.742  9535-9563  NostrRelayManager       com.gap.droid                        V  \uc0\u9989  Subscription 'geo-dm-ttt' sent to relay: wss://relay.primal.net\
2026-01-06 00:28:48.742  9535-9563  NostrRelayManager       com.gap.droid                        V  \uc0\u9989  Subscription 'geo-dm-ttt' sent to relay: wss://offchain.pub\
2026-01-06 00:28:48.743  9535-9563  NostrRelayManager       com.gap.droid                        V  \uc0\u9989  Subscription 'geo-dm-ttt' sent to relay: wss://fanfares.nostr1.com\
2026-01-06 00:28:48.743  9535-9563  NostrRelayManager       com.gap.droid                        V  \uc0\u9989  Subscription 'geo-dm-ttt' sent to relay: wss://relay.evanverma.com\
2026-01-06 00:28:48.750  9535-9954  System                  com.gap.droid                        W  ClassLoader referenced unknown path: system/framework/mediatek-cta.jar\
2026-01-06 00:28:48.751  9535-9957  System                  com.gap.droid                        W  ClassLoader referenced unknown path: system/framework/mediatek-cta.jar\
2026-01-06 00:28:48.752  9535-9958  System                  com.gap.droid                        W  ClassLoader referenced unknown path: system/framework/mediatek-cta.jar\
2026-01-06 00:28:48.753  9535-9816  ArtiNative              com.gap.droid                        I  Arti: SOCKS connection from: 127.0.0.1:60772\
2026-01-06 00:28:48.753  9535-9956  System                  com.gap.droid                        W  ClassLoader referenced unknown path: system/framework/mediatek-cta.jar\
2026-01-06 00:28:48.754  9535-9816  ArtiTorManager          com.gap.droid                        I  arti: SOCKS connection from: 127.0.0.1:60772\
2026-01-06 00:28:48.755  9535-9955  System                  com.gap.droid                        W  ClassLoader referenced unknown path: system/framework/mediatek-cta.jar\
2026-01-06 00:28:48.755  9535-9816  ArtiNative              com.gap.droid                        I  Arti: SOCKS connection from: 127.0.0.1:60774\
2026-01-06 00:28:48.757  9535-9816  ArtiTorManager          com.gap.droid                        I  arti: SOCKS connection from: 127.0.0.1:60774\
2026-01-06 00:28:48.758  9535-9816  ArtiNative              com.gap.droid                        I  Arti: SOCKS connection from: 127.0.0.1:60776\
2026-01-06 00:28:48.759  9535-9816  ArtiTorManager          com.gap.droid                        I  arti: SOCKS connection from: 127.0.0.1:60776\
2026-01-06 00:28:48.759  9535-9812  ArtiNative              com.gap.droid                        I  Arti: SOCKS5 CONNECT to shu04.shugur.net:443\
2026-01-06 00:28:48.760  9535-9816  ArtiNative              com.gap.droid                        I  Arti: SOCKS connection from: 127.0.0.1:60778\
2026-01-06 00:28:48.760  9535-9814  ArtiNative              com.gap.droid                        I  Arti: SOCKS5 CONNECT to nostr-relayrs.gateway.in.th:443\
2026-01-06 00:28:48.760  9535-9812  ArtiTorManager          com.gap.droid                        I  arti: SOCKS5 CONNECT to shu04.shugur.net:443\
2026-01-06 00:28:48.761  9535-9816  ArtiTorManager          com.gap.droid                        I  arti: SOCKS connection from: 127.0.0.1:60778\
2026-01-06 00:28:48.762  9535-9816  ArtiNative              com.gap.droid                        I  Arti: SOCKS connection from: 127.0.0.1:60780\
2026-01-06 00:28:48.762  9535-9814  ArtiTorManager          com.gap.droid                        I  arti: SOCKS5 CONNECT to nostr-relayrs.gateway.in.th:443\
2026-01-06 00:28:48.762  9535-9825  ArtiNative              com.gap.droid                        I  Arti: SOCKS5 CONNECT to nostr-relay.gateway.in.th:443\
2026-01-06 00:28:48.763  9535-9816  ArtiTorManager          com.gap.droid                        I  arti: SOCKS connection from: 127.0.0.1:60780\
2026-01-06 00:28:48.764  9535-9825  ArtiTorManager          com.gap.droid                        I  arti: SOCKS5 CONNECT to nostr-relay.gateway.in.th:443\
2026-01-06 00:28:48.764  9535-9812  ArtiNative              com.gap.droid                        I  Arti: SOCKS5 CONNECT to nos4smartnkind.tech:443\
2026-01-06 00:28:48.765  9535-9816  ArtiNative              com.gap.droid                        I  Arti: SOCKS5 CONNECT to relay.islandbitcoin.com:443\
2026-01-06 00:28:48.765  9535-9812  ArtiTorManager          com.gap.droid                        I  arti: SOCKS5 CONNECT to nos4smartnkind.tech:443\
2026-01-06 00:28:48.767  9535-9816  ArtiTorManager          com.gap.droid                        I  arti: SOCKS5 CONNECT to relay.islandbitcoin.com:443\
2026-01-06 00:28:48.788  9535-9637  Surface                 com.gap.droid                        D  Surface::disconnect(this=0x711ce9f000,api=1)\
2026-01-06 00:28:48.790  9535-9535  View                    com.gap.droid                        D  [Warning] assignParent to null: this = DecorView@f0e7753[MainActivity]\
2026-01-06 00:28:48.790  9535-9535  InputTransport          com.gap.droid                        I  Destroy ARC handle: 0x711c2eeb00\
2026-01-06 00:28:48.796  1456-3976  InputDispatcher         system_server                        E  Window handle Window\{7c830b2 u0 com.gap.droid/com.gap.droid.MainActivity\} has no registered input channel\
2026-01-06 00:28:48.823  1456-3968  InputDispatcher         system_server                        E  Window handle Window\{7c830b2 u0 com.gap.droid/com.gap.droid.MainActivity\} has no registered input channel\
2026-01-06 00:28:48.869  9535-9535  Choreographer           com.gap.droid                        I  Skipped 6 frames!  The application may be doing too much work on its main thread.\
2026-01-06 00:28:48.917  9535-9535  IInputConnectionWrapper com.gap.droid                        W  requestCursorAnchorInfo on inactive InputConnection\
2026-01-06 00:28:49.089  9535-9837  NostrRelayManager       com.gap.droid                        V  End of stored events for subscription: geo-dm-ttt\
2026-01-06 00:28:49.195  9535-9895  NostrRelayManager       com.gap.droid                        V  End of stored events for subscription: geo-dm-ttt\
2026-01-06 00:28:49.195  9535-9840  NostrRelayManager       com.gap.droid                        V  End of stored events for subscription: geo-dm-ttt\
2026-01-06 00:28:49.195  9535-9835  NostrRelayManager       com.gap.droid                        V  End of stored events for subscription: geo-dm-ttt\
2026-01-06 00:28:49.195  9535-9818  ArtiNative              com.gap.droid                        I  Arti: Tor connection established to shu04.shugur.net:443\
2026-01-06 00:28:49.196  9535-9841  NostrRelayManager       com.gap.droid                        V  End of stored events for subscription: geo-dm-ttt\
2026-01-06 00:28:49.196  9535-9893  NostrRelayManager       com.gap.droid                        V  End of stored events for subscription: geo-dm-ttt\
2026-01-06 00:28:49.196  9535-9818  ArtiTorManager          com.gap.droid                        I  arti: Tor connection established to shu04.shugur.net:443\
2026-01-06 00:28:49.196  9535-9812  ArtiNative              com.gap.droid                        I  Arti: Tor connection established to nos4smartnkind.tech:443\
2026-01-06 00:28:49.197  9535-9890  NostrRelayManager       com.gap.droid                        V  End of stored events for subscription: geo-dm-ttt\
2026-01-06 00:28:49.198  9535-9812  ArtiTorManager          com.gap.droid                        I  arti: Tor connection established to nos4smartnkind.tech:443\
2026-01-06 00:28:49.209  9535-9891  NostrRelayManager       com.gap.droid                        V  End of stored events for subscription: geo-dm-ttt\
2026-01-06 00:28:49.209  9535-9894  NostrRelayManager       com.gap.droid                        V  End of stored events for subscription: geo-dm-ttt\
2026-01-06 00:28:49.214  9535-9892  NostrRelayManager       com.gap.droid                        V  End of stored events for subscription: geo-dm-ttt\
2026-01-06 00:28:49.320  9535-9896  NostrRelayManager       com.gap.droid                        V  End of stored events for subscription: geo-dm-ttt\
2026-01-06 00:28:49.320  9535-9889  NostrRelayManager       com.gap.droid                        V  End of stored events for subscription: geo-dm-ttt\
2026-01-06 00:28:49.337  9535-9814  ArtiNative              com.gap.droid                        I  Arti: Tor connection established to nostr-relay.gateway.in.th:443\
2026-01-06 00:28:49.338  9535-9812  ArtiNative              com.gap.droid                        I  Arti: Tor connection established to nostr-relayrs.gateway.in.th:443\
2026-01-06 00:28:49.339  9535-9814  ArtiTorManager          com.gap.droid                        I  arti: Tor connection established to nostr-relay.gateway.in.th:443\
2026-01-06 00:28:49.341  9535-9812  ArtiTorManager          com.gap.droid                        I  arti: Tor connection established to nostr-relayrs.gateway.in.th:443\
2026-01-06 00:28:49.451  9535-9845  NostrRelayManager       com.gap.droid                        V  End of stored events for subscription: geo-dm-ttt\
2026-01-06 00:28:49.451  9535-9844  NostrRelayManager       com.gap.droid                        V  End of stored events for subscription: geo-dm-ttt\
2026-01-06 00:28:49.480  9535-9843  NostrRelayManager       com.gap.droid                        V  End of stored events for subscription: geo-dm-ttt\
2026-01-06 00:28:50.734  9535-9955  NostrRelayManager       com.gap.droid                        D  \uc0\u9989  Connected to Nostr relay: wss://nos4smartnkind.tech\
2026-01-06 00:28:50.735  9535-9955  NostrRelayManager       com.gap.droid                        D  \uc0\u55357 \u56580  Restoring 3 subscriptions for relay: wss://nos4smartnkind.tech\
2026-01-06 00:28:50.735  9535-9954  NostrRelayManager       com.gap.droid                        D  \uc0\u9989  Connected to Nostr relay: wss://shu04.shugur.net\
2026-01-06 00:28:50.736  9535-9954  NostrRelayManager       com.gap.droid                        D  \uc0\u55357 \u56580  Restoring 3 subscriptions for relay: wss://shu04.shugur.net\
2026-01-06 00:28:50.736  9535-9955  NostrRelayManager       com.gap.droid                        V  \uc0\u9989  Restored subscription 'chat-messages' to relay: wss://nos4smartnkind.tech\
2026-01-06 00:28:50.736  9535-9954  NostrRelayManager       com.gap.droid                        V  \uc0\u9989  Restored subscription 'chat-messages' to relay: wss://shu04.shugur.net\
2026-01-06 00:28:50.737  9535-9955  NostrRelayManager       com.gap.droid                        V  \uc0\u9989  Restored subscription 'geohash-ttt' to relay: wss://nos4smartnkind.tech\
2026-01-06 00:28:50.737  9535-9954  NostrRelayManager       com.gap.droid                        V  \uc0\u9989  Restored subscription 'geohash-ttt' to relay: wss://shu04.shugur.net\
2026-01-06 00:28:50.737  9535-9955  NostrRelayManager       com.gap.droid                        V  \uc0\u9989  Restored subscription 'geo-dm-ttt' to relay: wss://nos4smartnkind.tech\
2026-01-06 00:28:50.737  9535-9954  NostrRelayManager       com.gap.droid                        V  \uc0\u9989  Restored subscription 'geo-dm-ttt' to relay: wss://shu04.shugur.net\
2026-01-06 00:28:51.246  9535-9955  NostrRelayManager       com.gap.droid                        V  End of stored events for subscription: geohash-ttt\
2026-01-06 00:28:51.288  9535-9955  NostrRelayManager       com.gap.droid                        V  End of stored events for subscription: geo-dm-ttt\
2026-01-06 00:28:51.290  9535-9955  NostrRelayManager       com.gap.droid                        V  End of stored events for subscription: chat-messages\
2026-01-06 00:28:51.395  9535-9954  NostrRelayManager       com.gap.droid                        V  End of stored events for subscription: geo-dm-ttt\
2026-01-06 00:28:51.398  9535-9957  NostrRelayManager       com.gap.droid                        D  \uc0\u9989  Connected to Nostr relay: wss://nostr-relayrs.gateway.in.th\
2026-01-06 00:28:51.399  9535-9957  NostrRelayManager       com.gap.droid                        D  \uc0\u55357 \u56580  Restoring 3 subscriptions for relay: wss://nostr-relayrs.gateway.in.th\
2026-01-06 00:28:51.402  9535-9957  NostrRelayManager       com.gap.droid                        V  \uc0\u9989  Restored subscription 'chat-messages' to relay: wss://nostr-relayrs.gateway.in.th\
2026-01-06 00:28:51.405  9535-9957  NostrRelayManager       com.gap.droid                        V  \uc0\u9989  Restored subscription 'geohash-ttt' to relay: wss://nostr-relayrs.gateway.in.th\
2026-01-06 00:28:51.408  9535-9957  NostrRelayManager       com.gap.droid                        V  \uc0\u9989  Restored subscription 'geo-dm-ttt' to relay: wss://nostr-relayrs.gateway.in.th\
2026-01-06 00:28:51.436  9535-9954  NostrRelayManager       com.gap.droid                        V  End of stored events for subscription: geohash-ttt\
2026-01-06 00:28:51.437  9535-9954  NostrRelayManager       com.gap.droid                        V  End of stored events for subscription: chat-messages\
2026-01-06 00:28:51.725  9535-9958  NostrRelayManager       com.gap.droid                        D  \uc0\u9989  Connected to Nostr relay: wss://nostr-relay.gateway.in.th\
2026-01-06 00:28:51.726  9535-9958  NostrRelayManager       com.gap.droid                        D  \uc0\u55357 \u56580  Restoring 3 subscriptions for relay: wss://nostr-relay.gateway.in.th\
2026-01-06 00:28:51.728  9535-9958  NostrRelayManager       com.gap.droid                        V  \uc0\u9989  Restored subscription 'chat-messages' to relay: wss://nostr-relay.gateway.in.th\
2026-01-06 00:28:51.730  9535-9958  NostrRelayManager       com.gap.droid                        V  \uc0\u9989  Restored subscription 'geohash-ttt' to relay: wss://nostr-relay.gateway.in.th\
2026-01-06 00:28:51.732  9535-9958  NostrRelayManager       com.gap.droid                        V  \uc0\u9989  Restored subscription 'geo-dm-ttt' to relay: wss://nostr-relay.gateway.in.th\
2026-01-06 00:28:52.023  9535-9957  NostrRelayManager       com.gap.droid                        V  End of stored events for subscription: geohash-ttt\
2026-01-06 00:28:52.024  9535-9957  NostrRelayManager       com.gap.droid                        V  End of stored events for subscription: chat-messages\
2026-01-06 00:28:52.147  9535-9957  NostrRelayManager       com.gap.droid                        V  End of stored events for subscription: geo-dm-ttt\
2026-01-06 00:28:52.276  9535-9958  NostrRelayManager       com.gap.droid                        V  End of stored events for subscription: chat-messages\
2026-01-06 00:28:52.317  9535-9958  NostrRelayManager       com.gap.droid                        V  End of stored events for subscription: geohash-ttt\
2026-01-06 00:28:52.324  9535-9571  BluetoothG...entManager com.gap.droid                        D  Requesting RSSI from 75:74:FB:47:26:77\
2026-01-06 00:28:52.325  9535-9571  BluetoothGatt           com.gap.droid                        D  readRssi() - device: 75:74:FB:47:26:77\
2026-01-06 00:28:52.337  9535-9646  BluetoothG...entManager com.gap.droid                        D  Client: RSSI updated for 75:74:FB:47:26:77: -54 dBm\
2026-01-06 00:28:52.387  9535-9958  NostrRelayManager       com.gap.droid                        V  End of stored events for subscription: geo-dm-ttt\
2026-01-06 00:28:53.788  9535-9571  NostrRelayManager       com.gap.droid                        W  \uc0\u9888 \u65039  Subscription inconsistencies detected: [Relay wss://relay.islandbitcoin.com missing subscriptions: [chat-messages, geohash-ttt, geo-dm-ttt], Relay wss://dev-nostr.bityacht.io missing subscriptions: [chat-messages], Relay wss://nostr.jerrynya.fun missing subscriptions: [chat-messages]]\
2026-01-06 00:28:53.790  9535-9571  NostrRelayManager       com.gap.droid                        I  \uc0\u55357 \u56615  Auto-repairing 3 missing subscriptions for wss://relay.islandbitcoin.com\
2026-01-06 00:28:53.791  9535-9571  NostrRelayManager       com.gap.droid                        D  \uc0\u55357 \u56580  Restoring 3 subscriptions for relay: wss://relay.islandbitcoin.com\
2026-01-06 00:28:53.794  9535-9571  NostrRelayManager       com.gap.droid                        V  \uc0\u9989  Restored subscription 'chat-messages' to relay: wss://relay.islandbitcoin.com\
2026-01-06 00:28:53.797  9535-9571  NostrRelayManager       com.gap.droid                        V  \uc0\u9989  Restored subscription 'geohash-ttt' to relay: wss://relay.islandbitcoin.com\
2026-01-06 00:28:53.800  9535-9571  NostrRelayManager       com.gap.droid                        V  \uc0\u9989  Restored subscription 'geo-dm-ttt' to relay: wss://relay.islandbitcoin.com\
2026-01-06 00:28:53.801  9535-9571  NostrRelayManager       com.gap.droid                        I  \uc0\u55357 \u56615  Auto-repairing 1 missing subscriptions for wss://dev-nostr.bityacht.io\
2026-01-06 00:28:53.802  9535-9571  NostrRelayManager       com.gap.droid                        D  \uc0\u55357 \u56580  Restoring 2 subscriptions for relay: wss://dev-nostr.bityacht.io\
2026-01-06 00:28:53.804  9535-9571  NostrRelayManager       com.gap.droid                        V  \uc0\u9989  Restored subscription 'chat-messages' to relay: wss://dev-nostr.bityacht.io\
2026-01-06 00:28:53.807  9535-9571  NostrRelayManager       com.gap.droid                        V  \uc0\u9989  Restored subscription 'geo-dm-ttt' to relay: wss://dev-nostr.bityacht.io\
2026-01-06 00:28:53.809  9535-9571  NostrRelayManager       com.gap.droid                        I  \uc0\u55357 \u56615  Auto-repairing 1 missing subscriptions for wss://nostr.jerrynya.fun\
2026-01-06 00:28:53.809  9535-9571  NostrRelayManager       com.gap.droid                        D  \uc0\u55357 \u56580  Restoring 2 subscriptions for relay: wss://nostr.jerrynya.fun\
2026-01-06 00:28:53.812  9535-9571  NostrRelayManager       com.gap.droid                        V  \uc0\u9989  Restored subscription 'chat-messages' to relay: wss://nostr.jerrynya.fun\
2026-01-06 00:28:53.814  9535-9571  NostrRelayManager       com.gap.droid                        V  \uc0\u9989  Restored subscription 'geo-dm-ttt' to relay: wss://nostr.jerrynya.fun\
2026-01-06 00:28:54.832  9535-9646  BluetoothG...verManager com.gap.droid                        I  Server: Received packet from 75:74:FB:47:26:77, size: 174 bytes\
2026-01-06 00:28:54.833  9535-9646  BluetoothG...verManager com.gap.droid                        D  Server: Parsed packet type 1 from 09846e8292f371d7\
2026-01-06 00:28:54.834  9535-9646  BluetoothC...ionManager com.gap.droid                        D  onPacketReceived: Packet received from 75:74:FB:47:26:77 (09846e8292f371d7)\
2026-01-06 00:28:54.835  9535-9646  PacketProcessor         com.gap.droid                        D  processPacket 1\
2026-01-06 00:28:54.838  9535-9566  PacketProcessor         com.gap.droid                        D  \uc0\u55357 \u56550  Processing packet type 1 from 09846e8292f371d7 (anon8764) (serialized)\
2026-01-06 00:28:54.904  9535-9566  EncryptionService       com.gap.droid                        D  \uc0\u9989  Ed25519 signature verification: true\
2026-01-06 00:28:54.904  9535-9566  SecurityManager         com.gap.droid                        D  Packet validation passed for 09846e8292f371d7, messageID: 1767677334913-09846e8292f371d7-35770115\
2026-01-06 00:28:54.904  9535-9566  PacketProcessor         com.gap.droid                        D  Processing packet type ANNOUNCE from 09846e8292f371d7 (anon8764)\
2026-01-06 00:28:54.904  9535-9566  PacketProcessor         com.gap.droid                        D  Processing announce from 09846e8292f371d7 (anon8764)\
2026-01-06 00:28:54.906  9535-9566  PacketRelayManager      com.gap.droid                        D  Evaluating relay for packet type 1 from 09846e8292f371d7 (TTL: 7)\
2026-01-06 00:28:54.906  9535-9566  PacketRelayManager      com.gap.droid                        D  Decremented TTL from 7 to 6\
2026-01-06 00:28:54.906  9535-9566  PacketRelayManager      com.gap.droid                        D  High TTL (6), relaying\
2026-01-06 00:28:54.906  9535-9566  PacketRelayManager      com.gap.droid                        D  \uc0\u55357 \u56580  Relaying packet type 1 with TTL 6\
2026-01-06 00:28:54.906  9535-9566  FragmentManager         com.gap.droid                        D  \uc0\u55357 \u56576  Creating fragments for packet type 1, payload: 88 bytes\
2026-01-06 00:28:54.907  9535-9566  FragmentManager         com.gap.droid                        D  \uc0\u55357 \u56550  Encoded to 256 bytes\
2026-01-06 00:28:54.907  9535-9566  FragmentManager         com.gap.droid                        D  \uc0\u55357 \u56527  Unpadded to 174 bytes\
2026-01-06 00:28:54.909  9535-9566  PacketProcessor         com.gap.droid                        D  Completed packet type 1 from 09846e8292f371d7 (anon8764)\
2026-01-06 00:28:54.911  9535-9566  BluetoothP...roadcaster com.gap.droid                        I  Broadcasting packet type 1 to 2 server + 1 client connections\
2026-01-06 00:28:54.911  9535-9566  BluetoothP...roadcaster com.gap.droid                        D  Skipping broadcast to client back to relayer: 75:74:FB:47:26:77\
2026-01-06 00:28:54.911  9535-9566  BluetoothP...roadcaster com.gap.droid                        D  Skipping broadcast to client back to relayer: 75:74:FB:47:26:77\
2026-01-06 00:28:54.912  9535-9566  BluetoothP...roadcaster com.gap.droid                        D  Skipping broadcast to server back to relayer: 75:74:FB:47:26:77\
2026-01-06 00:28:54.954  9535-9836  EncryptionService       com.gap.droid                        D  \uc0\u9989  Ed25519 signature verification: true\
2026-01-06 00:28:54.956  9535-9836  MessageHandler          com.gap.droid                        D  \uc0\u9989  Verified announce from 09846e8292f371d7: nickname=anon8764, noisePublicKey=88e0f4b832401d26..., signingPublicKey=fc80f64988c7e571...\
2026-01-06 00:28:54.957  9535-9836  PeerManager             com.gap.droid                        D  \uc0\u55357 \u56580  Updated verified peer: anon8764 (09846e8292f371d7)\
2026-01-06 00:28:54.957  9535-9836  BluetoothMeshService    com.gap.droid                        D  Updating peer ID binding: 09846e8292f371d7 (was: null) with nickname: anon8764 and public key: 88e0f4b832401d26...\
2026-01-06 00:28:54.958  9535-9836  PeerManager             com.gap.droid                        D  Updated peer: 09846e8292f371d7 (anon8764)\
2026-01-06 00:28:54.960  9535-9836  PeerFingerprintManager  com.gap.droid                        D  Stored fingerprint for peer 09846e8292f371d7: 09846e8292f371d7...\
2026-01-06 00:28:54.962  9535-9836  BluetoothMeshService    com.gap.droid                        D  Updated peer ID binding: 09846e8292f371d7 (was: null), fingerprint: 09846e8292f371d7...\
2026-01-06 00:28:54.962  9535-9836  MessageHandler          com.gap.droid                        D  \uc0\u9989  Processed verified TLV announce: stored identity for 09846e8292f371d7\
2026-01-06 00:28:55.443  9535-9891  NostrRelayManager       com.gap.droid                        V  \uc0\u55357 \u56549  Processing event (kind=20000) from relay=wss://relay.evanverma.com geo=dr sub=sampling-dr\
2026-01-06 00:28:55.787  9535-9836  NostrIdentityBridge     com.gap.droid                        D  Derived geohash identity for dr (iteration 0)\
2026-01-06 00:28:56.902  9535-9881  NostrRelayManager       com.gap.droid                        E  \uc0\u10060  WebSocket failure for wss://nostr.jerrynya.fun: Connect timed out\
2026-01-06 00:28:56.902  9535-9815  ArtiNative              com.gap.droid                        I  Arti: ERROR: Failed to connect through Tor: Error \{ detail: ExitTimeout \}\
2026-01-06 00:28:56.903  9535-9881  NostrRelayManager       com.gap.droid                        D  Scheduling reconnection to wss://nostr.jerrynya.fun in 4s (attempt 3)\
2026-01-06 00:28:56.904  9535-9815  ArtiTorManager          com.gap.droid                        I  arti: ERROR: Failed to connect through Tor: Error \{ detail: ExitTimeout \}\
2026-01-06 00:28:56.906  9535-9815  ArtiNative              com.gap.droid                        I  Arti: ERROR: SOCKS connection error: tor: operation timed out at exit: Timed out while waiting for answer from exit\
                                                                                                    \
                                                                                                    Caused by:\
                                                                                                        Timed out while waiting for answer from exit\
2026-01-06 00:28:56.907  9535-9815  ArtiTorManager          com.gap.droid                        I  arti: ERROR: SOCKS connection error: tor: operation timed out at exit: Timed out while waiting for answer from exit\
                                                                                                    \
                                                                                                    Caused by:\
                                                                                                        Timed out while waiting for answer from exit\
2026-01-06 00:28:56.910  9535-9842  NostrRelayManager       com.gap.droid                        E  \uc0\u10060  WebSocket failure for wss://dev-nostr.bityacht.io: Connect timed out\
2026-01-06 00:28:56.910  9535-9842  NostrRelayManager       com.gap.droid                        D  Scheduling reconnection to wss://dev-nostr.bityacht.io in 4s (attempt 3)\
2026-01-06 00:28:56.913  9535-9814  ArtiNative              com.gap.droid                        I  Arti: ERROR: Failed to connect through Tor: Error \{ detail: ExitTimeout \}\
2026-01-06 00:28:56.914  9535-9814  ArtiTorManager          com.gap.droid                        I  arti: ERROR: Failed to connect through Tor: Error \{ detail: ExitTimeout \}\
2026-01-06 00:28:56.916  9535-9814  ArtiNative              com.gap.droid                        I  Arti: ERROR: SOCKS connection error: tor: operation timed out at exit: Timed out while waiting for answer from exit\
                                                                                                    \
                                                                                                    Caused by:\
                                                                                                        Timed out while waiting for answer from exit\
2026-01-06 00:28:56.917  9535-9814  ArtiTorManager          com.gap.droid                        I  arti: ERROR: SOCKS connection error: tor: operation timed out at exit: Timed out while waiting for answer from exit\
                                                                                                    \
                                                                                                    Caused by:\
                                                                                                        Timed out while waiting for answer from exit\
2026-01-06 00:28:57.329  9535-9566  BluetoothG...entManager com.gap.droid                        D  Requesting RSSI from 75:74:FB:47:26:77\
2026-01-06 00:28:57.329  9535-9566  BluetoothGatt           com.gap.droid                        D  readRssi() - device: 75:74:FB:47:26:77\
2026-01-06 00:28:57.340  9535-9646  BluetoothG...entManager com.gap.droid                        D  Client: RSSI updated for 75:74:FB:47:26:77: -57 dBm\
2026-01-06 00:28:58.769  9535-9814  ArtiNative              com.gap.droid                        I  Arti: ERROR: Failed to connect through Tor: Error \{ detail: ExitTimeout \}\
2026-01-06 00:28:58.769  9535-9956  NostrRelayManager       com.gap.droid                        E  \uc0\u10060  WebSocket failure for wss://relay.islandbitcoin.com: Connect timed out\
2026-01-06 00:28:58.770  9535-9814  ArtiTorManager          com.gap.droid                        I  arti: ERROR: Failed to connect through Tor: Error \{ detail: ExitTimeout \}\
2026-01-06 00:28:58.770  9535-9956  NostrRelayManager       com.gap.droid                        D  Scheduling reconnection to wss://relay.islandbitcoin.com in 1s (attempt 1)\
2026-01-06 00:28:58.773  9535-9814  ArtiNative              com.gap.droid                        I  Arti: ERROR: SOCKS connection error: tor: operation timed out at exit: Timed out while waiting for answer from exit\
                                                                                                    \
                                                                                                    Caused by:\
                                                                                                        Timed out while waiting for answer from exit\
2026-01-06 00:28:58.774  9535-9814  ArtiTorManager          com.gap.droid                        I  arti: ERROR: SOCKS connection error: tor: operation timed out at exit: Timed out while waiting for answer from exit\
                                                                                                    \
                                                                                                    Caused by:\
                                                                                                        Timed out while waiting for answer from exit\
2026-01-06 00:28:59.028  9535-9955  NostrRelayManager       com.gap.droid                        V  \uc0\u55357 \u56549  Processing event (kind=20000) from relay=wss://nos4smartnkind.tech geo=ttt sub=geohash-ttt\
2026-01-06 00:28:59.774  9535-9566  NostrRelayManager       com.gap.droid                        V  Attempting to connect to Nostr relay: wss://relay.islandbitcoin.com\
2026-01-06 00:28:59.784  9535-9956  System                  com.gap.droid                        W  ClassLoader referenced unknown path: system/framework/mediatek-cta.jar\
2026-01-06 00:28:59.790  9535-9815  ArtiNative              com.gap.droid                        I  Arti: SOCKS connection from: 127.0.0.1:60782\
2026-01-06 00:28:59.791  9535-9815  ArtiTorManager          com.gap.droid                        I  arti: SOCKS connection from: 127.0.0.1:60782\
2026-01-06 00:28:59.794  9535-9815  ArtiNative              com.gap.droid                        I  Arti: SOCKS5 CONNECT to relay.islandbitcoin.com:443\
2026-01-06 00:28:59.795  9535-9815  ArtiTorManager          com.gap.droid                        I  arti: SOCKS5 CONNECT to relay.islandbitcoin.com:443\
2026-01-06 00:29:00.230  9535-9646  BluetoothG...verManager com.gap.droid                        I  Server: Received packet from 75:74:FB:47:26:77, size: 106 bytes\
2026-01-06 00:29:00.231  9535-9646  BluetoothG...verManager com.gap.droid                        D  Server: Parsed packet type 33 from 09846e8292f371d7\
2026-01-06 00:29:00.231  9535-9646  BluetoothC...ionManager com.gap.droid                        D  onPacketReceived: Packet received from 75:74:FB:47:26:77 (09846e8292f371d7)\
2026-01-06 00:29:00.231  9535-9646  PacketProcessor         com.gap.droid                        D  processPacket 33\
2026-01-06 00:29:00.232  9535-9646  BluetoothG...verManager com.gap.droid                        I  Server: Received packet from 75:74:FB:47:26:77, size: 104 bytes\
2026-01-06 00:29:00.233  9535-9646  BluetoothG...verManager com.gap.droid                        D  Server: Parsed packet type 33 from 09846e8292f371d7\
2026-01-06 00:29:00.233  9535-9646  BluetoothC...ionManager com.gap.droid                        D  onPacketReceived: Packet received from 75:74:FB:47:26:77 (09846e8292f371d7)\
2026-01-06 00:29:00.233  9535-9646  PacketProcessor         com.gap.droid                        D  processPacket 33\
2026-01-06 00:29:00.234  9535-9836  PacketProcessor         com.gap.droid                        D  \uc0\u55357 \u56550  Processing packet type 33 from 09846e8292f371d7 (anon8764) (serialized)\
2026-01-06 00:29:00.235  9535-9836  SecurityManager         com.gap.droid                        D  Packet validation passed for 09846e8292f371d7, messageID: 1767677340313-09846e8292f371d7--40788006\
2026-01-06 00:29:00.236  9535-9836  PacketProcessor         com.gap.droid                        D  Processing packet type REQUEST_SYNC from 09846e8292f371d7 (anon8764)\
2026-01-06 00:29:00.236  9535-9836  PacketProcessor         com.gap.droid                        D  Processing REQUEST_SYNC from 09846e8292f371d7 (anon8764)\
2026-01-06 00:29:00.238  9535-9836  PacketRelayManager      com.gap.droid                        D  Evaluating relay for packet type 33 from 09846e8292f371d7 (TTL: 0)\
2026-01-06 00:29:00.239  9535-9836  PacketRelayManager      com.gap.droid                        D  TTL expired, not relaying packet\
2026-01-06 00:29:00.239  9535-9836  PacketProcessor         com.gap.droid                        D  Completed packet type 33 from 09846e8292f371d7 (anon8764)\
2026-01-06 00:29:00.239  9535-9836  PacketProcessor         com.gap.droid                        D  \uc0\u55357 \u56550  Processing packet type 33 from 09846e8292f371d7 (anon8764) (serialized)\
2026-01-06 00:29:00.239  9535-9836  SecurityManager         com.gap.droid                        D  Packet validation passed for 09846e8292f371d7, messageID: 1767677340314-09846e8292f371d7--773463395\
2026-01-06 00:29:00.240  9535-9836  PacketProcessor         com.gap.droid                        D  Processing packet type REQUEST_SYNC from 09846e8292f371d7 (anon8764)\
2026-01-06 00:29:00.240  9535-9836  PacketProcessor         com.gap.droid                        D  Processing REQUEST_SYNC from 09846e8292f371d7 (anon8764)\
2026-01-06 00:29:00.245  9535-9836  GossipSyncManager       com.gap.droid                        D  Sent sync announce: Type 1 from 04f4812dfdeb3635 to 09846e8292f371d7 packet id 96ccf9bfda8896070f84bb2467ed2596\
2026-01-06 00:29:00.251  9535-9836  GossipSyncManager       com.gap.droid                        D  Sent sync announce: Type 1 from 09846e8292f371d7 to 09846e8292f371d7 packet id 76654e6b2a0d92d4711b409e1c05e70e\
2026-01-06 00:29:00.251  9535-9836  PacketRelayManager      com.gap.droid                        D  Evaluating relay for packet type 33 from 09846e8292f371d7 (TTL: 0)\
2026-01-06 00:29:00.251  9535-9836  PacketRelayManager      com.gap.droid                        D  TTL expired, not relaying packet\
2026-01-06 00:29:00.251  9535-9836  PacketProcessor         com.gap.droid                        D  Completed packet type 33 from 09846e8292f371d7 (anon8764)\
2026-01-06 00:29:00.906  9535-9836  NostrRelayManager       com.gap.droid                        V  Attempting to connect to Nostr relay: wss://nostr.jerrynya.fun\
2026-01-06 00:29:00.912  9535-9836  NostrRelayManager       com.gap.droid                        V  Attempting to connect to Nostr relay: wss://dev-nostr.bityacht.io\
2026-01-06 00:29:00.913  9535-9842  System                  com.gap.droid                        W  ClassLoader referenced unknown path: system/framework/mediatek-cta.jar\
2026-01-06 00:29:00.915  9535-9535  Choreographer           com.gap.droid                        I  Skipped 1 frames!  The application may be doing too much work on its main thread.\
2026-01-06 00:29:00.916  9535-9881  System                  com.gap.droid                        W  ClassLoader referenced unknown path: system/framework/mediatek-cta.jar\
2026-01-06 00:29:00.917  9535-9815  ArtiNative              com.gap.droid                        I  Arti: SOCKS connection from: 127.0.0.1:60784\
2026-01-06 00:29:00.918  9535-9815  ArtiTorManager          com.gap.droid                        I  arti: SOCKS connection from: 127.0.0.1:60784\
2026-01-06 00:29:00.921  9535-9815  ArtiNative              com.gap.droid                        I  Arti: SOCKS connection from: 127.0.0.1:60786\
2026-01-06 00:29:00.922  9535-9815  ArtiTorManager          com.gap.droid                        I  arti: SOCKS connection from: 127.0.0.1:60786\
2026-01-06 00:29:00.923  9535-9818  ArtiNative              com.gap.droid                        I  Arti: SOCKS5 CONNECT to nostr.jerrynya.fun:443\
2026-01-06 00:29:00.924  9535-9818  ArtiTorManager          com.gap.droid                        I  arti: SOCKS5 CONNECT to nostr.jerrynya.fun:443\
2026-01-06 00:29:00.924  9535-9815  ArtiNative              com.gap.droid                        I  Arti: SOCKS5 CONNECT to dev-nostr.bityacht.io:443\
2026-01-06 00:29:00.925  9535-9815  ArtiTorManager          com.gap.droid                        I  arti: SOCKS5 CONNECT to dev-nostr.bityacht.io:443\
2026-01-06 00:29:02.333  9535-9564  BluetoothG...entManager com.gap.droid                        D  Requesting RSSI from 75:74:FB:47:26:77\
2026-01-06 00:29:02.333  9535-9564  BluetoothGatt           com.gap.droid                        D  readRssi() - device: 75:74:FB:47:26:77\
2026-01-06 00:29:02.341  9535-9646  BluetoothG...entManager com.gap.droid                        D  Client: RSSI updated for 75:74:FB:47:26:77: -55 dBm\
2026-01-06 00:29:02.383  9535-9535  NostrRelayManager       com.gap.droid                        I  \uc0\u55356 \u57104  Geohash ttt using 5 relays: wss://shu04.shugur.net, wss://relay.islandbitcoin.com, wss://nos4smartnkind.tech, wss://nostr-relay.gateway.in.th, wss://nostr-relayrs.gateway.in.th\
2026-01-06 00:29:02.383  9535-9535  NostrRelayManager       com.gap.droid                        V  \uc0\u55357 \u56548  Sending event kind=20000 to 5 relays for geohash=ttt\
2026-01-06 00:29:02.384  9535-9535  Choreographer           com.gap.droid                        I  Skipped 1 frames!  The application may be doing too much work on its main thread.\
2026-01-06 00:29:02.385  9535-9564  NostrRelayManager       com.gap.droid                        V  \uc0\u55357 \u56589  DEBUG JSON: ["EVENT",\{"a":"6798baf3b0a8976f33276233b71207734c28d3708fa57ad12c8f209f0a67ecf0","b":"e15626d2b5b4458b2cd6a52df5530172b1b02e39be1fde29471422452a5fd4a7","created_at":1767677342,"d":20000,"e":[["g","ttt"],["n","anon9120"],["t","teleport"]],"f":"g go go","g":"2dc2e756b7648c61603912167e1024b8c49403e8240c527e71efa799c82e058cb3ccc1d470a5dce4baeb164bf722b3126b7e96e40ef2209cbfddfa6291b94442"\}]\
2026-01-06 00:29:02.385  9535-9564  NostrRelayManager       com.gap.droid                        V  \uc0\u55357 \u56548  Sending Nostr event (kind: 20000, id=6798baf3b0a8976f...) to relay: wss://shu04.shugur.net\
2026-01-06 00:29:02.387  9535-9564  NostrRelayManager       com.gap.droid                        V  \uc0\u55357 \u56589  DEBUG JSON: ["EVENT",\{"a":"6798baf3b0a8976f33276233b71207734c28d3708fa57ad12c8f209f0a67ecf0","b":"e15626d2b5b4458b2cd6a52df5530172b1b02e39be1fde29471422452a5fd4a7","created_at":1767677342,"d":20000,"e":[["g","ttt"],["n","anon9120"],["t","teleport"]],"f":"g go go","g":"2dc2e756b7648c61603912167e1024b8c49403e8240c527e71efa799c82e058cb3ccc1d470a5dce4baeb164bf722b3126b7e96e40ef2209cbfddfa6291b94442"\}]\
