--------- beginning of main
--------- beginning of system
2026-01-06 02:07:43.775  2915-2962  oiface                  oiface                               E  packageSwitch pkg com.gap.droid, enter
2026-01-06 02:07:43.775  2915-2962  oiface                  oiface                               E  current package is com.gap.droid
---------------------------- PROCESS STARTED (21861) for package com.gap.droid ----------------------------
2026-01-06 02:07:44.200 21861-21861 MeshForegroundService   com.gap.droid                        I  Not starting service on API>=26 (bgEnabled=false, hasNotifPerm=true)
2026-01-06 02:07:44.212 21861-21962 libMEOW                 com.gap.droid                        D  meow reload base cfg path: na
2026-01-06 02:07:44.212 21861-21962 libMEOW                 com.gap.droid                        D  meow reload overlay cfg path: /vendor/etc/meow.cfg
2026-01-06 02:07:44.214 21861-21962 libMEOW                 com.gap.droid                        D  applied 1 plugins for [com.gap.droid]:
2026-01-06 02:07:44.214 21861-21962 libMEOW                 com.gap.droid                        D    plugin 1: [libMEOW_gift.so]:
2026-01-06 02:07:44.250 21861-21861 MeshForegroundService   com.gap.droid                        I  Not starting service on API>=26 (bgEnabled=false, hasNotifPerm=true)
2026-01-06 02:07:44.292 21861-21861 EncryptionService       com.gap.droid                        D  ✅ Loaded existing Ed25519 signing key pair
2026-01-06 02:07:44.293 21861-21861 EncryptionService       com.gap.droid                        D  ✅ Ed25519 signing keys initialized
2026-01-06 02:07:44.383 21861-21861 SecureIden...ateManager com.gap.droid                        D  Loaded static identity key from secure storage
2026-01-06 02:07:44.384 21861-21861 NoiseEncryptionService  com.gap.droid                        D  Loaded existing static identity key: 04f4812dfdeb3635ce68c71a588437b39601b1360a77342962b521e47625a719
2026-01-06 02:07:44.386 21861-21861 SecureIden...ateManager com.gap.droid                        D  Loaded Ed25519 signing key from secure storage
2026-01-06 02:07:44.386 21861-21861 NoiseEncryptionService  com.gap.droid                        D  Loaded existing Ed25519 signing key
2026-01-06 02:07:44.389 21861-21861 CheckPermission         com.gap.droid                        E  _bluetooth code = 1 
2026-01-06 02:07:44.393 21861-21861 PowerManager            com.gap.droid                        I  Power mode changed: BALANCED → POWER_SAVER (battery: 100%, charging: false, background: true)
2026-01-06 02:07:44.394 21861-21861 PowerManager            com.gap.droid                        I  Started duty cycle: 2000ms ON, 28000ms OFF
2026-01-06 02:07:44.394 21861-21886 PowerManager            com.gap.droid                        D  Duty cycle: Scan ON for 2000ms
2026-01-06 02:07:44.396 21861-21886 BluetoothP...roadcaster com.gap.droid                        D  🎭 Created packet broadcaster actor
2026-01-06 02:07:44.403 21861-21861 BluetoothMeshService    com.gap.droid                        I  Initializing BluetoothMeshService for peer=04f4812dfdeb3635
2026-01-06 02:07:44.403 21861-21861 BluetoothMeshService    com.gap.droid                        D  Setting up component delegates
2026-01-06 02:07:44.404 21861-21861 BluetoothMeshService    com.gap.droid                        D  Delegates set up; GossipSyncManager initialized
2026-01-06 02:07:44.404 21861-21861 MeshServiceHolder       com.gap.droid                        I  Created new BluetoothMeshService (no existing instance)
2026-01-06 02:07:44.404 21861-21861 BluetoothStatusManager  com.gap.droid                        D  Bluetooth adapter initialized: true
2026-01-06 02:07:44.405 21861-21889 BluetoothG...entManager com.gap.droid                        I  Using power-aware duty cycling
2026-01-06 02:07:44.407 21861-21861 LocationStatusManager   com.gap.droid                        D  LocationManager initialized: true
2026-01-06 02:07:44.419 21861-21861 MainActivity            com.gap.droid                        D  Checking onboarding status
2026-01-06 02:07:44.439 21861-21861 SurfaceFactory          com.gap.droid                        I  [static] sSurfaceFactory = com.mediatek.view.impl.SurfaceFactoryImpl@d13d2c7
2026-01-06 02:07:44.444 21861-21861 ColorViewRootUtil       com.gap.droid                        D  initSwipState, isDisplayCompatApp false
2026-01-06 02:07:44.445 21861-21861 ColorViewRootUtil       com.gap.droid                        D  updateScreenSize, mScreenHeight 1600,mScreenWidth:720,height:1600,width:720
2026-01-06 02:07:44.448 21861-21861 WindowManager           com.gap.droid                        D  Add to mViews: DecorView@cf0d463[MainActivity], this = android.view.WindowManagerGlobal@ad2c860,pkg= com.gap.droid
2026-01-06 02:07:44.455 21861-21861 ViewRootIm...nActivity] com.gap.droid                        D  hardware acceleration = true , fakeHwAccelerated = false, sRendererDisabled = false, forceHwAccelerated = false, sSystemRendererDisabled = false
2026-01-06 02:07:44.462 21861-21861 libMEOW                 com.gap.droid                        D  applied 1 plugins for [com.gap.droid]:
2026-01-06 02:07:44.462 21861-21861 libMEOW                 com.gap.droid                        D    plugin 1: [libMEOW_gift.so]:
2026-01-06 02:07:44.464 21861-21861 InputTransport          com.gap.droid                        I  Create ARC handle: 0x7228bcb800
2026-01-06 02:07:44.464 21861-21994 libMEOW_gift            com.gap.droid                        D  etEventThreadFunc()::thread Begin. eventRefCnt: 1
2026-01-06 02:07:44.464 21861-21861 PhoneWindow             com.gap.droid                        V  DecorView setVisiblity: visibility = 0, Parent = android.view.ViewRootImpl@1253bf, this = DecorView@cf0d463[MainActivity]
2026-01-06 02:07:44.466 21861-21861 Choreographer           com.gap.droid                        I  Skipped 38 frames!  The application may be doing too much work on its main thread.
2026-01-06 02:07:44.508 21861-21893 CheckPermission         com.gap.droid                        E  _bluetooth code = 10 
2026-01-06 02:07:44.509 21861-21893 BluetoothGattServer     com.gap.droid                        D  registerCallback()
2026-01-06 02:07:44.510 21861-21893 BluetoothGattServer     com.gap.droid                        D  registerCallback() - UUID=7999ef49-6c6b-4ee0-b6d7-2a3af00ed02e
2026-01-06 02:07:44.512 21861-21907 BluetoothGattServer     com.gap.droid                        D  onServerRegistered() - status=0 serverIf=7
2026-01-06 02:07:44.513 21861-21893 BluetoothGattServer     com.gap.droid                        D  addService() - service: f47b5e2d-4a9e-4c5a-9b3f-8e1d2c3a4b5c
2026-01-06 02:07:44.515 21861-21893 BluetoothG...verManager com.gap.droid                        I  GATT server setup complete
2026-01-06 02:07:44.516 21861-21907 BluetoothGattServer     com.gap.droid                        D  onServiceAdded() - handle=40 uuid=f47b5e2d-4a9e-4c5a-9b3f-8e1d2c3a4b5c status=0
2026-01-06 02:07:44.519 21861-21907 BluetoothG...verManager com.gap.droid                        D  Server: Service added successfully: f47b5e2d-4a9e-4c5a-9b3f-8e1d2c3a4b5c
2026-01-06 02:07:44.661 21861-21861 DataManager             com.gap.droid                        D  Loaded 0 favorite users from storage: []
2026-01-06 02:07:44.661 21861-21861 ChatState               com.gap.droid                        D  setFavoritePeers called with 0 favorites: []
2026-01-06 02:07:44.661 21861-21861 ChatState               com.gap.droid                        D  Current value: []
2026-01-06 02:07:44.661 21861-21861 ChatState               com.gap.droid                        D  Values equal: true
2026-01-06 02:07:44.662 21861-21861 ChatState               com.gap.droid                        D  Setting on thread: main
2026-01-06 02:07:44.662 21861-21861 ChatState               com.gap.droid                        D  StateFlow value after set: []
2026-01-06 02:07:44.662 21861-21861 DataManager             com.gap.droid                        I  === ALL FAVORITE USERS ===
2026-01-06 02:07:44.662 21861-21861 DataManager             com.gap.droid                        I  Total favorites: 0
2026-01-06 02:07:44.662 21861-21861 DataManager             com.gap.droid                        I  ========================
2026-01-06 02:07:44.662 21861-21861 ChatViewModel           com.gap.droid                        I  === CURRENT FAVORITE STATE ===
2026-01-06 02:07:44.662 21861-21861 ChatViewModel           com.gap.droid                        I  StateFlow favorite peers: []
2026-01-06 02:07:44.662 21861-21861 ChatViewModel           com.gap.droid                        I  DataManager favorite peers: []
2026-01-06 02:07:44.662 21861-21861 ChatViewModel           com.gap.droid                        I  Peer fingerprints: {}
2026-01-06 02:07:44.662 21861-21861 ChatViewModel           com.gap.droid                        I  ==============================
2026-01-06 02:07:44.663 21861-21861 NostrRelayManager       com.gap.droid                        D  🌐 Connecting to 4 Nostr relays
2026-01-06 02:07:44.664 21861-21993 NostrRelayManager       com.gap.droid                        V  Attempting to connect to Nostr relay: wss://relay.damus.io
2026-01-06 02:07:44.664 21861-21884 NostrRelayManager       com.gap.droid                        V  Attempting to connect to Nostr relay: wss://relay.primal.net
2026-01-06 02:07:44.664 21861-21887 NostrRelayManager       com.gap.droid                        V  Attempting to connect to Nostr relay: wss://offchain.pub
2026-01-06 02:07:44.664 21861-21861 NostrRelayManager       com.gap.droid                        V  ⏹️ Stopped subscription validation
2026-01-06 02:07:44.664 21861-21893 NostrRelayManager       com.gap.droid                        V  Attempting to connect to Nostr relay: wss://nostr21.com
2026-01-06 02:07:44.665 21861-21861 NostrRelayManager       com.gap.droid                        D  🔄 Started periodic subscription validation (30s interval)
2026-01-06 02:07:44.668 21861-22022 System                  com.gap.droid                        W  ClassLoader referenced unknown path: system/framework/mediatek-cta.jar
2026-01-06 02:07:44.669 21861-22023 System                  com.gap.droid                        W  ClassLoader referenced unknown path: system/framework/mediatek-cta.jar
2026-01-06 02:07:44.670 21861-21900 System                  com.gap.droid                        W  ClassLoader referenced unknown path: system/framework/mediatek-cta.jar
2026-01-06 02:07:44.670 21861-22024 System                  com.gap.droid                        W  ClassLoader referenced unknown path: system/framework/mediatek-cta.jar
2026-01-06 02:07:44.673 21861-22022 NostrRelayManager       com.gap.droid                        E  ❌ WebSocket failure for wss://nostr21.com: failed to connect to /127.0.0.1 (port 9060) from /127.0.0.1 (port 33738) after 10000ms: isConnected failed: ECONNREFUSED (Connection refused)
2026-01-06 02:07:44.673 21861-22023 NostrRelayManager       com.gap.droid                        E  ❌ WebSocket failure for wss://relay.damus.io: failed to connect to /127.0.0.1 (port 9060) from /127.0.0.1 (port 33740) after 10000ms: isConnected failed: ECONNREFUSED (Connection refused)
2026-01-06 02:07:44.673 21861-22022 NostrRelayManager       com.gap.droid                        D  Scheduling reconnection to wss://nostr21.com in 2s (attempt 2)
2026-01-06 02:07:44.673 21861-22023 NostrRelayManager       com.gap.droid                        D  Scheduling reconnection to wss://relay.damus.io in 2s (attempt 2)
2026-01-06 02:07:44.674 21861-22024 NostrRelayManager       com.gap.droid                        E  ❌ WebSocket failure for wss://relay.primal.net: failed to connect to /127.0.0.1 (port 9060) from /127.0.0.1 (port 33744) after 10000ms: isConnected failed: ECONNREFUSED (Connection refused)
2026-01-06 02:07:44.674 21861-21900 NostrRelayManager       com.gap.droid                        E  ❌ WebSocket failure for wss://offchain.pub: failed to connect to /127.0.0.1 (port 9060) from /127.0.0.1 (port 33742) after 10000ms: isConnected failed: ECONNREFUSED (Connection refused)
2026-01-06 02:07:44.675 21861-21900 NostrRelayManager       com.gap.droid                        D  Scheduling reconnection to wss://offchain.pub in 2s (attempt 2)
2026-01-06 02:07:44.675 21861-22024 NostrRelayManager       com.gap.droid                        D  Scheduling reconnection to wss://relay.primal.net in 2s (attempt 2)
2026-01-06 02:07:44.769 21861-21861 NostrRelayManager       com.gap.droid                        D  📡 Subscribing to Nostr filter id=chat-messages NostrFilter(kinds=[1059], since=1767510464, limit=100, #p=1)
2026-01-06 02:07:44.774 21861-21861 NostrRelayManager       com.gap.droid                        V  🔍 DEBUG: Serialized subscription message: ["REQ","chat-messages",{"kinds":[1059],"since":1767510464,"limit":100,"#p":["b7c881057db8f16a0062cd1a6e15a3dead09969a4b745cf844fd12336ddc8729"]}]
2026-01-06 02:07:44.775 21861-21884 NostrRelayManager       com.gap.droid                        W  ⚠️ No relay connections available for subscription, will retry on reconnection
2026-01-06 02:07:44.777 21861-21861 LocationChannelManager  com.gap.droid                        D  Permission state updated to: AUTHORIZED
2026-01-06 02:07:44.779 21861-21861 LocationChannelManager  com.gap.droid                        D  Restored persisted channel: Province • ttt
2026-01-06 02:07:44.779 21861-21861 LocationChannelManager  com.gap.droid                        D  Loaded location services state: true
2026-01-06 02:07:44.780 21861-21861 GeohashViewModel        com.gap.droid                        D  📍 Switching to geohash channel: ttt
2026-01-06 02:07:44.780 21861-21861 NotificationManager     com.gap.droid                        D  Current geohash changed: ttt
2026-01-06 02:07:44.781 21861-21861 NotificationManager     com.gap.droid                        D  Cleared notifications for geohash: ttt
2026-01-06 02:07:44.818 21861-21884 BluetoothAdapter        com.gap.droid                        D  192028530: getState(). Returning ON
2026-01-06 02:07:44.822 21861-21884 BluetoothAdapter        com.gap.droid                        D  isLeEnabled(): ON
2026-01-06 02:07:44.824 21861-21884 BluetoothAdapter        com.gap.droid                        D  isLeEnabled(): ON
2026-01-06 02:07:44.824 21861-21884 CheckPermission         com.gap.droid                        E  _bluetooth code = 10 
2026-01-06 02:07:44.878 21861-21861 NostrIdentityBridge     com.gap.droid                        D  Derived geohash identity for ttt (iteration 0)
2026-01-06 02:07:44.893 21861-21861 NostrRelayManager       com.gap.droid                        I  🌐 Geohash ttt using 5 relays: wss://shu04.shugur.net, wss://relay.islandbitcoin.com, wss://nos4smartnkind.tech, wss://nostr-relay.gateway.in.th, wss://nostr-relayrs.gateway.in.th
2026-01-06 02:07:44.894 21861-21861 NostrRelayManager       com.gap.droid                        D  📡 Subscribing id=geohash-ttt for geohash=ttt on 5 relays
2026-01-06 02:07:44.894 21861-21861 NostrRelayManager       com.gap.droid                        D  📡 Subscribing to Nostr filter id=geohash-ttt NostrFilter(kinds=[20000], since=1767679664, limit=200, #g=1)
2026-01-06 02:07:44.894 21861-21887 NostrRelayManager       com.gap.droid                        V  Attempting to connect to Nostr relay: wss://relay.islandbitcoin.com
2026-01-06 02:07:44.894 21861-21895 NostrRelayManager       com.gap.droid                        V  Attempting to connect to Nostr relay: wss://nostr-relay.gateway.in.th
2026-01-06 02:07:44.894 21861-21889 NostrRelayManager       com.gap.droid                        V  Attempting to connect to Nostr relay: wss://nos4smartnkind.tech
2026-01-06 02:07:44.894 21861-21861 NostrRelayManager       com.gap.droid                        V  🔍 DEBUG: Serialized subscription message: ["REQ","geohash-ttt",{"kinds":[20000],"since":1767679664,"limit":200,"#g":["ttt"]}]
2026-01-06 02:07:44.895 21861-21884 NostrRelayManager       com.gap.droid                        V  Attempting to connect to Nostr relay: wss://nostr-relayrs.gateway.in.th
2026-01-06 02:07:44.895 21861-21886 NostrRelayManager       com.gap.droid                        V  ⏳ Relay wss://shu04.shugur.net not connected, subscription will be sent on reconnection
2026-01-06 02:07:44.895 21861-21886 NostrRelayManager       com.gap.droid                        V  ⏳ Relay wss://relay.islandbitcoin.com not connected, subscription will be sent on reconnection
2026-01-06 02:07:44.895 21861-21886 NostrRelayManager       com.gap.droid                        V  ⏳ Relay wss://nos4smartnkind.tech not connected, subscription will be sent on reconnection
2026-01-06 02:07:44.895 21861-21886 NostrRelayManager       com.gap.droid                        V  ⏳ Relay wss://nostr-relay.gateway.in.th not connected, subscription will be sent on reconnection
2026-01-06 02:07:44.895 21861-21886 NostrRelayManager       com.gap.droid                        V  ⏳ Relay wss://nostr-relayrs.gateway.in.th not connected, subscription will be sent on reconnection
2026-01-06 02:07:44.895 21861-21861 NostrRelayManager       com.gap.droid                        D  📡 Subscribing to Nostr filter id=geo-dm-ttt NostrFilter(kinds=[1059], since=1767510464, limit=100, #p=1)
2026-01-06 02:07:44.895 21861-21886 NostrRelayManager       com.gap.droid                        W  ⚠️ No relay connections available for subscription, will retry on reconnection
2026-01-06 02:07:44.896 21861-21993 NostrRelayManager       com.gap.droid                        V  Attempting to connect to Nostr relay: wss://shu04.shugur.net
2026-01-06 02:07:44.896 21861-21861 NostrRelayManager       com.gap.droid                        V  🔍 DEBUG: Serialized subscription message: ["REQ","geo-dm-ttt",{"kinds":[1059],"since":1767510464,"limit":100,"#p":["e15626d2b5b4458b2cd6a52df5530172b1b02e39be1fde29471422452a5fd4a7"]}]
2026-01-06 02:07:44.897 21861-21861 ChatViewModel           com.gap.droid                        I  WiFi Aware not supported on this device
2026-01-06 02:07:44.897 21861-21889 NostrRelayManager       com.gap.droid                        V  ✅ Subscription 'geo-dm-ttt' sent to relay: wss://nos4smartnkind.tech
2026-01-06 02:07:44.897 21861-21889 NostrRelayManager       com.gap.droid                        V  ✅ Subscription 'geo-dm-ttt' sent to relay: wss://relay.islandbitcoin.com
2026-01-06 02:07:44.898 21861-22022 System                  com.gap.droid                        W  ClassLoader referenced unknown path: system/framework/mediatek-cta.jar
2026-01-06 02:07:44.898 21861-22024 System                  com.gap.droid                        W  ClassLoader referenced unknown path: system/framework/mediatek-cta.jar
2026-01-06 02:07:44.900 21861-21900 System                  com.gap.droid                        W  ClassLoader referenced unknown path: system/framework/mediatek-cta.jar
2026-01-06 02:07:44.902 21861-22022 NostrRelayManager       com.gap.droid                        E  ❌ WebSocket failure for wss://shu04.shugur.net: failed to connect to /127.0.0.1 (port 9060) from /127.0.0.1 (port 33746) after 10000ms: isConnected failed: ECONNREFUSED (Connection refused)
2026-01-06 02:07:44.902 21861-22022 NostrRelayManager       com.gap.droid                        D  Scheduling reconnection to wss://shu04.shugur.net in 1s (attempt 1)
2026-01-06 02:07:44.902 21861-22024 NostrRelayManager       com.gap.droid                        E  ❌ WebSocket failure for wss://relay.islandbitcoin.com: failed to connect to /127.0.0.1 (port 9060) from /127.0.0.1 (port 33748) after 10000ms: isConnected failed: ECONNREFUSED (Connection refused)
2026-01-06 02:07:44.903 21861-22024 NostrRelayManager       com.gap.droid                        D  Scheduling reconnection to wss://relay.islandbitcoin.com in 1s (attempt 1)
2026-01-06 02:07:44.903 21861-22023 System                  com.gap.droid                        W  ClassLoader referenced unknown path: system/framework/mediatek-cta.jar
2026-01-06 02:07:44.905 21861-22077 System                  com.gap.droid                        W  ClassLoader referenced unknown path: system/framework/mediatek-cta.jar
2026-01-06 02:07:44.905 21861-21900 NostrRelayManager       com.gap.droid                        E  ❌ WebSocket failure for wss://nos4smartnkind.tech: failed to connect to /127.0.0.1 (port 9060) from /127.0.0.1 (port 33750) after 10000ms: isConnected failed: ECONNREFUSED (Connection refused)
2026-01-06 02:07:44.906 21861-21900 NostrRelayManager       com.gap.droid                        D  Scheduling reconnection to wss://nos4smartnkind.tech in 1s (attempt 1)
2026-01-06 02:07:44.906 21861-22023 NostrRelayManager       com.gap.droid                        E  ❌ WebSocket failure for wss://nostr-relayrs.gateway.in.th: failed to connect to /127.0.0.1 (port 9060) from /127.0.0.1 (port 33752) after 10000ms: isConnected failed: ECONNREFUSED (Connection refused)
2026-01-06 02:07:44.907 21861-22023 NostrRelayManager       com.gap.droid                        D  Scheduling reconnection to wss://nostr-relayrs.gateway.in.th in 1s (attempt 1)
2026-01-06 02:07:44.908 21861-22077 NostrRelayManager       com.gap.droid                        E  ❌ WebSocket failure for wss://nostr-relay.gateway.in.th: failed to connect to /127.0.0.1 (port 9060) from /127.0.0.1 (port 33754) after 10000ms: isConnected failed: ECONNREFUSED (Connection refused)
2026-01-06 02:07:44.908 21861-22077 NostrRelayManager       com.gap.droid                        D  Scheduling reconnection to wss://nostr-relay.gateway.in.th in 1s (attempt 1)
2026-01-06 02:07:44.921 21861-21895 NostrRelayManager       com.gap.droid                        V  Attempting to connect to Nostr relay: wss://offchain.pub
2026-01-06 02:07:44.922 21861-21889 NostrRelayManager       com.gap.droid                        V  Attempting to connect to Nostr relay: wss://nostr21.com
2026-01-06 02:07:44.923 21861-22077 System                  com.gap.droid                        W  ClassLoader referenced unknown path: system/framework/mediatek-cta.jar
2026-01-06 02:07:44.924 21861-22023 System                  com.gap.droid                        W  ClassLoader referenced unknown path: system/framework/mediatek-cta.jar
2026-01-06 02:07:44.925 21861-21889 NostrRelayManager       com.gap.droid                        V  Attempting to connect to Nostr relay: wss://relay.damus.io
2026-01-06 02:07:44.925 21861-21895 NostrRelayManager       com.gap.droid                        V  Attempting to connect to Nostr relay: wss://relay.primal.net
2026-01-06 02:07:44.927 21861-22077 NostrRelayManager       com.gap.droid                        E  ❌ WebSocket failure for wss://offchain.pub: failed to connect to /127.0.0.1 (port 9060) from /127.0.0.1 (port 33756) after 10000ms: isConnected failed: ECONNREFUSED (Connection refused)
2026-01-06 02:07:44.927 21861-22077 NostrRelayManager       com.gap.droid                        D  Scheduling reconnection to wss://offchain.pub in 4s (attempt 3)
2026-01-06 02:07:44.928 21861-21900 System                  com.gap.droid                        W  ClassLoader referenced unknown path: system/framework/mediatek-cta.jar
2026-01-06 02:07:44.928 21861-22023 NostrRelayManager       com.gap.droid                        E  ❌ WebSocket failure for wss://nostr21.com: failed to connect to /127.0.0.1 (port 9060) from /127.0.0.1 (port 33758) after 10000ms: isConnected failed: ECONNREFUSED (Connection refused)
2026-01-06 02:07:44.928 21861-22024 System                  com.gap.droid                        W  ClassLoader referenced unknown path: system/framework/mediatek-cta.jar
2026-01-06 02:07:44.929 21861-22023 NostrRelayManager       com.gap.droid                        D  Scheduling reconnection to wss://nostr21.com in 4s (attempt 3)
2026-01-06 02:07:44.932 21861-21900 NostrRelayManager       com.gap.droid                        E  ❌ WebSocket failure for wss://relay.damus.io: failed to connect to /127.0.0.1 (port 9060) from /127.0.0.1 (port 33760) after 10000ms: isConnected failed: ECONNREFUSED (Connection refused)
2026-01-06 02:07:44.932 21861-22024 NostrRelayManager       com.gap.droid                        E  ❌ WebSocket failure for wss://relay.primal.net: failed to connect to /127.0.0.1 (port 9060) from /127.0.0.1 (port 33762) after 10000ms: isConnected failed: ECONNREFUSED (Connection refused)
2026-01-06 02:07:44.932 21861-22024 NostrRelayManager       com.gap.droid                        D  Scheduling reconnection to wss://relay.primal.net in 4s (attempt 3)
2026-01-06 02:07:44.932 21861-21900 NostrRelayManager       com.gap.droid                        D  Scheduling reconnection to wss://relay.damus.io in 4s (attempt 3)
2026-01-06 02:07:45.099 21861-21861 BluetoothStatusManager  com.gap.droid                        D  Starting Bluetooth State Monitoring
2026-01-06 02:07:45.100 21861-21861 System                  com.gap.droid                        W  ClassLoader referenced unknown path: /system/framework/mediatek-cta.jar
2026-01-06 02:07:45.101 21861-21861 CtaManagerFactory       com.gap.droid                        W  CtaManagerFactoryImpl not found
2026-01-06 02:07:45.171 21861-21960 libMEOW                 com.gap.droid                        D  applied 1 plugins for [com.gap.droid]:
2026-01-06 02:07:45.171 21861-21960 libMEOW                 com.gap.droid                        D    plugin 1: [libMEOW_gift.so]:
2026-01-06 02:07:45.175 21861-21960 GED                     com.gap.droid                        E  Failed to get GED Log Buf, err(0)
2026-01-06 02:07:45.179 21861-21960 libMEOW_gift            com.gap.droid                        I  try to register callback & init again
2026-01-06 02:07:45.180 21861-21960 sys-gift-manager        com.gap.droid                        D  getProcessName(21861, Unkonwn)
2026-01-06 02:07:45.180 21861-21960 sys-gift-manager        com.gap.droid                        D  giftBp start get GiftFeatureOn pid(21861), name(Unkonwn), isEnable(0), debug(0)
2026-01-06 02:07:45.181 21861-21960 sys-gift-manager        com.gap.droid                        D  giftBp end get GiftFeatureOn pid(21861), name(Unkonwn), isEnable(1), debug(1), ret(0)
2026-01-06 02:07:45.181 21861-21960 libMEOW_gift            com.gap.droid                        I  GiFT is Enabled from GetGiFTFeatureOn
2026-01-06 02:07:45.181 21861-21960 sys-gift-manager        com.gap.droid                        D  giftBp  getGiftPara start pkgName(com.gap.droid), size(260), para() pid(21861)
2026-01-06 02:07:45.181 21861-21960 sys-gift-manager        com.gap.droid                        D  giftBp  getGiftPara end pkgName(com.gap.droid), para(), pid(21861) ret(-22)
2026-01-06 02:07:45.181 21861-21960 sys-gift-manager        com.gap.droid                        D  getGiftPara pkg(com.gap.droid,260,), ret=-22
2026-01-06 02:07:45.181 21861-21960 libMEOW_gift            com.gap.droid                        I  liboppogift.so::GetGiFTPara(...) = -22
2026-01-06 02:07:45.191 21861-21960 libMEOW_gift            com.gap.droid                        I  ctx:0x71951b2b00, ARC not Enabled.
2026-01-06 02:07:45.196 21861-21960 Surface                 com.gap.droid                        D  Surface::connect(this=0x7195386000,api=1)
2026-01-06 02:07:45.198 21861-21960 Surface                 com.gap.droid                        D  Surface::setBufferCount(this=0x7195386000,bufferCount=3)
2026-01-06 02:07:45.199 21861-21960 Surface                 com.gap.droid                        D  Surface::allocateBuffers(this=0x7195386000)
2026-01-06 02:07:45.216 21861-21960 Gralloc3                com.gap.droid                        W  mapper 3.x is not supported
2026-01-06 02:07:45.219 21861-21960 ion                     com.gap.droid                        E  ioctl c0044901 failed with code -1: Invalid argument
2026-01-06 02:07:45.337 21861-21960 OpenGLRenderer          com.gap.droid                        I  Davey! duration=1511ms; Flags=1, IntendedVsync=22081167691345, Vsync=22081801024691, OldestInputEvent=9223372036854775807, NewestInputEvent=0, HandleInputStart=22081815005699, AnimationStart=22081815039776, PerformTraversalsStart=22081815343776, DrawStart=22082547779237, SyncQueued=22082562228622, SyncStart=22082568403007, IssueDrawCommandsStart=22082568592545, SwapBuffers=22082683741853, FrameCompleted=22082685657853, DequeueBufferDuration=0, QueueBufferDuration=1251000, 
2026-01-06 02:07:45.339 21861-21861 PowerManager            com.gap.droid                        D  Process lifecycle: ON_START (App coming to foreground)
2026-01-06 02:07:45.339 21861-21861 PowerManager            com.gap.droid                        I  Power mode changed: POWER_SAVER → BALANCED (battery: 100%, charging: false, background: false)
2026-01-06 02:07:45.339 21861-21861 BluetoothC...ionManager com.gap.droid                        I  Power mode changed to: BALANCED
2026-01-06 02:07:45.341 21861-21861 PowerManager            com.gap.droid                        I  Started duty cycle: 8000ms ON, 2000ms OFF
2026-01-06 02:07:45.341 21861-21884 PowerManager            com.gap.droid                        D  Duty cycle: Scan ON for 8000ms
2026-01-06 02:07:45.341 21861-21861 PowerManager            com.gap.droid                        I  Power mode changed: BALANCED → PERFORMANCE (battery: 100%, charging: true, background: false)
2026-01-06 02:07:45.341 21861-21861 BluetoothC...ionManager com.gap.droid                        I  Power mode changed to: PERFORMANCE
2026-01-06 02:07:45.342 21861-21993 BluetoothC...ionManager com.gap.droid                        D  Duty cycle behavior changed (true -> false), restarting scan
2026-01-06 02:07:45.342 21861-21895 BluetoothC...ionManager com.gap.droid                        D  Duty cycle behavior unchanged, keeping existing scan state
2026-01-06 02:07:45.345 21861-21993 CheckPermission         com.gap.droid                        E  _bluetooth code = 10 
2026-01-06 02:07:45.345 21861-21884 BluetoothG...entManager com.gap.droid                        D  Starting BLE scan with target service UUID: f47b5e2d-4a9e-4c5a-9b3f-8e1d2c3a4b5c
2026-01-06 02:07:45.346 21861-21884 BluetoothAdapter        com.gap.droid                        D  isLeEnabled(): ON
2026-01-06 02:07:45.347 21861-21884 CheckPermission         com.gap.droid                        E  _bluetooth code = 10 
2026-01-06 02:07:45.359 21861-21978 BluetoothLeScanner      com.gap.droid                        D  onScannerRegistered() - status=0 scannerId=8 mScannerId=0
2026-01-06 02:07:45.366 21861-21884 BluetoothG...entManager com.gap.droid                        D  BLE scan started successfully
2026-01-06 02:07:45.397 21861-21861 Choreographer           com.gap.droid                        I  Skipped 54 frames!  The application may be doing too much work on its main thread.
2026-01-06 02:07:45.453 21861-21884 BluetoothAdapter        com.gap.droid                        D  192028530: getState(). Returning ON
2026-01-06 02:07:45.453 21861-21993 BluetoothAdapter        com.gap.droid                        D  192028530: getState(). Returning ON
2026-01-06 02:07:45.455 21861-21993 BluetoothAdapter        com.gap.droid                        D  isLeEnabled(): ON
2026-01-06 02:07:45.457 21861-21993 BluetoothAdapter        com.gap.droid                        D  isLeEnabled(): ON
2026-01-06 02:07:45.457 21861-21993 CheckPermission         com.gap.droid                        E  _bluetooth code = 10 
2026-01-06 02:07:45.461 21861-21884 BluetoothAdapter        com.gap.droid                        D  isLeEnabled(): ON
2026-01-06 02:07:45.463 21861-21884 BluetoothAdapter        com.gap.droid                        D  isLeEnabled(): ON
2026-01-06 02:07:45.463 21861-21884 CheckPermission         com.gap.droid                        E  _bluetooth code = 10 
2026-01-06 02:07:45.541 21861-21861 CheckPermission         com.gap.droid                        E  _bluetooth code = 10 
2026-01-06 02:07:45.546 21861-21861 CheckPermission         com.gap.droid                        E  _bluetooth code = 14 
2026-01-06 02:07:45.549 21861-21861 CheckPermission         com.gap.droid                        E  _bluetooth code = 13 
2026-01-06 02:07:45.551 21861-21861 BluetoothAdapter        com.gap.droid                        D  192028530: getState(). Returning ON
2026-01-06 02:07:45.551 21861-21861 BluetoothStatusManager  com.gap.droid                        D  Bluetooth Status Diagnostics:
                                                                                                    Adapter available: true
                                                                                                    Bluetooth supported: true
                                                                                                    Bluetooth enabled: true
                                                                                                    Current status: ENABLED
                                                                                                    Adapter name: OPPO A15
                                                                                                    Adapter address: 02:00:00:00:00:00
                                                                                                    Adapter state: ON
2026-01-06 02:07:45.553 21861-21960 OpenGLRenderer          com.gap.droid                        I  Davey! duration=1063ms; Flags=1, IntendedVsync=22081837561505, Vsync=22082737561523, OldestInputEvent=9223372036854775807, NewestInputEvent=0, HandleInputStart=22082746095007, AnimationStart=22082746125237, PerformTraversalsStart=22082851685776, DrawStart=22082879495391, SyncQueued=22082888905468, SyncStart=22082889419776, IssueDrawCommandsStart=22082889652699, SwapBuffers=22082899626545, FrameCompleted=22082901629776, DequeueBufferDuration=2798000, QueueBufferDuration=1201000, 
2026-01-06 02:07:45.553 21861-21861 MainActivity            com.gap.droid                        D  Checking location services status
2026-01-06 02:07:45.555 21861-21861 LocationStatusManager   com.gap.droid                        D  Checking location services status
2026-01-06 02:07:45.556 21861-21861 LocationStatusManager   com.gap.droid                        D  Location services are enabled and ready
2026-01-06 02:07:45.557 21861-21861 LocationStatusManager   com.gap.droid                        D  Location Services Status Diagnostics:
                                                                                                    LocationManager available: true
                                                                                                    Location services enabled: true
                                                                                                    Current status: ENABLED
                                                                                                    Android version: 29
                                                                                                    GPS provider enabled: true
                                                                                                    Network provider enabled: true
                                                                                                    Using modern isLocationEnabled() API
2026-01-06 02:07:45.557 21861-21861 LocationStatusManager   com.gap.droid                        D  Checking location services status
2026-01-06 02:07:45.558 21861-21861 LocationStatusManager   com.gap.droid                        D  Location services are enabled and ready
2026-01-06 02:07:45.558 21861-21861 MainActivity            com.gap.droid                        D  Checking battery optimization status
2026-01-06 02:07:45.558 21861-21861 MainActivity            com.gap.droid                        D  User previously skipped battery optimization, proceeding to permissions
2026-01-06 02:07:45.559 21861-21861 MainActivity            com.gap.droid                        D  Proceeding with permission check
2026-01-06 02:07:45.574 21861-21861 ColorViewRootUtil       com.gap.droid                        D  initSwipState, isDisplayCompatApp false
2026-01-06 02:07:45.575 21861-21861 ColorViewRootUtil       com.gap.droid                        D  updateScreenSize, mScreenHeight 1600,mScreenWidth:720,height:1600,width:720
2026-01-06 02:07:45.581 21861-21861 Choreographer           com.gap.droid                        I  Skipped 10 frames!  The application may be doing too much work on its main thread.
2026-01-06 02:07:45.622 21861-21861 CheckPermission         com.gap.droid                        E  _bluetooth code = 10 
2026-01-06 02:07:45.623 21861-21861 CheckPermission         com.gap.droid                        E  _bluetooth code = 10 
2026-01-06 02:07:45.624 21861-21861 BluetoothG...verManager com.gap.droid                        I  Advertising started (power mode: PERFORMANCE)
2026-01-06 02:07:45.628 21861-21861 Choreographer           com.gap.droid                        I  Skipped 1 frames!  The application may be doing too much work on its main thread.
2026-01-06 02:07:45.629 21861-21861 BluetoothG...verManager com.gap.droid                        I  Advertising started (power mode: PERFORMANCE)
2026-01-06 02:07:45.629 21861-21861 BluetoothG...verManager com.gap.droid                        I  Advertising started (power mode: PERFORMANCE)
2026-01-06 02:07:45.762 21861-21861 Choreographer           com.gap.droid                        I  Skipped 1 frames!  The application may be doing too much work on its main thread.
2026-01-06 02:07:45.771 21861-21861 MainActivity            com.gap.droid                        D  Existing user with required permissions
2026-01-06 02:07:45.773 21861-21861 MainActivity            com.gap.droid                        D  Starting app initialization
2026-01-06 02:07:45.905 21861-21993 NostrRelayManager       com.gap.droid                        V  Attempting to connect to Nostr relay: wss://relay.islandbitcoin.com
2026-01-06 02:07:45.905 21861-21884 NostrRelayManager       com.gap.droid                        V  Attempting to connect to Nostr relay: wss://shu04.shugur.net
2026-01-06 02:07:45.908 21861-21885 NostrRelayManager       com.gap.droid                        V  Attempting to connect to Nostr relay: wss://nos4smartnkind.tech
2026-01-06 02:07:45.908 21861-21889 NostrRelayManager       com.gap.droid                        V  Attempting to connect to Nostr relay: wss://nostr-relayrs.gateway.in.th
2026-01-06 02:07:45.910 21861-21993 NostrRelayManager       com.gap.droid                        V  Attempting to connect to Nostr relay: wss://nostr-relay.gateway.in.th
2026-01-06 02:07:45.913 21861-22077 System                  com.gap.droid                        W  ClassLoader referenced unknown path: system/framework/mediatek-cta.jar
2026-01-06 02:07:45.914 21861-22022 System                  com.gap.droid                        W  ClassLoader referenced unknown path: system/framework/mediatek-cta.jar
2026-01-06 02:07:45.917 21861-21900 System                  com.gap.droid                        W  ClassLoader referenced unknown path: system/framework/mediatek-cta.jar
2026-01-06 02:07:45.919 21861-22023 System                  com.gap.droid                        W  ClassLoader referenced unknown path: system/framework/mediatek-cta.jar
2026-01-06 02:07:45.921 21861-22024 System                  com.gap.droid                        W  ClassLoader referenced unknown path: system/framework/mediatek-cta.jar
2026-01-06 02:07:45.923 21861-22077 NostrRelayManager       com.gap.droid                        E  ❌ WebSocket failure for wss://nostr-relayrs.gateway.in.th: failed to connect to /127.0.0.1 (port 9060) from /127.0.0.1 (port 33764) after 10000ms: isConnected failed: ECONNREFUSED (Connection refused)
2026-01-06 02:07:45.923 21861-22077 NostrRelayManager       com.gap.droid                        D  Scheduling reconnection to wss://nostr-relayrs.gateway.in.th in 2s (attempt 2)
2026-01-06 02:07:45.926 21861-22022 NostrRelayManager       com.gap.droid                        E  ❌ WebSocket failure for wss://nostr-relay.gateway.in.th: failed to connect to /127.0.0.1 (port 9060) from /127.0.0.1 (port 33766) after 10000ms: isConnected failed: ECONNREFUSED (Connection refused)
2026-01-06 02:07:45.927 21861-22022 NostrRelayManager       com.gap.droid                        D  Scheduling reconnection to wss://nostr-relay.gateway.in.th in 2s (attempt 2)
2026-01-06 02:07:45.928 21861-22023 NostrRelayManager       com.gap.droid                        E  ❌ WebSocket failure for wss://nos4smartnkind.tech: failed to connect to /127.0.0.1 (port 9060) from /127.0.0.1 (port 33770) after 10000ms: isConnected failed: ECONNREFUSED (Connection refused)
2026-01-06 02:07:45.928 21861-21900 NostrRelayManager       com.gap.droid                        E  ❌ WebSocket failure for wss://relay.islandbitcoin.com: failed to connect to /127.0.0.1 (port 9060) from /127.0.0.1 (port 33768) after 10000ms: isConnected failed: ECONNREFUSED (Connection refused)
2026-01-06 02:07:45.928 21861-22024 NostrRelayManager       com.gap.droid                        E  ❌ WebSocket failure for wss://shu04.shugur.net: failed to connect to /127.0.0.1 (port 9060) from /127.0.0.1 (port 33772) after 10000ms: isConnected failed: ECONNREFUSED (Connection refused)
2026-01-06 02:07:45.929 21861-22023 NostrRelayManager       com.gap.droid                        D  Scheduling reconnection to wss://nos4smartnkind.tech in 2s (attempt 2)
2026-01-06 02:07:45.929 21861-21900 NostrRelayManager       com.gap.droid                        D  Scheduling reconnection to wss://relay.islandbitcoin.com in 2s (attempt 2)
2026-01-06 02:07:45.929 21861-22024 NostrRelayManager       com.gap.droid                        D  Scheduling reconnection to wss://shu04.shugur.net in 2s (attempt 2)
2026-01-06 02:07:46.346 21861-21884 BluetoothG...entManager com.gap.droid                        I  Switching to continuous scanning mode
2026-01-06 02:07:46.348 21861-21884 BluetoothG...entManager com.gap.droid                        D  Scan already in progress, skipping start request
2026-01-06 02:07:46.675 21861-21889 NostrRelayManager       com.gap.droid                        V  Attempting to connect to Nostr relay: wss://relay.damus.io
2026-01-06 02:07:46.675 21861-21884 NostrRelayManager       com.gap.droid                        V  Attempting to connect to Nostr relay: wss://nostr21.com
2026-01-06 02:07:46.676 21861-21888 NostrRelayManager       com.gap.droid                        V  Attempting to connect to Nostr relay: wss://offchain.pub
2026-01-06 02:07:46.676 21861-21993 NostrRelayManager       com.gap.droid                        V  Attempting to connect to Nostr relay: wss://relay.primal.net
2026-01-06 02:07:46.678 21861-22024 System                  com.gap.droid                        W  ClassLoader referenced unknown path: system/framework/mediatek-cta.jar
2026-01-06 02:07:46.680 21861-22022 System                  com.gap.droid                        W  ClassLoader referenced unknown path: system/framework/mediatek-cta.jar
2026-01-06 02:07:46.681 21861-21900 System                  com.gap.droid                        W  ClassLoader referenced unknown path: system/framework/mediatek-cta.jar
2026-01-06 02:07:46.682 21861-22023 System                  com.gap.droid                        W  ClassLoader referenced unknown path: system/framework/mediatek-cta.jar
2026-01-06 02:07:46.683 21861-22024 NostrRelayManager       com.gap.droid                        E  ❌ WebSocket failure for wss://relay.damus.io: failed to connect to /127.0.0.1 (port 9060) from /127.0.0.1 (port 33774) after 10000ms: isConnected failed: ECONNREFUSED (Connection refused)
2026-01-06 02:07:46.683 21861-22024 NostrRelayManager       com.gap.droid                        D  Scheduling reconnection to wss://relay.damus.io in 8s (attempt 4)
2026-01-06 02:07:46.684 21861-22022 NostrRelayManager       com.gap.droid                        E  ❌ WebSocket failure for wss://offchain.pub: failed to connect to /127.0.0.1 (port 9060) from /127.0.0.1 (port 33776) after 10000ms: isConnected failed: ECONNREFUSED (Connection refused)
2026-01-06 02:07:46.684 21861-22022 NostrRelayManager       com.gap.droid                        D  Scheduling reconnection to wss://offchain.pub in 8s (attempt 4)
2026-01-06 02:07:46.686 21861-21900 NostrRelayManager       com.gap.droid                        E  ❌ WebSocket failure for wss://relay.primal.net: failed to connect to /127.0.0.1 (port 9060) from /127.0.0.1 (port 33778) after 10000ms: isConnected failed: ECONNREFUSED (Connection refused)
2026-01-06 02:07:46.686 21861-21900 NostrRelayManager       com.gap.droid                        D  Scheduling reconnection to wss://relay.primal.net in 8s (attempt 4)
2026-01-06 02:07:46.686 21861-22023 NostrRelayManager       com.gap.droid                        E  ❌ WebSocket failure for wss://nostr21.com: failed to connect to /127.0.0.1 (port 9060) from /127.0.0.1 (port 33780) after 10000ms: isConnected failed: ECONNREFUSED (Connection refused)
2026-01-06 02:07:46.687 21861-22023 NostrRelayManager       com.gap.droid                        D  Scheduling reconnection to wss://nostr21.com in 8s (attempt 4)
2026-01-06 02:07:46.774 21861-21861 MainActivity            com.gap.droid                        D  Permissions verified, initializing chat system
2026-01-06 02:07:46.777 21861-21861 MainActivity            com.gap.droid                        D  PoW preferences initialized
2026-01-06 02:07:46.777 21861-21861 LocationNo...nitializer com.gap.droid                        D  ✅ Location Notes Manager initialized
2026-01-06 02:07:46.778 21861-21861 BluetoothMeshService    com.gap.droid                        I  Starting Bluetooth mesh service with peer ID: 04f4812dfdeb3635
2026-01-06 02:07:46.778 21861-21861 BluetoothC...ionManager com.gap.droid                        I  Starting power-optimized Bluetooth services...
2026-01-06 02:07:46.781 21861-21861 BluetoothC...ionManager com.gap.droid                        D  ConnectionManager activated (permissions and adapter OK)
2026-01-06 02:07:46.782 21861-21861 BluetoothMeshService    com.gap.droid                        D  Started periodic broadcast announcements (every 30 seconds)
2026-01-06 02:07:46.782 21861-21993 BluetoothMeshService    com.gap.droid                        D  Starting periodic announce loop
2026-01-06 02:07:46.783 21861-21888 PowerManager            com.gap.droid                        I  Starting power management
2026-01-06 02:07:46.784 21861-21861 BluetoothMeshService    com.gap.droid                        D  GossipSyncManager started
2026-01-06 02:07:46.785 21861-21861 MainActivity            com.gap.droid                        D  Mesh service started successfully
2026-01-06 02:07:46.786 21861-21888 BluetoothG...entManager com.gap.droid                        D  Scan already in progress, skipping start request
2026-01-06 02:07:46.786 21861-21888 BluetoothG...verManager com.gap.droid                        D  GATT server already active; start is a no-op
2026-01-06 02:07:46.786 21861-21888 BluetoothC...ionManager com.gap.droid                        D  GATT Server started
2026-01-06 02:07:46.786 21861-21888 BluetoothG...entManager com.gap.droid                        D  GATT client already active; start is a no-op
2026-01-06 02:07:46.786 21861-21888 BluetoothC...ionManager com.gap.droid                        D  GATT Client started
2026-01-06 02:07:46.786 21861-21888 BluetoothC...ionManager com.gap.droid                        I  Bluetooth services started successfully
2026-01-06 02:07:47.285 21861-21861 MainActivity            com.gap.droid                        D  App initialization complete
2026-01-06 02:07:47.286 21861-21861 MainActivity            com.gap.droid                        D  Onboarding completed - app ready
2026-01-06 02:07:47.927 21861-21888 NostrRelayManager       com.gap.droid                        V  Attempting to connect to Nostr relay: wss://nostr-relayrs.gateway.in.th
2026-01-06 02:07:47.930 21861-21884 NostrRelayManager       com.gap.droid                        V  Attempting to connect to Nostr relay: wss://nostr-relay.gateway.in.th
2026-01-06 02:07:47.938 21861-21993 NostrRelayManager       com.gap.droid                        V  Attempting to connect to Nostr relay: wss://nos4smartnkind.tech
2026-01-06 02:07:47.938 21861-21889 NostrRelayManager       com.gap.droid                        V  Attempting to connect to Nostr relay: wss://relay.islandbitcoin.com
2026-01-06 02:07:47.938 21861-22023 System                  com.gap.droid                        W  ClassLoader referenced unknown path: system/framework/mediatek-cta.jar
2026-01-06 02:07:47.943 21861-21888 NostrRelayManager       com.gap.droid                        V  Attempting to connect to Nostr relay: wss://shu04.shugur.net
2026-01-06 02:07:47.945 21861-21900 System                  com.gap.droid                        W  ClassLoader referenced unknown path: system/framework/mediatek-cta.jar
2026-01-06 02:07:47.961 21861-22022 System                  com.gap.droid                        W  ClassLoader referenced unknown path: system/framework/mediatek-cta.jar
2026-01-06 02:07:47.966 21861-22077 System                  com.gap.droid                        W  ClassLoader referenced unknown path: system/framework/mediatek-cta.jar
2026-01-06 02:07:47.971 21861-22024 System                  com.gap.droid                        W  ClassLoader referenced unknown path: system/framework/mediatek-cta.jar
