2026-01-06 02:07:47.972 21861-21900 NostrRelayManager       com.gap.droid                        E  ❌ WebSocket failure for wss://nostr-relay.gateway.in.th: failed to connect to /127.0.0.1 (port 9060) from /127.0.0.1 (port 33790) after 10000ms: isConnected failed: ECONNREFUSED (Connection refused)
2026-01-06 02:07:47.973 21861-21900 NostrRelayManager       com.gap.droid                        D  Scheduling reconnection to wss://nostr-relay.gateway.in.th in 4s (attempt 3)
2026-01-06 02:07:47.976 21861-22023 NostrRelayManager       com.gap.droid                        E  ❌ WebSocket failure for wss://nostr-relayrs.gateway.in.th: failed to connect to /127.0.0.1 (port 9060) from /127.0.0.1 (port 33788) after 10000ms: isConnected failed: ECONNREFUSED (Connection refused)
2026-01-06 02:07:47.977 21861-22023 NostrRelayManager       com.gap.droid                        D  Scheduling reconnection to wss://nostr-relayrs.gateway.in.th in 4s (attempt 3)
2026-01-06 02:07:47.982 21861-22077 NostrRelayManager       com.gap.droid                        E  ❌ WebSocket failure for wss://shu04.shugur.net: failed to connect to /127.0.0.1 (port 9060) from /127.0.0.1 (port 33792) after 9999ms: isConnected failed: ECONNREFUSED (Connection refused)
2026-01-06 02:07:47.983 21861-22077 NostrRelayManager       com.gap.droid                        D  Scheduling reconnection to wss://shu04.shugur.net in 4s (attempt 3)
2026-01-06 02:07:47.985 21861-22022 NostrRelayManager       com.gap.droid                        E  ❌ WebSocket failure for wss://nos4smartnkind.tech: failed to connect to /127.0.0.1 (port 9060) from /127.0.0.1 (port 33794) after 10000ms: isConnected failed: ECONNREFUSED (Connection refused)
2026-01-06 02:07:47.985 21861-22022 NostrRelayManager       com.gap.droid                        D  Scheduling reconnection to wss://nos4smartnkind.tech in 4s (attempt 3)
2026-01-06 02:07:48.004 21861-22024 NostrRelayManager       com.gap.droid                        E  ❌ WebSocket failure for wss://relay.islandbitcoin.com: failed to connect to /127.0.0.1 (port 9060) from /127.0.0.1 (port 33796) after 10000ms: isConnected failed: ECONNREFUSED (Connection refused)
2026-01-06 02:07:48.005 21861-22024 NostrRelayManager       com.gap.droid                        D  Scheduling reconnection to wss://relay.islandbitcoin.com in 4s (attempt 3)
2026-01-06 02:07:48.828 21861-21880 com.gap.droid           com.gap.droid                        I  ProcessProfilingInfo new_methods=5459 is saved saved_to_disk=1 resolve_classes_delay=5000
2026-01-06 02:07:48.930 21861-21888 NostrRelayManager       com.gap.droid                        V  Attempting to connect to Nostr relay: wss://offchain.pub
2026-01-06 02:07:48.932 21861-21884 NostrRelayManager       com.gap.droid                        V  Attempting to connect to Nostr relay: wss://nostr21.com
2026-01-06 02:07:48.935 21861-21893 NostrRelayManager       com.gap.droid                        V  Attempting to connect to Nostr relay: wss://relay.primal.net
2026-01-06 02:07:48.937 21861-22024 System                  com.gap.droid                        W  ClassLoader referenced unknown path: system/framework/mediatek-cta.jar
2026-01-06 02:07:48.939 21861-21888 NostrRelayManager       com.gap.droid                        V  Attempting to connect to Nostr relay: wss://relay.damus.io
2026-01-06 02:07:48.943 21861-22077 System                  com.gap.droid                        W  ClassLoader referenced unknown path: system/framework/mediatek-cta.jar
2026-01-06 02:07:48.947 21861-22022 System                  com.gap.droid                        W  ClassLoader referenced unknown path: system/framework/mediatek-cta.jar
2026-01-06 02:07:48.954 21861-22077 NostrRelayManager       com.gap.droid                        E  ❌ WebSocket failure for wss://nostr21.com: failed to connect to /127.0.0.1 (port 9060) from /127.0.0.1 (port 33800) after 10000ms: isConnected failed: ECONNREFUSED (Connection refused)
2026-01-06 02:07:48.954 21861-22024 NostrRelayManager       com.gap.droid                        E  ❌ WebSocket failure for wss://offchain.pub: failed to connect to /127.0.0.1 (port 9060) from /127.0.0.1 (port 33798) after 10000ms: isConnected failed: ECONNREFUSED (Connection refused)
2026-01-06 02:07:48.955 21861-22024 NostrRelayManager       com.gap.droid                        D  Scheduling reconnection to wss://offchain.pub in 16s (attempt 5)
2026-01-06 02:07:48.955 21861-22077 NostrRelayManager       com.gap.droid                        D  Scheduling reconnection to wss://nostr21.com in 16s (attempt 5)
2026-01-06 02:07:48.960 21861-22023 System                  com.gap.droid                        W  ClassLoader referenced unknown path: system/framework/mediatek-cta.jar
2026-01-06 02:07:48.970 21861-22023 NostrRelayManager       com.gap.droid                        E  ❌ WebSocket failure for wss://relay.damus.io: failed to connect to /127.0.0.1 (port 9060) from /127.0.0.1 (port 33804) after 9999ms: isConnected failed: ECONNREFUSED (Connection refused)
2026-01-06 02:07:48.970 21861-22022 NostrRelayManager       com.gap.droid                        E  ❌ WebSocket failure for wss://relay.primal.net: failed to connect to /127.0.0.1 (port 9060) from /127.0.0.1 (port 33802) after 10000ms: isConnected failed: ECONNREFUSED (Connection refused)
2026-01-06 02:07:48.971 21861-22022 NostrRelayManager       com.gap.droid                        D  Scheduling reconnection to wss://relay.primal.net in 16s (attempt 5)
2026-01-06 02:07:48.971 21861-22023 NostrRelayManager       com.gap.droid                        D  Scheduling reconnection to wss://relay.damus.io in 16s (attempt 5)
2026-01-06 02:07:49.085 21861-21873 com.gap.droid           com.gap.droid                        I  Background concurrent copying GC freed 8246(512KB) AllocSpace objects, 0(0B) LOS objects, 66% free, 3536KB/10MB, paused 225us total 141.184ms
2026-01-06 02:07:49.939 21861-22261 ProfileInstaller        com.gap.droid                        D  Installing profile for com.gap.droid
2026-01-06 02:07:51.051 21861-21888 ArtiTorManager          com.gap.droid                        I  Starting Arti on port 9060…
2026-01-06 02:07:51.052 21861-21888 ArtiProxy               com.gap.droid                        D  Registering log callback
2026-01-06 02:07:51.062 21861-21888 ArtiNative              com.gap.droid                        I  Arti: Log callback registered
2026-01-06 02:07:51.063 21861-21888 ArtiTorManager          com.gap.droid                        I  arti: Log callback registered
2026-01-06 02:07:51.068 21861-21888 ArtiProxy               com.gap.droid                        I  Initializing Arti with data directory: /data/user/0/com.gap.droid/files/arti
2026-01-06 02:07:51.069 21861-21888 ArtiNative              com.gap.droid                        I  Arti: AMEx: state changed to Initialized
2026-01-06 02:07:51.069 21861-21888 ArtiTorManager          com.gap.droid                        I  arti: AMEx: state changed to Initialized
2026-01-06 02:07:51.070 21861-21888 ArtiNative              com.gap.droid                        I  Arti: Initializing Arti with data directory: /data/user/0/com.gap.droid/files/arti
2026-01-06 02:07:51.070 21861-21888 ArtiTorManager          com.gap.droid                        I  arti: Initializing Arti with data directory: /data/user/0/com.gap.droid/files/arti
2026-01-06 02:07:51.089 21861-21888 ArtiNative              com.gap.droid                        I  Arti: Tokio runtime created successfully
2026-01-06 02:07:51.090 21861-21888 ArtiTorManager          com.gap.droid                        I  arti: Tokio runtime created successfully
2026-01-06 02:07:51.092 21861-21888 ArtiNative              com.gap.droid                        I  Arti: Creating Arti client...
2026-01-06 02:07:51.092 21861-21888 ArtiTorManager          com.gap.droid                        I  arti: Creating Arti client...
2026-01-06 02:07:51.093 21861-21888 ArtiNative              com.gap.droid                        I  Arti: Cache dir: "/data/user/0/com.gap.droid/files/arti/cache"
2026-01-06 02:07:51.093 21861-21888 ArtiTorManager          com.gap.droid                        I  arti: Cache dir: "/data/user/0/com.gap.droid/files/arti/cache"
2026-01-06 02:07:51.094 21861-21888 ArtiNative              com.gap.droid                        I  Arti: State dir: "/data/user/0/com.gap.droid/files/arti/state"
2026-01-06 02:07:51.095 21861-21888 ArtiTorManager          com.gap.droid                        I  arti: State dir: "/data/user/0/com.gap.droid/files/arti/state"
2026-01-06 02:07:51.977 21861-21889 NostrRelayManager       com.gap.droid                        V  Attempting to connect to Nostr relay: wss://nostr-relay.gateway.in.th
2026-01-06 02:07:51.981 21861-21885 NostrRelayManager       com.gap.droid                        V  Attempting to connect to Nostr relay: wss://nostr-relayrs.gateway.in.th
2026-01-06 02:07:51.989 21861-21885 NostrRelayManager       com.gap.droid                        V  Attempting to connect to Nostr relay: wss://nos4smartnkind.tech
2026-01-06 02:07:51.991 21861-21893 NostrRelayManager       com.gap.droid                        V  Attempting to connect to Nostr relay: wss://shu04.shugur.net
2026-01-06 02:07:51.995 21861-22022 System                  com.gap.droid                        W  ClassLoader referenced unknown path: system/framework/mediatek-cta.jar
2026-01-06 02:07:51.998 21861-22077 System                  com.gap.droid                        W  ClassLoader referenced unknown path: system/framework/mediatek-cta.jar
2026-01-06 02:07:52.005 21861-22022 NostrRelayManager       com.gap.droid                        E  ❌ WebSocket failure for wss://nostr-relayrs.gateway.in.th: failed to connect to /127.0.0.1 (port 9060) from /127.0.0.1 (port 33806) after 10000ms: isConnected failed: ECONNREFUSED (Connection refused)
2026-01-06 02:07:52.008 21861-21885 NostrRelayManager       com.gap.droid                        V  Attempting to connect to Nostr relay: wss://relay.islandbitcoin.com
2026-01-06 02:07:52.010 21861-22022 NostrRelayManager       com.gap.droid                        D  Scheduling reconnection to wss://nostr-relayrs.gateway.in.th in 8s (attempt 4)
2026-01-06 02:07:52.012 21861-22024 System                  com.gap.droid                        W  ClassLoader referenced unknown path: system/framework/mediatek-cta.jar
2026-01-06 02:07:52.018 21861-22023 System                  com.gap.droid                        W  ClassLoader referenced unknown path: system/framework/mediatek-cta.jar
2026-01-06 02:07:52.026 21861-22077 NostrRelayManager       com.gap.droid                        E  ❌ WebSocket failure for wss://nos4smartnkind.tech: failed to connect to /127.0.0.1 (port 9060) from /127.0.0.1 (port 33808) after 10000ms: isConnected failed: ECONNREFUSED (Connection refused)
2026-01-06 02:07:52.029 21861-22024 NostrRelayManager       com.gap.droid                        E  ❌ WebSocket failure for wss://shu04.shugur.net: failed to connect to /127.0.0.1 (port 9060) from /127.0.0.1 (port 33810) after 10000ms: isConnected failed: ECONNREFUSED (Connection refused)
2026-01-06 02:07:52.029 21861-22024 NostrRelayManager       com.gap.droid                        D  Scheduling reconnection to wss://shu04.shugur.net in 8s (attempt 4)
2026-01-06 02:07:52.029 21861-22077 NostrRelayManager       com.gap.droid                        D  Scheduling reconnection to wss://nos4smartnkind.tech in 8s (attempt 4)
2026-01-06 02:07:52.034 21861-22023 NostrRelayManager       com.gap.droid                        E  ❌ WebSocket failure for wss://nostr-relay.gateway.in.th: failed to connect to /127.0.0.1 (port 9060) from /127.0.0.1 (port 33812) after 10000ms: isConnected failed: ECONNREFUSED (Connection refused)
2026-01-06 02:07:52.034 21861-22022 System                  com.gap.droid                        W  ClassLoader referenced unknown path: system/framework/mediatek-cta.jar
2026-01-06 02:07:52.038 21861-22023 NostrRelayManager       com.gap.droid                        D  Scheduling reconnection to wss://nostr-relay.gateway.in.th in 8s (attempt 4)
2026-01-06 02:07:52.044 21861-22022 NostrRelayManager       com.gap.droid                        E  ❌ WebSocket failure for wss://relay.islandbitcoin.com: failed to connect to /127.0.0.1 (port 9060) from /127.0.0.1 (port 33814) after 10000ms: isConnected failed: ECONNREFUSED (Connection refused)
2026-01-06 02:07:52.044 21861-22022 NostrRelayManager       com.gap.droid                        D  Scheduling reconnection to wss://relay.islandbitcoin.com in 8s (attempt 4)
2026-01-06 02:07:53.680 21861-21861 BluetoothC...ionTracker com.gap.droid                        D  Tracker: Adding pending connection for 7B:10:7A:BE:6C:32
2026-01-06 02:07:53.681 21861-21861 BluetoothC...ionTracker com.gap.droid                        D  Tracker: Added pending connection for 7B:10:7A:BE:6C:32 (attempts: 1)
2026-01-06 02:07:53.684 21861-21861 BluetoothG...entManager com.gap.droid                        I  Connecting to bitchat device: 7B:10:7A:BE:6C:32
2026-01-06 02:07:53.685 21861-21861 BluetoothG...entManager com.gap.droid                        D  Client: Attempting GATT connection to 7B:10:7A:BE:6C:32 with autoConnect=false
2026-01-06 02:07:53.685 21861-21861 CheckPermission         com.gap.droid                        E  _bluetooth code = 10 
2026-01-06 02:07:53.688 21861-21861 BluetoothGatt           com.gap.droid                        D  connect() - device: 7B:10:7A:BE:6C:32, auto: false
2026-01-06 02:07:53.688 21861-21861 BluetoothGatt           com.gap.droid                        D  registerApp()
2026-01-06 02:07:53.689 21861-21861 BluetoothGatt           com.gap.droid                        D  registerApp() - UUID=1a896bdb-e176-4bad-a351-f7cc9275cc61
2026-01-06 02:07:53.693 21861-21861 BluetoothG...entManager com.gap.droid                        D  Client: GATT connection initiated successfully for 7B:10:7A:BE:6C:32
2026-01-06 02:07:53.694 21861-21978 BluetoothGatt           com.gap.droid                        D  onClientRegistered() - status=0 clientIf=9
2026-01-06 02:07:53.838 21861-21978 BluetoothGattServer     com.gap.droid                        D  onServerConnectionState() - status=0 serverIf=7 device=7B:10:7A:BE:6C:32
2026-01-06 02:07:53.838 21861-21978 BluetoothG...verManager com.gap.droid                        I  Server: Device connected 7B:10:7A:BE:6C:32
2026-01-06 02:07:53.839 21861-21978 BluetoothC...ionTracker com.gap.droid                        D  Tracker: Adding device connection for 7B:10:7A:BE:6C:32 (isClient: false
2026-01-06 02:07:53.856 21861-21978 BluetoothGatt           com.gap.droid                        D  onClientConnectionState() - status=0 clientIf=9 device=7B:10:7A:BE:6C:32
2026-01-06 02:07:53.858 21861-21978 BluetoothG...entManager com.gap.droid                        D  Client: Connection state change - Device: 7B:10:7A:BE:6C:32, Status: 0, NewState: 2
2026-01-06 02:07:53.858 21861-21978 BluetoothG...entManager com.gap.droid                        I  Client: Successfully connected to 7B:10:7A:BE:6C:32. Requesting MTU...
2026-01-06 02:07:54.062 21861-21885 BluetoothGatt           com.gap.droid                        D  configureMTU() - device: 7B:10:7A:BE:6C:32 mtu: 517
2026-01-06 02:07:54.261 21861-21978 BluetoothGattServer     com.gap.droid                        D  onConnectionUpdated() - Device=7B:10:7A:BE:6C:32 interval=6 latency=0 timeout=500 status=0
2026-01-06 02:07:54.261 21861-21877 BluetoothGatt           com.gap.droid                        D  onConnectionUpdated() - Device=7B:10:7A:BE:6C:32 interval=6 latency=0 timeout=500 status=0
2026-01-06 02:07:54.685 21861-21885 NostrRelayManager       com.gap.droid                        V  Attempting to connect to Nostr relay: wss://relay.damus.io
2026-01-06 02:07:54.687 21861-21893 NostrRelayManager       com.gap.droid                        V  Attempting to connect to Nostr relay: wss://offchain.pub
2026-01-06 02:07:54.689 21861-21885 NostrRelayManager       com.gap.droid                        V  Attempting to connect to Nostr relay: wss://nostr21.com
2026-01-06 02:07:54.689 21861-21884 NostrRelayManager       com.gap.droid                        V  Attempting to connect to Nostr relay: wss://relay.primal.net
2026-01-06 02:07:54.692 21861-22022 System                  com.gap.droid                        W  ClassLoader referenced unknown path: system/framework/mediatek-cta.jar
2026-01-06 02:07:54.697 21861-22077 System                  com.gap.droid                        W  ClassLoader referenced unknown path: system/framework/mediatek-cta.jar
2026-01-06 02:07:54.702 21861-22023 System                  com.gap.droid                        W  ClassLoader referenced unknown path: system/framework/mediatek-cta.jar
2026-01-06 02:07:54.703 21861-22022 NostrRelayManager       com.gap.droid                        E  ❌ WebSocket failure for wss://relay.damus.io: failed to connect to /127.0.0.1 (port 9060) from /127.0.0.1 (port 33816) after 10000ms: isConnected failed: ECONNREFUSED (Connection refused)
2026-01-06 02:07:54.704 21861-22022 NostrRelayManager       com.gap.droid                        D  Scheduling reconnection to wss://relay.damus.io in 32s (attempt 6)
2026-01-06 02:07:54.707 21861-22024 System                  com.gap.droid                        W  ClassLoader referenced unknown path: system/framework/mediatek-cta.jar
2026-01-06 02:07:54.720 21861-22023 NostrRelayManager       com.gap.droid                        E  ❌ WebSocket failure for wss://nostr21.com: failed to connect to /127.0.0.1 (port 9060) from /127.0.0.1 (port 33820) after 10000ms: isConnected failed: ECONNREFUSED (Connection refused)
2026-01-06 02:07:54.721 21861-22077 NostrRelayManager       com.gap.droid                        E  ❌ WebSocket failure for wss://relay.primal.net: failed to connect to /127.0.0.1 (port 9060) from /127.0.0.1 (port 33818) after 10000ms: isConnected failed: ECONNREFUSED (Connection refused)
2026-01-06 02:07:54.721 21861-22077 NostrRelayManager       com.gap.droid                        D  Scheduling reconnection to wss://relay.primal.net in 32s (attempt 6)
2026-01-06 02:07:54.724 21861-22024 NostrRelayManager       com.gap.droid                        E  ❌ WebSocket failure for wss://offchain.pub: failed to connect to /127.0.0.1 (port 9060) from /127.0.0.1 (port 33822) after 10000ms: isConnected failed: ECONNREFUSED (Connection refused)
2026-01-06 02:07:54.725 21861-22023 NostrRelayManager       com.gap.droid                        D  Scheduling reconnection to wss://nostr21.com in 32s (attempt 6)
2026-01-06 02:07:54.725 21861-22024 NostrRelayManager       com.gap.droid                        D  Scheduling reconnection to wss://offchain.pub in 32s (attempt 6)
2026-01-06 02:07:54.849 21861-21887 BluetoothMeshService    com.gap.droid                        D  Device connected: 7B:10:7A:BE:6C:32; scheduling announce
2026-01-06 02:07:55.051 21861-21887 BluetoothMeshService    com.gap.droid                        D  Sending broadcast announce
2026-01-06 02:07:55.079 21861-21907 BluetoothGattServer     com.gap.droid                        D  onPhyUpdate() - device=7B:10:7A:BE:6C:32, txPHy=2, rxPHy=2
2026-01-06 02:07:55.080 21861-21877 BluetoothGatt           com.gap.droid                        D  onPhyUpdate() - status=0 address=7B:10:7A:BE:6C:32 txPhy=2 rxPhy=2
2026-01-06 02:07:55.101 21861-21887 EncryptionService       com.gap.droid                        D  ✅ Generated Ed25519 signature (64 bytes)
2026-01-06 02:07:55.102 21861-21887 FragmentManager         com.gap.droid                        D  🔀 Creating fragments for packet type 1, payload: 78 bytes
2026-01-06 02:07:55.105 21861-21887 FragmentManager         com.gap.droid                        D  📦 Encoded to 256 bytes
2026-01-06 02:07:55.105 21861-21887 FragmentManager         com.gap.droid                        D  📏 Unpadded to 164 bytes
2026-01-06 02:07:55.107 21861-21887 BluetoothMeshService    com.gap.droid                        D  Sent iOS-compatible signed TLV announce (78 bytes)
2026-01-06 02:07:55.112 21861-21884 BluetoothP...roadcaster com.gap.droid                        I  Broadcasting packet type 1 to 0 server + 1 client connections
2026-01-06 02:07:55.200 21861-21877 BluetoothGattServer     com.gap.droid                        D  onMtuChanged() - device=7B:10:7A:BE:6C:32, mtu=517
2026-01-06 02:07:56.221 21861-21877 BluetoothGattServer     com.gap.droid                        D  onPhyUpdate() - device=7B:10:7A:BE:6C:32, txPHy=2, rxPHy=2
2026-01-06 02:07:56.222 21861-21907 BluetoothGatt           com.gap.droid                        D  onPhyUpdate() - status=0 address=7B:10:7A:BE:6C:32 txPhy=2 rxPhy=2
2026-01-06 02:07:56.313 21861-21907 BluetoothGattServer     com.gap.droid                        D  onMtuChanged() - device=7B:10:7A:BE:6C:32, mtu=517
2026-01-06 02:07:56.973 21861-21907 BluetoothG...verManager com.gap.droid                        D  Server: Connection setup complete for 7B:10:7A:BE:6C:32
2026-01-06 02:07:57.063 21861-21907 BluetoothG...verManager com.gap.droid                        I  Server: Received packet from 7B:10:7A:BE:6C:32, size: 164 bytes
2026-01-06 02:07:57.065 21861-21907 BluetoothG...verManager com.gap.droid                        D  Server: Parsed packet type 1 from 09846e8292f371d7
2026-01-06 02:07:57.065 21861-21907 BluetoothC...ionManager com.gap.droid                        D  onPacketReceived: Packet received from 7B:10:7A:BE:6C:32 (09846e8292f371d7)
2026-01-06 02:07:57.067 21861-21907 PacketProcessor         com.gap.droid                        D  processPacket 1
2026-01-06 02:07:57.070 21861-21907 BluetoothG...verManager com.gap.droid                        I  Server: Received packet from 7B:10:7A:BE:6C:32, size: 164 bytes
2026-01-06 02:07:57.072 21861-21907 BluetoothG...verManager com.gap.droid                        D  Server: Parsed packet type 1 from 09846e8292f371d7
2026-01-06 02:07:57.072 21861-21907 BluetoothC...ionManager com.gap.droid                        D  onPacketReceived: Packet received from 7B:10:7A:BE:6C:32 (09846e8292f371d7)
2026-01-06 02:07:57.072 21861-21884 PacketProcessor         com.gap.droid                        D  🎭 Created packet actor for peer: 09846e8292f371d7
2026-01-06 02:07:57.073 21861-21884 PacketProcessor         com.gap.droid                        D  📦 Processing packet type 1 from 09846e8292f371d7 (serialized)
2026-01-06 02:07:57.073 21861-21907 PacketProcessor         com.gap.droid                        D  processPacket 1
2026-01-06 02:07:57.078 21861-21887 BluetoothMeshService    com.gap.droid                        D  Device connected: 7B:10:7A:BE:6C:32; scheduling announce
2026-01-06 02:07:57.172 21861-21884 EncryptionService       com.gap.droid                        D  ✅ Ed25519 signature verification: true
2026-01-06 02:07:57.173 21861-21884 SecurityManager         com.gap.droid                        D  Packet validation passed for 09846e8292f371d7, messageID: 1767683276926-09846e8292f371d7-35770115
2026-01-06 02:07:57.173 21861-21884 PacketProcessor         com.gap.droid                        D  Processing packet type ANNOUNCE from 09846e8292f371d7
2026-01-06 02:07:57.174 21861-21884 PacketProcessor         com.gap.droid                        D  Processing announce from 09846e8292f371d7
2026-01-06 02:07:57.177 21861-21884 PacketRelayManager      com.gap.droid                        D  Evaluating relay for packet type 1 from 09846e8292f371d7 (TTL: 7)
2026-01-06 02:07:57.177 21861-21884 PacketRelayManager      com.gap.droid                        D  Decremented TTL from 7 to 6
2026-01-06 02:07:57.177 21861-21884 PacketRelayManager      com.gap.droid                        D  High TTL (6), relaying
2026-01-06 02:07:57.178 21861-21884 PacketRelayManager      com.gap.droid                        D  🔄 Relaying packet type 1 with TTL 6
2026-01-06 02:07:57.178 21861-21884 FragmentManager         com.gap.droid                        D  🔀 Creating fragments for packet type 1, payload: 78 bytes
2026-01-06 02:07:57.178 21861-21884 FragmentManager         com.gap.droid                        D  📦 Encoded to 256 bytes
2026-01-06 02:07:57.179 21861-21884 FragmentManager         com.gap.droid                        D  📏 Unpadded to 164 bytes
2026-01-06 02:07:57.180 21861-21884 PacketProcessor         com.gap.droid                        D  Completed packet type 1 from 09846e8292f371d7
2026-01-06 02:07:57.180 21861-21884 PacketProcessor         com.gap.droid                        D  📦 Processing packet type 1 from 09846e8292f371d7 (serialized)
2026-01-06 02:07:57.183 21861-21993 BluetoothP...roadcaster com.gap.droid                        I  Broadcasting packet type 1 to 1 server + 1 client connections
2026-01-06 02:07:57.184 21861-21993 BluetoothP...roadcaster com.gap.droid                        D  Skipping broadcast to client back to relayer: 7B:10:7A:BE:6C:32
2026-01-06 02:07:57.234 21861-21884 EncryptionService       com.gap.droid                        D  ✅ Ed25519 signature verification: true
2026-01-06 02:07:57.234 21861-21887 EncryptionService       com.gap.droid                        D  ✅ Ed25519 signature verification: true
2026-01-06 02:07:57.234 21861-21884 SecurityManager         com.gap.droid                        D  Packet validation passed for 09846e8292f371d7, messageID: 1767683277114-09846e8292f371d7-35770115
2026-01-06 02:07:57.234 21861-21884 PacketProcessor         com.gap.droid                        D  Processing packet type ANNOUNCE from 09846e8292f371d7
2026-01-06 02:07:57.235 21861-21884 PacketProcessor         com.gap.droid                        D  Processing announce from 09846e8292f371d7
2026-01-06 02:07:57.236 21861-21884 PacketRelayManager      com.gap.droid                        D  Evaluating relay for packet type 1 from 09846e8292f371d7 (TTL: 7)
2026-01-06 02:07:57.236 21861-21884 PacketRelayManager      com.gap.droid                        D  Decremented TTL from 7 to 6
2026-01-06 02:07:57.236 21861-21884 PacketRelayManager      com.gap.droid                        D  High TTL (6), relaying
2026-01-06 02:07:57.236 21861-21884 PacketRelayManager      com.gap.droid                        D  🔄 Relaying packet type 1 with TTL 6
2026-01-06 02:07:57.236 21861-21884 FragmentManager         com.gap.droid                        D  🔀 Creating fragments for packet type 1, payload: 78 bytes
2026-01-06 02:07:57.237 21861-21884 FragmentManager         com.gap.droid                        D  📦 Encoded to 256 bytes
2026-01-06 02:07:57.237 21861-21884 FragmentManager         com.gap.droid                        D  📏 Unpadded to 164 bytes
2026-01-06 02:07:57.237 21861-21887 MessageHandler          com.gap.droid                        D  ✅ Verified announce from 09846e8292f371d7: nickname=anon8764, noisePublicKey=88e0f4b832401d26..., signingPublicKey=fc80f64988c7e571...
2026-01-06 02:07:57.238 21861-21884 PacketProcessor         com.gap.droid                        D  Completed packet type 1 from 09846e8292f371d7 (anon8764)
2026-01-06 02:07:57.239 21861-21887 PeerManager             com.gap.droid                        D  🆕 New verified peer: anon8764 (09846e8292f371d7)
2026-01-06 02:07:57.240 21861-21887 BluetoothMeshService    com.gap.droid                        D  Updating peer ID binding: 09846e8292f371d7 (was: null) with nickname: anon8764 and public key: 88e0f4b832401d26...
2026-01-06 02:07:57.241 21861-21884 BluetoothP...roadcaster com.gap.droid                        I  Broadcasting packet type 1 to 1 server + 1 client connections
2026-01-06 02:07:57.241 21861-21887 PeerManager             com.gap.droid                        D  Updated peer: 09846e8292f371d7 (anon8764)
2026-01-06 02:07:57.241 21861-21884 BluetoothP...roadcaster com.gap.droid                        D  Skipping broadcast to client back to relayer: 7B:10:7A:BE:6C:32
2026-01-06 02:07:57.243 21861-21887 PeerFingerprintManager  com.gap.droid                        D  Stored fingerprint for peer 09846e8292f371d7: 09846e8292f371d7...
2026-01-06 02:07:57.244 21861-21861 NotificationManager     com.gap.droid                        D  Skipping notification - app in foreground or it has been less than 5 minutes since last active peer notification
2026-01-06 02:07:57.245 21861-21887 BluetoothMeshService    com.gap.droid                        D  Updated peer ID binding: 09846e8292f371d7 (was: null), fingerprint: 09846e8292f371d7...
2026-01-06 02:07:57.246 21861-21887 MessageHandler          com.gap.droid                        D  ✅ Processed verified TLV announce: stored identity for 09846e8292f371d7
2026-01-06 02:07:57.246 21861-21887 BluetoothMeshService    com.gap.droid                        D  Mapped device 7B:10:7A:BE:6C:32 to peer 09846e8292f371d7 on FIRST-ANNOUNCE for this connection
2026-01-06 02:07:57.247 21861-21861 NotificationManager     com.gap.droid                        D  Skipping notification - app in foreground or it has been less than 5 minutes since last active peer notification
2026-01-06 02:07:57.280 21861-21993 BluetoothMeshService    com.gap.droid                        D  Sending broadcast announce
2026-01-06 02:07:57.285 21861-21893 EncryptionService       com.gap.droid                        D  ✅ Ed25519 signature verification: true
2026-01-06 02:07:57.288 21861-21893 MessageHandler          com.gap.droid                        D  ✅ Verified announce from 09846e8292f371d7: nickname=anon8764, noisePublicKey=88e0f4b832401d26..., signingPublicKey=fc80f64988c7e571...
2026-01-06 02:07:57.288 21861-21893 PeerManager             com.gap.droid                        D  🔄 Updated verified peer: anon8764 (09846e8292f371d7)
2026-01-06 02:07:57.290 21861-21893 BluetoothMeshService    com.gap.droid                        D  Updating peer ID binding: 09846e8292f371d7 (was: null) with nickname: anon8764 and public key: 88e0f4b832401d26...
2026-01-06 02:07:57.290 21861-21893 PeerManager             com.gap.droid                        D  Updated peer: 09846e8292f371d7 (anon8764)
2026-01-06 02:07:57.292 21861-21893 PeerFingerprintManager  com.gap.droid                        D  Stored fingerprint for peer 09846e8292f371d7: 09846e8292f371d7...
2026-01-06 02:07:57.293 21861-21893 BluetoothMeshService    com.gap.droid                        D  Updated peer ID binding: 09846e8292f371d7 (was: null), fingerprint: 09846e8292f371d7...
2026-01-06 02:07:57.293 21861-21893 MessageHandler          com.gap.droid                        D  ✅ Processed verified TLV announce: stored identity for 09846e8292f371d7
2026-01-06 02:07:57.299 21861-21887 EncryptionService       com.gap.droid                        D  ✅ Generated Ed25519 signature (64 bytes)
2026-01-06 02:07:57.300 21861-21887 FragmentManager         com.gap.droid                        D  🔀 Creating fragments for packet type 1, payload: 78 bytes
2026-01-06 02:07:57.300 21861-21887 FragmentManager         com.gap.droid                        D  📦 Encoded to 256 bytes
2026-01-06 02:07:57.300 21861-21887 FragmentManager         com.gap.droid                        D  📏 Unpadded to 164 bytes
2026-01-06 02:07:57.300 21861-21887 BluetoothMeshService    com.gap.droid                        D  Sent iOS-compatible signed TLV announce (78 bytes)
2026-01-06 02:07:57.303 21861-21993 BluetoothP...roadcaster com.gap.droid                        I  Broadcasting packet type 1 to 1 server + 1 client connections
2026-01-06 02:07:57.392 21861-21907 BluetoothG...verManager com.gap.droid                        I  Server: Received packet from 7B:10:7A:BE:6C:32, size: 174 bytes
2026-01-06 02:07:57.392 21861-21907 BluetoothG...verManager com.gap.droid                        D  Server: Parsed packet type 1 from 09846e8292f371d7
2026-01-06 02:07:57.393 21861-21907 BluetoothC...ionManager com.gap.droid                        D  onPacketReceived: Packet received from 7B:10:7A:BE:6C:32 (09846e8292f371d7)
2026-01-06 02:07:57.393 21861-21907 PacketProcessor         com.gap.droid                        D  processPacket 1
2026-01-06 02:07:57.395 21861-21885 PacketProcessor         com.gap.droid                        D  📦 Processing packet type 1 from 09846e8292f371d7 (anon8764) (serialized)
2026-01-06 02:07:57.417 21861-21885 EncryptionService       com.gap.droid                        D  ✅ Ed25519 signature verification: true
2026-01-06 02:07:57.417 21861-21885 SecurityManager         com.gap.droid                        D  Packet validation passed for 09846e8292f371d7, messageID: 1767683277489-09846e8292f371d7-35770115
2026-01-06 02:07:57.417 21861-21885 PacketProcessor         com.gap.droid                        D  Processing packet type ANNOUNCE from 09846e8292f371d7 (anon8764)
2026-01-06 02:07:57.417 21861-21885 PacketProcessor         com.gap.droid                        D  Processing announce from 09846e8292f371d7 (anon8764)
2026-01-06 02:07:57.418 21861-21885 PacketRelayManager      com.gap.droid                        D  Evaluating relay for packet type 1 from 09846e8292f371d7 (TTL: 7)
2026-01-06 02:07:57.418 21861-21885 PacketRelayManager      com.gap.droid                        D  Decremented TTL from 7 to 6
2026-01-06 02:07:57.418 21861-21885 PacketRelayManager      com.gap.droid                        D  High TTL (6), relaying
2026-01-06 02:07:57.418 21861-21885 PacketRelayManager      com.gap.droid                        D  🔄 Relaying packet type 1 with TTL 6
2026-01-06 02:07:57.419 21861-21885 FragmentManager         com.gap.droid                        D  🔀 Creating fragments for packet type 1, payload: 88 bytes
2026-01-06 02:07:57.419 21861-21885 FragmentManager         com.gap.droid                        D  📦 Encoded to 256 bytes
2026-01-06 02:07:57.419 21861-21885 FragmentManager         com.gap.droid                        D  📏 Unpadded to 174 bytes
2026-01-06 02:07:57.420 21861-21885 PacketProcessor         com.gap.droid                        D  Completed packet type 1 from 09846e8292f371d7 (anon8764)
2026-01-06 02:07:57.422 21861-21885 BluetoothP...roadcaster com.gap.droid                        I  Broadcasting packet type 1 to 1 server + 1 client connections
2026-01-06 02:07:57.422 21861-21885 BluetoothP...roadcaster com.gap.droid                        D  Skipping broadcast to client back to relayer: 7B:10:7A:BE:6C:32
2026-01-06 02:07:57.441 21861-21993 EncryptionService       com.gap.droid                        D  ✅ Ed25519 signature verification: true
2026-01-06 02:07:57.442 21861-21993 MessageHandler          com.gap.droid                        D  ✅ Verified announce from 09846e8292f371d7: nickname=anon8764, noisePublicKey=88e0f4b832401d26..., signingPublicKey=fc80f64988c7e571...
2026-01-06 02:07:57.442 21861-21993 PeerManager             com.gap.droid                        D  🔄 Updated verified peer: anon8764 (09846e8292f371d7)
2026-01-06 02:07:57.443 21861-21993 BluetoothMeshService    com.gap.droid                        D  Updating peer ID binding: 09846e8292f371d7 (was: null) with nickname: anon8764 and public key: 88e0f4b832401d26...
2026-01-06 02:07:57.443 21861-21993 PeerManager             com.gap.droid                        D  Updated peer: 09846e8292f371d7 (anon8764)
2026-01-06 02:07:57.444 21861-21993 PeerFingerprintManager  com.gap.droid                        D  Stored fingerprint for peer 09846e8292f371d7: 09846e8292f371d7...
2026-01-06 02:07:57.445 21861-21993 BluetoothMeshService    com.gap.droid                        D  Updated peer ID binding: 09846e8292f371d7 (was: null), fingerprint: 09846e8292f371d7...
2026-01-06 02:07:57.445 21861-21993 MessageHandler          com.gap.droid                        D  ✅ Processed verified TLV announce: stored identity for 09846e8292f371d7
2026-01-06 02:07:57.933 21861-21907 BluetoothG...verManager com.gap.droid                        I  Server: Received packet from 7B:10:7A:BE:6C:32, size: 174 bytes
2026-01-06 02:07:57.934 21861-21907 BluetoothG...verManager com.gap.droid                        D  Server: Parsed packet type 1 from 09846e8292f371d7
2026-01-06 02:07:57.934 21861-21907 BluetoothC...ionManager com.gap.droid                        D  onPacketReceived: Packet received from 7B:10:7A:BE:6C:32 (09846e8292f371d7)
2026-01-06 02:07:57.935 21861-21907 PacketProcessor         com.gap.droid                        D  processPacket 1
2026-01-06 02:07:57.938 21861-21885 PacketProcessor         com.gap.droid                        D  📦 Processing packet type 1 from 09846e8292f371d7 (anon8764) (serialized)
2026-01-06 02:07:58.021 21861-21885 EncryptionService       com.gap.droid                        D  ✅ Ed25519 signature verification: true
2026-01-06 02:07:58.022 21861-21885 SecurityManager         com.gap.droid                        D  Packet validation passed for 09846e8292f371d7, messageID: 1767683278009-09846e8292f371d7-35770115
2026-01-06 02:07:58.022 21861-21885 PacketProcessor         com.gap.droid                        D  Processing packet type ANNOUNCE from 09846e8292f371d7 (anon8764)
2026-01-06 02:07:58.022 21861-21885 PacketProcessor         com.gap.droid                        D  Processing announce from 09846e8292f371d7 (anon8764)
2026-01-06 02:07:58.023 21861-21885 PacketRelayManager      com.gap.droid                        D  Evaluating relay for packet type 1 from 09846e8292f371d7 (TTL: 7)
2026-01-06 02:07:58.024 21861-21885 PacketRelayManager      com.gap.droid                        D  Decremented TTL from 7 to 6
2026-01-06 02:07:58.024 21861-21885 PacketRelayManager      com.gap.droid                        D  High TTL (6), relaying
2026-01-06 02:07:58.024 21861-21885 PacketRelayManager      com.gap.droid                        D  🔄 Relaying packet type 1 with TTL 6
2026-01-06 02:07:58.024 21861-21885 FragmentManager         com.gap.droid                        D  🔀 Creating fragments for packet type 1, payload: 88 bytes
2026-01-06 02:07:58.024 21861-21885 FragmentManager         com.gap.droid                        D  📦 Encoded to 256 bytes
2026-01-06 02:07:58.024 21861-21885 FragmentManager         com.gap.droid                        D  📏 Unpadded to 174 bytes
2026-01-06 02:07:58.026 21861-21885 PacketProcessor         com.gap.droid                        D  Completed packet type 1 from 09846e8292f371d7 (anon8764)
2026-01-06 02:07:58.028 21861-21993 BluetoothP...roadcaster com.gap.droid                        I  Broadcasting packet type 1 to 1 server + 1 client connections
2026-01-06 02:07:58.028 21861-21993 BluetoothP...roadcaster com.gap.droid                        D  Skipping broadcast to client back to relayer: 7B:10:7A:BE:6C:32
2026-01-06 02:07:58.087 21861-21887 EncryptionService       com.gap.droid                        D  ✅ Ed25519 signature verification: true
2026-01-06 02:07:58.089 21861-21887 MessageHandler          com.gap.droid                        D  ✅ Verified announce from 09846e8292f371d7: nickname=anon8764, noisePublicKey=88e0f4b832401d26..., signingPublicKey=fc80f64988c7e571...
2026-01-06 02:07:58.090 21861-21887 PeerManager             com.gap.droid                        D  🔄 Updated verified peer: anon8764 (09846e8292f371d7)
2026-01-06 02:07:58.091 21861-21887 BluetoothMeshService    com.gap.droid                        D  Updating peer ID binding: 09846e8292f371d7 (was: null) with nickname: anon8764 and public key: 88e0f4b832401d26...
2026-01-06 02:07:58.091 21861-21887 PeerManager             com.gap.droid                        D  Updated peer: 09846e8292f371d7 (anon8764)
2026-01-06 02:07:58.093 21861-21887 PeerFingerprintManager  com.gap.droid                        D  Stored fingerprint for peer 09846e8292f371d7: 09846e8292f371d7...
2026-01-06 02:07:58.094 21861-21887 BluetoothMeshService    com.gap.droid                        D  Updated peer ID binding: 09846e8292f371d7 (was: null), fingerprint: 09846e8292f371d7...
2026-01-06 02:07:58.095 21861-21887 MessageHandler          com.gap.droid                        D  ✅ Processed verified TLV announce: stored identity for 09846e8292f371d7
2026-01-06 02:07:58.217 21861-21888 ArtiNative              com.gap.droid                        I  Arti: Arti client created successfully
2026-01-06 02:07:58.217 21861-21888 ArtiTorManager          com.gap.droid                        I  arti: Arti client created successfully
2026-01-06 02:07:58.218 21861-21888 ArtiNative              com.gap.droid                        I  Arti: Arti initialized successfully
2026-01-06 02:07:58.218 21861-21888 ArtiTorManager          com.gap.droid                        I  arti: Arti initialized successfully
2026-01-06 02:07:58.218 21861-21888 ArtiProxy               com.gap.droid                        I  Starting SOCKS proxy on port 9060 (DNS port: 9061)
2026-01-06 02:07:58.218 21861-21888 ArtiNative              com.gap.droid                        I  Arti: AMEx: state changed to Starting
2026-01-06 02:07:58.218 21861-21888 ArtiTorManager          com.gap.droid                        I  arti: AMEx: state changed to Starting
2026-01-06 02:07:58.218 21861-21888 ArtiNative              com.gap.droid                        I  Arti: Starting SOCKS proxy on port 9060
2026-01-06 02:07:58.219 21861-21888 ArtiTorManager          com.gap.droid                        I  arti: Starting SOCKS proxy on port 9060
2026-01-06 02:07:58.219 21861-21888 ArtiNative              com.gap.droid                        I  Arti: SOCKS proxy bound to 127.0.0.1:9060
2026-01-06 02:07:58.219 21861-21888 ArtiTorManager          com.gap.droid                        I  arti: SOCKS proxy bound to 127.0.0.1:9060
2026-01-06 02:07:58.219 21861-21888 ArtiNative              com.gap.droid                        I  Arti: SOCKS proxy started on port 9060
2026-01-06 02:07:58.219 21861-21888 ArtiTorManager          com.gap.droid                        I  arti: SOCKS proxy started on port 9060
2026-01-06 02:07:58.219 21861-21888 ArtiProxy               com.gap.droid                        I  Arti started successfully
2026-01-06 02:07:58.221 21861-21888 ArtiTorManager          com.gap.droid                        I  applyMode: already in progress/running mode=ON, state=RUNNING; skip
2026-01-06 02:07:58.223 21861-22267 ArtiNative              com.gap.droid                        I  Arti: SOCKS proxy listening on 127.0.0.1:9060
2026-01-06 02:07:58.225 21861-22267 ArtiTorManager          com.gap.droid                        I  arti: SOCKS proxy listening on 127.0.0.1:9060
2026-01-06 02:07:58.227 21861-22267 ArtiNative              com.gap.droid                        I  Arti: Sufficiently bootstrapped; system SOCKS now functional
2026-01-06 02:07:58.228 21861-22267 ArtiTorManager          com.gap.droid                        I  arti: Sufficiently bootstrapped; system SOCKS now functional
2026-01-06 02:07:58.256 21861-21885 GossipSyncManager       com.gap.droid                        D  Sending sync request to 09846e8292f371d7 (16 bytes)
2026-01-06 02:07:58.289 21861-21885 EncryptionService       com.gap.droid                        D  ✅ Generated Ed25519 signature (64 bytes)
2026-01-06 02:07:58.290 21861-21885 BluetoothMeshService    com.gap.droid                        D  ✅ Signed packet type 33 (signature 64 bytes)
2026-01-06 02:07:58.472 21861-21907 BluetoothG...verManager com.gap.droid                        I  Server: Received packet from 7B:10:7A:BE:6C:32, size: 114 bytes
2026-01-06 02:07:58.473 21861-21907 BluetoothG...verManager com.gap.droid                        D  Server: Parsed packet type 33 from 09846e8292f371d7
2026-01-06 02:07:58.473 21861-21907 BluetoothC...ionManager com.gap.droid                        D  onPacketReceived: Packet received from 7B:10:7A:BE:6C:32 (09846e8292f371d7)
2026-01-06 02:07:58.473 21861-21907 PacketProcessor         com.gap.droid                        D  processPacket 33
2026-01-06 02:07:58.476 21861-21885 PacketProcessor         com.gap.droid                        D  📦 Processing packet type 33 from 09846e8292f371d7 (anon8764) (serialized)
2026-01-06 02:07:58.477 21861-21885 SecurityManager         com.gap.droid                        D  Packet validation passed for 09846e8292f371d7, messageID: 1767683278540-09846e8292f371d7--1303835859
2026-01-06 02:07:58.477 21861-21885 PacketProcessor         com.gap.droid                        D  Processing packet type REQUEST_SYNC from 09846e8292f371d7 (anon8764)
2026-01-06 02:07:58.478 21861-21885 PacketProcessor         com.gap.droid                        D  Processing REQUEST_SYNC from 09846e8292f371d7 (anon8764)
2026-01-06 02:07:58.480 21861-21885 PacketRelayManager      com.gap.droid                        D  Evaluating relay for packet type 33 from 09846e8292f371d7 (TTL: 0)
2026-01-06 02:07:58.481 21861-21885 PacketRelayManager      com.gap.droid                        D  Packet addressed to us, skipping relay
2026-01-06 02:07:58.481 21861-21885 PacketProcessor         com.gap.droid                        D  Completed packet type 33 from 09846e8292f371d7 (anon8764)
2026-01-06 02:07:58.735 21861-22271 ArtiNative              com.gap.droid                        I  Arti: We have found that guard [scrubbed] is usable.
2026-01-06 02:07:58.736 21861-22271 ArtiTorManager          com.gap.droid                        I  arti: We have found that guard [scrubbed] is usable.
2026-01-06 02:07:58.739 21861-21885 ArtiTorManager          com.gap.droid                        I  Tor ON: proxy set to /127.0.0.1:9060
2026-01-06 02:07:58.740 21861-21885 NostrRelayManager       com.gap.droid                        D  Disconnecting from all relays
2026-01-06 02:07:58.741 21861-21885 NostrRelayManager       com.gap.droid                        V  ⏹️ Stopped subscription validation
2026-01-06 02:07:58.741 21861-21885 NostrRelayManager       com.gap.droid                        D  🌐 Connecting to 9 Nostr relays
2026-01-06 02:07:58.743 21861-21885 NostrRelayManager       com.gap.droid                        V  ⏹️ Stopped subscription validation
2026-01-06 02:07:58.744 21861-21893 NostrRelayManager       com.gap.droid                        V  Attempting to connect to Nostr relay: wss://relay.damus.io
2026-01-06 02:07:58.747 21861-21887 NostrRelayManager       com.gap.droid                        V  Attempting to connect to Nostr relay: wss://offchain.pub
2026-01-06 02:07:58.747 21861-21993 NostrRelayManager       com.gap.droid                        V  Attempting to connect to Nostr relay: wss://nostr21.com
2026-01-06 02:07:58.749 21861-21891 NostrRelayManager       com.gap.droid                        V  Attempting to connect to Nostr relay: wss://shu04.shugur.net
2026-01-06 02:07:58.750 21861-21888 NostrRelayManager       com.gap.droid                        V  Attempting to connect to Nostr relay: wss://relay.primal.net
2026-01-06 02:07:58.755 21861-21885 NostrRelayManager       com.gap.droid                        D  🔄 Started periodic subscription validation (30s interval)
2026-01-06 02:07:58.763 21861-21885 NostrRelayManager       com.gap.droid                        V  Attempting to connect to Nostr relay: wss://nostr-relayrs.gateway.in.th
2026-01-06 02:07:58.764 21861-21886 NostrRelayManager       com.gap.droid                        V  Attempting to connect to Nostr relay: wss://nos4smartnkind.tech
2026-01-06 02:07:58.765 21861-21896 NostrRelayManager       com.gap.droid                        V  Attempting to connect to Nostr relay: wss://nostr-relay.gateway.in.th
2026-01-06 02:07:58.775 21861-21883 NostrRelayManager       com.gap.droid                        V  Attempting to connect to Nostr relay: wss://relay.islandbitcoin.com
2026-01-06 02:07:58.779 21861-22279 System                  com.gap.droid                        W  ClassLoader referenced unknown path: system/framework/mediatek-cta.jar
2026-01-06 02:07:58.782 21861-22280 System                  com.gap.droid                        W  ClassLoader referenced unknown path: system/framework/mediatek-cta.jar
2026-01-06 02:07:58.782 21861-22271 ArtiNative              com.gap.droid                        I  Arti: SOCKS connection from: 127.0.0.1:33824
2026-01-06 02:07:58.791 21861-21861 Choreographer           com.gap.droid                        I  Skipped 2 frames!  The application may be doing too much work on its main thread.
2026-01-06 02:07:58.799 21861-22271 ArtiTorManager          com.gap.droid                        I  arti: SOCKS connection from: 127.0.0.1:33824
2026-01-06 02:07:58.804 21861-22271 ArtiNative              com.gap.droid                        I  Arti: SOCKS connection from: 127.0.0.1:33826
2026-01-06 02:07:58.808 21861-22281 System                  com.gap.droid                        W  ClassLoader referenced unknown path: system/framework/mediatek-cta.jar
2026-01-06 02:07:58.810 21861-22282 System                  com.gap.droid                        W  ClassLoader referenced unknown path: system/framework/mediatek-cta.jar
2026-01-06 02:07:58.811 21861-22285 System                  com.gap.droid                        W  ClassLoader referenced unknown path: system/framework/mediatek-cta.jar
2026-01-06 02:07:58.814 21861-22284 System                  com.gap.droid                        W  ClassLoader referenced unknown path: system/framework/mediatek-cta.jar
2026-01-06 02:07:58.815 21861-22271 ArtiTorManager          com.gap.droid                        I  arti: SOCKS connection from: 127.0.0.1:33826
2026-01-06 02:07:58.816 21861-22286 System                  com.gap.droid                        W  ClassLoader referenced unknown path: system/framework/mediatek-cta.jar
2026-01-06 02:07:58.817 21861-22271 ArtiNative              com.gap.droid                        I  Arti: SOCKS connection from: 127.0.0.1:33828
2026-01-06 02:07:58.818 21861-22287 System                  com.gap.droid                        W  ClassLoader referenced unknown path: system/framework/mediatek-cta.jar
