{\rtf1\ansi\ansicpg1252\cocoartf2867
\cocoatextscaling0\cocoaplatform0{\fonttbl\f0\fswiss\fcharset0 Helvetica;}
{\colortbl;\red255\green255\blue255;}
{\*\expandedcolortbl;;}
\margl1440\margr1440\vieww11520\viewh8400\viewkind0
\pard\tx720\tx1440\tx2160\tx2880\tx3600\tx4320\tx5040\tx5760\tx6480\tx7200\tx7920\tx8640\pardirnatural\partightenfactor0

\f0\fs24 \cf0 WARNING: Logcat was not cleared on the device itself because of a bug in Android 8.0 (Oreo).\
2026-01-06 19:17:48.508 12950-12985 BluetoothG...entManager com.gap.droid                        I  Client: Received packet from 46:28:68:E1:23:C3, size: 113 bytes\
2026-01-06 19:17:48.509 12950-12985 BluetoothG...entManager com.gap.droid                        D  Client: Parsed packet type 33 from d609cd9429f593ed\
2026-01-06 19:17:48.509 12950-12985 BluetoothC...ionManager com.gap.droid                        D  onPacketReceived: Packet received from 46:28:68:E1:23:C3 (d609cd9429f593ed)\
2026-01-06 19:17:48.509 12950-12985 PacketProcessor         com.gap.droid                        D  processPacket 33\
2026-01-06 19:17:48.510 12950-13353 PacketProcessor         com.gap.droid                        D  \uc0\u55357 \u56550  Processing packet type 33 from d609cd9429f593ed (anon6956) (serialized)\
2026-01-06 19:17:48.511 12950-13353 SecurityManager         com.gap.droid                        D  Packet validation passed for d609cd9429f593ed, messageID: 1767745068484-d609cd9429f593ed-586994208\
2026-01-06 19:17:48.511 12950-13353 PacketProcessor         com.gap.droid                        D  Processing packet type REQUEST_SYNC from d609cd9429f593ed (anon6956)\
2026-01-06 19:17:48.511 12950-13353 PacketProcessor         com.gap.droid                        D  Processing REQUEST_SYNC from d609cd9429f593ed (anon6956)\
2026-01-06 19:17:48.516 12950-13353 GossipSyncManager       com.gap.droid                        D  Sent sync announce: Type 1 from e5f62181a9a53bf9 to d609cd9429f593ed packet id ed359fff5bd72966a31b57c4598f5a51\
2026-01-06 19:17:48.523 12950-13353 GossipSyncManager       com.gap.droid                        D  Sent sync message: Type 2 to d609cd9429f593ed packet id 43e72f0d94e444466d75e3c6b00585cf\
2026-01-06 19:17:48.524 12950-13353 GossipSyncManager       com.gap.droid                        D  Sent sync message: Type 2 to d609cd9429f593ed packet id 8cddcbc31f2e98b729cf5570f6f40646\
2026-01-06 19:17:48.529 12950-13353 GossipSyncManager       com.gap.droid                        D  Sent sync message: Type 2 to d609cd9429f593ed packet id f535150858f9e0fc0e137897413a38fe\
2026-01-06 19:17:48.529 12950-13353 GossipSyncManager       com.gap.droid                        D  Sent sync message: Type 2 to d609cd9429f593ed packet id e26ad1b5adeec5d113e0940e688bedd2\
2026-01-06 19:17:48.530 12950-13353 GossipSyncManager       com.gap.droid                        D  Sent sync message: Type 2 to d609cd9429f593ed packet id 3d39f3689f80df0619187e4f93abaa71\
2026-01-06 19:17:48.530 12950-13353 GossipSyncManager       com.gap.droid                        D  Sent sync message: Type 2 to d609cd9429f593ed packet id 4fc2916d2ff5e56897a05d7f124d2b48\
2026-01-06 19:17:48.534 12950-13353 GossipSyncManager       com.gap.droid                        D  Sent sync message: Type 2 to d609cd9429f593ed packet id f12395f7f9e3b9d10df553b70428f977\
2026-01-06 19:17:48.535 12950-13353 GossipSyncManager       com.gap.droid                        D  Sent sync message: Type 2 to d609cd9429f593ed packet id d2f3a607230038f49334b4efa5cd3813\
2026-01-06 19:17:48.538 12950-13353 GossipSyncManager       com.gap.droid                        D  Sent sync message: Type 2 to d609cd9429f593ed packet id da181d4f73a144f376ee649c9f523939\
2026-01-06 19:17:48.542 12950-13353 GossipSyncManager       com.gap.droid                        D  Sent sync message: Type 2 to d609cd9429f593ed packet id cac51e7acbc0196f072de62596dbd85a\
2026-01-06 19:17:48.542 12950-13353 PacketRelayManager      com.gap.droid                        D  Evaluating relay for packet type 33 from d609cd9429f593ed (TTL: 0)\
2026-01-06 19:17:48.543 12950-13353 PacketRelayManager      com.gap.droid                        D  TTL expired, not relaying packet\
2026-01-06 19:17:48.543 12950-13353 PacketProcessor         com.gap.droid                        D  Completed packet type 33 from d609cd9429f593ed (anon6956)\
2026-01-06 19:17:48.632 12950-12985 BluetoothG...verManager com.gap.droid                        I  Server: Received packet from 5D:35:93:E2:B3:F3, size: 256 bytes\
2026-01-06 19:17:48.635 12950-12985 BluetoothG...verManager com.gap.droid                        D  Server: Parsed packet type 1 from e5f62181a9a53bf9\
2026-01-06 19:17:48.635 12950-12985 BluetoothC...ionManager com.gap.droid                        D  onPacketReceived: Packet received from 5D:35:93:E2:B3:F3 (e5f62181a9a53bf9)\
2026-01-06 19:17:48.635 12950-12985 PacketProcessor         com.gap.droid                        D  processPacket 1\
2026-01-06 19:17:48.637 12950-13308 PacketProcessor         com.gap.droid                        D  \uc0\u55357 \u56550  Processing packet type 1 from e5f62181a9a53bf9 (anon8764) (serialized)\
2026-01-06 19:17:48.638 12950-13308 SecurityManager         com.gap.droid                        D  Dropping duplicate packet: 1767745020103-e5f62181a9a53bf9-1159125072\
2026-01-06 19:17:48.638 12950-13308 PacketProcessor         com.gap.droid                        D  Packet failed security validation from e5f62181a9a53bf9 (anon8764)\
2026-01-06 19:17:48.638 12950-13308 PacketProcessor         com.gap.droid                        D  Completed packet type 1 from e5f62181a9a53bf9 (anon8764)\
2026-01-06 19:17:48.659 12950-12985 BluetoothG...entManager com.gap.droid                        I  Client: Received packet from 46:28:68:E1:23:C3, size: 303 bytes\
2026-01-06 19:17:48.660 12950-12985 BluetoothG...entManager com.gap.droid                        D  Client: Parsed packet type 33 from d609cd9429f593ed\
2026-01-06 19:17:48.661 12950-12985 BluetoothC...ionManager com.gap.droid                        D  onPacketReceived: Packet received from 46:28:68:E1:23:C3 (d609cd9429f593ed)\
2026-01-06 19:17:48.661 12950-12985 PacketProcessor         com.gap.droid                        D  processPacket 33\
2026-01-06 19:17:48.662 12950-12985 BluetoothG...entManager com.gap.droid                        I  Client: Received packet from 46:28:68:E1:23:C3, size: 109 bytes\
2026-01-06 19:17:48.663 12950-13308 PacketProcessor         com.gap.droid                        D  \uc0\u55357 \u56550  Processing packet type 33 from d609cd9429f593ed (anon6956) (serialized)\
2026-01-06 19:17:48.663 12950-13308 SecurityManager         com.gap.droid                        D  Packet validation passed for d609cd9429f593ed, messageID: 1767745068489-d609cd9429f593ed--1509367889\
2026-01-06 19:17:48.664 12950-13308 PacketProcessor         com.gap.droid                        D  Processing packet type REQUEST_SYNC from d609cd9429f593ed (anon6956)\
2026-01-06 19:17:48.664 12950-13308 PacketProcessor         com.gap.droid                        D  Processing REQUEST_SYNC from d609cd9429f593ed (anon6956)\
2026-01-06 19:17:48.664 12950-12985 BluetoothG...entManager com.gap.droid                        D  Client: Parsed packet type 33 from d609cd9429f593ed\
2026-01-06 19:17:48.664 12950-12985 BluetoothC...ionManager com.gap.droid                        D  onPacketReceived: Packet received from 46:28:68:E1:23:C3 (d609cd9429f593ed)\
2026-01-06 19:17:48.664 12950-12985 PacketProcessor         com.gap.droid                        D  processPacket 33\
2026-01-06 19:17:48.670 12950-13308 GossipSyncManager       com.gap.droid                        D  Sent sync announce: Type 1 from d609cd9429f593ed to d609cd9429f593ed packet id f6026a2fe6b97c9f83fb227f22bae0c0\
2026-01-06 19:17:48.673 12950-13308 GossipSyncManager       com.gap.droid                        D  Sent sync announce: Type 1 from 04f4812dfdeb3635 to d609cd9429f593ed packet id fa5e83b802cc399c07bde911171ea813\
2026-01-06 19:17:48.682 12950-13308 GossipSyncManager       com.gap.droid                        D  Sent sync announce: Type 1 from b233b2819085bf73 to d609cd9429f593ed packet id be494205108fdd1fe4f16ea2c349acd5\
2026-01-06 19:17:48.684 12950-13308 GossipSyncManager       com.gap.droid                        D  Sent sync announce: Type 1 from e5f62181a9a53bf9 to d609cd9429f593ed packet id ed359fff5bd72966a31b57c4598f5a51\
2026-01-06 19:17:48.692 12950-13308 GossipSyncManager       com.gap.droid                        D  Sent sync message: Type 2 to d609cd9429f593ed packet id 8449de1cf1d7bdc190c274e5b384e6f2\
2026-01-06 19:17:48.699 12950-13308 GossipSyncManager       com.gap.droid                        D  Sent sync message: Type 2 to d609cd9429f593ed packet id 9d02530ff8d12299e77c695bd65ba8e7\
2026-01-06 19:17:48.706 12950-13308 GossipSyncManager       com.gap.droid                        D  Sent sync message: Type 2 to d609cd9429f593ed packet id 43e72f0d94e444466d75e3c6b00585cf\
2026-01-06 19:17:48.713 12950-13308 GossipSyncManager       com.gap.droid                        D  Sent sync message: Type 2 to d609cd9429f593ed packet id f3fea899221362354bdfe2dba7621b3a\
2026-01-06 19:17:48.718 12950-13308 GossipSyncManager       com.gap.droid                        D  Sent sync message: Type 2 to d609cd9429f593ed packet id 8cddcbc31f2e98b729cf5570f6f40646\
2026-01-06 19:17:48.723 12950-13308 GossipSyncManager       com.gap.droid                        D  Sent sync message: Type 2 to d609cd9429f593ed packet id f535150858f9e0fc0e137897413a38fe\
2026-01-06 19:17:48.728 12950-13308 GossipSyncManager       com.gap.droid                        D  Sent sync message: Type 2 to d609cd9429f593ed packet id e26ad1b5adeec5d113e0940e688bedd2\
2026-01-06 19:17:48.729 12950-12985 BluetoothG...verManager com.gap.droid                        I  Server: Received packet from 5D:35:93:E2:B3:F3, size: 256 bytes\
2026-01-06 19:17:48.730 12950-12985 BluetoothG...verManager com.gap.droid                        D  Server: Parsed packet type 2 from 04f4812dfdeb3635\
2026-01-06 19:17:48.730 12950-12985 BluetoothC...ionManager com.gap.droid                        D  onPacketReceived: Packet received from 5D:35:93:E2:B3:F3 (04f4812dfdeb3635)\
2026-01-06 19:17:48.731 12950-12985 PacketProcessor         com.gap.droid                        D  processPacket 2\
2026-01-06 19:17:48.732 12950-12975 PacketProcessor         com.gap.droid                        D  \uc0\u55357 \u56550  Processing packet type 2 from 04f4812dfdeb3635 (anon9120) (serialized)\
2026-01-06 19:17:48.739 12950-13308 GossipSyncManager       com.gap.droid                        D  Sent sync message: Type 2 to d609cd9429f593ed packet id 3d39f3689f80df0619187e4f93abaa71\
2026-01-06 19:17:48.746 12950-13308 GossipSyncManager       com.gap.droid                        D  Sent sync message: Type 2 to d609cd9429f593ed packet id 4fc2916d2ff5e56897a05d7f124d2b48\
2026-01-06 19:17:48.749 12950-13308 GossipSyncManager       com.gap.droid                        D  Sent sync message: Type 2 to d609cd9429f593ed packet id 134ed81820195683d60d7166bc3eeead\
2026-01-06 19:17:48.750 12950-13308 GossipSyncManager       com.gap.droid                        D  Sent sync message: Type 2 to d609cd9429f593ed packet id f12395f7f9e3b9d10df553b70428f977\
2026-01-06 19:17:48.751 12950-13308 GossipSyncManager       com.gap.droid                        D  Sent sync message: Type 2 to d609cd9429f593ed packet id d2f3a607230038f49334b4efa5cd3813\
2026-01-06 19:17:48.751 12950-13308 GossipSyncManager       com.gap.droid                        D  Sent sync message: Type 2 to d609cd9429f593ed packet id da181d4f73a144f376ee649c9f523939\
2026-01-06 19:17:48.754 12950-13308 GossipSyncManager       com.gap.droid                        D  Sent sync message: Type 2 to d609cd9429f593ed packet id cac51e7acbc0196f072de62596dbd85a\
2026-01-06 19:17:48.760 12950-13308 GossipSyncManager       com.gap.droid                        D  Sent sync message: Type 2 to d609cd9429f593ed packet id a873b4602e84b09409204f87e8213cef\
2026-01-06 19:17:48.760 12950-13308 PacketRelayManager      com.gap.droid                        D  Evaluating relay for packet type 33 from d609cd9429f593ed (TTL: 0)\
2026-01-06 19:17:48.760 12950-13308 PacketRelayManager      com.gap.droid                        D  TTL expired, not relaying packet\
2026-01-06 19:17:48.760 12950-13308 PacketProcessor         com.gap.droid                        D  Completed packet type 33 from d609cd9429f593ed (anon6956)\
2026-01-06 19:17:48.761 12950-13308 PacketProcessor         com.gap.droid                        D  \uc0\u55357 \u56550  Processing packet type 33 from d609cd9429f593ed (anon6956) (serialized)\
2026-01-06 19:17:48.761 12950-13308 SecurityManager         com.gap.droid                        D  Packet validation passed for d609cd9429f593ed, messageID: 1767745068491-d609cd9429f593ed--724871996\
2026-01-06 19:17:48.761 12950-13308 PacketProcessor         com.gap.droid                        D  Processing packet type REQUEST_SYNC from d609cd9429f593ed (anon6956)\
2026-01-06 19:17:48.761 12950-13308 PacketProcessor         com.gap.droid                        D  Processing REQUEST_SYNC from d609cd9429f593ed (anon6956)\
2026-01-06 19:17:48.764 12950-13308 GossipSyncManager       com.gap.droid                        D  Sent sync announce: Type 1 from d609cd9429f593ed to d609cd9429f593ed packet id f6026a2fe6b97c9f83fb227f22bae0c0\
2026-01-06 19:17:48.768 12950-13308 GossipSyncManager       com.gap.droid                        D  Sent sync announce: Type 1 from 04f4812dfdeb3635 to d609cd9429f593ed packet id fa5e83b802cc399c07bde911171ea813\
2026-01-06 19:17:48.769 12950-13308 GossipSyncManager       com.gap.droid                        D  Sent sync announce: Type 1 from b233b2819085bf73 to d609cd9429f593ed packet id be494205108fdd1fe4f16ea2c349acd5\
2026-01-06 19:17:48.769 12950-13308 GossipSyncManager       com.gap.droid                        D  Sent sync announce: Type 1 from e5f62181a9a53bf9 to d609cd9429f593ed packet id ed359fff5bd72966a31b57c4598f5a51\
2026-01-06 19:17:48.770 12950-13308 GossipSyncManager       com.gap.droid                        D  Sent sync message: Type 2 to d609cd9429f593ed packet id 8449de1cf1d7bdc190c274e5b384e6f2\
2026-01-06 19:17:48.770 12950-13308 GossipSyncManager       com.gap.droid                        D  Sent sync message: Type 2 to d609cd9429f593ed packet id 9d02530ff8d12299e77c695bd65ba8e7\
2026-01-06 19:17:48.774 12950-12975 EncryptionService       com.gap.droid                        D  \uc0\u9989  Ed25519 signature verification: true\
2026-01-06 19:17:48.774 12950-13308 GossipSyncManager       com.gap.droid                        D  Sent sync message: Type 2 to d609cd9429f593ed packet id 43e72f0d94e444466d75e3c6b00585cf\
2026-01-06 19:17:48.774 12950-12975 SecurityManager         com.gap.droid                        D  Packet validation passed for 04f4812dfdeb3635, messageID: 1767743425585-04f4812dfdeb3635-4597755\
2026-01-06 19:17:48.774 12950-12975 PacketProcessor         com.gap.droid                        D  Processing packet type MESSAGE from 04f4812dfdeb3635 (anon9120)\
2026-01-06 19:17:48.775 12950-12975 PacketProcessor         com.gap.droid                        D  Processing message from 04f4812dfdeb3635 (anon9120)\
2026-01-06 19:17:48.776 12950-12968 MessageHandler          com.gap.droid                        D  Received message from anon9120\
2026-01-06 19:17:48.777 12950-12968 PeerManager             com.gap.droid                        D  Updated peer: 04f4812dfdeb3635 (anon9120)\
2026-01-06 19:17:48.777 12950-12968 BitchatFilePacket       com.gap.droid                        D  \uc0\u55357 \u56580  Decoding 4 bytes\
2026-01-06 19:17:48.779 12950-13308 GossipSyncManager       com.gap.droid                        D  Sent sync message: Type 2 to d609cd9429f593ed packet id f3fea899221362354bdfe2dba7621b3a\
2026-01-06 19:17:48.780 12950-12975 PacketRelayManager      com.gap.droid                        D  Evaluating relay for packet type 2 from 04f4812dfdeb3635 (TTL: 0)\
2026-01-06 19:17:48.780 12950-12975 PacketRelayManager      com.gap.droid                        D  TTL expired, not relaying packet\
2026-01-06 19:17:48.780 12950-12975 PacketProcessor         com.gap.droid                        D  Completed packet type 2 from 04f4812dfdeb3635 (anon9120)\
2026-01-06 19:17:48.783 12950-13308 GossipSyncManager       com.gap.droid                        D  Sent sync message: Type 2 to d609cd9429f593ed packet id 8cddcbc31f2e98b729cf5570f6f40646\
2026-01-06 19:17:48.784 12950-13308 GossipSyncManager       com.gap.droid                        D  Sent sync message: Type 2 to d609cd9429f593ed packet id f535150858f9e0fc0e137897413a38fe\
2026-01-06 19:17:48.787 12950-13308 GossipSyncManager       com.gap.droid                        D  Sent sync message: Type 2 to d609cd9429f593ed packet id e26ad1b5adeec5d113e0940e688bedd2\
2026-01-06 19:17:48.787 12950-13308 GossipSyncManager       com.gap.droid                        D  Sent sync message: Type 2 to d609cd9429f593ed packet id 3d39f3689f80df0619187e4f93abaa71\
2026-01-06 19:17:48.789 12950-13308 GossipSyncManager       com.gap.droid                        D  Sent sync message: Type 2 to d609cd9429f593ed packet id 4fc2916d2ff5e56897a05d7f124d2b48\
2026-01-06 19:17:48.790 12950-13308 GossipSyncManager       com.gap.droid                        D  Sent sync message: Type 2 to d609cd9429f593ed packet id 134ed81820195683d60d7166bc3eeead\
2026-01-06 19:17:48.792 12950-13308 GossipSyncManager       com.gap.droid                        D  Sent sync message: Type 2 to d609cd9429f593ed packet id f12395f7f9e3b9d10df553b70428f977\
2026-01-06 19:17:48.793 12950-13308 GossipSyncManager       com.gap.droid                        D  Sent sync message: Type 2 to d609cd9429f593ed packet id d2f3a607230038f49334b4efa5cd3813\
2026-01-06 19:17:48.794 12950-13308 GossipSyncManager       com.gap.droid                        D  Sent sync message: Type 2 to d609cd9429f593ed packet id da181d4f73a144f376ee649c9f523939\
2026-01-06 19:17:48.799 12950-13308 GossipSyncManager       com.gap.droid                        D  Sent sync message: Type 2 to d609cd9429f593ed packet id cac51e7acbc0196f072de62596dbd85a\
2026-01-06 19:17:48.820 12950-13308 GossipSyncManager       com.gap.droid                        D  Sent sync message: Type 2 to d609cd9429f593ed packet id a873b4602e84b09409204f87e8213cef\
2026-01-06 19:17:48.820 12950-13308 PacketRelayManager      com.gap.droid                        D  Evaluating relay for packet type 33 from d609cd9429f593ed (TTL: 0)\
2026-01-06 19:17:48.820 12950-13308 PacketRelayManager      com.gap.droid                        D  TTL expired, not relaying packet\
2026-01-06 19:17:48.820 12950-13308 PacketProcessor         com.gap.droid                        D  Completed packet type 33 from d609cd9429f593ed (anon6956)\
2026-01-06 19:17:48.849 12950-12950 zygote64                com.gap.droid                        I  Deoptimizing float a.a.a(android.text.Layout, int, android.graphics.Paint) due to JIT inline cache\
2026-01-06 19:17:48.870 12950-12960 zygote64                com.gap.droid                        I  Background concurrent copying GC freed 159286(6MB) AllocSpace objects, 10(200KB) LOS objects, 53% free, 5MB/11MB, paused 1.734ms total 116.021ms\
2026-01-06 19:17:48.874 12950-12985 BluetoothG...verManager com.gap.droid                        I  Server: Received packet from 5D:35:93:E2:B3:F3, size: 256 bytes\
2026-01-06 19:17:48.874 12950-12985 BluetoothG...verManager com.gap.droid                        D  Server: Parsed packet type 2 from d609cd9429f593ed\
2026-01-06 19:17:48.874 12950-12985 BluetoothC...ionManager com.gap.droid                        D  onPacketReceived: Packet received from 5D:35:93:E2:B3:F3 (d609cd9429f593ed)\
2026-01-06 19:17:48.874 12950-12985 PacketProcessor         com.gap.droid                        D  processPacket 2\
2026-01-06 19:17:48.875 12950-13308 PacketProcessor         com.gap.droid                        D  \uc0\u55357 \u56550  Processing packet type 2 from d609cd9429f593ed (anon6956) (serialized)\
2026-01-06 19:17:48.877 12950-12958 MediaPlayer-JNI         com.gap.droid                        V  native_finalize\
2026-01-06 19:17:48.878 12950-12958 MediaPlayer-JNI         com.gap.droid                        V  release\
2026-01-06 19:17:48.890 12950-13308 EncryptionService       com.gap.droid                        D  \uc0\u9989  Ed25519 signature verification: true\
2026-01-06 19:17:48.890 12950-13308 SecurityManager         com.gap.droid                        D  Packet validation passed for d609cd9429f593ed, messageID: 1767741750732-d609cd9429f593ed-107463202\
2026-01-06 19:17:48.890 12950-13308 PacketProcessor         com.gap.droid                        D  Processing packet type MESSAGE from d609cd9429f593ed (anon6956)\
2026-01-06 19:17:48.890 12950-13308 PacketProcessor         com.gap.droid                        D  Processing message from d609cd9429f593ed (anon6956)\
2026-01-06 19:17:48.891 12950-13308 PacketRelayManager      com.gap.droid                        D  Evaluating relay for packet type 2 from d609cd9429f593ed (TTL: 0)\
2026-01-06 19:17:48.891 12950-13308 PacketRelayManager      com.gap.droid                        D  TTL expired, not relaying packet\
2026-01-06 19:17:48.891 12950-13308 PacketProcessor         com.gap.droid                        D  Completed packet type 2 from d609cd9429f593ed (anon6956)\
2026-01-06 19:17:48.891 12950-12978 MessageHandler          com.gap.droid                        D  Received message from anon6956\
2026-01-06 19:17:48.891 12950-12978 PeerManager             com.gap.droid                        D  Updated peer: d609cd9429f593ed (anon6956)\
2026-01-06 19:17:48.891 12950-12978 BitchatFilePacket       com.gap.droid                        D  \uc0\u55357 \u56580  Decoding 5 bytes\
2026-01-06 19:17:48.974 12950-12985 BluetoothG...verManager com.gap.droid                        I  Server: Received packet from 5D:35:93:E2:B3:F3, size: 256 bytes\
2026-01-06 19:17:48.976 12950-12985 BluetoothG...verManager com.gap.droid                        D  Server: Parsed packet type 2 from d609cd9429f593ed\
2026-01-06 19:17:48.976 12950-12985 BluetoothC...ionManager com.gap.droid                        D  onPacketReceived: Packet received from 5D:35:93:E2:B3:F3 (d609cd9429f593ed)\
2026-01-06 19:17:48.976 12950-12985 PacketProcessor         com.gap.droid                        D  processPacket 2\
2026-01-06 19:17:48.978 12950-12978 PacketProcessor         com.gap.droid                        D  \uc0\u55357 \u56550  Processing packet type 2 from d609cd9429f593ed (anon6956) (serialized)\
2026-01-06 19:17:49.025 12950-12978 EncryptionService       com.gap.droid                        D  \uc0\u9989  Ed25519 signature verification: true\
2026-01-06 19:17:49.025 12950-12978 SecurityManager         com.gap.droid                        D  Packet validation passed for d609cd9429f593ed, messageID: 1767743235027-d609cd9429f593ed-3180\
2026-01-06 19:17:49.025 12950-12978 PacketProcessor         com.gap.droid                        D  Processing packet type MESSAGE from d609cd9429f593ed (anon6956)\
2026-01-06 19:17:49.025 12950-12978 PacketProcessor         com.gap.droid                        D  Processing message from d609cd9429f593ed (anon6956)\
2026-01-06 19:17:49.026 12950-12968 MessageHandler          com.gap.droid                        D  Received message from anon6956\
2026-01-06 19:17:49.026 12950-12978 PacketRelayManager      com.gap.droid                        D  Evaluating relay for packet type 2 from d609cd9429f593ed (TTL: 0)\
2026-01-06 19:17:49.026 12950-12968 PeerManager             com.gap.droid                        D  Updated peer: d609cd9429f593ed (anon6956)\
2026-01-06 19:17:49.027 12950-12978 PacketRelayManager      com.gap.droid                        D  TTL expired, not relaying packet\
2026-01-06 19:17:49.027 12950-12978 PacketProcessor         com.gap.droid                        D  Completed packet type 2 from d609cd9429f593ed (anon6956)\
2026-01-06 19:17:49.027 12950-12968 BitchatFilePacket       com.gap.droid                        D  \uc0\u55357 \u56580  Decoding 2 bytes\
2026-01-06 19:17:49.118 12950-12985 BluetoothG...verManager com.gap.droid                        I  Server: Received packet from 5D:35:93:E2:B3:F3, size: 256 bytes\
2026-01-06 19:17:49.119 12950-12985 BluetoothG...verManager com.gap.droid                        D  Server: Parsed packet type 2 from e5f62181a9a53bf9\
2026-01-06 19:17:49.119 12950-12985 BluetoothC...ionManager com.gap.droid                        D  onPacketReceived: Packet received from 5D:35:93:E2:B3:F3 (e5f62181a9a53bf9)\
2026-01-06 19:17:49.119 12950-12985 PacketProcessor         com.gap.droid                        D  processPacket 2\
2026-01-06 19:17:49.120 12950-12968 PacketProcessor         com.gap.droid                        D  \uc0\u55357 \u56550  Processing packet type 2 from e5f62181a9a53bf9 (anon8764) (serialized)\
2026-01-06 19:17:49.137 12950-12968 EncryptionService       com.gap.droid                        D  \uc0\u9989  Ed25519 signature verification: true\
2026-01-06 19:17:49.137 12950-12968 SecurityManager         com.gap.droid                        D  Packet validation passed for e5f62181a9a53bf9, messageID: 1767743262461-e5f62181a9a53bf9-3298\
2026-01-06 19:17:49.137 12950-12968 PacketProcessor         com.gap.droid                        D  Processing packet type MESSAGE from e5f62181a9a53bf9 (anon8764)\
2026-01-06 19:17:49.138 12950-12968 PacketProcessor         com.gap.droid                        D  Processing message from e5f62181a9a53bf9 (anon8764)\
2026-01-06 19:17:49.138 12950-12978 MessageHandler          com.gap.droid                        D  Received message from anon8764\
2026-01-06 19:17:49.138 12950-12978 PeerManager             com.gap.droid                        D  Updated peer: e5f62181a9a53bf9 (anon8764)\
2026-01-06 19:17:49.138 12950-12978 BitchatFilePacket       com.gap.droid                        D  \uc0\u55357 \u56580  Decoding 2 bytes\
2026-01-06 19:17:49.138 12950-12968 PacketRelayManager      com.gap.droid                        D  Evaluating relay for packet type 2 from e5f62181a9a53bf9 (TTL: 0)\
2026-01-06 19:17:49.138 12950-12968 PacketRelayManager      com.gap.droid                        D  TTL expired, not relaying packet\
2026-01-06 19:17:49.138 12950-12968 PacketProcessor         com.gap.droid                        D  Completed packet type 2 from e5f62181a9a53bf9 (anon8764)\
2026-01-06 19:17:49.264 12950-12985 BluetoothG...verManager com.gap.droid                        I  Server: Received packet from 5D:35:93:E2:B3:F3, size: 256 bytes\
2026-01-06 19:17:49.265 12950-12985 BluetoothG...verManager com.gap.droid                        D  Server: Parsed packet type 2 from e5f62181a9a53bf9\
2026-01-06 19:17:49.265 12950-12985 BluetoothC...ionManager com.gap.droid                        D  onPacketReceived: Packet received from 5D:35:93:E2:B3:F3 (e5f62181a9a53bf9)\
2026-01-06 19:17:49.265 12950-12985 PacketProcessor         com.gap.droid                        D  processPacket 2\
2026-01-06 19:17:49.267 12950-12978 PacketProcessor         com.gap.droid                        D  \uc0\u55357 \u56550  Processing packet type 2 from e5f62181a9a53bf9 (anon8764) (serialized)\
2026-01-06 19:17:49.281 12950-12978 EncryptionService       com.gap.droid                        D  \uc0\u9989  Ed25519 signature verification: true\
2026-01-06 19:17:49.281 12950-12978 SecurityManager         com.gap.droid                        D  Packet validation passed for e5f62181a9a53bf9, messageID: 1767743346716-e5f62181a9a53bf9-3111\
2026-01-06 19:17:49.281 12950-12978 PacketProcessor         com.gap.droid                        D  Processing packet type MESSAGE from e5f62181a9a53bf9 (anon8764)\
2026-01-06 19:17:49.281 12950-12978 PacketProcessor         com.gap.droid                        D  Processing message from e5f62181a9a53bf9 (anon8764)\
2026-01-06 19:17:49.282 12950-12978 PacketRelayManager      com.gap.droid                        D  Evaluating relay for packet type 2 from e5f62181a9a53bf9 (TTL: 0)\
2026-01-06 19:17:49.282 12950-12975 MessageHandler          com.gap.droid                        D  Received message from anon8764\
2026-01-06 19:17:49.282 12950-12978 PacketRelayManager      com.gap.droid                        D  TTL expired, not relaying packet\
2026-01-06 19:17:49.282 12950-12978 PacketProcessor         com.gap.droid                        D  Completed packet type 2 from e5f62181a9a53bf9 (anon8764)\
2026-01-06 19:17:49.282 12950-12975 PeerManager             com.gap.droid                        D  Updated peer: e5f62181a9a53bf9 (anon8764)\
2026-01-06 19:17:49.282 12950-12975 BitchatFilePacket       com.gap.droid                        D  \uc0\u55357 \u56580  Decoding 2 bytes\
2026-01-06 19:17:49.364 12950-12985 BluetoothG...verManager com.gap.droid                        I  Server: Received packet from 5D:35:93:E2:B3:F3, size: 256 bytes\
2026-01-06 19:17:49.364 12950-12985 BluetoothG...verManager com.gap.droid                        D  Server: Parsed packet type 2 from d609cd9429f593ed\
2026-01-06 19:17:49.364 12950-12985 BluetoothC...ionManager com.gap.droid                        D  onPacketReceived: Packet received from 5D:35:93:E2:B3:F3 (d609cd9429f593ed)\
2026-01-06 19:17:49.365 12950-12985 PacketProcessor         com.gap.droid                        D  processPacket 2\
2026-01-06 19:17:49.365 12950-12975 PacketProcessor         com.gap.droid                        D  \uc0\u55357 \u56550  Processing packet type 2 from d609cd9429f593ed (anon6956) (serialized)\
2026-01-06 19:17:49.391 12950-12975 EncryptionService       com.gap.droid                        D  \uc0\u9989  Ed25519 signature verification: true\
2026-01-06 19:17:49.391 12950-12975 SecurityManager         com.gap.droid                        D  Packet validation passed for d609cd9429f593ed, messageID: 1767743369044-d609cd9429f593ed-101319\
2026-01-06 19:17:49.391 12950-12975 PacketProcessor         com.gap.droid                        D  Processing packet type MESSAGE from d609cd9429f593ed (anon6956)\
2026-01-06 19:17:49.391 12950-12975 PacketProcessor         com.gap.droid                        D  Processing message from d609cd9429f593ed (anon6956)\
2026-01-06 19:17:49.392 12950-12978 MessageHandler          com.gap.droid                        D  Received message from anon6956\
2026-01-06 19:17:49.392 12950-12975 PacketRelayManager      com.gap.droid                        D  Evaluating relay for packet type 2 from d609cd9429f593ed (TTL: 0)\
2026-01-06 19:17:49.392 12950-12975 PacketRelayManager      com.gap.droid                        D  TTL expired, not relaying packet\
2026-01-06 19:17:49.392 12950-12975 PacketProcessor         com.gap.droid                        D  Completed packet type 2 from d609cd9429f593ed (anon6956)\
2026-01-06 19:17:49.392 12950-12978 PeerManager             com.gap.droid                        D  Updated peer: d609cd9429f593ed (anon6956)\
2026-01-06 19:17:49.393 12950-12978 BitchatFilePacket       com.gap.droid                        D  \uc0\u55357 \u56580  Decoding 3 bytes\
2026-01-06 19:17:49.460 12950-12985 BluetoothG...verManager com.gap.droid                        I  Server: Received packet from 5D:35:93:E2:B3:F3, size: 256 bytes\
2026-01-06 19:17:49.461 12950-12985 BluetoothG...verManager com.gap.droid                        D  Server: Parsed packet type 2 from e5f62181a9a53bf9\
2026-01-06 19:17:49.461 12950-12985 BluetoothC...ionManager com.gap.droid                        D  onPacketReceived: Packet received from 5D:35:93:E2:B3:F3 (e5f62181a9a53bf9)\
2026-01-06 19:17:49.462 12950-12985 PacketProcessor         com.gap.droid                        D  processPacket 2\
2026-01-06 19:17:49.468 12950-13308 PacketProcessor         com.gap.droid                        D  \uc0\u55357 \u56550  Processing packet type 2 from e5f62181a9a53bf9 (anon8764) (serialized)\
2026-01-06 19:17:49.486 12950-13308 EncryptionService       com.gap.droid                        D  \uc0\u9989  Ed25519 signature verification: true\
2026-01-06 19:17:49.486 12950-13308 SecurityManager         com.gap.droid                        D  Packet validation passed for e5f62181a9a53bf9, messageID: 1767743395194-e5f62181a9a53bf9-3139968\
2026-01-06 19:17:49.486 12950-13308 PacketProcessor         com.gap.droid                        D  Processing packet type MESSAGE from e5f62181a9a53bf9 (anon8764)\
2026-01-06 19:17:49.486 12950-13308 PacketProcessor         com.gap.droid                        D  Processing message from e5f62181a9a53bf9 (anon8764)\
2026-01-06 19:17:49.486 12950-12975 MessageHandler          com.gap.droid                        D  Received message from anon8764\
2026-01-06 19:17:49.487 12950-12975 PeerManager             com.gap.droid                        D  Updated peer: e5f62181a9a53bf9 (anon8764)\
2026-01-06 19:17:49.487 12950-12975 BitchatFilePacket       com.gap.droid                        D  \uc0\u55357 \u56580  Decoding 4 bytes\
2026-01-06 19:17:49.487 12950-13308 PacketRelayManager      com.gap.droid                        D  Evaluating relay for packet type 2 from e5f62181a9a53bf9 (TTL: 0)\
2026-01-06 19:17:49.487 12950-13308 PacketRelayManager      com.gap.droid                        D  TTL expired, not relaying packet\
2026-01-06 19:17:49.487 12950-13308 PacketProcessor         com.gap.droid                        D  Completed packet type 2 from e5f62181a9a53bf9 (anon8764)\
2026-01-06 19:17:49.654 12950-12985 BluetoothG...verManager com.gap.droid                        I  Server: Received packet from 5D:35:93:E2:B3:F3, size: 256 bytes\
2026-01-06 19:17:49.655 12950-12985 BluetoothG...verManager com.gap.droid                        D  Server: Parsed packet type 2 from e5f62181a9a53bf9\
2026-01-06 19:17:49.655 12950-12985 BluetoothC...ionManager com.gap.droid                        D  onPacketReceived: Packet received from 5D:35:93:E2:B3:F3 (e5f62181a9a53bf9)\
2026-01-06 19:17:49.655 12950-12985 PacketProcessor         com.gap.droid                        D  processPacket 2\
2026-01-06 19:17:49.656 12950-12975 PacketProcessor         com.gap.droid                        D  \uc0\u55357 \u56550  Processing packet type 2 from e5f62181a9a53bf9 (anon8764) (serialized)\
2026-01-06 19:17:49.671 12950-12975 EncryptionService       com.gap.droid                        D  \uc0\u9989  Ed25519 signature verification: true\
2026-01-06 19:17:49.671 12950-12975 SecurityManager         com.gap.droid                        D  Packet validation passed for e5f62181a9a53bf9, messageID: 1767744359140-e5f62181a9a53bf9-102235\
2026-01-06 19:17:49.672 12950-12975 PacketProcessor         com.gap.droid                        D  Processing packet type MESSAGE from e5f62181a9a53bf9 (anon8764)\
2026-01-06 19:17:49.672 12950-12975 PacketProcessor         com.gap.droid                        D  Processing message from e5f62181a9a53bf9 (anon8764)\
2026-01-06 19:17:49.672 12950-13308 MessageHandler          com.gap.droid                        D  Received message from anon8764\
2026-01-06 19:17:49.672 12950-13308 PeerManager             com.gap.droid                        D  Updated peer: e5f62181a9a53bf9 (anon8764)\
2026-01-06 19:17:49.672 12950-13308 BitchatFilePacket       com.gap.droid                        D  \uc0\u55357 \u56580  Decoding 3 bytes\
2026-01-06 19:17:49.672 12950-12975 PacketRelayManager      com.gap.droid                        D  Evaluating relay for packet type 2 from e5f62181a9a53bf9 (TTL: 0)\
2026-01-06 19:17:49.672 12950-12975 PacketRelayManager      com.gap.droid                        D  TTL expired, not relaying packet\
2026-01-06 19:17:49.672 12950-12975 PacketProcessor         com.gap.droid                        D  Completed packet type 2 from e5f62181a9a53bf9 (anon8764)\
2026-01-06 19:17:49.802 12950-12985 BluetoothG...verManager com.gap.droid                        I  Server: Received packet from 5D:35:93:E2:B3:F3, size: 256 bytes\
2026-01-06 19:17:49.803 12950-12985 BluetoothG...verManager com.gap.droid                        D  Server: Parsed packet type 1 from d609cd9429f593ed\
2026-01-06 19:17:49.803 12950-12985 BluetoothC...ionManager com.gap.droid                        D  onPacketReceived: Packet received from 5D:35:93:E2:B3:F3 (d609cd9429f593ed)\
2026-01-06 19:17:49.803 12950-12985 PacketProcessor         com.gap.droid                        D  processPacket 1\
2026-01-06 19:17:49.805 12950-12975 PacketProcessor         com.gap.droid                        D  \uc0\u55357 \u56550  Processing packet type 1 from d609cd9429f593ed (anon6956) (serialized)\
2026-01-06 19:17:49.805 12950-12975 SecurityManager         com.gap.droid                        D  Dropping duplicate packet: 1767745057718-d609cd9429f593ed-394789133\
2026-01-06 19:17:49.805 12950-12975 PacketProcessor         com.gap.droid                        D  Packet failed security validation from d609cd9429f593ed (anon6956)\
2026-01-06 19:17:49.805 12950-12975 PacketProcessor         com.gap.droid                        D  Completed packet type 1 from d609cd9429f593ed (anon6956)\
2026-01-06 19:17:49.900 12950-12985 BluetoothG...verManager com.gap.droid                        I  Server: Received packet from 5D:35:93:E2:B3:F3, size: 256 bytes\
2026-01-06 19:17:49.902 12950-12985 BluetoothG...verManager com.gap.droid                        D  Server: Parsed packet type 1 from 04f4812dfdeb3635\
2026-01-06 19:17:49.902 12950-12985 BluetoothC...ionManager com.gap.droid                        D  onPacketReceived: Packet received from 5D:35:93:E2:B3:F3 (04f4812dfdeb3635)\
2026-01-06 19:17:49.902 12950-12985 PacketProcessor         com.gap.droid                        D  processPacket 1\
2026-01-06 19:17:49.904 12950-12975 PacketProcessor         com.gap.droid                        D  \uc0\u55357 \u56550  Processing packet type 1 from 04f4812dfdeb3635 (anon9120) (serialized)\
2026-01-06 19:17:49.905 12950-12975 SecurityManager         com.gap.droid                        D  Dropping duplicate packet: 1767745050839-04f4812dfdeb3635-272905753\
2026-01-06 19:17:49.905 12950-12975 PacketProcessor         com.gap.droid                        D  Packet failed security validation from 04f4812dfdeb3635 (anon9120)\
2026-01-06 19:17:49.905 12950-12975 PacketProcessor         com.gap.droid                        D  Completed packet type 1 from 04f4812dfdeb3635 (anon9120)\
2026-01-06 19:17:50.047 12950-12985 BluetoothG...verManager com.gap.droid                        I  Server: Received packet from 5D:35:93:E2:B3:F3, size: 256 bytes\
2026-01-06 19:17:50.051 12950-12985 BluetoothG...verManager com.gap.droid                        D  Server: Parsed packet type 1 from e5f62181a9a53bf9\
2026-01-06 19:17:50.052 12950-12985 BluetoothC...ionManager com.gap.droid                        D  onPacketReceived: Packet received from 5D:35:93:E2:B3:F3 (e5f62181a9a53bf9)\
2026-01-06 19:17:50.053 12950-12985 PacketProcessor         com.gap.droid                        D  processPacket 1\
2026-01-06 19:17:50.057 12950-12975 PacketProcessor         com.gap.droid                        D  \uc0\u55357 \u56550  Processing packet type 1 from e5f62181a9a53bf9 (anon8764) (serialized)\
2026-01-06 19:17:50.057 12950-12975 SecurityManager         com.gap.droid                        D  Dropping duplicate packet: 1767745020103-e5f62181a9a53bf9-1159125072\
2026-01-06 19:17:50.057 12950-12975 PacketProcessor         com.gap.droid                        D  Packet failed security validation from e5f62181a9a53bf9 (anon8764)\
2026-01-06 19:17:50.058 12950-12975 PacketProcessor         com.gap.droid                        D  Completed packet type 1 from e5f62181a9a53bf9 (anon8764)\
2026-01-06 19:17:50.143 12950-12985 BluetoothG...verManager com.gap.droid                        I  Server: Received packet from 5D:35:93:E2:B3:F3, size: 256 bytes\
2026-01-06 19:17:50.145 12950-12985 BluetoothG...verManager com.gap.droid                        D  Server: Parsed packet type 1 from b233b2819085bf73\
2026-01-06 19:17:50.145 12950-12985 BluetoothC...ionManager com.gap.droid                        D  onPacketReceived: Packet received from 5D:35:93:E2:B3:F3 (b233b2819085bf73)\
2026-01-06 19:17:50.241 12950-12985 BluetoothG...verManager com.gap.droid                        I  Server: Received packet from 5D:35:93:E2:B3:F3, size: 256 bytes\
2026-01-06 19:17:50.244 12950-12985 BluetoothG...verManager com.gap.droid                        D  Server: Parsed packet type 2 from 04f4812dfdeb3635\
2026-01-06 19:17:50.244 12950-12985 BluetoothC...ionManager com.gap.droid                        D  onPacketReceived: Packet received from 5D:35:93:E2:B3:F3 (04f4812dfdeb3635)\
2026-01-06 19:17:50.245 12950-12985 PacketProcessor         com.gap.droid                        D  processPacket 2\
2026-01-06 19:17:50.247 12950-12968 PacketProcessor         com.gap.droid                        D  \uc0\u55357 \u56550  Processing packet type 2 from 04f4812dfdeb3635 (anon9120) (serialized)\
2026-01-06 19:17:50.288 12950-12968 EncryptionService       com.gap.droid                        D  \uc0\u9989  Ed25519 signature verification: true\
2026-01-06 19:17:50.288 12950-12968 SecurityManager         com.gap.droid                        D  Packet validation passed for 04f4812dfdeb3635, messageID: 1767743398970-04f4812dfdeb3635-131077\
2026-01-06 19:17:50.288 12950-12968 PacketProcessor         com.gap.droid                        D  Processing packet type MESSAGE from 04f4812dfdeb3635 (anon9120)\
2026-01-06 19:17:50.288 12950-12968 PacketProcessor         com.gap.droid                        D  Processing message from 04f4812dfdeb3635 (anon9120)\
2026-01-06 19:17:50.290 12950-13308 MessageHandler          com.gap.droid                        D  Received message from anon9120\
2026-01-06 19:17:50.290 12950-12968 PacketRelayManager      com.gap.droid                        D  Evaluating relay for packet type 2 from 04f4812dfdeb3635 (TTL: 0)\
2026-01-06 19:17:50.290 12950-12968 PacketRelayManager      com.gap.droid                        D  TTL expired, not relaying packet\
2026-01-06 19:17:50.291 12950-12968 PacketProcessor         com.gap.droid                        D  Completed packet type 2 from 04f4812dfdeb3635 (anon9120)\
2026-01-06 19:17:50.291 12950-13308 PeerManager             com.gap.droid                        D  Updated peer: 04f4812dfdeb3635 (anon9120)\
2026-01-06 19:17:50.291 12950-13308 BitchatFilePacket       com.gap.droid                        D  \uc0\u55357 \u56580  Decoding 3 bytes\
2026-01-06 19:17:50.338 12950-12985 BluetoothG...verManager com.gap.droid                        I  Server: Received packet from 5D:35:93:E2:B3:F3, size: 256 bytes\
2026-01-06 19:17:50.340 12950-12985 BluetoothG...verManager com.gap.droid                        D  Server: Parsed packet type 2 from 04f4812dfdeb3635\
2026-01-06 19:17:50.340 12950-12985 BluetoothC...ionManager com.gap.droid                        D  onPacketReceived: Packet received from 5D:35:93:E2:B3:F3 (04f4812dfdeb3635)\
2026-01-06 19:17:50.341 12950-12985 PacketProcessor         com.gap.droid                        D  processPacket 2\
2026-01-06 19:17:50.344 12950-13308 PacketProcessor         com.gap.droid                        D  \uc0\u55357 \u56550  Processing packet type 2 from 04f4812dfdeb3635 (anon9120) (serialized)\
2026-01-06 19:17:50.345 12950-13308 SecurityManager         com.gap.droid                        D  Dropping duplicate packet: 1767743425585-04f4812dfdeb3635-4597755\
2026-01-06 19:17:50.345 12950-13308 PacketProcessor         com.gap.droid                        D  Packet failed security validation from 04f4812dfdeb3635 (anon9120)\
2026-01-06 19:17:50.345 12950-13308 PacketProcessor         com.gap.droid                        D  Completed packet type 2 from 04f4812dfdeb3635 (anon9120)\
2026-01-06 19:17:50.536 12950-12985 BluetoothG...verManager com.gap.droid                        I  Server: Received packet from 5D:35:93:E2:B3:F3, size: 256 bytes\
2026-01-06 19:17:50.538 12950-12985 BluetoothG...verManager com.gap.droid                        D  Server: Parsed packet type 2 from d609cd9429f593ed\
2026-01-06 19:17:50.538 12950-12985 BluetoothC...ionManager com.gap.droid                        D  onPacketReceived: Packet received from 5D:35:93:E2:B3:F3 (d609cd9429f593ed)\
2026-01-06 19:17:50.539 12950-12985 PacketProcessor         com.gap.droid                        D  processPacket 2\
2026-01-06 19:17:50.541 12950-12975 PacketProcessor         com.gap.droid                        D  \uc0\u55357 \u56550  Processing packet type 2 from d609cd9429f593ed (anon6956) (serialized)\
2026-01-06 19:17:50.542 12950-12975 SecurityManager         com.gap.droid                        D  Dropping duplicate packet: 1767741750732-d609cd9429f593ed-107463202\
2026-01-06 19:17:50.542 12950-12975 PacketProcessor         com.gap.droid                        D  Packet failed security validation from d609cd9429f593ed (anon6956)\
2026-01-06 19:17:50.542 12950-12975 PacketProcessor         com.gap.droid                        D  Completed packet type 2 from d609cd9429f593ed (anon6956)\
2026-01-06 19:17:50.632 12950-12985 BluetoothG...verManager com.gap.droid                        I  Server: Received packet from 5D:35:93:E2:B3:F3, size: 256 bytes\
2026-01-06 19:17:50.633 12950-12985 BluetoothG...verManager com.gap.droid                        D  Server: Parsed packet type 2 from d609cd9429f593ed\
2026-01-06 19:17:50.633 12950-12985 BluetoothC...ionManager com.gap.droid                        D  onPacketReceived: Packet received from 5D:35:93:E2:B3:F3 (d609cd9429f593ed)\
2026-01-06 19:17:50.634 12950-12985 PacketProcessor         com.gap.droid                        D  processPacket 2\
2026-01-06 19:17:50.641 12950-12975 PacketProcessor         com.gap.droid                        D  \uc0\u55357 \u56550  Processing packet type 2 from d609cd9429f593ed (anon6956) (serialized)\
2026-01-06 19:17:50.647 12950-12975 SecurityManager         com.gap.droid                        D  Dropping duplicate packet: 1767743235027-d609cd9429f593ed-3180\
2026-01-06 19:17:50.648 12950-12975 PacketProcessor         com.gap.droid                        D  Packet failed security validation from d609cd9429f593ed (anon6956)\
2026-01-06 19:17:50.648 12950-12975 PacketProcessor         com.gap.droid                        D  Completed packet type 2 from d609cd9429f593ed (anon6956)\
2026-01-06 19:17:50.729 12950-12985 BluetoothG...verManager com.gap.droid                        I  Server: Received packet from 5D:35:93:E2:B3:F3, size: 256 bytes\
2026-01-06 19:17:50.731 12950-12985 BluetoothG...verManager com.gap.droid                        D  Server: Parsed packet type 2 from e5f62181a9a53bf9\
2026-01-06 19:17:50.731 12950-12985 BluetoothC...ionManager com.gap.droid                        D  onPacketReceived: Packet received from 5D:35:93:E2:B3:F3 (e5f62181a9a53bf9)\
2026-01-06 19:17:50.732 12950-12985 PacketProcessor         com.gap.droid                        D  processPacket 2\
2026-01-06 19:17:50.738 12950-13308 PacketProcessor         com.gap.droid                        D  \uc0\u55357 \u56550  Processing packet type 2 from e5f62181a9a53bf9 (anon8764) (serialized)\
2026-01-06 19:17:50.739 12950-13308 SecurityManager         com.gap.droid                        D  Dropping duplicate packet: 1767743262461-e5f62181a9a53bf9-3298\
2026-01-06 19:17:50.739 12950-13308 PacketProcessor         com.gap.droid                        D  Packet failed security validation from e5f62181a9a53bf9 (anon8764)\
2026-01-06 19:17:50.739 12950-13308 PacketProcessor         com.gap.droid                        D  Completed packet type 2 from e5f62181a9a53bf9 (anon8764)\
2026-01-06 19:17:50.875 12950-12985 BluetoothG...verManager com.gap.droid                        I  Server: Received packet from 5D:35:93:E2:B3:F3, size: 256 bytes\
2026-01-06 19:17:50.877 12950-12985 BluetoothG...verManager com.gap.droid                        D  Server: Parsed packet type 2 from e5f62181a9a53bf9\
2026-01-06 19:17:50.877 12950-12985 BluetoothC...ionManager com.gap.droid                        D  onPacketReceived: Packet received from 5D:35:93:E2:B3:F3 (e5f62181a9a53bf9)\
2026-01-06 19:17:50.878 12950-12985 PacketProcessor         com.gap.droid                        D  processPacket 2\
2026-01-06 19:17:50.882 12950-12978 PacketProcessor         com.gap.droid                        D  \uc0\u55357 \u56550  Processing packet type 2 from e5f62181a9a53bf9 (anon8764) (serialized)\
2026-01-06 19:17:50.882 12950-12978 SecurityManager         com.gap.droid                        D  Dropping duplicate packet: 1767743346716-e5f62181a9a53bf9-3111\
2026-01-06 19:17:50.883 12950-12978 PacketProcessor         com.gap.droid                        D  Packet failed security validation from e5f62181a9a53bf9 (anon8764)\
2026-01-06 19:17:50.883 12950-12978 PacketProcessor         com.gap.droid                        D  Completed packet type 2 from e5f62181a9a53bf9 (anon8764)\
2026-01-06 19:17:50.973 12950-12985 BluetoothG...verManager com.gap.droid                        I  Server: Received packet from 5D:35:93:E2:B3:F3, size: 256 bytes\
2026-01-06 19:17:50.974 12950-12985 BluetoothG...verManager com.gap.droid                        D  Server: Parsed packet type 2 from d609cd9429f593ed\
2026-01-06 19:17:50.975 12950-12985 BluetoothC...ionManager com.gap.droid                        D  onPacketReceived: Packet received from 5D:35:93:E2:B3:F3 (d609cd9429f593ed)\
2026-01-06 19:17:50.975 12950-12985 PacketProcessor         com.gap.droid                        D  processPacket 2\
