2026-01-06 02:27:40.817 23971-23993 PacketRelayManager      com.gap.droid                        D  Packet addressed to us, skipping relay\
2026-01-06 02:27:40.818 23971-23993 PacketProcessor         com.gap.droid                        D  Completed packet type 33 from 09846e8292f371d7 (anon8764)\
2026-01-06 02:27:41.405 23971-24011 BluetoothG...verManager com.gap.droid                        I  Server: Received packet from 67:4F:8D:CE:AD:3E, size: 314 bytes\
2026-01-06 02:27:41.406 23971-24011 BluetoothG...verManager com.gap.droid                        D  Server: Parsed packet type 33 from 09846e8292f371d7\
2026-01-06 02:27:41.406 23971-24011 BluetoothC...ionManager com.gap.droid                        D  onPacketReceived: Packet received from 67:4F:8D:CE:AD:3E (09846e8292f371d7)\
2026-01-06 02:27:41.407 23971-24011 PacketProcessor         com.gap.droid                        D  processPacket 33\
2026-01-06 02:27:41.409 23971-23992 PacketProcessor         com.gap.droid                        D  \uc0\u55357 \u56550  Processing packet type 33 from 09846e8292f371d7 (anon8764) (serialized)\
2026-01-06 02:27:41.410 23971-23992 SecurityManager         com.gap.droid                        D  Packet validation passed for 09846e8292f371d7, messageID: 1767684461459-09846e8292f371d7-2137021324\
2026-01-06 02:27:41.410 23971-23992 PacketProcessor         com.gap.droid                        D  Processing packet type REQUEST_SYNC from 09846e8292f371d7 (anon8764)\
2026-01-06 02:27:41.410 23971-23992 PacketProcessor         com.gap.droid                        D  Processing REQUEST_SYNC from 09846e8292f371d7 (anon8764)\
2026-01-06 02:27:41.417 23971-23992 GossipSyncManager       com.gap.droid                        D  Sent sync announce: Type 1 from 04f4812dfdeb3635 to 09846e8292f371d7 packet id 7b44de0b9970a4c6a4edf19f9777a23a\
2026-01-06 02:27:41.424 23971-23992 GossipSyncManager       com.gap.droid                        D  Sent sync announce: Type 1 from 09846e8292f371d7 to 09846e8292f371d7 packet id 6ceb5aff7cfbdfd84dc9ae6ac27d93a3\
2026-01-06 02:27:41.430 23971-23992 GossipSyncManager       com.gap.droid                        D  Sent sync message: Type 2 to 09846e8292f371d7 packet id 9bdd2a48a4784a2bc3dd885fdfb11601\
2026-01-06 02:27:41.436 23971-23992 GossipSyncManager       com.gap.droid                        D  Sent sync message: Type 2 to 09846e8292f371d7 packet id 69afa7b8521068cc7a91553ef60f7ccd\
2026-01-06 02:27:41.442 23971-23992 GossipSyncManager       com.gap.droid                        D  Sent sync message: Type 2 to 09846e8292f371d7 packet id 300b5f36518cdbdaf7b062f18646d134\
2026-01-06 02:27:41.447 23971-23992 GossipSyncManager       com.gap.droid                        D  Sent sync message: Type 2 to 09846e8292f371d7 packet id fb0dc95eb1128ac1038657c2978ba518\
2026-01-06 02:27:41.452 23971-23992 GossipSyncManager       com.gap.droid                        D  Sent sync message: Type 2 to 09846e8292f371d7 packet id 45652ad6ae8655c1909c3e71ca440cf2\
2026-01-06 02:27:41.452 23971-23992 PacketRelayManager      com.gap.droid                        D  Evaluating relay for packet type 33 from 09846e8292f371d7 (TTL: 0)\
2026-01-06 02:27:41.452 23971-23992 PacketRelayManager      com.gap.droid                        D  Packet addressed to us, skipping relay\
2026-01-06 02:27:41.452 23971-23992 PacketProcessor         com.gap.droid                        D  Completed packet type 33 from 09846e8292f371d7 (anon8764)\
2026-01-06 02:27:41.827 23971-24011 BluetoothG...verManager com.gap.droid                        I  Server: Received packet from 67:4F:8D:CE:AD:3E, size: 114 bytes\
2026-01-06 02:27:41.828 23971-24011 BluetoothG...verManager com.gap.droid                        D  Server: Parsed packet type 33 from 09846e8292f371d7\
2026-01-06 02:27:41.828 23971-24011 BluetoothC...ionManager com.gap.droid                        D  onPacketReceived: Packet received from 67:4F:8D:CE:AD:3E (09846e8292f371d7)\
2026-01-06 02:27:41.829 23971-24011 PacketProcessor         com.gap.droid                        D  processPacket 33\
2026-01-06 02:27:41.832 23971-24002 PacketProcessor         com.gap.droid                        D  \uc0\u55357 \u56550  Processing packet type 33 from 09846e8292f371d7 (anon8764) (serialized)\
2026-01-06 02:27:41.832 23971-24002 SecurityManager         com.gap.droid                        D  Packet validation passed for 09846e8292f371d7, messageID: 1767684461919-09846e8292f371d7--891022103\
2026-01-06 02:27:41.832 23971-24002 PacketProcessor         com.gap.droid                        D  Processing packet type REQUEST_SYNC from 09846e8292f371d7 (anon8764)\
2026-01-06 02:27:41.832 23971-24002 PacketProcessor         com.gap.droid                        D  Processing REQUEST_SYNC from 09846e8292f371d7 (anon8764)\
2026-01-06 02:27:41.837 23971-24002 GossipSyncManager       com.gap.droid                        D  Sent sync announce: Type 1 from 04f4812dfdeb3635 to 09846e8292f371d7 packet id 7b44de0b9970a4c6a4edf19f9777a23a\
2026-01-06 02:27:41.843 23971-24002 GossipSyncManager       com.gap.droid                        D  Sent sync announce: Type 1 from 09846e8292f371d7 to 09846e8292f371d7 packet id 6ceb5aff7cfbdfd84dc9ae6ac27d93a3\
2026-01-06 02:27:41.849 23971-24002 GossipSyncManager       com.gap.droid                        D  Sent sync message: Type 2 to 09846e8292f371d7 packet id 9bdd2a48a4784a2bc3dd885fdfb11601\
2026-01-06 02:27:41.855 23971-24002 GossipSyncManager       com.gap.droid                        D  Sent sync message: Type 2 to 09846e8292f371d7 packet id 69afa7b8521068cc7a91553ef60f7ccd\
2026-01-06 02:27:41.861 23971-24002 GossipSyncManager       com.gap.droid                        D  Sent sync message: Type 2 to 09846e8292f371d7 packet id 300b5f36518cdbdaf7b062f18646d134\
2026-01-06 02:27:41.865 23971-24002 GossipSyncManager       com.gap.droid                        D  Sent sync message: Type 2 to 09846e8292f371d7 packet id fb0dc95eb1128ac1038657c2978ba518\
2026-01-06 02:27:41.868 23971-24002 GossipSyncManager       com.gap.droid                        D  Sent sync message: Type 2 to 09846e8292f371d7 packet id 45652ad6ae8655c1909c3e71ca440cf2\
2026-01-06 02:27:41.869 23971-24002 PacketRelayManager      com.gap.droid                        D  Evaluating relay for packet type 33 from 09846e8292f371d7 (TTL: 0)\
2026-01-06 02:27:41.869 23971-24002 PacketRelayManager      com.gap.droid                        D  Packet addressed to us, skipping relay\
2026-01-06 02:27:41.869 23971-24002 PacketProcessor         com.gap.droid                        D  Completed packet type 33 from 09846e8292f371d7 (anon8764)\
2026-01-06 02:27:42.792 23971-24002 FragmentManager         com.gap.droid                        D  Cleaned up 1 old fragment sets (iOS compatible)\
2026-01-06 02:27:51.963 23971-23971 ColorViewRootUtil       com.gap.droid                        D  nav bar mode ignore false downX 511 downY 144 mScreenHeight 1600 mScreenWidth 720 mStatusBarHeight 36 globalScale 1.125 nav mode 0 rotation 0 event MotionEvent \{ action=ACTION_DOWN, actionButton=0, id[0]=0, x[0]=511.0, y[0]=144.0, toolType[0]=TOOL_TYPE_FINGER, buttonState=0, classification=NONE, metaState=0, flags=0x0, edgeFlags=0x0, pointerCount=1, historySize=0, eventTime=23289306, downTime=23289306, deviceId=3, source=0x1002, displayId=0 \}\
2026-01-06 02:27:52.129 23971-23971 ColorViewRootUtil       com.gap.droid                        D  initSwipState, isDisplayCompatApp false\
2026-01-06 02:27:52.131 23971-23971 ColorViewRootUtil       com.gap.droid                        D  updateScreenSize, mScreenHeight 1600,mScreenWidth:720,height:1600,width:720\
2026-01-06 02:27:52.133 23971-23971 WindowManager           com.gap.droid                        D  Add to mViews: DecorView@46503d[MainActivity], this = android.view.WindowManagerGlobal@d9a05de,pkg= com.gap.droid\
2026-01-06 02:27:52.138 23971-23971 ViewRootIm...nActivity] com.gap.droid                        D  hardware acceleration = true , fakeHwAccelerated = false, sRendererDisabled = false, forceHwAccelerated = false, sSystemRendererDisabled = false\
2026-01-06 02:27:52.154 23971-23971 InputTransport          com.gap.droid                        I  Create ARC handle: 0x7190c5bea0\
2026-01-06 02:27:52.345 23971-24066 Surface                 com.gap.droid                        D  Surface::connect(this=0x710e787000,api=1)\
2026-01-06 02:27:52.347 23971-24066 Surface                 com.gap.droid                        D  Surface::setBufferCount(this=0x710e787000,bufferCount=3)\
2026-01-06 02:27:52.347 23971-24066 Surface                 com.gap.droid                        D  Surface::allocateBuffers(this=0x710e787000)\
2026-01-06 02:27:52.381 23971-23971 Choreographer           com.gap.droid                        I  Skipped 17 frames!  The application may be doing too much work on its main thread.\
2026-01-06 02:27:52.387 23971-23971 LocationChannelManager  com.gap.droid                        D  Requesting one-shot location\
2026-01-06 02:27:52.399 23971-23971 LocationChannelManager  com.gap.droid                        D  Using last known location: 40.7574287, -73.9137897\
2026-01-06 02:27:52.400 23971-23971 LocationChannelManager  com.gap.droid                        D  Computing channels for location: 40.7574287, -73.9137897\
2026-01-06 02:27:52.401 23971-23971 LocationChannelManager  com.gap.droid                        V  Generated Building: dr5ry59t\
2026-01-06 02:27:52.401 23971-23971 LocationChannelManager  com.gap.droid                        V  Generated Block: dr5ry59\
2026-01-06 02:27:52.402 23971-23971 LocationChannelManager  com.gap.droid                        V  Generated Neighborhood: dr5ry5\
2026-01-06 02:27:52.402 23971-23971 LocationChannelManager  com.gap.droid                        V  Generated City: dr5ry\
2026-01-06 02:27:52.402 23971-23971 LocationChannelManager  com.gap.droid                        V  Generated Province: dr5r\
2026-01-06 02:27:52.402 23971-23971 LocationChannelManager  com.gap.droid                        V  Generated REGION: dr\
2026-01-06 02:27:52.404 23971-23971 LocationChannelManager  com.gap.droid                        D  Beginning live refresh (continuous updates)\
2026-01-06 02:27:52.404 23971-23993 LocationChannelManager  com.gap.droid                        D  Starting reverse geocoding\
2026-01-06 02:27:52.409 23971-23993 LocationChannelManager  com.gap.droid                        D  Reverse geocoding result: \{REGION=United States, PROVINCE=New York, CITY=Queens County, NEIGHBORHOOD=Queens, BLOCK=Queens\}\
2026-01-06 02:27:52.414 23971-23971 LocationChannelManager  com.gap.droid                        D  Registered continuous updates for gps\
2026-01-06 02:27:52.418 23971-23971 LocationChannelManager  com.gap.droid                        D  Registered continuous updates for network\
2026-01-06 02:27:52.418 23971-23971 LocationChannelManager  com.gap.droid                        D  Requesting one-shot location\
2026-01-06 02:27:52.427 23971-23971 LocationChannelManager  com.gap.droid                        D  Using last known location: 40.7574287, -73.9137897\
2026-01-06 02:27:52.427 23971-23971 LocationChannelManager  com.gap.droid                        D  Computing channels for location: 40.7574287, -73.9137897\
2026-01-06 02:27:52.427 23971-23971 LocationChannelManager  com.gap.droid                        V  Generated Building: dr5ry59t\
2026-01-06 02:27:52.427 23971-23971 LocationChannelManager  com.gap.droid                        V  Generated Block: dr5ry59\
2026-01-06 02:27:52.428 23971-23971 LocationChannelManager  com.gap.droid                        V  Generated Neighborhood: dr5ry5\
2026-01-06 02:27:52.428 23971-23971 LocationChannelManager  com.gap.droid                        V  Generated City: dr5ry\
2026-01-06 02:27:52.428 23971-23971 LocationChannelManager  com.gap.droid                        V  Generated Province: dr5r\
2026-01-06 02:27:52.428 23971-23971 LocationChannelManager  com.gap.droid                        V  Generated REGION: dr\
2026-01-06 02:27:52.430 23971-23993 LocationChannelManager  com.gap.droid                        D  Starting reverse geocoding\
2026-01-06 02:27:52.431 23971-23971 LocationChannelManager  com.gap.droid                        D  Requesting one-shot location\
2026-01-06 02:27:52.436 23971-23971 LocationChannelManager  com.gap.droid                        D  Using last known location: 40.757625, -73.913865\
2026-01-06 02:27:52.436 23971-23971 LocationChannelManager  com.gap.droid                        D  Computing channels for location: 40.757625, -73.913865\
2026-01-06 02:27:52.437 23971-23993 LocationChannelManager  com.gap.droid                        D  Reverse geocoding result: \{REGION=United States, PROVINCE=New York, CITY=Queens County, NEIGHBORHOOD=Queens, BLOCK=Queens\}\
2026-01-06 02:27:52.437 23971-23971 LocationChannelManager  com.gap.droid                        V  Generated Building: dr5ry59w\
2026-01-06 02:27:52.437 23971-23971 LocationChannelManager  com.gap.droid                        V  Generated Block: dr5ry59\
2026-01-06 02:27:52.437 23971-23971 LocationChannelManager  com.gap.droid                        V  Generated Neighborhood: dr5ry5\
2026-01-06 02:27:52.437 23971-23971 LocationChannelManager  com.gap.droid                        V  Generated City: dr5ry\
2026-01-06 02:27:52.438 23971-23971 LocationChannelManager  com.gap.droid                        V  Generated Province: dr5r\
2026-01-06 02:27:52.438 23971-23971 LocationChannelManager  com.gap.droid                        V  Generated REGION: dr\
2026-01-06 02:27:52.439 23971-23993 LocationChannelManager  com.gap.droid                        D  Starting reverse geocoding\
2026-01-06 02:27:52.440 23971-23971 LocationChannelManager  com.gap.droid                        D  Requesting one-shot location\
2026-01-06 02:27:52.444 23971-23993 LocationChannelManager  com.gap.droid                        D  Reverse geocoding result: \{REGION=United States, PROVINCE=New York, CITY=Queens County, NEIGHBORHOOD=Queens, BLOCK=Queens\}\
2026-01-06 02:27:52.446 23971-23971 LocationChannelManager  com.gap.droid                        D  Using last known location: 40.757625, -73.913865\
2026-01-06 02:27:52.446 23971-23971 LocationChannelManager  com.gap.droid                        D  Computing channels for location: 40.757625, -73.913865\
2026-01-06 02:27:52.447 23971-23971 LocationChannelManager  com.gap.droid                        V  Generated Building: dr5ry59w\
2026-01-06 02:27:52.447 23971-23971 LocationChannelManager  com.gap.droid                        V  Generated Block: dr5ry59\
2026-01-06 02:27:52.447 23971-23971 LocationChannelManager  com.gap.droid                        V  Generated Neighborhood: dr5ry5\
2026-01-06 02:27:52.447 23971-23971 LocationChannelManager  com.gap.droid                        V  Generated City: dr5ry\
2026-01-06 02:27:52.447 23971-23971 LocationChannelManager  com.gap.droid                        V  Generated Province: dr5r\
2026-01-06 02:27:52.447 23971-23971 LocationChannelManager  com.gap.droid                        V  Generated REGION: dr\
2026-01-06 02:27:52.449 23971-23993 LocationChannelManager  com.gap.droid                        D  Starting reverse geocoding\
2026-01-06 02:27:52.455 23971-23993 LocationChannelManager  com.gap.droid                        D  Reverse geocoding result: \{REGION=United States, PROVINCE=New York, CITY=Queens County, NEIGHBORHOOD=Queens, BLOCK=Queens\}\
2026-01-06 02:27:52.579 23971-23971 ColorViewRootUtil       com.gap.droid                        D  initSwipState, isDisplayCompatApp false\
2026-01-06 02:27:52.580 23971-23971 ColorViewRootUtil       com.gap.droid                        D  updateScreenSize, mScreenHeight 1600,mScreenWidth:720,height:1600,width:720\
2026-01-06 02:27:52.584 23971-23971 LocationChannelManager  com.gap.droid                        D  Real-time location: 40.7574287, -73.9137897 acc=100.0m\
2026-01-06 02:27:52.584 23971-23971 LocationChannelManager  com.gap.droid                        D  Computing channels for location: 40.7574287, -73.9137897\
2026-01-06 02:27:52.584 23971-23971 LocationChannelManager  com.gap.droid                        V  Generated Building: dr5ry59t\
2026-01-06 02:27:52.584 23971-23971 LocationChannelManager  com.gap.droid                        V  Generated Block: dr5ry59\
2026-01-06 02:27:52.584 23971-23971 LocationChannelManager  com.gap.droid                        V  Generated Neighborhood: dr5ry5\
2026-01-06 02:27:52.584 23971-23971 LocationChannelManager  com.gap.droid                        V  Generated City: dr5ry\
2026-01-06 02:27:52.584 23971-23971 LocationChannelManager  com.gap.droid                        V  Generated Province: dr5r\
2026-01-06 02:27:52.584 23971-23971 LocationChannelManager  com.gap.droid                        V  Generated REGION: dr\
2026-01-06 02:27:52.586 23971-23993 LocationChannelManager  com.gap.droid                        D  Starting reverse geocoding\
2026-01-06 02:27:52.590 23971-23993 LocationChannelManager  com.gap.droid                        D  Reverse geocoding result: \{REGION=United States, PROVINCE=New York, CITY=Queens County, NEIGHBORHOOD=Queens, BLOCK=Queens\}\
2026-01-06 02:27:52.591 23971-23971 LocationChannelManager  com.gap.droid                        D  Requesting one-shot location\
2026-01-06 02:27:52.595 23971-23971 LocationChannelManager  com.gap.droid                        D  Using last known location: 40.7574287, -73.9137897\
2026-01-06 02:27:52.595 23971-23971 LocationChannelManager  com.gap.droid                        D  Computing channels for location: 40.7574287, -73.9137897\
2026-01-06 02:27:52.596 23971-23971 LocationChannelManager  com.gap.droid                        V  Generated Building: dr5ry59t\
2026-01-06 02:27:52.596 23971-23971 LocationChannelManager  com.gap.droid                        V  Generated Block: dr5ry59\
2026-01-06 02:27:52.596 23971-23971 LocationChannelManager  com.gap.droid                        V  Generated Neighborhood: dr5ry5\
2026-01-06 02:27:52.596 23971-23971 LocationChannelManager  com.gap.droid                        V  Generated City: dr5ry\
2026-01-06 02:27:52.596 23971-23971 LocationChannelManager  com.gap.droid                        V  Generated Province: dr5r\
2026-01-06 02:27:52.596 23971-23971 LocationChannelManager  com.gap.droid                        V  Generated REGION: dr\
2026-01-06 02:27:52.597 23971-23971 LocationChannelManager  com.gap.droid                        D  Beginning live refresh (continuous updates)\
2026-01-06 02:27:52.597 23971-23993 LocationChannelManager  com.gap.droid                        D  Starting reverse geocoding\
2026-01-06 02:27:52.601 23971-23993 LocationChannelManager  com.gap.droid                        D  Reverse geocoding result: \{REGION=United States, PROVINCE=New York, CITY=Queens County, NEIGHBORHOOD=Queens, BLOCK=Queens\}\
2026-01-06 02:27:52.602 23971-23971 LocationChannelManager  com.gap.droid                        D  Registered continuous updates for gps\
2026-01-06 02:27:52.606 23971-23971 LocationChannelManager  com.gap.droid                        D  Registered continuous updates for network\
2026-01-06 02:27:52.606 23971-23971 LocationChannelManager  com.gap.droid                        D  Requesting one-shot location\
2026-01-06 02:27:52.613 23971-23971 LocationChannelManager  com.gap.droid                        D  Using last known location: 40.757625, -73.913865\
2026-01-06 02:27:52.613 23971-23971 LocationChannelManager  com.gap.droid                        D  Computing channels for location: 40.757625, -73.913865\
2026-01-06 02:27:52.614 23971-23971 LocationChannelManager  com.gap.droid                        V  Generated Building: dr5ry59w\
2026-01-06 02:27:52.614 23971-23971 LocationChannelManager  com.gap.droid                        V  Generated Block: dr5ry59\
2026-01-06 02:27:52.614 23971-23971 LocationChannelManager  com.gap.droid                        V  Generated Neighborhood: dr5ry5\
2026-01-06 02:27:52.614 23971-23971 LocationChannelManager  com.gap.droid                        V  Generated City: dr5ry\
2026-01-06 02:27:52.614 23971-23971 LocationChannelManager  com.gap.droid                        V  Generated Province: dr5r\
2026-01-06 02:27:52.614 23971-23971 LocationChannelManager  com.gap.droid                        V  Generated REGION: dr\
2026-01-06 02:27:52.615 23971-23993 LocationChannelManager  com.gap.droid                        D  Starting reverse geocoding\
2026-01-06 02:27:52.615 23971-23971 GeohashViewModel        com.gap.droid                        D  \uc0\u55356 \u57101  Beginning geohash sampling for 6 geohashes\
2026-01-06 02:27:52.619 23971-23993 LocationChannelManager  com.gap.droid                        D  Reverse geocoding result: \{REGION=United States, PROVINCE=New York, CITY=Queens County, NEIGHBORHOOD=Queens, BLOCK=Queens\}\
2026-01-06 02:27:52.643 23971-23971 NostrRelayManager       com.gap.droid                        I  \uc0\u55356 \u57104  Geohash dr5ry59w using 5 relays: wss://fanfares.nostr1.com, wss://cyberspace.nostr1.com, wss://vitor.nostr1.com, wss://relay.toastr.net, wss://relay.evanverma.com\
2026-01-06 02:27:52.644 23971-23971 NostrRelayManager       com.gap.droid                        D  \uc0\u55357 \u56545  Subscribing id=sampling-dr5ry59w for geohash=dr5ry59w on 5 relays\
2026-01-06 02:27:52.644 23971-23971 NostrRelayManager       com.gap.droid                        D  \uc0\u55357 \u56545  Subscribing to Nostr filter id=sampling-dr5ry59w NostrFilter(kinds=[20000], since=1767598072, limit=200, #g=1)\
2026-01-06 02:27:52.645 23971-23992 NostrRelayManager       com.gap.droid                        V  Attempting to connect to Nostr relay: wss://cyberspace.nostr1.com\
2026-01-06 02:27:52.645 23971-23971 NostrRelayManager       com.gap.droid                        V  \uc0\u55357 \u56589  DEBUG: Serialized subscription message: ["REQ","sampling-dr5ry59w",\{"kinds":[20000],"since":1767598072,"limit":200,"#g":["dr5ry59w"]\}]\
2026-01-06 02:27:52.645 23971-23991 NostrRelayManager       com.gap.droid                        V  Attempting to connect to Nostr relay: wss://vitor.nostr1.com\
2026-01-06 02:27:52.645 23971-24002 NostrRelayManager       com.gap.droid                        V  Attempting to connect to Nostr relay: wss://fanfares.nostr1.com\
2026-01-06 02:27:52.645 23971-23995 NostrRelayManager       com.gap.droid                        V  Attempting to connect to Nostr relay: wss://relay.toastr.net\
2026-01-06 02:27:52.646 23971-23993 NostrRelayManager       com.gap.droid                        V  \uc0\u9203  Relay wss://fanfares.nostr1.com not connected, subscription will be sent on reconnection\
2026-01-06 02:27:52.646 23971-23993 NostrRelayManager       com.gap.droid                        V  \uc0\u9203  Relay wss://cyberspace.nostr1.com not connected, subscription will be sent on reconnection\
2026-01-06 02:27:52.646 23971-23993 NostrRelayManager       com.gap.droid                        V  \uc0\u9203  Relay wss://vitor.nostr1.com not connected, subscription will be sent on reconnection\
2026-01-06 02:27:52.646 23971-23993 NostrRelayManager       com.gap.droid                        V  \uc0\u9203  Relay wss://relay.toastr.net not connected, subscription will be sent on reconnection\
2026-01-06 02:27:52.646 23971-23993 NostrRelayManager       com.gap.droid                        V  \uc0\u9203  Relay wss://relay.evanverma.com not connected, subscription will be sent on reconnection\
2026-01-06 02:27:52.649 23971-23997 NostrRelayManager       com.gap.droid                        V  Attempting to connect to Nostr relay: wss://relay.evanverma.com\
2026-01-06 02:27:52.654 23971-24318 System                  com.gap.droid                        W  ClassLoader referenced unknown path: system/framework/mediatek-cta.jar\
2026-01-06 02:27:52.656 23971-24316 System                  com.gap.droid                        W  ClassLoader referenced unknown path: system/framework/mediatek-cta.jar\
2026-01-06 02:27:52.657 23971-24317 System                  com.gap.droid                        W  ClassLoader referenced unknown path: system/framework/mediatek-cta.jar\
2026-01-06 02:27:52.657 23971-24196 ArtiNative              com.gap.droid                        I  Arti: SOCKS connection from: 127.0.0.1:34110\
2026-01-06 02:27:52.658 23971-24196 ArtiTorManager          com.gap.droid                        I  arti: SOCKS connection from: 127.0.0.1:34110\
2026-01-06 02:27:52.659 23971-24196 ArtiNative              com.gap.droid                        I  Arti: SOCKS connection from: 127.0.0.1:34112\
2026-01-06 02:27:52.659 23971-24320 System                  com.gap.droid                        W  ClassLoader referenced unknown path: system/framework/mediatek-cta.jar\
2026-01-06 02:27:52.660 23971-24196 ArtiTorManager          com.gap.droid                        I  arti: SOCKS connection from: 127.0.0.1:34112\
2026-01-06 02:27:52.661 23971-24321 System                  com.gap.droid                        W  ClassLoader referenced unknown path: system/framework/mediatek-cta.jar\
2026-01-06 02:27:52.661 23971-24191 ArtiNative              com.gap.droid                        I  Arti: SOCKS5 CONNECT to relay.toastr.net:443\
2026-01-06 02:27:52.662 23971-24191 ArtiTorManager          com.gap.droid                        I  arti: SOCKS5 CONNECT to relay.toastr.net:443\
2026-01-06 02:27:52.663 23971-24191 ArtiNative              com.gap.droid                        I  Arti: SOCKS5 CONNECT to vitor.nostr1.com:443\
2026-01-06 02:27:52.664 23971-24193 ArtiNative              com.gap.droid                        I  Arti: SOCKS connection from: 127.0.0.1:34114\
2026-01-06 02:27:52.664 23971-24191 ArtiTorManager          com.gap.droid                        I  arti: SOCKS5 CONNECT to vitor.nostr1.com:443\
2026-01-06 02:27:52.665 23971-24193 ArtiTorManager          com.gap.droid                        I  arti: SOCKS connection from: 127.0.0.1:34114\
2026-01-06 02:27:52.666 23971-24193 ArtiNative              com.gap.droid                        I  Arti: SOCKS connection from: 127.0.0.1:34116\
2026-01-06 02:27:52.666 23971-24193 ArtiTorManager          com.gap.droid                        I  arti: SOCKS connection from: 127.0.0.1:34116\
2026-01-06 02:27:52.667 23971-24193 ArtiNative              com.gap.droid                        I  Arti: SOCKS connection from: 127.0.0.1:34118\
2026-01-06 02:27:52.667 23971-24193 ArtiTorManager          com.gap.droid                        I  arti: SOCKS connection from: 127.0.0.1:34118\
2026-01-06 02:27:52.668 23971-24194 ArtiNative              com.gap.droid                        I  Arti: SOCKS5 CONNECT to fanfares.nostr1.com:443\
2026-01-06 02:27:52.668 23971-24194 ArtiTorManager          com.gap.droid                        I  arti: SOCKS5 CONNECT to fanfares.nostr1.com:443\
2026-01-06 02:27:52.669 23971-24196 ArtiNative              com.gap.droid                        I  Arti: SOCKS5 CONNECT to cyberspace.nostr1.com:443\
2026-01-06 02:27:52.669 23971-24191 ArtiNative              com.gap.droid                        I  Arti: SOCKS5 CONNECT to relay.evanverma.com:443\
2026-01-06 02:27:52.670 23971-24196 ArtiTorManager          com.gap.droid                        I  arti: SOCKS5 CONNECT to cyberspace.nostr1.com:443\
2026-01-06 02:27:52.671 23971-24191 ArtiTorManager          com.gap.droid                        I  arti: SOCKS5 CONNECT to relay.evanverma.com:443\
2026-01-06 02:27:52.674 23971-23971 NostrRelayManager       com.gap.droid                        I  \uc0\u55356 \u57104  Geohash dr5ry59 using 5 relays: wss://fanfares.nostr1.com, wss://cyberspace.nostr1.com, wss://vitor.nostr1.com, wss://relay.toastr.net, wss://relay.evanverma.com\
2026-01-06 02:27:52.674 23971-23971 NostrRelayManager       com.gap.droid                        D  \uc0\u55357 \u56545  Subscribing id=sampling-dr5ry59 for geohash=dr5ry59 on 5 relays\
2026-01-06 02:27:52.675 23971-23971 NostrRelayManager       com.gap.droid                        D  \uc0\u55357 \u56545  Subscribing to Nostr filter id=sampling-dr5ry59 NostrFilter(kinds=[20000], since=1767598072, limit=200, #g=1)\
2026-01-06 02:27:52.676 23971-23971 NostrRelayManager       com.gap.droid                        V  \uc0\u55357 \u56589  DEBUG: Serialized subscription message: ["REQ","sampling-dr5ry59",\{"kinds":[20000],"since":1767598072,"limit":200,"#g":["dr5ry59"]\}]\
2026-01-06 02:27:52.676 23971-24314 NostrRelayManager       com.gap.droid                        V  \uc0\u9989  Subscription 'sampling-dr5ry59' sent to relay: wss://fanfares.nostr1.com\
2026-01-06 02:27:52.677 23971-24314 NostrRelayManager       com.gap.droid                        V  \uc0\u9989  Subscription 'sampling-dr5ry59' sent to relay: wss://cyberspace.nostr1.com\
2026-01-06 02:27:52.677 23971-24314 NostrRelayManager       com.gap.droid                        V  \uc0\u9989  Subscription 'sampling-dr5ry59' sent to relay: wss://vitor.nostr1.com\
2026-01-06 02:27:52.677 23971-24314 NostrRelayManager       com.gap.droid                        V  \uc0\u9989  Subscription 'sampling-dr5ry59' sent to relay: wss://relay.toastr.net\
2026-01-06 02:27:52.677 23971-24314 NostrRelayManager       com.gap.droid                        V  \uc0\u9989  Subscription 'sampling-dr5ry59' sent to relay: wss://relay.evanverma.com\
2026-01-06 02:27:52.703 23971-23971 NostrRelayManager       com.gap.droid                        I  \uc0\u55356 \u57104  Geohash dr5ry5 using 5 relays: wss://fanfares.nostr1.com, wss://cyberspace.nostr1.com, wss://vitor.nostr1.com, wss://relay.toastr.net, wss://relay.evanverma.com\
2026-01-06 02:27:52.704 23971-23971 NostrRelayManager       com.gap.droid                        D  \uc0\u55357 \u56545  Subscribing id=sampling-dr5ry5 for geohash=dr5ry5 on 5 relays\
2026-01-06 02:27:52.704 23971-23971 NostrRelayManager       com.gap.droid                        D  \uc0\u55357 \u56545  Subscribing to Nostr filter id=sampling-dr5ry5 NostrFilter(kinds=[20000], since=1767598072, limit=200, #g=1)\
2026-01-06 02:27:52.705 23971-23971 NostrRelayManager       com.gap.droid                        V  \uc0\u55357 \u56589  DEBUG: Serialized subscription message: ["REQ","sampling-dr5ry5",\{"kinds":[20000],"since":1767598072,"limit":200,"#g":["dr5ry5"]\}]\
2026-01-06 02:27:52.705 23971-24314 NostrRelayManager       com.gap.droid                        V  \uc0\u9989  Subscription 'sampling-dr5ry5' sent to relay: wss://fanfares.nostr1.com\
2026-01-06 02:27:52.705 23971-24314 NostrRelayManager       com.gap.droid                        V  \uc0\u9989  Subscription 'sampling-dr5ry5' sent to relay: wss://cyberspace.nostr1.com\
2026-01-06 02:27:52.705 23971-24314 NostrRelayManager       com.gap.droid                        V  \uc0\u9989  Subscription 'sampling-dr5ry5' sent to relay: wss://vitor.nostr1.com\
2026-01-06 02:27:52.705 23971-24314 NostrRelayManager       com.gap.droid                        V  \uc0\u9989  Subscription 'sampling-dr5ry5' sent to relay: wss://relay.toastr.net\
2026-01-06 02:27:52.705 23971-24314 NostrRelayManager       com.gap.droid                        V  \uc0\u9989  Subscription 'sampling-dr5ry5' sent to relay: wss://relay.evanverma.com\
2026-01-06 02:27:52.731 23971-23971 NostrRelayManager       com.gap.droid                        I  \uc0\u55356 \u57104  Geohash dr5ry using 5 relays: wss://fanfares.nostr1.com, wss://cyberspace.nostr1.com, wss://vitor.nostr1.com, wss://relay.toastr.net, wss://relay.evanverma.com\
2026-01-06 02:27:52.732 23971-23971 NostrRelayManager       com.gap.droid                        D  \uc0\u55357 \u56545  Subscribing id=sampling-dr5ry for geohash=dr5ry on 5 relays\
2026-01-06 02:27:52.732 23971-23971 NostrRelayManager       com.gap.droid                        D  \uc0\u55357 \u56545  Subscribing to Nostr filter id=sampling-dr5ry NostrFilter(kinds=[20000], since=1767598072, limit=200, #g=1)\
2026-01-06 02:27:52.733 23971-23971 NostrRelayManager       com.gap.droid                        V  \uc0\u55357 \u56589  DEBUG: Serialized subscription message: ["REQ","sampling-dr5ry",\{"kinds":[20000],"since":1767598072,"limit":200,"#g":["dr5ry"]\}]\
2026-01-06 02:27:52.733 23971-23995 NostrRelayManager       com.gap.droid                        V  \uc0\u9989  Subscription 'sampling-dr5ry' sent to relay: wss://fanfares.nostr1.com\
2026-01-06 02:27:52.733 23971-23995 NostrRelayManager       com.gap.droid                        V  \uc0\u9989  Subscription 'sampling-dr5ry' sent to relay: wss://cyberspace.nostr1.com\
2026-01-06 02:27:52.733 23971-23995 NostrRelayManager       com.gap.droid                        V  \uc0\u9989  Subscription 'sampling-dr5ry' sent to relay: wss://vitor.nostr1.com\
2026-01-06 02:27:52.733 23971-23995 NostrRelayManager       com.gap.droid                        V  \uc0\u9989  Subscription 'sampling-dr5ry' sent to relay: wss://relay.toastr.net\
2026-01-06 02:27:52.733 23971-23995 NostrRelayManager       com.gap.droid                        V  \uc0\u9989  Subscription 'sampling-dr5ry' sent to relay: wss://relay.evanverma.com\
2026-01-06 02:27:52.758 23971-23971 NostrRelayManager       com.gap.droid                        I  \uc0\u55356 \u57104  Geohash dr5r using 5 relays: wss://vitor.nostr1.com, wss://fanfares.nostr1.com, wss://cyberspace.nostr1.com, wss://relay.toastr.net, wss://relay.evanverma.com\
2026-01-06 02:27:52.759 23971-23971 NostrRelayManager       com.gap.droid                        D  \uc0\u55357 \u56545  Subscribing id=sampling-dr5r for geohash=dr5r on 5 relays\
2026-01-06 02:27:52.759 23971-23971 NostrRelayManager       com.gap.droid                        D  \uc0\u55357 \u56545  Subscribing to Nostr filter id=sampling-dr5r NostrFilter(kinds=[20000], since=1767598072, limit=200, #g=1)\
2026-01-06 02:27:52.760 23971-23971 NostrRelayManager       com.gap.droid                        V  \uc0\u55357 \u56589  DEBUG: Serialized subscription message: ["REQ","sampling-dr5r",\{"kinds":[20000],"since":1767598072,"limit":200,"#g":["dr5r"]\}]\
2026-01-06 02:27:52.760 23971-24002 NostrRelayManager       com.gap.droid                        V  \uc0\u9989  Subscription 'sampling-dr5r' sent to relay: wss://vitor.nostr1.com\
2026-01-06 02:27:52.761 23971-24002 NostrRelayManager       com.gap.droid                        V  \uc0\u9989  Subscription 'sampling-dr5r' sent to relay: wss://fanfares.nostr1.com\
2026-01-06 02:27:52.761 23971-24002 NostrRelayManager       com.gap.droid                        V  \uc0\u9989  Subscription 'sampling-dr5r' sent to relay: wss://cyberspace.nostr1.com\
2026-01-06 02:27:52.761 23971-24002 NostrRelayManager       com.gap.droid                        V  \uc0\u9989  Subscription 'sampling-dr5r' sent to relay: wss://relay.toastr.net\
2026-01-06 02:27:52.761 23971-24002 NostrRelayManager       com.gap.droid                        V  \uc0\u9989  Subscription 'sampling-dr5r' sent to relay: wss://relay.evanverma.com\
2026-01-06 02:27:52.786 23971-23971 NostrRelayManager       com.gap.droid                        I  \uc0\u55356 \u57104  Geohash dr using 5 relays: wss://relay.toastr.net, wss://relay.fundstr.me, wss://relay.evanverma.com, wss://relay-dev.satlantis.io, wss://nostr.notribe.net\
2026-01-06 02:27:52.786 23971-23971 NostrRelayManager       com.gap.droid                        D  \uc0\u55357 \u56545  Subscribing id=sampling-dr for geohash=dr on 5 relays\
2026-01-06 02:27:52.787 23971-23971 NostrRelayManager       com.gap.droid                        D  \uc0\u55357 \u56545  Subscribing to Nostr filter id=sampling-dr NostrFilter(kinds=[20000], since=1767598072, limit=200, #g=1)\
2026-01-06 02:27:52.787 23971-23971 NostrRelayManager       com.gap.droid                        V  \uc0\u55357 \u56589  DEBUG: Serialized subscription message: ["REQ","sampling-dr",\{"kinds":[20000],"since":1767598072,"limit":200,"#g":["dr"]\}]\
2026-01-06 02:27:52.788 23971-24315 NostrRelayManager       com.gap.droid                        V  Attempting to connect to Nostr relay: wss://relay.fundstr.me\
2026-01-06 02:27:52.788 23971-24002 NostrRelayManager       com.gap.droid                        V  \uc0\u9989  Subscription 'sampling-dr' sent to relay: wss://relay.toastr.net\
2026-01-06 02:27:52.788 23971-24002 NostrRelayManager       com.gap.droid                        V  \uc0\u9203  Relay wss://relay.fundstr.me not connected, subscription will be sent on reconnection\
2026-01-06 02:27:52.788 23971-24002 NostrRelayManager       com.gap.droid                        V  \uc0\u9989  Subscription 'sampling-dr' sent to relay: wss://relay.evanverma.com\
2026-01-06 02:27:52.788 23971-24002 NostrRelayManager       com.gap.droid                        V  \uc0\u9203  Relay wss://relay-dev.satlantis.io not connected, subscription will be sent on reconnection\
2026-01-06 02:27:52.788 23971-24002 NostrRelayManager       com.gap.droid                        V  \uc0\u9203  Relay wss://nostr.notribe.net not connected, subscription will be sent on reconnection\
2026-01-06 02:27:52.788 23971-23997 NostrRelayManager       com.gap.droid                        V  Attempting to connect to Nostr relay: wss://relay-dev.satlantis.io\
2026-01-06 02:27:52.789 23971-24319 NostrRelayManager       com.gap.droid                        V  Attempting to connect to Nostr relay: wss://nostr.notribe.net\
2026-01-06 02:27:52.789 23971-23971 Choreographer           com.gap.droid                        I  Skipped 19 frames!  The application may be doing too much work on its main thread.\
2026-01-06 02:27:52.794 23971-24322 System                  com.gap.droid                        W  ClassLoader referenced unknown path: system/framework/mediatek-cta.jar\
2026-01-06 02:27:52.796 23971-24323 System                  com.gap.droid                        W  ClassLoader referenced unknown path: system/framework/mediatek-cta.jar\
2026-01-06 02:27:52.797 23971-24324 System                  com.gap.droid                        W  ClassLoader referenced unknown path: system/framework/mediatek-cta.jar\
2026-01-06 02:27:52.798 23971-24193 ArtiNative              com.gap.droid                        I  Arti: SOCKS connection from: 127.0.0.1:34120\
2026-01-06 02:27:52.798 23971-24193 ArtiTorManager          com.gap.droid                        I  arti: SOCKS connection from: 127.0.0.1:34120\
2026-01-06 02:27:52.800 23971-24193 ArtiNative              com.gap.droid                        I  Arti: SOCKS connection from: 127.0.0.1:34122\
2026-01-06 02:27:52.801 23971-24193 ArtiTorManager          com.gap.droid                        I  arti: SOCKS connection from: 127.0.0.1:34122\
2026-01-06 02:27:52.801 23971-24193 ArtiNative              com.gap.droid                        I  Arti: SOCKS connection from: 127.0.0.1:34124\
2026-01-06 02:27:52.802 23971-24193 ArtiTorManager          com.gap.droid                        I  arti: SOCKS connection from: 127.0.0.1:34124\
2026-01-06 02:27:52.803 23971-24194 ArtiNative              com.gap.droid                        I  Arti: SOCKS5 CONNECT to relay-dev.satlantis.io:443\
2026-01-06 02:27:52.804 23971-24193 ArtiNative              com.gap.droid                        I  Arti: SOCKS5 CONNECT to nostr.notribe.net:443\
2026-01-06 02:27:52.804 23971-24191 ArtiNative              com.gap.droid                        I  Arti: SOCKS5 CONNECT to relay.fundstr.me:443\
2026-01-06 02:27:52.804 23971-24194 ArtiTorManager          com.gap.droid                        I  arti: SOCKS5 CONNECT to relay-dev.satlantis.io:443\
2026-01-06 02:27:52.805 23971-24193 ArtiTorManager          com.gap.droid                        I  arti: SOCKS5 CONNECT to nostr.notribe.net:443\
2026-01-06 02:27:52.807 23971-24191 ArtiTorManager          com.gap.droid                        I  arti: SOCKS5 CONNECT to relay.fundstr.me:443\
2026-01-06 02:27:52.824 23971-23971 LocationChannelManager  com.gap.droid                        D  Real-time location: 40.7574287, -73.9137897 acc=100.0m\
2026-01-06 02:27:52.824 23971-23971 LocationChannelManager  com.gap.droid                        D  Computing channels for location: 40.7574287, -73.9137897\
2026-01-06 02:27:52.824 23971-23971 LocationChannelManager  com.gap.droid                        V  Generated Building: dr5ry59t\
2026-01-06 02:27:52.824 23971-23971 LocationChannelManager  com.gap.droid                        V  Generated Block: dr5ry59\
2026-01-06 02:27:52.824 23971-23971 LocationChannelManager  com.gap.droid                        V  Generated Neighborhood: dr5ry5\
2026-01-06 02:27:52.824 23971-23971 LocationChannelManager  com.gap.droid                        V  Generated City: dr5ry\
2026-01-06 02:27:52.824 23971-23971 LocationChannelManager  com.gap.droid                        V  Generated Province: dr5r\
2026-01-06 02:27:52.824 23971-23971 LocationChannelManager  com.gap.droid                        V  Generated REGION: dr\
2026-01-06 02:27:52.827 23971-24319 LocationChannelManager  com.gap.droid                        D  Starting reverse geocoding\
2026-01-06 02:27:52.831 23971-24319 LocationChannelManager  com.gap.droid                        D  Reverse geocoding result: \{REGION=United States, PROVINCE=New York, CITY=Queens County, NEIGHBORHOOD=Queens, BLOCK=Queens\}\
2026-01-06 02:27:52.834 23971-23971 Choreographer           com.gap.droid                        I  Skipped 2 frames!  The application may be doing too much work on its main thread.\
2026-01-06 02:27:52.860 23971-23971 LocationChannelManager  com.gap.droid                        D  Requesting one-shot location\
2026-01-06 02:27:52.868 23971-23971 LocationChannelManager  com.gap.droid                        D  Using last known location: 40.757625, -73.913865\
2026-01-06 02:27:52.869 23971-23971 LocationChannelManager  com.gap.droid                        D  Computing channels for location: 40.757625, -73.913865\
2026-01-06 02:27:52.869 23971-23971 LocationChannelManager  com.gap.droid                        V  Generated Building: dr5ry59w\
2026-01-06 02:27:52.869 23971-23971 LocationChannelManager  com.gap.droid                        V  Generated Block: dr5ry59\
2026-01-06 02:27:52.869 23971-23971 LocationChannelManager  com.gap.droid                        V  Generated Neighborhood: dr5ry5\
2026-01-06 02:27:52.869 23971-23971 LocationChannelManager  com.gap.droid                        V  Generated City: dr5ry\
2026-01-06 02:27:52.869 23971-23971 LocationChannelManager  com.gap.droid                        V  Generated Province: dr5r\
2026-01-06 02:27:52.869 23971-23971 LocationChannelManager  com.gap.droid                        V  Generated REGION: dr\
2026-01-06 02:27:52.871 23971-23971 LocationChannelManager  com.gap.droid                        D  Beginning live refresh (continuous updates)\
2026-01-06 02:27:52.871 23971-24319 LocationChannelManager  com.gap.droid                        D  Starting reverse geocoding\
2026-01-06 02:27:52.877 23971-24319 LocationChannelManager  com.gap.droid                        D  Reverse geocoding result: \{REGION=United States, PROVINCE=New York, CITY=Queens County, NEIGHBORHOOD=Queens, BLOCK=Queens\}\
2026-01-06 02:27:52.879 23971-23971 LocationChannelManager  com.gap.droid                        D  Registered continuous updates for gps\
2026-01-06 02:27:52.885 23971-23971 LocationChannelManager  com.gap.droid                        D  Registered continuous updates for network\
2026-01-06 02:27:52.886 23971-23971 LocationChannelManager  com.gap.droid                        D  Requesting one-shot location\
2026-01-06 02:27:52.894 23971-23971 LocationChannelManager  com.gap.droid                        D  Using last known location: 40.757625, -73.913865\
2026-01-06 02:27:52.894 23971-23971 LocationChannelManager  com.gap.droid                        D  Computing channels for location: 40.757625, -73.913865\
2026-01-06 02:27:52.895 23971-23971 LocationChannelManager  com.gap.droid                        V  Generated Building: dr5ry59w\
2026-01-06 02:27:52.895 23971-23971 LocationChannelManager  com.gap.droid                        V  Generated Block: dr5ry59\
2026-01-06 02:27:52.895 23971-23971 LocationChannelManager  com.gap.droid                        V  Generated Neighborhood: dr5ry5\
2026-01-06 02:27:52.895 23971-23971 LocationChannelManager  com.gap.droid                        V  Generated City: dr5ry\
2026-01-06 02:27:52.895 23971-23971 LocationChannelManager  com.gap.droid                        V  Generated Province: dr5r\
2026-01-06 02:27:52.895 23971-23971 LocationChannelManager  com.gap.droid                        V  Generated REGION: dr\
2026-01-06 02:27:52.896 23971-24319 LocationChannelManager  com.gap.droid                        D  Starting reverse geocoding\
2026-01-06 02:27:52.897 23971-23971 GeohashViewModel        com.gap.droid                        D  \uc0\u55356 \u57101  Beginning geohash sampling for 6 geohashes\
2026-01-06 02:27:52.900 23971-23971 NostrRelayManager       com.gap.droid                        I  \uc0\u55356 \u57104  Geohash dr5ry59t using 5 relays: wss://fanfares.nostr1.com, wss://cyberspace.nostr1.com, wss://vitor.nostr1.com, wss://relay.toastr.net, wss://relay.evanverma.com\
2026-01-06 02:27:52.901 23971-23971 NostrRelayManager       com.gap.droid                        D  \uc0\u55357 \u56545  Subscribing id=sampling-dr5ry59t for geohash=dr5ry59t on 5 relays\
2026-01-06 02:27:52.901 23971-24319 LocationChannelManager  com.gap.droid                        D  Reverse geocoding result: \{REGION=United States, PROVINCE=New York, CITY=Queens County, NEIGHBORHOOD=Queens, BLOCK=Queens\}\
2026-01-06 02:27:52.901 23971-23971 NostrRelayManager       com.gap.droid                        D  \uc0\u55357 \u56545  Subscribing to Nostr filter id=sampling-dr5ry59t NostrFilter(kinds=[20000], since=1767598072, limit=200, #g=1)\
2026-01-06 02:27:52.902 23971-23971 NostrRelayManager       com.gap.droid                        V  \uc0\u55357 \u56589  DEBUG: Serialized subscription message: ["REQ","sampling-dr5ry59t",\{"kinds":[20000],"since":1767598072,"limit":200,"#g":["dr5ry59t"]\}]\
2026-01-06 02:27:52.902 23971-23997 NostrRelayManager       com.gap.droid                        V  \uc0\u9989  Subscription 'sampling-dr5ry59t' sent to relay: wss://fanfares.nostr1.com\
2026-01-06 02:27:52.902 23971-23997 NostrRelayManager       com.gap.droid                        V  \uc0\u9989  Subscription 'sampling-dr5ry59t' sent to relay: wss://cyberspace.nostr1.com\
2026-01-06 02:27:52.903 23971-23997 NostrRelayManager       com.gap.droid                        V  \uc0\u9989  Subscription 'sampling-dr5ry59t' sent to relay: wss://vitor.nostr1.com\
2026-01-06 02:27:52.903 23971-23997 NostrRelayManager       com.gap.droid                        V  \uc0\u9989  Subscription 'sampling-dr5ry59t' sent to relay: wss://relay.toastr.net\
2026-01-06 02:27:52.903 23971-23997 NostrRelayManager       com.gap.droid                        V  \uc0\u9989  Subscription 'sampling-dr5ry59t' sent to relay: wss://relay.evanverma.com\
2026-01-06 02:27:52.905 23971-23971 NostrRelayManager       com.gap.droid                        I  \uc0\u55356 \u57104  Geohash dr5ry59 using 5 relays: wss://fanfares.nostr1.com, wss://cyberspace.nostr1.com, wss://vitor.nostr1.com, wss://relay.toastr.net, wss://relay.evanverma.com\
2026-01-06 02:27:52.905 23971-23971 NostrRelayManager       com.gap.droid                        D  \uc0\u55357 \u56545  Subscribing id=sampling-dr5ry59 for geohash=dr5ry59 on 5 relays\
2026-01-06 02:27:52.906 23971-23971 NostrRelayManager       com.gap.droid                        D  \uc0\u55357 \u56545  Subscribing to Nostr filter id=sampling-dr5ry59 NostrFilter(kinds=[20000], since=1767598072, limit=200, #g=1)\
2026-01-06 02:27:52.906 23971-23971 NostrRelayManager       com.gap.droid                        V  \uc0\u55357 \u56589  DEBUG: Serialized subscription message: ["REQ","sampling-dr5ry59",\{"kinds":[20000],"since":1767598072,"limit":200,"#g":["dr5ry59"]\}]\
2026-01-06 02:27:52.907 23971-23993 NostrRelayManager       com.gap.droid                        V  \uc0\u9989  Subscription 'sampling-dr5ry59' sent to relay: wss://fanfares.nostr1.com\
2026-01-06 02:27:52.907 23971-23993 NostrRelayManager       com.gap.droid                        V  \uc0\u9989  Subscription 'sampling-dr5ry59' sent to relay: wss://cyberspace.nostr1.com\
2026-01-06 02:27:52.907 23971-23993 NostrRelayManager       com.gap.droid                        V  \uc0\u9989  Subscription 'sampling-dr5ry59' sent to relay: wss://vitor.nostr1.com\
2026-01-06 02:27:52.907 23971-23993 NostrRelayManager       com.gap.droid                        V  \uc0\u9989  Subscription 'sampling-dr5ry59' sent to relay: wss://relay.toastr.net\
2026-01-06 02:27:52.907 23971-23993 NostrRelayManager       com.gap.droid                        V  \uc0\u9989  Subscription 'sampling-dr5ry59' sent to relay: wss://relay.evanverma.com\
2026-01-06 02:27:52.909 23971-23971 NostrRelayManager       com.gap.droid                        I  \uc0\u55356 \u57104  Geohash dr5ry5 using 5 relays: wss://fanfares.nostr1.com, wss://cyberspace.nostr1.com, wss://vitor.nostr1.com, wss://relay.toastr.net, wss://relay.evanverma.com\
2026-01-06 02:27:52.910 23971-23971 NostrRelayManager       com.gap.droid                        D  \uc0\u55357 \u56545  Subscribing id=sampling-dr5ry5 for geohash=dr5ry5 on 5 relays\
2026-01-06 02:27:52.910 23971-23971 NostrRelayManager       com.gap.droid                        D  \uc0\u55357 \u56545  Subscribing to Nostr filter id=sampling-dr5ry5 NostrFilter(kinds=[20000], since=1767598072, limit=200, #g=1)\
2026-01-06 02:27:52.911 23971-23971 NostrRelayManager       com.gap.droid                        V  \uc0\u55357 \u56589  DEBUG: Serialized subscription message: ["REQ","sampling-dr5ry5",\{"kinds":[20000],"since":1767598072,"limit":200,"#g":["dr5ry5"]\}]\
