2026-01-06 02:08:20.585 21861-22337 NostrRelayManager       com.gap.droid                        V  ✅ Restored subscription 'sampling-dr' to relay: wss://relay.fundstr.me
2026-01-06 02:08:20.592 21861-22331 NostrRelayManager       com.gap.droid                        V  End of stored events for subscription: sampling-dr5r
2026-01-06 02:08:20.592 21861-22330 NostrRelayManager       com.gap.droid                        V  End of stored events for subscription: sampling-dr5ry59
2026-01-06 02:08:20.593 21861-22329 NostrRelayManager       com.gap.droid                        V  End of stored events for subscription: sampling-dr5ry59
2026-01-06 02:08:20.593 21861-22329 NostrRelayManager       com.gap.droid                        V  End of stored events for subscription: sampling-dr5ry5
2026-01-06 02:08:20.625 21861-22331 NostrRelayManager       com.gap.droid                        V  End of stored events for subscription: sampling-dr5ry59
2026-01-06 02:08:20.626 21861-22331 NostrRelayManager       com.gap.droid                        V  End of stored events for subscription: chat-messages
2026-01-06 02:08:20.627 21861-22331 NostrRelayManager       com.gap.droid                        V  End of stored events for subscription: sampling-dr
2026-01-06 02:08:20.627 21861-22331 NostrRelayManager       com.gap.droid                        V  End of stored events for subscription: sampling-dr5ry59t
2026-01-06 02:08:20.628 21861-22331 NostrRelayManager       com.gap.droid                        V  End of stored events for subscription: sampling-dr5ry5
2026-01-06 02:08:20.629 21861-22331 NostrRelayManager       com.gap.droid                        V  End of stored events for subscription: geo-dm-ttt
2026-01-06 02:08:20.636 21861-22330 NostrRelayManager       com.gap.droid                        V  End of stored events for subscription: sampling-dr5ry5
2026-01-06 02:08:20.657 21861-22280 NostrRelayManager       com.gap.droid                        V  Unknown message type from wss://shu04.shugur.net: ["CLOSED","geohash-ttt","subscription closed"]
2026-01-06 02:08:20.658 21861-22280 NostrRelayManager       com.gap.droid                        V  Unknown message type from wss://shu04.shugur.net: ["CLOSED","geo-dm-ttt","subscription closed"]
2026-01-06 02:08:20.675 21861-22330 NostrRelayManager       com.gap.droid                        V  End of stored events for subscription: sampling-dr5ry
2026-01-06 02:08:20.676 21861-22330 NostrRelayManager       com.gap.droid                        V  End of stored events for subscription: sampling-dr5r
2026-01-06 02:08:20.676 21861-22330 NostrRelayManager       com.gap.droid                        V  End of stored events for subscription: sampling-dr
2026-01-06 02:08:20.676 21861-22330 NostrRelayManager       com.gap.droid                        V  End of stored events for subscription: sampling-dr5ry59t
2026-01-06 02:08:20.677 21861-22330 NostrRelayManager       com.gap.droid                        V  End of stored events for subscription: chat-messages
2026-01-06 02:08:20.678 21861-22330 NostrRelayManager       com.gap.droid                        V  End of stored events for subscription: geo-dm-ttt
2026-01-06 02:08:20.686 21861-22334 NostrRelayManager       com.gap.droid                        V  End of stored events for subscription: sampling-dr5ry5
2026-01-06 02:08:20.686 21861-22329 NostrRelayManager       com.gap.droid                        V  End of stored events for subscription: sampling-dr5ry
2026-01-06 02:08:20.686 21861-22334 NostrRelayManager       com.gap.droid                        V  End of stored events for subscription: sampling-dr5ry
2026-01-06 02:08:20.686 21861-22329 NostrRelayManager       com.gap.droid                        V  End of stored events for subscription: sampling-dr5r
2026-01-06 02:08:20.687 21861-22329 NostrRelayManager       com.gap.droid                        V  End of stored events for subscription: sampling-dr5ry
2026-01-06 02:08:20.688 21861-22329 NostrRelayManager       com.gap.droid                        V  End of stored events for subscription: sampling-dr5r
2026-01-06 02:08:20.689 21861-22329 NostrRelayManager       com.gap.droid                        V  End of stored events for subscription: sampling-dr5ry59
2026-01-06 02:08:20.689 21861-22329 NostrRelayManager       com.gap.droid                        V  End of stored events for subscription: chat-messages
2026-01-06 02:08:20.689 21861-22329 NostrRelayManager       com.gap.droid                        V  End of stored events for subscription: sampling-dr5ry59t
2026-01-06 02:08:20.690 21861-22329 NostrRelayManager       com.gap.droid                        V  End of stored events for subscription: sampling-dr5ry5
2026-01-06 02:08:20.691 21861-22329 NostrRelayManager       com.gap.droid                        V  End of stored events for subscription: geo-dm-ttt
2026-01-06 02:08:20.709 21861-22336 NostrRelayManager       com.gap.droid                        V  End of stored events for subscription: chat-messages
2026-01-06 02:08:20.768 21861-22333 NostrRelayManager       com.gap.droid                        V  End of stored events for subscription: sampling-dr5ry59
2026-01-06 02:08:20.768 21861-22334 NostrRelayManager       com.gap.droid                        V  End of stored events for subscription: sampling-dr5r
2026-01-06 02:08:20.769 21861-22333 NostrRelayManager       com.gap.droid                        V  End of stored events for subscription: sampling-dr5ry
2026-01-06 02:08:20.769 21861-22334 NostrRelayManager       com.gap.droid                        V  End of stored events for subscription: sampling-dr5ry
2026-01-06 02:08:20.769 21861-22334 NostrRelayManager       com.gap.droid                        V  End of stored events for subscription: sampling-dr5r
2026-01-06 02:08:20.812 21861-22334 NostrRelayManager       com.gap.droid                        V  End of stored events for subscription: sampling-dr5ry59
2026-01-06 02:08:20.813 21861-22334 NostrRelayManager       com.gap.droid                        V  End of stored events for subscription: chat-messages
2026-01-06 02:08:20.813 21861-22332 NostrRelayManager       com.gap.droid                        V  End of stored events for subscription: sampling-dr5ry59
2026-01-06 02:08:20.813 21861-22332 NostrRelayManager       com.gap.droid                        V  End of stored events for subscription: sampling-dr5ry5
2026-01-06 02:08:20.813 21861-22334 NostrRelayManager       com.gap.droid                        V  End of stored events for subscription: sampling-dr5ry59t
2026-01-06 02:08:20.813 21861-22332 NostrRelayManager       com.gap.droid                        V  End of stored events for subscription: sampling-dr5ry
2026-01-06 02:08:20.813 21861-22334 NostrRelayManager       com.gap.droid                        V  End of stored events for subscription: sampling-dr5ry5
2026-01-06 02:08:20.813 21861-22336 NostrRelayManager       com.gap.droid                        V  End of stored events for subscription: sampling-dr
2026-01-06 02:08:20.846 21861-22333 NostrRelayManager       com.gap.droid                        V  End of stored events for subscription: sampling-dr5r
2026-01-06 02:08:20.846 21861-22335 NostrRelayManager       com.gap.droid                        V  End of stored events for subscription: chat-messages
2026-01-06 02:08:20.846 21861-22333 NostrRelayManager       com.gap.droid                        V  End of stored events for subscription: sampling-dr5ry59
2026-01-06 02:08:20.846 21861-22333 NostrRelayManager       com.gap.droid                        V  End of stored events for subscription: chat-messages
2026-01-06 02:08:20.847 21861-22333 NostrRelayManager       com.gap.droid                        V  End of stored events for subscription: sampling-dr5ry59t
2026-01-06 02:08:20.847 21861-22333 NostrRelayManager       com.gap.droid                        V  End of stored events for subscription: sampling-dr5ry5
2026-01-06 02:08:20.857 21861-22332 NostrRelayManager       com.gap.droid                        V  End of stored events for subscription: sampling-dr5r
2026-01-06 02:08:20.858 21861-22332 NostrRelayManager       com.gap.droid                        V  End of stored events for subscription: sampling-dr5ry
2026-01-06 02:08:20.955 21861-22332 NostrRelayManager       com.gap.droid                        V  End of stored events for subscription: sampling-dr5r
2026-01-06 02:08:20.956 21861-22332 NostrRelayManager       com.gap.droid                        V  End of stored events for subscription: sampling-dr5ry59
2026-01-06 02:08:20.956 21861-22332 NostrRelayManager       com.gap.droid                        V  End of stored events for subscription: chat-messages
2026-01-06 02:08:20.956 21861-22332 NostrRelayManager       com.gap.droid                        V  End of stored events for subscription: sampling-dr5ry59t
2026-01-06 02:08:20.956 21861-22337 NostrRelayManager       com.gap.droid                        V  End of stored events for subscription: chat-messages
2026-01-06 02:08:20.956 21861-22332 NostrRelayManager       com.gap.droid                        V  End of stored events for subscription: sampling-dr5ry5
2026-01-06 02:08:20.957 21861-22337 NostrRelayManager       com.gap.droid                        V  End of stored events for subscription: sampling-dr
2026-01-06 02:08:21.054 21861-22335 NostrRelayManager       com.gap.droid                        V  End of stored events for subscription: sampling-dr
2026-01-06 02:08:23.132 21861-21907 BluetoothG...verManager com.gap.droid                        I  Server: Received packet from 7B:10:7A:BE:6C:32, size: 107 bytes
2026-01-06 02:08:23.133 21861-21907 BluetoothG...verManager com.gap.droid                        D  Server: Parsed packet type 33 from 09846e8292f371d7
2026-01-06 02:08:23.133 21861-21907 BluetoothC...ionManager com.gap.droid                        D  onPacketReceived: Packet received from 7B:10:7A:BE:6C:32 (09846e8292f371d7)
2026-01-06 02:08:23.134 21861-21907 PacketProcessor         com.gap.droid                        D  processPacket 33
2026-01-06 02:08:23.135 21861-21907 BluetoothG...verManager com.gap.droid                        I  Server: Received packet from 7B:10:7A:BE:6C:32, size: 104 bytes
2026-01-06 02:08:23.135 21861-21907 BluetoothG...verManager com.gap.droid                        D  Server: Parsed packet type 33 from 09846e8292f371d7
2026-01-06 02:08:23.136 21861-21907 BluetoothC...ionManager com.gap.droid                        D  onPacketReceived: Packet received from 7B:10:7A:BE:6C:32 (09846e8292f371d7)
2026-01-06 02:08:23.136 21861-21907 PacketProcessor         com.gap.droid                        D  processPacket 33
2026-01-06 02:08:23.136 21861-21893 PacketProcessor         com.gap.droid                        D  📦 Processing packet type 33 from 09846e8292f371d7 (anon8764) (serialized)
2026-01-06 02:08:23.137 21861-21893 SecurityManager         com.gap.droid                        D  Packet validation passed for 09846e8292f371d7, messageID: 1767683303206-09846e8292f371d7-1316818300
2026-01-06 02:08:23.137 21861-21893 PacketProcessor         com.gap.droid                        D  Processing packet type REQUEST_SYNC from 09846e8292f371d7 (anon8764)
2026-01-06 02:08:23.137 21861-21893 PacketProcessor         com.gap.droid                        D  Processing REQUEST_SYNC from 09846e8292f371d7 (anon8764)
2026-01-06 02:08:23.138 21861-21893 PacketRelayManager      com.gap.droid                        D  Evaluating relay for packet type 33 from 09846e8292f371d7 (TTL: 0)
2026-01-06 02:08:23.138 21861-21893 PacketRelayManager      com.gap.droid                        D  TTL expired, not relaying packet
2026-01-06 02:08:23.138 21861-21893 PacketProcessor         com.gap.droid                        D  Completed packet type 33 from 09846e8292f371d7 (anon8764)
2026-01-06 02:08:23.138 21861-21893 PacketProcessor         com.gap.droid                        D  📦 Processing packet type 33 from 09846e8292f371d7 (anon8764) (serialized)
2026-01-06 02:08:23.138 21861-21893 SecurityManager         com.gap.droid                        D  Packet validation passed for 09846e8292f371d7, messageID: 1767683303206-09846e8292f371d7--773463395
2026-01-06 02:08:23.138 21861-21893 PacketProcessor         com.gap.droid                        D  Processing packet type REQUEST_SYNC from 09846e8292f371d7 (anon8764)
2026-01-06 02:08:23.138 21861-21893 PacketProcessor         com.gap.droid                        D  Processing REQUEST_SYNC from 09846e8292f371d7 (anon8764)
2026-01-06 02:08:23.143 21861-21893 GossipSyncManager       com.gap.droid                        D  Sent sync announce: Type 1 from 04f4812dfdeb3635 to 09846e8292f371d7 packet id a5ecdc546e87768743dbdde0e1ab44f3
2026-01-06 02:08:23.147 21861-21893 GossipSyncManager       com.gap.droid                        D  Sent sync announce: Type 1 from 09846e8292f371d7 to 09846e8292f371d7 packet id e06a1a79c585558d579cb01121abf7f5
2026-01-06 02:08:23.147 21861-21893 PacketRelayManager      com.gap.droid                        D  Evaluating relay for packet type 33 from 09846e8292f371d7 (TTL: 0)
2026-01-06 02:08:23.147 21861-21893 PacketRelayManager      com.gap.droid                        D  TTL expired, not relaying packet
2026-01-06 02:08:23.147 21861-21893 PacketProcessor         com.gap.droid                        D  Completed packet type 33 from 09846e8292f371d7 (anon8764)
2026-01-06 02:08:23.162 21861-21907 BluetoothG...verManager com.gap.droid                        I  Server: Received packet from 7B:10:7A:BE:6C:32, size: 104 bytes
2026-01-06 02:08:23.164 21861-21907 BluetoothG...verManager com.gap.droid                        D  Server: Parsed packet type 33 from 09846e8292f371d7
2026-01-06 02:08:23.164 21861-21907 BluetoothC...ionManager com.gap.droid                        D  onPacketReceived: Packet received from 7B:10:7A:BE:6C:32 (09846e8292f371d7)
2026-01-06 02:08:23.165 21861-21907 PacketProcessor         com.gap.droid                        D  processPacket 33
2026-01-06 02:08:23.168 21861-22283 PacketProcessor         com.gap.droid                        D  📦 Processing packet type 33 from 09846e8292f371d7 (anon8764) (serialized)
2026-01-06 02:08:23.168 21861-22283 SecurityManager         com.gap.droid                        D  Packet validation passed for 09846e8292f371d7, messageID: 1767683303208-09846e8292f371d7--773463555
2026-01-06 02:08:23.168 21861-22283 PacketProcessor         com.gap.droid                        D  Processing packet type REQUEST_SYNC from 09846e8292f371d7 (anon8764)
2026-01-06 02:08:23.168 21861-22283 PacketProcessor         com.gap.droid                        D  Processing REQUEST_SYNC from 09846e8292f371d7 (anon8764)
2026-01-06 02:08:23.172 21861-22283 GossipSyncManager       com.gap.droid                        D  Sent sync announce: Type 1 from 04f4812dfdeb3635 to 09846e8292f371d7 packet id a5ecdc546e87768743dbdde0e1ab44f3
2026-01-06 02:08:23.176 21861-22283 GossipSyncManager       com.gap.droid                        D  Sent sync announce: Type 1 from 09846e8292f371d7 to 09846e8292f371d7 packet id e06a1a79c585558d579cb01121abf7f5
2026-01-06 02:08:23.176 21861-22283 PacketRelayManager      com.gap.droid                        D  Evaluating relay for packet type 33 from 09846e8292f371d7 (TTL: 0)
2026-01-06 02:08:23.176 21861-22283 PacketRelayManager      com.gap.droid                        D  TTL expired, not relaying packet
2026-01-06 02:08:23.176 21861-22283 PacketProcessor         com.gap.droid                        D  Completed packet type 33 from 09846e8292f371d7 (anon8764)
2026-01-06 02:08:24.526 21861-21907 BluetoothGattServer     com.gap.droid                        D  onServerConnectionState() - status=0 serverIf=7 device=7B:10:7A:BE:6C:32
2026-01-06 02:08:24.527 21861-21907 BluetoothG...verManager com.gap.droid                        I  Server: Device disconnected 7B:10:7A:BE:6C:32
2026-01-06 02:08:24.528 21861-21907 BluetoothC...ionTracker com.gap.droid                        D  Cleaned up device connection for 7B:10:7A:BE:6C:32
2026-01-06 02:08:24.528 21861-21907 BluetoothMeshService    com.gap.droid                        D  Device disconnected: 7B:10:7A:BE:6C:32
2026-01-06 02:08:24.542 21861-21907 BluetoothGatt           com.gap.droid                        D  onClientConnectionState() - status=22 clientIf=9 device=7B:10:7A:BE:6C:32
2026-01-06 02:08:24.543 21861-21907 BluetoothG...entManager com.gap.droid                        D  Client: Connection state change - Device: 7B:10:7A:BE:6C:32, Status: 22, NewState: 0
2026-01-06 02:08:24.543 21861-21907 BluetoothG...entManager com.gap.droid                        W  Client: Disconnected from 7B:10:7A:BE:6C:32 with error status 22
2026-01-06 02:08:24.543 21861-21907 BluetoothMeshService    com.gap.droid                        D  Device disconnected: 7B:10:7A:BE:6C:32
2026-01-06 02:08:24.550 21861-21861 BluetoothC...ionTracker com.gap.droid                        D  Tracker: Adding pending connection for 7B:10:7A:BE:6C:32
2026-01-06 02:08:24.550 21861-21861 BluetoothC...ionTracker com.gap.droid                        D  Tracker: Added pending connection for 7B:10:7A:BE:6C:32 (attempts: 1)
2026-01-06 02:08:24.554 21861-21861 BluetoothG...entManager com.gap.droid                        I  Connecting to bitchat device: 7B:10:7A:BE:6C:32
2026-01-06 02:08:24.555 21861-21861 BluetoothG...entManager com.gap.droid                        D  Client: Attempting GATT connection to 7B:10:7A:BE:6C:32 with autoConnect=false
2026-01-06 02:08:24.555 21861-21861 CheckPermission         com.gap.droid                        E  _bluetooth code = 10 
2026-01-06 02:08:24.556 21861-21861 BluetoothGatt           com.gap.droid                        D  connect() - device: 7B:10:7A:BE:6C:32, auto: false
2026-01-06 02:08:24.556 21861-21861 BluetoothGatt           com.gap.droid                        D  registerApp()
2026-01-06 02:08:24.556 21861-21861 BluetoothGatt           com.gap.droid                        D  registerApp() - UUID=d55846f1-f2f1-4d73-8edd-765ed867c3bb
2026-01-06 02:08:24.560 21861-21861 BluetoothG...entManager com.gap.droid                        D  Client: GATT connection initiated successfully for 7B:10:7A:BE:6C:32
2026-01-06 02:08:24.560 21861-21907 BluetoothGatt           com.gap.droid                        D  onClientRegistered() - status=0 clientIf=10
2026-01-06 02:08:24.563 21861-21861 BluetoothG...entManager com.gap.droid                        D  Connection to 7B:10:7A:BE:6C:32 not allowed due to recent attempts
2026-01-06 02:08:24.669 21861-21861 BluetoothG...entManager com.gap.droid                        D  Connection to 7B:10:7A:BE:6C:32 not allowed due to recent attempts
2026-01-06 02:08:24.712 21861-21861 BluetoothG...entManager com.gap.droid                        D  Connection to 7B:10:7A:BE:6C:32 not allowed due to recent attempts
2026-01-06 02:08:24.831 21861-21907 BluetoothGattServer     com.gap.droid                        D  onServerConnectionState() - status=0 serverIf=7 device=7B:10:7A:BE:6C:32
2026-01-06 02:08:24.831 21861-21907 BluetoothG...verManager com.gap.droid                        I  Server: Device connected 7B:10:7A:BE:6C:32
2026-01-06 02:08:24.831 21861-21907 BluetoothC...ionTracker com.gap.droid                        D  Tracker: Adding device connection for 7B:10:7A:BE:6C:32 (isClient: false
2026-01-06 02:08:24.847 21861-21907 BluetoothGatt           com.gap.droid                        D  onClientConnectionState() - status=0 clientIf=10 device=7B:10:7A:BE:6C:32
2026-01-06 02:08:24.848 21861-21907 BluetoothG...entManager com.gap.droid                        D  Client: Connection state change - Device: 7B:10:7A:BE:6C:32, Status: 0, NewState: 2
2026-01-06 02:08:24.854 21861-21907 BluetoothG...entManager com.gap.droid                        I  Client: Successfully connected to 7B:10:7A:BE:6C:32. Requesting MTU...
2026-01-06 02:08:24.994 21861-21861 ColorViewRootUtil       com.gap.droid                        D  nav bar mode ignore false downX 300 downY 1490 mScreenHeight 1600 mScreenWidth 720 mStatusBarHeight 36 globalScale 1.125 nav mode 0 rotation 0 event MotionEvent { action=ACTION_DOWN, actionButton=0, id[0]=0, x[0]=300.0, y[0]=1490.0, toolType[0]=TOOL_TYPE_FINGER, buttonState=0, classification=NONE, metaState=0, flags=0x0, edgeFlags=0x0, pointerCount=1, historySize=0, eventTime=22122336, downTime=22122336, deviceId=3, source=0x1002, displayId=0 }
2026-01-06 02:08:25.013 21861-21873 com.gap.droid           com.gap.droid                        I  Background concurrent copying GC freed 111041(4677KB) AllocSpace objects, 14(728KB) LOS objects, 66% free, 5197KB/15MB, paused 222us total 167.284ms
2026-01-06 02:08:25.046 21861-22283 BluetoothGatt           com.gap.droid                        D  close()
2026-01-06 02:08:25.046 21861-22283 BluetoothGatt           com.gap.droid                        D  unregisterApp() - mClientIf=9
2026-01-06 02:08:25.056 21861-22283 BluetoothGatt           com.gap.droid                        D  configureMTU() - device: 7B:10:7A:BE:6C:32 mtu: 517
2026-01-06 02:08:25.171 21861-21861 ColorViewRootUtil       com.gap.droid                        D  initSwipState, isDisplayCompatApp false
2026-01-06 02:08:25.171 21861-21861 ColorViewRootUtil       com.gap.droid                        D  updateScreenSize, mScreenHeight 1600,mScreenWidth:720,height:1600,width:720
2026-01-06 02:08:25.259 21861-21877 BluetoothGattServer     com.gap.droid                        D  onConnectionUpdated() - Device=7B:10:7A:BE:6C:32 interval=6 latency=0 timeout=500 status=0
2026-01-06 02:08:25.260 21861-21907 BluetoothGatt           com.gap.droid                        D  onConnectionUpdated() - Device=7B:10:7A:BE:6C:32 interval=6 latency=0 timeout=500 status=0
2026-01-06 02:08:25.834 21861-21893 BluetoothMeshService    com.gap.droid                        D  Device connected: 7B:10:7A:BE:6C:32; scheduling announce
2026-01-06 02:08:26.035 21861-21893 BluetoothMeshService    com.gap.droid                        D  Sending broadcast announce
2026-01-06 02:08:26.043 21861-21886 EncryptionService       com.gap.droid                        D  ✅ Generated Ed25519 signature (64 bytes)
2026-01-06 02:08:26.044 21861-21886 FragmentManager         com.gap.droid                        D  🔀 Creating fragments for packet type 1, payload: 78 bytes
2026-01-06 02:08:26.044 21861-21886 FragmentManager         com.gap.droid                        D  📦 Encoded to 256 bytes
2026-01-06 02:08:26.044 21861-21886 FragmentManager         com.gap.droid                        D  📏 Unpadded to 164 bytes
2026-01-06 02:08:26.045 21861-21886 BluetoothMeshService    com.gap.droid                        D  Sent iOS-compatible signed TLV announce (78 bytes)
2026-01-06 02:08:26.047 21861-21893 BluetoothP...roadcaster com.gap.droid                        I  Broadcasting packet type 1 to 0 server + 1 client connections
2026-01-06 02:08:26.294 21861-21907 BluetoothGattServer     com.gap.droid                        D  onPhyUpdate() - device=7B:10:7A:BE:6C:32, txPHy=2, rxPHy=2
2026-01-06 02:08:26.294 21861-21877 BluetoothGatt           com.gap.droid                        D  onPhyUpdate() - status=0 address=7B:10:7A:BE:6C:32 txPhy=2 rxPhy=2
2026-01-06 02:08:26.609 21861-21877 BluetoothGatt           com.gap.droid                        D  onConfigureMTU() - Device=7B:10:7A:BE:6C:32 mtu=517 status=0
2026-01-06 02:08:26.610 21861-21877 BluetoothG...entManager com.gap.droid                        I  Client: MTU changed for 7B:10:7A:BE:6C:32 to 517 with status 0
2026-01-06 02:08:26.610 21861-21877 BluetoothG...entManager com.gap.droid                        I  MTU successfully negotiated for 7B:10:7A:BE:6C:32. Discovering services.
2026-01-06 02:08:26.610 21861-21877 BluetoothC...ionTracker com.gap.droid                        D  Tracker: Adding device connection for 7B:10:7A:BE:6C:32 (isClient: true
2026-01-06 02:08:26.610 21861-21877 BluetoothGatt           com.gap.droid                        D  discoverServices() - device: 7B:10:7A:BE:6C:32
2026-01-06 02:08:26.615 21861-21877 BluetoothGatt           com.gap.droid                        D  onSearchComplete() = Device=7B:10:7A:BE:6C:32 Status=0
2026-01-06 02:08:26.615 21861-21877 BluetoothG...entManager com.gap.droid                        D  Client: Updated device connection with characteristic for 7B:10:7A:BE:6C:32
2026-01-06 02:08:26.615 21861-21877 BluetoothGatt           com.gap.droid                        D  setCharacteristicNotification() - uuid: a1b2c3d4-e5f6-4a5b-8c9d-0e1f2a3b4c5d enable: true
2026-01-06 02:08:26.625 21861-22283 EncryptionService       com.gap.droid                        D  ✅ Generated Ed25519 signature (64 bytes)
2026-01-06 02:08:26.625 21861-22283 BluetoothMeshService    com.gap.droid                        D  ✅ Signed packet type 2 (signature 64 bytes)
2026-01-06 02:08:26.625 21861-22283 FragmentManager         com.gap.droid                        D  🔀 Creating fragments for packet type 2, payload: 3 bytes
2026-01-06 02:08:26.625 21861-22283 FragmentManager         com.gap.droid                        D  📦 Encoded to 256 bytes
2026-01-06 02:08:26.625 21861-22283 FragmentManager         com.gap.droid                        D  📏 Unpadded to 97 bytes
2026-01-06 02:08:26.627 21861-21886 BluetoothP...roadcaster com.gap.droid                        I  Broadcasting packet type 2 to 0 server + 1 client connections
2026-01-06 02:08:26.694 21861-21861 Choreographer           com.gap.droid                        I  Skipped 1 frames!  The application may be doing too much work on its main thread.
2026-01-06 02:08:26.820 21861-21886 BluetoothG...entManager com.gap.droid                        I  Client: Connection setup complete for 7B:10:7A:BE:6C:32
2026-01-06 02:08:26.821 21861-22283 BluetoothMeshService    com.gap.droid                        D  Device connected: 7B:10:7A:BE:6C:32; scheduling announce
2026-01-06 02:08:27.023 21861-22283 BluetoothMeshService    com.gap.droid                        D  Sending broadcast announce
2026-01-06 02:08:27.056 21861-22283 EncryptionService       com.gap.droid                        D  ✅ Generated Ed25519 signature (64 bytes)
2026-01-06 02:08:27.057 21861-22283 FragmentManager         com.gap.droid                        D  🔀 Creating fragments for packet type 1, payload: 78 bytes
2026-01-06 02:08:27.057 21861-22283 FragmentManager         com.gap.droid                        D  📦 Encoded to 256 bytes
2026-01-06 02:08:27.058 21861-22283 FragmentManager         com.gap.droid                        D  📏 Unpadded to 164 bytes
2026-01-06 02:08:27.059 21861-22283 BluetoothMeshService    com.gap.droid                        D  Sent iOS-compatible signed TLV announce (78 bytes)
2026-01-06 02:08:27.061 21861-21886 BluetoothP...roadcaster com.gap.droid                        I  Broadcasting packet type 1 to 0 server + 1 client connections
2026-01-06 02:08:27.064 21861-21877 BluetoothG...entManager com.gap.droid                        I  Client: Received packet from 7B:10:7A:BE:6C:32, size: 164 bytes
2026-01-06 02:08:27.065 21861-21877 BluetoothG...entManager com.gap.droid                        D  Client: Parsed packet type 1 from 09846e8292f371d7
2026-01-06 02:08:27.066 21861-21877 BluetoothC...ionManager com.gap.droid                        D  onPacketReceived: Packet received from 7B:10:7A:BE:6C:32 (09846e8292f371d7)
2026-01-06 02:08:27.067 21861-21877 PacketProcessor         com.gap.droid                        D  processPacket 1
2026-01-06 02:08:27.069 21861-22283 PacketProcessor         com.gap.droid                        D  📦 Processing packet type 1 from 09846e8292f371d7 (anon8764) (serialized)
2026-01-06 02:08:27.130 21861-22283 EncryptionService       com.gap.droid                        D  ✅ Ed25519 signature verification: true
2026-01-06 02:08:27.130 21861-22283 SecurityManager         com.gap.droid                        D  Packet validation passed for 09846e8292f371d7, messageID: 1767683307161-09846e8292f371d7-35770115
2026-01-06 02:08:27.130 21861-22283 PacketProcessor         com.gap.droid                        D  Processing packet type ANNOUNCE from 09846e8292f371d7 (anon8764)
2026-01-06 02:08:27.130 21861-22283 PacketProcessor         com.gap.droid                        D  Processing announce from 09846e8292f371d7 (anon8764)
2026-01-06 02:08:27.131 21861-22283 PacketRelayManager      com.gap.droid                        D  Evaluating relay for packet type 1 from 09846e8292f371d7 (TTL: 7)
2026-01-06 02:08:27.132 21861-22283 PacketRelayManager      com.gap.droid                        D  Decremented TTL from 7 to 6
2026-01-06 02:08:27.132 21861-22283 PacketRelayManager      com.gap.droid                        D  High TTL (6), relaying
2026-01-06 02:08:27.132 21861-22283 PacketRelayManager      com.gap.droid                        D  🔄 Relaying packet type 1 with TTL 6
2026-01-06 02:08:27.132 21861-22283 FragmentManager         com.gap.droid                        D  🔀 Creating fragments for packet type 1, payload: 78 bytes
2026-01-06 02:08:27.132 21861-22283 FragmentManager         com.gap.droid                        D  📦 Encoded to 256 bytes
2026-01-06 02:08:27.132 21861-22283 FragmentManager         com.gap.droid                        D  📏 Unpadded to 164 bytes
2026-01-06 02:08:27.133 21861-22283 PacketProcessor         com.gap.droid                        D  Completed packet type 1 from 09846e8292f371d7 (anon8764)
2026-01-06 02:08:27.135 21861-21886 BluetoothP...roadcaster com.gap.droid                        I  Broadcasting packet type 1 to 0 server + 1 client connections
2026-01-06 02:08:27.135 21861-21886 BluetoothP...roadcaster com.gap.droid                        D  Skipping broadcast to server back to relayer: 7B:10:7A:BE:6C:32
2026-01-06 02:08:27.137 21861-21877 BluetoothGattServer     com.gap.droid                        D  onConnectionUpdated() - Device=7B:10:7A:BE:6C:32 interval=39 latency=0 timeout=500 status=0
2026-01-06 02:08:27.137 21861-21907 BluetoothGatt           com.gap.droid                        D  onConnectionUpdated() - Device=7B:10:7A:BE:6C:32 interval=39 latency=0 timeout=500 status=0
2026-01-06 02:08:27.201 21861-21887 EncryptionService       com.gap.droid                        D  ✅ Ed25519 signature verification: true
2026-01-06 02:08:27.205 21861-21887 MessageHandler          com.gap.droid                        D  ✅ Verified announce from 09846e8292f371d7: nickname=anon8764, noisePublicKey=88e0f4b832401d26..., signingPublicKey=fc80f64988c7e571...
2026-01-06 02:08:27.205 21861-21887 PeerManager             com.gap.droid                        D  🔄 Updated verified peer: anon8764 (09846e8292f371d7)
2026-01-06 02:08:27.206 21861-21887 BluetoothMeshService    com.gap.droid                        D  Updating peer ID binding: 09846e8292f371d7 (was: null) with nickname: anon8764 and public key: 88e0f4b832401d26...
2026-01-06 02:08:27.207 21861-21887 PeerManager             com.gap.droid                        D  Updated peer: 09846e8292f371d7 (anon8764)
2026-01-06 02:08:27.209 21861-21887 PeerFingerprintManager  com.gap.droid                        D  Stored fingerprint for peer 09846e8292f371d7: 09846e8292f371d7...
2026-01-06 02:08:27.211 21861-21887 BluetoothMeshService    com.gap.droid                        D  Updated peer ID binding: 09846e8292f371d7 (was: null), fingerprint: 09846e8292f371d7...
2026-01-06 02:08:27.212 21861-21887 MessageHandler          com.gap.droid                        D  ✅ Processed verified TLV announce: stored identity for 09846e8292f371d7
2026-01-06 02:08:27.212 21861-21887 BluetoothMeshService    com.gap.droid                        D  Mapped device 7B:10:7A:BE:6C:32 to peer 09846e8292f371d7 on FIRST-ANNOUNCE for this connection
2026-01-06 02:08:28.218 21861-21887 GossipSyncManager       com.gap.droid                        D  Sending sync request to 09846e8292f371d7 (18 bytes)
2026-01-06 02:08:28.228 21861-21907 BluetoothGattServer     com.gap.droid                        D  onPhyUpdate() - device=7B:10:7A:BE:6C:32, txPHy=2, rxPHy=2
2026-01-06 02:08:28.228 21861-21877 BluetoothGatt           com.gap.droid                        D  onPhyUpdate() - status=0 address=7B:10:7A:BE:6C:32 txPhy=2 rxPhy=2
2026-01-06 02:08:28.232 21861-21887 EncryptionService       com.gap.droid                        D  ✅ Generated Ed25519 signature (64 bytes)
2026-01-06 02:08:28.232 21861-21887 BluetoothMeshService    com.gap.droid                        D  ✅ Signed packet type 33 (signature 64 bytes)
2026-01-06 02:08:28.320 21861-21877 BluetoothGattServer     com.gap.droid                        D  onMtuChanged() - device=7B:10:7A:BE:6C:32, mtu=517
2026-01-06 02:08:28.763 21861-21887 NostrRelayManager       com.gap.droid                        W  ⚠️ Subscription inconsistencies detected: [Relay wss://shu04.shugur.net has extra subscriptions: [geohash-ttt], Relay wss://nostr-relayrs.gateway.in.th has extra subscriptions: [geohash-ttt]]
2026-01-06 02:08:29.070 21861-21907 BluetoothGatt           com.gap.droid                        D  onPhyUpdate() - status=0 address=7B:10:7A:BE:6C:32 txPhy=2 rxPhy=2
2026-01-06 02:08:29.070 21861-21877 BluetoothGattServer     com.gap.droid                        D  onPhyUpdate() - device=7B:10:7A:BE:6C:32, txPHy=2, rxPHy=2
2026-01-06 02:08:29.132 21861-21861 ColorViewRootUtil       com.gap.droid                        D  initSwipState, isDisplayCompatApp false
2026-01-06 02:08:29.133 21861-21861 ColorViewRootUtil       com.gap.droid                        D  updateScreenSize, mScreenHeight 1600,mScreenWidth:720,height:1600,width:720
2026-01-06 02:08:29.161 21861-21907 BluetoothGattServer     com.gap.droid                        D  onMtuChanged() - device=7B:10:7A:BE:6C:32, mtu=517
2026-01-06 02:08:29.421 21861-21887 BluetoothG...entManager com.gap.droid                        D  Requesting RSSI from 7B:10:7A:BE:6C:32
2026-01-06 02:08:29.422 21861-21887 BluetoothGatt           com.gap.droid                        D  readRssi() - device: 7B:10:7A:BE:6C:32
2026-01-06 02:08:29.431 21861-21907 BluetoothG...entManager com.gap.droid                        D  Client: RSSI updated for 7B:10:7A:BE:6C:32: -43 dBm
2026-01-06 02:08:29.732 21861-21907 BluetoothG...verManager com.gap.droid                        D  Server: Connection setup complete for 7B:10:7A:BE:6C:32
2026-01-06 02:08:29.793 21861-21907 BluetoothG...verManager com.gap.droid                        I  Server: Received packet from 7B:10:7A:BE:6C:32, size: 99 bytes
2026-01-06 02:08:29.794 21861-21907 BluetoothG...verManager com.gap.droid                        D  Server: Parsed packet type 32 from 09846e8292f371d7
2026-01-06 02:08:29.794 21861-21907 BluetoothC...ionManager com.gap.droid                        D  onPacketReceived: Packet received from 7B:10:7A:BE:6C:32 (09846e8292f371d7)
2026-01-06 02:08:29.794 21861-21907 PacketProcessor         com.gap.droid                        D  processPacket 32
2026-01-06 02:08:29.795 21861-21907 BluetoothG...verManager com.gap.droid                        I  Server: Received packet from 7B:10:7A:BE:6C:32, size: 99 bytes
2026-01-06 02:08:29.796 21861-21907 BluetoothG...verManager com.gap.droid                        D  Server: Parsed packet type 32 from 09846e8292f371d7
2026-01-06 02:08:29.796 21861-21907 BluetoothC...ionManager com.gap.droid                        D  onPacketReceived: Packet received from 7B:10:7A:BE:6C:32 (09846e8292f371d7)
2026-01-06 02:08:29.796 21861-21886 PacketProcessor         com.gap.droid                        D  📦 Processing packet type 32 from 09846e8292f371d7 (anon8764) (serialized)
2026-01-06 02:08:29.796 21861-21907 PacketProcessor         com.gap.droid                        D  processPacket 32
2026-01-06 02:08:29.796 21861-21886 SecurityManager         com.gap.droid                        D  Packet validation passed for 09846e8292f371d7, messageID: 1767683309715-09846e8292f371d7-32--725796445
2026-01-06 02:08:29.796 21861-21886 PacketProcessor         com.gap.droid                        D  Processing packet type FRAGMENT from 09846e8292f371d7 (anon8764)
2026-01-06 02:08:29.797 21861-21886 PacketProcessor         com.gap.droid                        D  Processing fragment from 09846e8292f371d7 (anon8764)
2026-01-06 02:08:29.797 21861-21907 BluetoothG...verManager com.gap.droid                        I  Server: Received packet from 7B:10:7A:BE:6C:32, size: 81 bytes
2026-01-06 02:08:29.797 21861-21907 BluetoothG...verManager com.gap.droid                        D  Server: Parsed packet type 32 from 09846e8292f371d7
2026-01-06 02:08:29.798 21861-21886 FragmentManager         com.gap.droid                        D  Received fragment 0/3 for fragmentID: 3ee35ae906ebcb84, originalType: 1
2026-01-06 02:08:29.798 21861-21907 BluetoothC...ionManager com.gap.droid                        D  onPacketReceived: Packet received from 7B:10:7A:BE:6C:32 (09846e8292f371d7)
2026-01-06 02:08:29.798 21861-21886 FragmentManager         com.gap.droid                        D  Fragment 0 stored, have 1/3 fragments for 3ee35ae906ebcb84
2026-01-06 02:08:29.798 21861-21886 PacketRelayManager      com.gap.droid                        D  Evaluating relay for packet type 32 from 09846e8292f371d7 (TTL: 7)
2026-01-06 02:08:29.798 21861-21907 PacketProcessor         com.gap.droid                        D  processPacket 32
2026-01-06 02:08:29.798 21861-21886 PacketRelayManager      com.gap.droid                        D  Decremented TTL from 7 to 6
2026-01-06 02:08:29.798 21861-21886 PacketRelayManager      com.gap.droid                        D  High TTL (6), relaying
2026-01-06 02:08:29.798 21861-21886 PacketRelayManager      com.gap.droid                        D  🔄 Relaying packet type 32 with TTL 6
2026-01-06 02:08:29.798 21861-21886 FragmentManager         com.gap.droid                        D  🔀 Creating fragments for packet type 32, payload: 77 bytes
2026-01-06 02:08:29.798 21861-21886 FragmentManager         com.gap.droid                        D  📦 Encoded to 256 bytes
2026-01-06 02:08:29.798 21861-21886 FragmentManager         com.gap.droid                        D  📏 Unpadded to 99 bytes
2026-01-06 02:08:29.799 21861-21907 BluetoothG...verManager com.gap.droid                        I  Server: Received packet from 7B:10:7A:BE:6C:32, size: 99 bytes
2026-01-06 02:08:29.799 21861-21886 PacketProcessor         com.gap.droid                        D  Completed packet type 32 from 09846e8292f371d7 (anon8764)
2026-01-06 02:08:29.799 21861-21886 PacketProcessor         com.gap.droid                        D  📦 Processing packet type 32 from 09846e8292f371d7 (anon8764) (serialized)
2026-01-06 02:08:29.799 21861-21907 BluetoothG...verManager com.gap.droid                        D  Server: Parsed packet type 32 from 09846e8292f371d7
2026-01-06 02:08:29.799 21861-21886 SecurityManager         com.gap.droid                        D  Packet validation passed for 09846e8292f371d7, messageID: 1767683309715-09846e8292f371d7-32--921827156
2026-01-06 02:08:29.799 21861-21907 BluetoothC...ionManager com.gap.droid                        D  onPacketReceived: Packet received from 7B:10:7A:BE:6C:32 (09846e8292f371d7)
2026-01-06 02:08:29.799 21861-21886 PacketProcessor         com.gap.droid                        D  Processing packet type FRAGMENT from 09846e8292f371d7 (anon8764)
2026-01-06 02:08:29.800 21861-21886 PacketProcessor         com.gap.droid                        D  Processing fragment from 09846e8292f371d7 (anon8764)
2026-01-06 02:08:29.800 21861-21907 PacketProcessor         com.gap.droid                        D  processPacket 32
2026-01-06 02:08:29.800 21861-21887 BluetoothP...roadcaster com.gap.droid                        I  Broadcasting packet type 32 to 1 server + 1 client connections
2026-01-06 02:08:29.800 21861-21886 FragmentManager         com.gap.droid                        D  Received fragment 1/3 for fragmentID: 3ee35ae906ebcb84, originalType: 1
2026-01-06 02:08:29.800 21861-21886 FragmentManager         com.gap.droid                        D  Fragment 1 stored, have 2/3 fragments for 3ee35ae906ebcb84
2026-01-06 02:08:29.800 21861-21887 BluetoothP...roadcaster com.gap.droid                        D  Skipping broadcast to client back to relayer: 7B:10:7A:BE:6C:32
2026-01-06 02:08:29.800 21861-21886 PacketRelayManager      com.gap.droid                        D  Evaluating relay for packet type 32 from 09846e8292f371d7 (TTL: 7)
2026-01-06 02:08:29.800 21861-21887 BluetoothP...roadcaster com.gap.droid                        D  Skipping broadcast to server back to relayer: 7B:10:7A:BE:6C:32
2026-01-06 02:08:29.800 21861-21886 PacketRelayManager      com.gap.droid                        D  Decremented TTL from 7 to 6
2026-01-06 02:08:29.800 21861-21886 PacketRelayManager      com.gap.droid                        D  High TTL (6), relaying
2026-01-06 02:08:29.800 21861-21886 PacketRelayManager      com.gap.droid                        D  🔄 Relaying packet type 32 with TTL 6
2026-01-06 02:08:29.800 21861-21886 FragmentManager         com.gap.droid                        D  🔀 Creating fragments for packet type 32, payload: 77 bytes
2026-01-06 02:08:29.801 21861-21907 BluetoothG...verManager com.gap.droid                        I  Server: Received packet from 7B:10:7A:BE:6C:32, size: 99 bytes
2026-01-06 02:08:29.801 21861-21886 FragmentManager         com.gap.droid                        D  📦 Encoded to 256 bytes
2026-01-06 02:08:29.801 21861-21886 FragmentManager         com.gap.droid                        D  📏 Unpadded to 99 bytes
2026-01-06 02:08:29.801 21861-21907 BluetoothG...verManager com.gap.droid                        D  Server: Parsed packet type 32 from 09846e8292f371d7
2026-01-06 02:08:29.801 21861-21907 BluetoothC...ionManager com.gap.droid                        D  onPacketReceived: Packet received from 7B:10:7A:BE:6C:32 (09846e8292f371d7)
2026-01-06 02:08:29.801 21861-21886 PacketProcessor         com.gap.droid                        D  Completed packet type 32 from 09846e8292f371d7 (anon8764)
2026-01-06 02:08:29.801 21861-21886 PacketProcessor         com.gap.droid                        D  📦 Processing packet type 32 from 09846e8292f371d7 (anon8764) (serialized)
2026-01-06 02:08:29.801 21861-21907 PacketProcessor         com.gap.droid                        D  processPacket 32
2026-01-06 02:08:29.802 21861-21886 SecurityManager         com.gap.droid                        D  Packet validation passed for 09846e8292f371d7, messageID: 1767683309715-09846e8292f371d7-32-941782462
2026-01-06 02:08:29.802 21861-21886 PacketProcessor         com.gap.droid                        D  Processing packet type FRAGMENT from 09846e8292f371d7 (anon8764)
2026-01-06 02:08:29.802 21861-21886 PacketProcessor         com.gap.droid                        D  Processing fragment from 09846e8292f371d7 (anon8764)
2026-01-06 02:08:29.802 21861-21886 FragmentManager         com.gap.droid                        D  Received fragment 2/3 for fragmentID: 3ee35ae906ebcb84, originalType: 1
2026-01-06 02:08:29.802 21861-21907 BluetoothG...verManager com.gap.droid                        I  Server: Received packet from 7B:10:7A:BE:6C:32, size: 81 bytes
2026-01-06 02:08:29.802 21861-21886 FragmentManager         com.gap.droid                        D  All fragments received for 3ee35ae906ebcb84, reassembling...
2026-01-06 02:08:29.803 21861-21907 BluetoothG...verManager com.gap.droid                        D  Server: Parsed packet type 32 from 09846e8292f371d7
2026-01-06 02:08:29.803 21861-21907 BluetoothC...ionManager com.gap.droid                        D  onPacketReceived: Packet received from 7B:10:7A:BE:6C:32 (09846e8292f371d7)
2026-01-06 02:08:29.803 21861-21895 BluetoothP...roadcaster com.gap.droid                        I  Broadcasting packet type 32 to 1 server + 1 client connections
2026-01-06 02:08:29.803 21861-21895 BluetoothP...roadcaster com.gap.droid                        D  Skipping broadcast to client back to relayer: 7B:10:7A:BE:6C:32
2026-01-06 02:08:29.803 21861-21895 BluetoothP...roadcaster com.gap.droid                        D  Skipping broadcast to server back to relayer: 7B:10:7A:BE:6C:32
2026-01-06 02:08:29.803 21861-21907 PacketProcessor         com.gap.droid                        D  processPacket 32
2026-01-06 02:08:29.804 21861-21886 FragmentManager         com.gap.droid                        D  Successfully reassembled original (174 bytes); set TTL=0 to suppress relay
2026-01-06 02:08:29.804 21861-21886 PacketProcessor         com.gap.droid                        D  Fragment reassembled, processing complete message
2026-01-06 02:08:29.834 21861-21886 EncryptionService       com.gap.droid                        D  ✅ Ed25519 signature verification: true
2026-01-06 02:08:29.834 21861-21886 SecurityManager         com.gap.droid                        D  Packet validation passed for 09846e8292f371d7, messageID: 1767683309715-09846e8292f371d7-35770115
2026-01-06 02:08:29.834 21861-21886 PacketProcessor         com.gap.droid                        D  Processing packet type ANNOUNCE from 09846e8292f371d7 (anon8764)
2026-01-06 02:08:29.834 21861-21886 PacketProcessor         com.gap.droid                        D  Processing announce from 09846e8292f371d7 (anon8764)
2026-01-06 02:08:29.835 21861-21886 PacketRelayManager      com.gap.droid                        D  Evaluating relay for packet type 1 from 09846e8292f371d7 (TTL: 0)
2026-01-06 02:08:29.835 21861-21886 PacketRelayManager      com.gap.droid                        D  TTL expired, not relaying packet
2026-01-06 02:08:29.835 21861-21886 PacketRelayManager      com.gap.droid                        D  Evaluating relay for packet type 32 from 09846e8292f371d7 (TTL: 7)
2026-01-06 02:08:29.835 21861-21886 PacketRelayManager      com.gap.droid                        D  Decremented TTL from 7 to 6
2026-01-06 02:08:29.835 21861-21895 BluetoothMeshService    com.gap.droid                        D  Device connected: 7B:10:7A:BE:6C:32; scheduling announce
2026-01-06 02:08:29.835 21861-21886 PacketRelayManager      com.gap.droid                        D  High TTL (6), relaying
2026-01-06 02:08:29.835 21861-21886 PacketRelayManager      com.gap.droid                        D  🔄 Relaying packet type 32 with TTL 6
2026-01-06 02:08:29.836 21861-21886 FragmentManager         com.gap.droid                        D  🔀 Creating fragments for packet type 32, payload: 59 bytes
2026-01-06 02:08:29.836 21861-21886 FragmentManager         com.gap.droid                        D  📦 Encoded to 256 bytes
2026-01-06 02:08:29.836 21861-21886 FragmentManager         com.gap.droid                        D  📏 Unpadded to 81 bytes
2026-01-06 02:08:29.836 21861-21886 PacketProcessor         com.gap.droid                        D  Completed packet type 32 from 09846e8292f371d7 (anon8764)
2026-01-06 02:08:29.837 21861-21886 PacketProcessor         com.gap.droid                        D  📦 Processing packet type 32 from 09846e8292f371d7 (anon8764) (serialized)
2026-01-06 02:08:29.837 21861-21886 SecurityManager         com.gap.droid                        D  Packet validation passed for 09846e8292f371d7, messageID: 1767683309874-09846e8292f371d7-32--1395593146
2026-01-06 02:08:29.837 21861-21886 PacketProcessor         com.gap.droid                        D  Processing packet type FRAGMENT from 09846e8292f371d7 (anon8764)
2026-01-06 02:08:29.837 21861-21886 PacketProcessor         com.gap.droid                        D  Processing fragment from 09846e8292f371d7 (anon8764)
2026-01-06 02:08:29.838 21861-21886 FragmentManager         com.gap.droid                        D  Received fragment 0/3 for fragmentID: 5cabb853e8bae499, originalType: 1
2026-01-06 02:08:29.838 21861-21886 FragmentManager         com.gap.droid                        D  Fragment 0 stored, have 1/3 fragments for 5cabb853e8bae499
2026-01-06 02:08:29.838 21861-21886 PacketRelayManager      com.gap.droid                        D  Evaluating relay for packet type 32 from 09846e8292f371d7 (TTL: 7)
2026-01-06 02:08:29.838 21861-21886 PacketRelayManager      com.gap.droid                        D  Decremented TTL from 7 to 6
2026-01-06 02:08:29.838 21861-21886 PacketRelayManager      com.gap.droid                        D  High TTL (6), relaying
2026-01-06 02:08:29.838 21861-21886 PacketRelayManager      com.gap.droid                        D  🔄 Relaying packet type 32 with TTL 6
2026-01-06 02:08:29.838 21861-21895 BluetoothP...roadcaster com.gap.droid                        I  Broadcasting packet type 32 to 1 server + 1 client connections
2026-01-06 02:08:29.838 21861-21886 FragmentManager         com.gap.droid                        D  🔀 Creating fragments for packet type 32, payload: 77 bytes
2026-01-06 02:08:29.838 21861-21895 BluetoothP...roadcaster com.gap.droid                        D  Skipping broadcast to client back to relayer: 7B:10:7A:BE:6C:32
2026-01-06 02:08:29.838 21861-21895 BluetoothP...roadcaster com.gap.droid                        D  Skipping broadcast to server back to relayer: 7B:10:7A:BE:6C:32
2026-01-06 02:08:29.838 21861-21886 FragmentManager         com.gap.droid                        D  📦 Encoded to 256 bytes
2026-01-06 02:08:29.838 21861-21886 FragmentManager         com.gap.droid                        D  📏 Unpadded to 99 bytes
2026-01-06 02:08:29.839 21861-21886 PacketProcessor         com.gap.droid                        D  Completed packet type 32 from 09846e8292f371d7 (anon8764)
2026-01-06 02:08:29.839 21861-21886 PacketProcessor         com.gap.droid                        D  📦 Processing packet type 32 from 09846e8292f371d7 (anon8764) (serialized)
2026-01-06 02:08:29.840 21861-21886 SecurityManager         com.gap.droid                        D  Packet validation passed for 09846e8292f371d7, messageID: 1767683309874-09846e8292f371d7-32-1568860112
