2026-01-06 00:28:29.177  9535-9845  NostrRelayManager       com.gap.droid                        V  End of stored events for subscription: geohash-wwe\
2026-01-06 00:28:29.178  9535-9845  NostrRelayManager       com.gap.droid                        V  End of stored events for subscription: geo-dm-wwe\
2026-01-06 00:28:29.959  9535-9581  BluetoothG...verManager com.gap.droid                        I  Server: Received packet from 75:74:FB:47:26:77, size: 107 bytes\
2026-01-06 00:28:29.960  9535-9581  BluetoothG...verManager com.gap.droid                        D  Server: Parsed packet type 33 from 09846e8292f371d7\
2026-01-06 00:28:29.960  9535-9581  BluetoothC...ionManager com.gap.droid                        D  onPacketReceived: Packet received from 75:74:FB:47:26:77 (09846e8292f371d7)\
2026-01-06 00:28:29.960  9535-9581  PacketProcessor         com.gap.droid                        D  processPacket 33\
2026-01-06 00:28:29.961  9535-9839  PacketProcessor         com.gap.droid                        D  \uc0\u55357 \u56550  Processing packet type 33 from 09846e8292f371d7 (anon8764) (serialized)\
2026-01-06 00:28:29.961  9535-9839  SecurityManager         com.gap.droid                        D  Packet validation passed for 09846e8292f371d7, messageID: 1767677310055-09846e8292f371d7-1828575142\
2026-01-06 00:28:29.961  9535-9839  PacketProcessor         com.gap.droid                        D  Processing packet type REQUEST_SYNC from 09846e8292f371d7 (anon8764)\
2026-01-06 00:28:29.961  9535-9839  PacketProcessor         com.gap.droid                        D  Processing REQUEST_SYNC from 09846e8292f371d7 (anon8764)\
2026-01-06 00:28:29.962  9535-9839  PacketRelayManager      com.gap.droid                        D  Evaluating relay for packet type 33 from 09846e8292f371d7 (TTL: 0)\
2026-01-06 00:28:29.962  9535-9839  PacketRelayManager      com.gap.droid                        D  TTL expired, not relaying packet\
2026-01-06 00:28:29.962  9535-9839  PacketProcessor         com.gap.droid                        D  Completed packet type 33 from 09846e8292f371d7 (anon8764)\
2026-01-06 00:28:29.989  9535-9581  BluetoothG...verManager com.gap.droid                        I  Server: Received packet from 75:74:FB:47:26:77, size: 104 bytes\
2026-01-06 00:28:29.990  9535-9581  BluetoothG...verManager com.gap.droid                        D  Server: Parsed packet type 33 from 09846e8292f371d7\
2026-01-06 00:28:29.990  9535-9581  BluetoothC...ionManager com.gap.droid                        D  onPacketReceived: Packet received from 75:74:FB:47:26:77 (09846e8292f371d7)\
2026-01-06 00:28:29.990  9535-9581  PacketProcessor         com.gap.droid                        D  processPacket 33\
2026-01-06 00:28:29.990  9535-9581  BluetoothG...verManager com.gap.droid                        I  Server: Received packet from 75:74:FB:47:26:77, size: 104 bytes\
2026-01-06 00:28:29.991  9535-9581  BluetoothG...verManager com.gap.droid                        D  Server: Parsed packet type 33 from 09846e8292f371d7\
2026-01-06 00:28:29.991  9535-9839  PacketProcessor         com.gap.droid                        D  \uc0\u55357 \u56550  Processing packet type 33 from 09846e8292f371d7 (anon8764) (serialized)\
2026-01-06 00:28:29.991  9535-9581  BluetoothC...ionManager com.gap.droid                        D  onPacketReceived: Packet received from 75:74:FB:47:26:77 (09846e8292f371d7)\
2026-01-06 00:28:29.991  9535-9581  PacketProcessor         com.gap.droid                        D  processPacket 33\
2026-01-06 00:28:29.991  9535-9839  SecurityManager         com.gap.droid                        D  Packet validation passed for 09846e8292f371d7, messageID: 1767677310056-09846e8292f371d7--773463395\
2026-01-06 00:28:29.991  9535-9839  PacketProcessor         com.gap.droid                        D  Processing packet type REQUEST_SYNC from 09846e8292f371d7 (anon8764)\
2026-01-06 00:28:29.991  9535-9839  PacketProcessor         com.gap.droid                        D  Processing REQUEST_SYNC from 09846e8292f371d7 (anon8764)\
2026-01-06 00:28:29.993  9535-9839  GossipSyncManager       com.gap.droid                        D  Sent sync announce: Type 1 from 04f4812dfdeb3635 to 09846e8292f371d7 packet id 06c76fd4908fbfdc60992de1f3bcd449\
2026-01-06 00:28:29.995  9535-9839  GossipSyncManager       com.gap.droid                        D  Sent sync announce: Type 1 from 09846e8292f371d7 to 09846e8292f371d7 packet id 0139298b1f1fa25e99b0f8cc57be3538\
2026-01-06 00:28:29.995  9535-9839  PacketRelayManager      com.gap.droid                        D  Evaluating relay for packet type 33 from 09846e8292f371d7 (TTL: 0)\
2026-01-06 00:28:29.996  9535-9839  PacketRelayManager      com.gap.droid                        D  TTL expired, not relaying packet\
2026-01-06 00:28:29.996  9535-9839  PacketProcessor         com.gap.droid                        D  Completed packet type 33 from 09846e8292f371d7 (anon8764)\
2026-01-06 00:28:29.996  9535-9839  PacketProcessor         com.gap.droid                        D  \uc0\u55357 \u56550  Processing packet type 33 from 09846e8292f371d7 (anon8764) (serialized)\
2026-01-06 00:28:29.996  9535-9839  SecurityManager         com.gap.droid                        D  Packet validation passed for 09846e8292f371d7, messageID: 1767677310060-09846e8292f371d7--773463555\
2026-01-06 00:28:29.996  9535-9839  PacketProcessor         com.gap.droid                        D  Processing packet type REQUEST_SYNC from 09846e8292f371d7 (anon8764)\
2026-01-06 00:28:29.996  9535-9839  PacketProcessor         com.gap.droid                        D  Processing REQUEST_SYNC from 09846e8292f371d7 (anon8764)\
2026-01-06 00:28:29.999  9535-9839  GossipSyncManager       com.gap.droid                        D  Sent sync announce: Type 1 from 04f4812dfdeb3635 to 09846e8292f371d7 packet id 06c76fd4908fbfdc60992de1f3bcd449\
2026-01-06 00:28:30.001  9535-9839  GossipSyncManager       com.gap.droid                        D  Sent sync announce: Type 1 from 09846e8292f371d7 to 09846e8292f371d7 packet id 0139298b1f1fa25e99b0f8cc57be3538\
2026-01-06 00:28:30.001  9535-9839  PacketRelayManager      com.gap.droid                        D  Evaluating relay for packet type 33 from 09846e8292f371d7 (TTL: 0)\
2026-01-06 00:28:30.001  9535-9839  PacketRelayManager      com.gap.droid                        D  TTL expired, not relaying packet\
2026-01-06 00:28:30.001  9535-9839  PacketProcessor         com.gap.droid                        D  Completed packet type 33 from 09846e8292f371d7 (anon8764)\
2026-01-06 00:28:30.343  9535-9535  Choreographer           com.gap.droid                        I  Skipped 2 frames!  The application may be doing too much work on its main thread.\
2026-01-06 00:28:30.382  9535-9535  NostrRelayManager       com.gap.droid                        I  \uc0\u55356 \u57104  Geohash wwe using 5 relays: wss://nostr.jerrynya.fun, wss://dev-nostr.bityacht.io, wss://nostr.camalolo.com, wss://relay.comcomponent.com, wss://relay.nostr.wirednet.jp\
2026-01-06 00:28:30.382  9535-9535  NostrRelayManager       com.gap.droid                        V  \uc0\u55357 \u56548  Sending event kind=20000 to 5 relays for geohash=wwe\
2026-01-06 00:28:30.385  9535-9535  Choreographer           com.gap.droid                        I  Skipped 2 frames!  The application may be doing too much work on its main thread.\
2026-01-06 00:28:30.388  9535-9561  NostrRelayManager       com.gap.droid                        V  \uc0\u55357 \u56589  DEBUG JSON: ["EVENT",\{"a":"a2dfc03a1258519b6f4dd4c232b3d535187e4a8378e9fc52822814b1521d9227","b":"9677eb4a9aab8082d25e14c890407c9ed20c60b8c649cd1d08982eed18b31828","created_at":1767677310,"d":20000,"e":[["g","wwe"],["n","anon9120"]],"f":"test","g":"3217ba6f15e03aeeb05aed61e17aa8da0875cf09cfa73214d9c824d721e94429b708f1d3c950a1dd7dca38e691b9acafb09eb9ec327f4e0bcc54b6c0e9d56145"\}]\
2026-01-06 00:28:30.388  9535-9561  NostrRelayManager       com.gap.droid                        V  \uc0\u55357 \u56548  Sending Nostr event (kind: 20000, id=a2dfc03a1258519b...) to relay: wss://nostr.jerrynya.fun\
2026-01-06 00:28:30.389  9535-9561  NostrRelayManager       com.gap.droid                        V  \uc0\u55357 \u56589  DEBUG JSON: ["EVENT",\{"a":"a2dfc03a1258519b6f4dd4c232b3d535187e4a8378e9fc52822814b1521d9227","b":"9677eb4a9aab8082d25e14c890407c9ed20c60b8c649cd1d08982eed18b31828","created_at":1767677310,"d":20000,"e":[["g","wwe"],["n","anon9120"]],"f":"test","g":"3217ba6f15e03aeeb05aed61e17aa8da0875cf09cfa73214d9c824d721e94429b708f1d3c950a1dd7dca38e691b9acafb09eb9ec327f4e0bcc54b6c0e9d56145"\}]\
2026-01-06 00:28:30.389  9535-9561  NostrRelayManager       com.gap.droid                        V  \uc0\u55357 \u56548  Sending Nostr event (kind: 20000, id=a2dfc03a1258519b...) to relay: wss://dev-nostr.bityacht.io\
2026-01-06 00:28:30.390  9535-9561  NostrRelayManager       com.gap.droid                        V  \uc0\u55357 \u56589  DEBUG JSON: ["EVENT",\{"a":"a2dfc03a1258519b6f4dd4c232b3d535187e4a8378e9fc52822814b1521d9227","b":"9677eb4a9aab8082d25e14c890407c9ed20c60b8c649cd1d08982eed18b31828","created_at":1767677310,"d":20000,"e":[["g","wwe"],["n","anon9120"]],"f":"test","g":"3217ba6f15e03aeeb05aed61e17aa8da0875cf09cfa73214d9c824d721e94429b708f1d3c950a1dd7dca38e691b9acafb09eb9ec327f4e0bcc54b6c0e9d56145"\}]\
2026-01-06 00:28:30.390  9535-9561  NostrRelayManager       com.gap.droid                        V  \uc0\u55357 \u56548  Sending Nostr event (kind: 20000, id=a2dfc03a1258519b...) to relay: wss://nostr.camalolo.com\
2026-01-06 00:28:30.390  9535-9561  NostrRelayManager       com.gap.droid                        V  \uc0\u55357 \u56589  DEBUG JSON: ["EVENT",\{"a":"a2dfc03a1258519b6f4dd4c232b3d535187e4a8378e9fc52822814b1521d9227","b":"9677eb4a9aab8082d25e14c890407c9ed20c60b8c649cd1d08982eed18b31828","created_at":1767677310,"d":20000,"e":[["g","wwe"],["n","anon9120"]],"f":"test","g":"3217ba6f15e03aeeb05aed61e17aa8da0875cf09cfa73214d9c824d721e94429b708f1d3c950a1dd7dca38e691b9acafb09eb9ec327f4e0bcc54b6c0e9d56145"\}]\
2026-01-06 00:28:30.391  9535-9561  NostrRelayManager       com.gap.droid                        V  \uc0\u55357 \u56548  Sending Nostr event (kind: 20000, id=a2dfc03a1258519b...) to relay: wss://relay.comcomponent.com\
2026-01-06 00:28:30.392  9535-9561  NostrRelayManager       com.gap.droid                        V  \uc0\u55357 \u56589  DEBUG JSON: ["EVENT",\{"a":"a2dfc03a1258519b6f4dd4c232b3d535187e4a8378e9fc52822814b1521d9227","b":"9677eb4a9aab8082d25e14c890407c9ed20c60b8c649cd1d08982eed18b31828","created_at":1767677310,"d":20000,"e":[["g","wwe"],["n","anon9120"]],"f":"test","g":"3217ba6f15e03aeeb05aed61e17aa8da0875cf09cfa73214d9c824d721e94429b708f1d3c950a1dd7dca38e691b9acafb09eb9ec327f4e0bcc54b6c0e9d56145"\}]\
2026-01-06 00:28:30.392  9535-9561  NostrRelayManager       com.gap.droid                        V  \uc0\u55357 \u56548  Sending Nostr event (kind: 20000, id=a2dfc03a1258519b...) to relay: wss://relay.nostr.wirednet.jp\
2026-01-06 00:28:30.450  9535-9541  com.gap.droid           com.gap.droid                        I  Compiler allocated 4312KB to compile void u6.j1.j(u6.f1, c2.o, int)\
2026-01-06 00:28:30.827  9535-9845  NostrRelayManager       com.gap.droid                        I  \uc0\u55357 \u56546  Notice from wss://nostr.camalolo.com: ERROR: bad msg: JSON object key "id" not found\
2026-01-06 00:28:31.282  9535-9843  NostrRelayManager       com.gap.droid                        I  \uc0\u55357 \u56546  Notice from wss://relay.nostr.wirednet.jp: ERROR: bad msg: JSON object key "id" not found\
2026-01-06 00:28:31.282  9535-9844  NostrRelayManager       com.gap.droid                        I  \uc0\u55357 \u56546  Notice from wss://relay.comcomponent.com: could not parse command\
2026-01-06 00:28:31.708  9535-9535  ColorViewRootUtil       com.gap.droid                        D  initSwipState, isDisplayCompatApp false\
2026-01-06 00:28:31.709  9535-9535  ColorViewRootUtil       com.gap.droid                        D  updateScreenSize, mScreenHeight 1600,mScreenWidth:720,height:1600,width:720\
2026-01-06 00:28:31.774  9535-9535  Choreographer           com.gap.droid                        I  Skipped 2 frames!  The application may be doing too much work on its main thread.\
2026-01-06 00:28:32.307  9535-9561  BluetoothG...entManager com.gap.droid                        D  Requesting RSSI from 75:74:FB:47:26:77\
2026-01-06 00:28:32.307  9535-9561  BluetoothGatt           com.gap.droid                        D  readRssi() - device: 75:74:FB:47:26:77\
2026-01-06 00:28:32.320  9535-9581  BluetoothG...entManager com.gap.droid                        D  Client: RSSI updated for 75:74:FB:47:26:77: -60 dBm\
2026-01-06 00:28:33.842  9535-9838  NostrRelayManager       com.gap.droid                        E  \uc0\u10060  WebSocket failure for wss://nostr.jerrynya.fun: Connect timed out\
2026-01-06 00:28:33.843  9535-9838  NostrRelayManager       com.gap.droid                        D  Scheduling reconnection to wss://nostr.jerrynya.fun in 1s (attempt 1)\
2026-01-06 00:28:33.869  9535-9842  NostrRelayManager       com.gap.droid                        E  \uc0\u10060  WebSocket failure for wss://dev-nostr.bityacht.io: Connect timed out\
2026-01-06 00:28:33.869  9535-9842  NostrRelayManager       com.gap.droid                        D  Scheduling reconnection to wss://dev-nostr.bityacht.io in 1s (attempt 1)\
2026-01-06 00:28:34.847  9535-9561  NostrRelayManager       com.gap.droid                        V  Attempting to connect to Nostr relay: wss://nostr.jerrynya.fun\
2026-01-06 00:28:34.856  9535-9842  System                  com.gap.droid                        W  ClassLoader referenced unknown path: system/framework/mediatek-cta.jar\
2026-01-06 00:28:34.862  9535-9812  ArtiNative              com.gap.droid                        I  Arti: SOCKS connection from: 127.0.0.1:60746\
2026-01-06 00:28:34.863  9535-9812  ArtiTorManager          com.gap.droid                        I  arti: SOCKS connection from: 127.0.0.1:60746\
2026-01-06 00:28:34.867  9535-9812  ArtiNative              com.gap.droid                        I  Arti: SOCKS5 CONNECT to nostr.jerrynya.fun:443\
2026-01-06 00:28:34.868  9535-9812  ArtiTorManager          com.gap.droid                        I  arti: SOCKS5 CONNECT to nostr.jerrynya.fun:443\
2026-01-06 00:28:34.871  9535-9561  NostrRelayManager       com.gap.droid                        V  Attempting to connect to Nostr relay: wss://dev-nostr.bityacht.io\
2026-01-06 00:28:34.876  9535-9881  System                  com.gap.droid                        W  ClassLoader referenced unknown path: system/framework/mediatek-cta.jar\
2026-01-06 00:28:34.880  9535-9814  ArtiNative              com.gap.droid                        I  Arti: SOCKS connection from: 127.0.0.1:60748\
2026-01-06 00:28:34.881  9535-9814  ArtiTorManager          com.gap.droid                        I  arti: SOCKS connection from: 127.0.0.1:60748\
2026-01-06 00:28:34.883  9535-9814  ArtiNative              com.gap.droid                        I  Arti: SOCKS5 CONNECT to dev-nostr.bityacht.io:443\
2026-01-06 00:28:34.884  9535-9814  ArtiTorManager          com.gap.droid                        I  arti: SOCKS5 CONNECT to dev-nostr.bityacht.io:443\
2026-01-06 00:28:35.450  9535-9581  BluetoothG...verManager com.gap.droid                        I  Server: Received packet from 75:74:FB:47:26:77, size: 174 bytes\
2026-01-06 00:28:35.452  9535-9581  BluetoothG...verManager com.gap.droid                        D  Server: Parsed packet type 1 from 09846e8292f371d7\
2026-01-06 00:28:35.452  9535-9581  BluetoothC...ionManager com.gap.droid                        D  onPacketReceived: Packet received from 75:74:FB:47:26:77 (09846e8292f371d7)\
2026-01-06 00:28:35.453  9535-9581  PacketProcessor         com.gap.droid                        D  processPacket 1\
2026-01-06 00:28:35.456  9535-9834  PacketProcessor         com.gap.droid                        D  \uc0\u55357 \u56550  Processing packet type 1 from 09846e8292f371d7 (anon8764) (serialized)\
2026-01-06 00:28:35.541  9535-9834  EncryptionService       com.gap.droid                        D  \uc0\u9989  Ed25519 signature verification: true\
2026-01-06 00:28:35.542  9535-9834  SecurityManager         com.gap.droid                        D  Packet validation passed for 09846e8292f371d7, messageID: 1767677315515-09846e8292f371d7-35770115\
2026-01-06 00:28:35.542  9535-9834  PacketProcessor         com.gap.droid                        D  Processing packet type ANNOUNCE from 09846e8292f371d7 (anon8764)\
2026-01-06 00:28:35.542  9535-9834  PacketProcessor         com.gap.droid                        D  Processing announce from 09846e8292f371d7 (anon8764)\
2026-01-06 00:28:35.544  9535-9834  PacketRelayManager      com.gap.droid                        D  Evaluating relay for packet type 1 from 09846e8292f371d7 (TTL: 7)\
2026-01-06 00:28:35.545  9535-9834  PacketRelayManager      com.gap.droid                        D  Decremented TTL from 7 to 6\
2026-01-06 00:28:35.545  9535-9834  PacketRelayManager      com.gap.droid                        D  High TTL (6), relaying\
2026-01-06 00:28:35.545  9535-9834  PacketRelayManager      com.gap.droid                        D  \uc0\u55357 \u56580  Relaying packet type 1 with TTL 6\
2026-01-06 00:28:35.545  9535-9834  FragmentManager         com.gap.droid                        D  \uc0\u55357 \u56576  Creating fragments for packet type 1, payload: 88 bytes\
2026-01-06 00:28:35.546  9535-9834  FragmentManager         com.gap.droid                        D  \uc0\u55357 \u56550  Encoded to 256 bytes\
2026-01-06 00:28:35.546  9535-9834  FragmentManager         com.gap.droid                        D  \uc0\u55357 \u56527  Unpadded to 174 bytes\
2026-01-06 00:28:35.547  9535-9834  PacketProcessor         com.gap.droid                        D  Completed packet type 1 from 09846e8292f371d7 (anon8764)\
2026-01-06 00:28:35.550  9535-9566  BluetoothP...roadcaster com.gap.droid                        I  Broadcasting packet type 1 to 2 server + 1 client connections\
2026-01-06 00:28:35.551  9535-9566  BluetoothP...roadcaster com.gap.droid                        D  Skipping broadcast to client back to relayer: 75:74:FB:47:26:77\
2026-01-06 00:28:35.551  9535-9566  BluetoothP...roadcaster com.gap.droid                        D  Skipping broadcast to client back to relayer: 75:74:FB:47:26:77\
2026-01-06 00:28:35.551  9535-9566  BluetoothP...roadcaster com.gap.droid                        D  Skipping broadcast to server back to relayer: 75:74:FB:47:26:77\
2026-01-06 00:28:35.612  9535-9564  EncryptionService       com.gap.droid                        D  \uc0\u9989  Ed25519 signature verification: true\
2026-01-06 00:28:35.616  9535-9564  MessageHandler          com.gap.droid                        D  \uc0\u9989  Verified announce from 09846e8292f371d7: nickname=anon8764, noisePublicKey=88e0f4b832401d26..., signingPublicKey=fc80f64988c7e571...\
2026-01-06 00:28:35.616  9535-9564  PeerManager             com.gap.droid                        D  \uc0\u55357 \u56580  Updated verified peer: anon8764 (09846e8292f371d7)\
2026-01-06 00:28:35.617  9535-9564  BluetoothMeshService    com.gap.droid                        D  Updating peer ID binding: 09846e8292f371d7 (was: null) with nickname: anon8764 and public key: 88e0f4b832401d26...\
2026-01-06 00:28:35.618  9535-9564  PeerManager             com.gap.droid                        D  Updated peer: 09846e8292f371d7 (anon8764)\
2026-01-06 00:28:35.621  9535-9564  PeerFingerprintManager  com.gap.droid                        D  Stored fingerprint for peer 09846e8292f371d7: 09846e8292f371d7...\
2026-01-06 00:28:35.623  9535-9564  BluetoothMeshService    com.gap.droid                        D  Updated peer ID binding: 09846e8292f371d7 (was: null), fingerprint: 09846e8292f371d7...\
2026-01-06 00:28:35.623  9535-9564  MessageHandler          com.gap.droid                        D  \uc0\u9989  Processed verified TLV announce: stored identity for 09846e8292f371d7\
2026-01-06 00:28:36.568  9535-9825  ArtiNative              com.gap.droid                        I  Arti: ERROR: Failed to connect through Tor: Error \{ detail: ExitTimeout \}\
2026-01-06 00:28:36.568  9535-9812  ArtiNative              com.gap.droid                        I  Arti: ERROR: Failed to connect through Tor: Error \{ detail: ExitTimeout \}\
2026-01-06 00:28:36.569  9535-9812  ArtiTorManager          com.gap.droid                        I  arti: ERROR: Failed to connect through Tor: Error \{ detail: ExitTimeout \}\
2026-01-06 00:28:36.570  9535-9812  ArtiNative              com.gap.droid                        I  Arti: ERROR: SOCKS connection error: tor: operation timed out at exit: Timed out while waiting for answer from exit\
                                                                                                    \
                                                                                                    Caused by:\
                                                                                                        Timed out while waiting for answer from exit\
2026-01-06 00:28:36.571  9535-9825  ArtiTorManager          com.gap.droid                        I  arti: ERROR: Failed to connect through Tor: Error \{ detail: ExitTimeout \}\
2026-01-06 00:28:36.572  9535-9812  ArtiTorManager          com.gap.droid                        I  arti: ERROR: SOCKS connection error: tor: operation timed out at exit: Timed out while waiting for answer from exit\
                                                                                                    \
                                                                                                    Caused by:\
                                                                                                        Timed out while waiting for answer from exit\
2026-01-06 00:28:36.572  9535-9825  ArtiNative              com.gap.droid                        I  Arti: ERROR: SOCKS connection error: tor: operation timed out at exit: Timed out while waiting for answer from exit\
                                                                                                    \
                                                                                                    Caused by:\
                                                                                                        Timed out while waiting for answer from exit\
2026-01-06 00:28:36.574  9535-9825  ArtiTorManager          com.gap.droid                        I  arti: ERROR: SOCKS connection error: tor: operation timed out at exit: Timed out while waiting for answer from exit\
                                                                                                    \
                                                                                                    Caused by:\
                                                                                                        Timed out while waiting for answer from exit\
2026-01-06 00:28:37.311  9535-9564  BluetoothG...entManager com.gap.droid                        D  Requesting RSSI from 75:74:FB:47:26:77\
2026-01-06 00:28:37.312  9535-9564  BluetoothGatt           com.gap.droid                        D  readRssi() - device: 75:74:FB:47:26:77\
2026-01-06 00:28:37.323  9535-9581  BluetoothG...entManager com.gap.droid                        D  Client: RSSI updated for 75:74:FB:47:26:77: -52 dBm\
2026-01-06 00:28:38.244  9535-9845  NostrRelayManager       com.gap.droid                        V  \uc0\u55357 \u56549  Processing event (kind=20000) from relay=wss://nostr.camalolo.com geo=wwe sub=geohash-wwe\
2026-01-06 00:28:38.293  9535-9535  Choreographer           com.gap.droid                        I  Skipped 1 frames!  The application may be doing too much work on its main thread.\
2026-01-06 00:28:39.639  9535-9561  BluetoothMeshService    com.gap.droid                        D  Sending broadcast announce\
2026-01-06 00:28:39.641  9535-9834  BluetoothC...ionTracker com.gap.droid                        D  Periodic cleanup: 1 connections, 0 pending\
2026-01-06 00:28:39.662  9535-9535  ColorViewRootUtil       com.gap.droid                        D  nav bar mode ignore false downX 499 downY 106 mScreenHeight 1600 mScreenWidth 720 mStatusBarHeight 36 globalScale 1.125 nav mode 0 rotation 0 event MotionEvent \{ action=ACTION_DOWN, actionButton=0, id[0]=0, x[0]=499.0, y[0]=106.0, toolType[0]=TOOL_TYPE_FINGER, buttonState=0, classification=NONE, metaState=0, flags=0x0, edgeFlags=0x0, pointerCount=1, historySize=0, eventTime=16137004, downTime=16137004, deviceId=3, source=0x1002, displayId=0 \}\
2026-01-06 00:28:39.669  9535-9833  EncryptionService       com.gap.droid                        D  \uc0\u9989  Generated Ed25519 signature (64 bytes)\
2026-01-06 00:28:39.670  9535-9833  FragmentManager         com.gap.droid                        D  \uc0\u55357 \u56576  Creating fragments for packet type 1, payload: 78 bytes\
2026-01-06 00:28:39.670  9535-9833  FragmentManager         com.gap.droid                        D  \uc0\u55357 \u56550  Encoded to 256 bytes\
2026-01-06 00:28:39.670  9535-9833  FragmentManager         com.gap.droid                        D  \uc0\u55357 \u56527  Unpadded to 164 bytes\
2026-01-06 00:28:39.670  9535-9566  EncryptionService       com.gap.droid                        D  \uc0\u9989  Generated Ed25519 signature (64 bytes)\
2026-01-06 00:28:39.670  9535-9566  BluetoothMeshService    com.gap.droid                        D  \uc0\u9989  Signed packet type 33 (signature 64 bytes)\
2026-01-06 00:28:39.671  9535-9566  FragmentManager         com.gap.droid                        D  \uc0\u55357 \u56576  Creating fragments for packet type 33, payload: 17 bytes\
2026-01-06 00:28:39.671  9535-9833  BluetoothMeshService    com.gap.droid                        D  Sent iOS-compatible signed TLV announce (78 bytes)\
2026-01-06 00:28:39.671  9535-9566  FragmentManager         com.gap.droid                        D  \uc0\u55357 \u56550  Encoded to 256 bytes\
2026-01-06 00:28:39.671  9535-9566  FragmentManager         com.gap.droid                        D  \uc0\u55357 \u56527  Unpadded to 103 bytes\
2026-01-06 00:28:39.673  9535-9567  BluetoothP...roadcaster com.gap.droid                        I  Broadcasting packet type 1 to 2 server + 1 client connections\
2026-01-06 00:28:39.680  9535-9567  BluetoothP...roadcaster com.gap.droid                        I  Broadcasting packet type 33 to 2 server + 1 client connections\
2026-01-06 00:28:39.832  9535-9535  ColorViewRootUtil       com.gap.droid                        D  initSwipState, isDisplayCompatApp false\
2026-01-06 00:28:39.833  9535-9535  ColorViewRootUtil       com.gap.droid                        D  updateScreenSize, mScreenHeight 1600,mScreenWidth:720,height:1600,width:720\
2026-01-06 00:28:39.835  9535-9535  WindowManager           com.gap.droid                        D  Add to mViews: DecorView@f0e7753[MainActivity], this = android.view.WindowManagerGlobal@ad2c860,pkg= com.gap.droid\
2026-01-06 00:28:39.838  9535-9535  ViewRootIm...nActivity] com.gap.droid                        D  hardware acceleration = true , fakeHwAccelerated = false, sRendererDisabled = false, forceHwAccelerated = false, sSystemRendererDisabled = false\
2026-01-06 00:28:39.852  9535-9535  InputTransport          com.gap.droid                        I  Create ARC handle: 0x711c2eeb00\
2026-01-06 00:28:39.950  9535-9581  BluetoothG...verManager com.gap.droid                        I  Server: Received packet from 75:74:FB:47:26:77, size: 164 bytes\
2026-01-06 00:28:39.951  9535-9581  BluetoothG...verManager com.gap.droid                        D  Server: Parsed packet type 1 from 04f4812dfdeb3635\
2026-01-06 00:28:39.952  9535-9581  BluetoothC...ionManager com.gap.droid                        D  onPacketReceived: Packet received from 75:74:FB:47:26:77 (04f4812dfdeb3635)\
2026-01-06 00:28:40.061  9535-9637  Surface                 com.gap.droid                        D  Surface::connect(this=0x711ce9f000,api=1)\
2026-01-06 00:28:40.063  9535-9637  Surface                 com.gap.droid                        D  Surface::setBufferCount(this=0x711ce9f000,bufferCount=3)\
2026-01-06 00:28:40.064  9535-9637  Surface                 com.gap.droid                        D  Surface::allocateBuffers(this=0x711ce9f000)\
2026-01-06 00:28:40.128  9535-9535  Choreographer           com.gap.droid                        I  Skipped 21 frames!  The application may be doing too much work on its main thread.\
2026-01-06 00:28:40.136  9535-9535  LocationChannelManager  com.gap.droid                        D  Requesting one-shot location\
2026-01-06 00:28:40.153  9535-9535  LocationChannelManager  com.gap.droid                        D  Using last known location: 40.7574366, -73.9137772\
2026-01-06 00:28:40.153  9535-9535  LocationChannelManager  com.gap.droid                        D  Computing channels for location: 40.7574366, -73.9137772\
2026-01-06 00:28:40.154  9535-9535  LocationChannelManager  com.gap.droid                        V  Generated Building: dr5ry59t\
2026-01-06 00:28:40.154  9535-9535  LocationChannelManager  com.gap.droid                        V  Generated Block: dr5ry59\
2026-01-06 00:28:40.154  9535-9535  LocationChannelManager  com.gap.droid                        V  Generated Neighborhood: dr5ry5\
2026-01-06 00:28:40.155  9535-9535  LocationChannelManager  com.gap.droid                        V  Generated City: dr5ry\
2026-01-06 00:28:40.155  9535-9535  LocationChannelManager  com.gap.droid                        V  Generated Province: dr5r\
2026-01-06 00:28:40.155  9535-9535  LocationChannelManager  com.gap.droid                        V  Generated REGION: dr\
2026-01-06 00:28:40.155  9535-9535  LocationChannelManager  com.gap.droid                        D  Teleported status: true (current: dr5r, selected: wwe)\
2026-01-06 00:28:40.157  9535-9535  LocationChannelManager  com.gap.droid                        D  Beginning live refresh (continuous updates)\
2026-01-06 00:28:40.158  9535-9567  LocationChannelManager  com.gap.droid                        D  Starting reverse geocoding\
2026-01-06 00:28:40.164  9535-9567  LocationChannelManager  com.gap.droid                        D  Reverse geocoding result: \{REGION=United States, PROVINCE=New York, CITY=Queens County, NEIGHBORHOOD=Queens, BLOCK=Queens\}\
2026-01-06 00:28:40.166  9535-9535  LocationChannelManager  com.gap.droid                        D  Registered continuous updates for gps\
2026-01-06 00:28:40.170  9535-9535  LocationChannelManager  com.gap.droid                        D  Registered continuous updates for network\
2026-01-06 00:28:40.171  9535-9535  LocationChannelManager  com.gap.droid                        D  Requesting one-shot location\
2026-01-06 00:28:40.176  9535-9535  LocationChannelManager  com.gap.droid                        D  Using last known location: 40.7574366, -73.9137772\
2026-01-06 00:28:40.176  9535-9535  LocationChannelManager  com.gap.droid                        D  Computing channels for location: 40.7574366, -73.9137772\
2026-01-06 00:28:40.177  9535-9535  LocationChannelManager  com.gap.droid                        V  Generated Building: dr5ry59t\
2026-01-06 00:28:40.177  9535-9535  LocationChannelManager  com.gap.droid                        V  Generated Block: dr5ry59\
2026-01-06 00:28:40.177  9535-9535  LocationChannelManager  com.gap.droid                        V  Generated Neighborhood: dr5ry5\
2026-01-06 00:28:40.177  9535-9535  LocationChannelManager  com.gap.droid                        V  Generated City: dr5ry\
2026-01-06 00:28:40.177  9535-9535  LocationChannelManager  com.gap.droid                        V  Generated Province: dr5r\
2026-01-06 00:28:40.177  9535-9535  LocationChannelManager  com.gap.droid                        V  Generated REGION: dr\
2026-01-06 00:28:40.177  9535-9535  LocationChannelManager  com.gap.droid                        D  Teleported status: true (current: dr5r, selected: wwe)\
2026-01-06 00:28:40.179  9535-9567  LocationChannelManager  com.gap.droid                        D  Starting reverse geocoding\
2026-01-06 00:28:40.180  9535-9535  LocationChannelManager  com.gap.droid                        D  Requesting one-shot location\
2026-01-06 00:28:40.186  9535-9535  LocationChannelManager  com.gap.droid                        D  Using last known location: 40.7574366, -73.9137772\
2026-01-06 00:28:40.186  9535-9535  LocationChannelManager  com.gap.droid                        D  Computing channels for location: 40.7574366, -73.9137772\
2026-01-06 00:28:40.187  9535-9535  LocationChannelManager  com.gap.droid                        V  Generated Building: dr5ry59t\
2026-01-06 00:28:40.187  9535-9535  LocationChannelManager  com.gap.droid                        V  Generated Block: dr5ry59\
2026-01-06 00:28:40.187  9535-9535  LocationChannelManager  com.gap.droid                        V  Generated Neighborhood: dr5ry5\
2026-01-06 00:28:40.187  9535-9535  LocationChannelManager  com.gap.droid                        V  Generated City: dr5ry\
2026-01-06 00:28:40.187  9535-9535  LocationChannelManager  com.gap.droid                        V  Generated Province: dr5r\
2026-01-06 00:28:40.187  9535-9535  LocationChannelManager  com.gap.droid                        V  Generated REGION: dr\
2026-01-06 00:28:40.188  9535-9567  LocationChannelManager  com.gap.droid                        D  Reverse geocoding result: \{REGION=United States, PROVINCE=New York, CITY=Queens County, NEIGHBORHOOD=Queens, BLOCK=Queens\}\
2026-01-06 00:28:40.188  9535-9535  LocationChannelManager  com.gap.droid                        D  Teleported status: true (current: dr5r, selected: wwe)\
2026-01-06 00:28:40.190  9535-9567  LocationChannelManager  com.gap.droid                        D  Starting reverse geocoding\
2026-01-06 00:28:40.190  9535-9535  LocationChannelManager  com.gap.droid                        D  Requesting one-shot location\
2026-01-06 00:28:40.195  9535-9535  LocationChannelManager  com.gap.droid                        D  Using last known location: 40.7574366, -73.9137772\
2026-01-06 00:28:40.195  9535-9535  LocationChannelManager  com.gap.droid                        D  Computing channels for location: 40.7574366, -73.9137772\
2026-01-06 00:28:40.196  9535-9535  LocationChannelManager  com.gap.droid                        V  Generated Building: dr5ry59t\
2026-01-06 00:28:40.196  9535-9535  LocationChannelManager  com.gap.droid                        V  Generated Block: dr5ry59\
2026-01-06 00:28:40.196  9535-9535  LocationChannelManager  com.gap.droid                        V  Generated Neighborhood: dr5ry5\
2026-01-06 00:28:40.196  9535-9535  LocationChannelManager  com.gap.droid                        V  Generated City: dr5ry\
2026-01-06 00:28:40.196  9535-9535  LocationChannelManager  com.gap.droid                        V  Generated Province: dr5r\
2026-01-06 00:28:40.196  9535-9535  LocationChannelManager  com.gap.droid                        V  Generated REGION: dr\
2026-01-06 00:28:40.196  9535-9535  LocationChannelManager  com.gap.droid                        D  Teleported status: true (current: dr5r, selected: wwe)\
2026-01-06 00:28:40.197  9535-9535  LocationChannelManager  com.gap.droid                        D  Already geocoding, skipping\
2026-01-06 00:28:40.201  9535-9567  LocationChannelManager  com.gap.droid                        D  Reverse geocoding result: \{REGION=United States, PROVINCE=New York, CITY=Queens County, NEIGHBORHOOD=Queens, BLOCK=Queens\}\
2026-01-06 00:28:40.396  9535-9535  ColorViewRootUtil       com.gap.droid                        D  initSwipState, isDisplayCompatApp false\
2026-01-06 00:28:40.397  9535-9535  ColorViewRootUtil       com.gap.droid                        D  updateScreenSize, mScreenHeight 1600,mScreenWidth:720,height:1600,width:720\
2026-01-06 00:28:40.405  9535-9535  LocationChannelManager  com.gap.droid                        D  Requesting one-shot location\
2026-01-06 00:28:40.411  9535-9535  LocationChannelManager  com.gap.droid                        D  Using last known location: 40.7574366, -73.9137772\
2026-01-06 00:28:40.411  9535-9535  LocationChannelManager  com.gap.droid                        D  Computing channels for location: 40.7574366, -73.9137772\
2026-01-06 00:28:40.411  9535-9535  LocationChannelManager  com.gap.droid                        V  Generated Building: dr5ry59t\
2026-01-06 00:28:40.411  9535-9535  LocationChannelManager  com.gap.droid                        V  Generated Block: dr5ry59\
2026-01-06 00:28:40.412  9535-9535  LocationChannelManager  com.gap.droid                        V  Generated Neighborhood: dr5ry5\
2026-01-06 00:28:40.412  9535-9535  LocationChannelManager  com.gap.droid                        V  Generated City: dr5ry\
2026-01-06 00:28:40.412  9535-9535  LocationChannelManager  com.gap.droid                        V  Generated Province: dr5r\
2026-01-06 00:28:40.412  9535-9535  LocationChannelManager  com.gap.droid                        V  Generated REGION: dr\
2026-01-06 00:28:40.412  9535-9535  LocationChannelManager  com.gap.droid                        D  Teleported status: true (current: dr5r, selected: wwe)\
2026-01-06 00:28:40.414  9535-9535  LocationChannelManager  com.gap.droid                        D  Beginning live refresh (continuous updates)\
2026-01-06 00:28:40.414  9535-9567  LocationChannelManager  com.gap.droid                        D  Starting reverse geocoding\
2026-01-06 00:28:40.420  9535-9535  LocationChannelManager  com.gap.droid                        D  Registered continuous updates for gps\
2026-01-06 00:28:40.420  9535-9567  LocationChannelManager  com.gap.droid                        D  Reverse geocoding result: \{REGION=United States, PROVINCE=New York, CITY=Queens County, NEIGHBORHOOD=Queens, BLOCK=Queens\}\
2026-01-06 00:28:40.425  9535-9535  LocationChannelManager  com.gap.droid                        D  Registered continuous updates for network\
2026-01-06 00:28:40.426  9535-9535  LocationChannelManager  com.gap.droid                        D  Requesting one-shot location\
2026-01-06 00:28:40.442  9535-9535  LocationChannelManager  com.gap.droid                        D  Using last known location: 40.7574366, -73.9137772\
2026-01-06 00:28:40.442  9535-9535  LocationChannelManager  com.gap.droid                        D  Computing channels for location: 40.7574366, -73.9137772\
2026-01-06 00:28:40.442  9535-9535  LocationChannelManager  com.gap.droid                        V  Generated Building: dr5ry59t\
2026-01-06 00:28:40.442  9535-9535  LocationChannelManager  com.gap.droid                        V  Generated Block: dr5ry59\
2026-01-06 00:28:40.443  9535-9535  LocationChannelManager  com.gap.droid                        V  Generated Neighborhood: dr5ry5\
2026-01-06 00:28:40.443  9535-9535  LocationChannelManager  com.gap.droid                        V  Generated City: dr5ry\
2026-01-06 00:28:40.443  9535-9535  LocationChannelManager  com.gap.droid                        V  Generated Province: dr5r\
2026-01-06 00:28:40.443  9535-9535  LocationChannelManager  com.gap.droid                        V  Generated REGION: dr\
2026-01-06 00:28:40.443  9535-9535  LocationChannelManager  com.gap.droid                        D  Teleported status: true (current: dr5r, selected: wwe)\
2026-01-06 00:28:40.445  9535-9567  LocationChannelManager  com.gap.droid                        D  Starting reverse geocoding\
2026-01-06 00:28:40.445  9535-9535  GeohashViewModel        com.gap.droid                        D  \uc0\u55356 \u57101  Beginning geohash sampling for 6 geohashes\
2026-01-06 00:28:40.449  9535-9535  NostrRelayManager       com.gap.droid                        I  \uc0\u55356 \u57104  Geohash dr5ry59t using 5 relays: wss://fanfares.nostr1.com, wss://cyberspace.nostr1.com, wss://vitor.nostr1.com, wss://relay.toastr.net, wss://relay.evanverma.com\
2026-01-06 00:28:40.450  9535-9535  NostrRelayManager       com.gap.droid                        D  \uc0\u55357 \u56545  Subscribing id=sampling-dr5ry59t for geohash=dr5ry59t on 5 relays\
2026-01-06 00:28:40.450  9535-9567  LocationChannelManager  com.gap.droid                        D  Reverse geocoding result: \{REGION=United States, PROVINCE=New York, CITY=Queens County, NEIGHBORHOOD=Queens, BLOCK=Queens\}\
2026-01-06 00:28:40.450  9535-9535  NostrRelayManager       com.gap.droid                        D  \uc0\u55357 \u56545  Subscribing to Nostr filter id=sampling-dr5ry59t NostrFilter(kinds=[20000], since=1767590920, limit=200, #g=1)\
2026-01-06 00:28:40.451  9535-9567  NostrRelayManager       com.gap.droid                        V  Attempting to connect to Nostr relay: wss://fanfares.nostr1.com\
2026-01-06 00:28:40.451  9535-9535  NostrRelayManager       com.gap.droid                        V  \uc0\u55357 \u56589  DEBUG: Serialized subscription message: ["REQ","sampling-dr5ry59t",\{"kinds":[20000],"since":1767590920,"limit":200,"#g":["dr5ry59t"]\}]\
2026-01-06 00:28:40.451  9535-9836  NostrRelayManager       com.gap.droid                        V  Attempting to connect to Nostr relay: wss://cyberspace.nostr1.com\
2026-01-06 00:28:40.452  9535-9561  NostrRelayManager       com.gap.droid                        V  Attempting to connect to Nostr relay: wss://vitor.nostr1.com\
2026-01-06 00:28:40.452  9535-9564  NostrRelayManager       com.gap.droid                        V  \uc0\u9203  Relay wss://fanfares.nostr1.com not connected, subscription will be sent on reconnection\
2026-01-06 00:28:40.452  9535-9834  NostrRelayManager       com.gap.droid                        V  Attempting to connect to Nostr relay: wss://relay.toastr.net\
2026-01-06 00:28:40.452  9535-9564  NostrRelayManager       com.gap.droid                        V  \uc0\u9203  Relay wss://cyberspace.nostr1.com not connected, subscription will be sent on reconnection\
2026-01-06 00:28:40.452  9535-9564  NostrRelayManager       com.gap.droid                        V  \uc0\u9203  Relay wss://vitor.nostr1.com not connected, subscription will be sent on reconnection\
2026-01-06 00:28:40.452  9535-9564  NostrRelayManager       com.gap.droid                        V  \uc0\u9203  Relay wss://relay.toastr.net not connected, subscription will be sent on reconnection\
2026-01-06 00:28:40.452  9535-9564  NostrRelayManager       com.gap.droid                        V  \uc0\u9203  Relay wss://relay.evanverma.com not connected, subscription will be sent on reconnection\
2026-01-06 00:28:40.452  9535-9571  NostrRelayManager       com.gap.droid                        V  Attempting to connect to Nostr relay: wss://relay.evanverma.com\
2026-01-06 00:28:40.456  9535-9535  NostrRelayManager       com.gap.droid                        I  \uc0\u55356 \u57104  Geohash dr5ry59 using 5 relays: wss://fanfares.nostr1.com, wss://cyberspace.nostr1.com, wss://vitor.nostr1.com, wss://relay.toastr.net, wss://relay.evanverma.com\
2026-01-06 00:28:40.456  9535-9535  NostrRelayManager       com.gap.droid                        D  \uc0\u55357 \u56545  Subscribing id=sampling-dr5ry59 for geohash=dr5ry59 on 5 relays\
2026-01-06 00:28:40.456  9535-9535  NostrRelayManager       com.gap.droid                        D  \uc0\u55357 \u56545  Subscribing to Nostr filter id=sampling-dr5ry59 NostrFilter(kinds=[20000], since=1767590920, limit=200, #g=1)\
2026-01-06 00:28:40.457  9535-9535  NostrRelayManager       com.gap.droid                        V  \uc0\u55357 \u56589  DEBUG: Serialized subscription message: ["REQ","sampling-dr5ry59",\{"kinds":[20000],"since":1767590920,"limit":200,"#g":["dr5ry59"]\}]\
2026-01-06 00:28:40.457  9535-9889  System                  com.gap.droid                        W  ClassLoader referenced unknown path: system/framework/mediatek-cta.jar\
2026-01-06 00:28:40.458  9535-9561  NostrRelayManager       com.gap.droid                        V  \uc0\u9989  Subscription 'sampling-dr5ry59' sent to relay: wss://fanfares.nostr1.com\
2026-01-06 00:28:40.458  9535-9561  NostrRelayManager       com.gap.droid                        V  \uc0\u9989  Subscription 'sampling-dr5ry59' sent to relay: wss://cyberspace.nostr1.com\
2026-01-06 00:28:40.459  9535-9561  NostrRelayManager       com.gap.droid                        V  \uc0\u9989  Subscription 'sampling-dr5ry59' sent to relay: wss://vitor.nostr1.com\
2026-01-06 00:28:40.459  9535-9561  NostrRelayManager       com.gap.droid                        V  \uc0\u9989  Subscription 'sampling-dr5ry59' sent to relay: wss://relay.toastr.net\
2026-01-06 00:28:40.459  9535-9561  NostrRelayManager       com.gap.droid                        V  \uc0\u9989  Subscription 'sampling-dr5ry59' sent to relay: wss://relay.evanverma.com\
2026-01-06 00:28:40.460  9535-9892  System                  com.gap.droid                        W  ClassLoader referenced unknown path: system/framework/mediatek-cta.jar\
2026-01-06 00:28:40.461  9535-9890  System                  com.gap.droid                        W  ClassLoader referenced unknown path: system/framework/mediatek-cta.jar\
2026-01-06 00:28:40.461  9535-9535  NostrRelayManager       com.gap.droid                        I  \uc0\u55356 \u57104  Geohash dr5ry5 using 5 relays: wss://fanfares.nostr1.com, wss://cyberspace.nostr1.com, wss://vitor.nostr1.com, wss://relay.toastr.net, wss://relay.evanverma.com\
2026-01-06 00:28:40.461  9535-9535  NostrRelayManager       com.gap.droid                        D  \uc0\u55357 \u56545  Subscribing id=sampling-dr5ry5 for geohash=dr5ry5 on 5 relays\
2026-01-06 00:28:40.462  9535-9535  NostrRelayManager       com.gap.droid                        D  \uc0\u55357 \u56545  Subscribing to Nostr filter id=sampling-dr5ry5 NostrFilter(kinds=[20000], since=1767590920, limit=200, #g=1)\
2026-01-06 00:28:40.462  9535-9535  NostrRelayManager       com.gap.droid                        V  \uc0\u55357 \u56589  DEBUG: Serialized subscription message: ["REQ","sampling-dr5ry5",\{"kinds":[20000],"since":1767590920,"limit":200,"#g":["dr5ry5"]\}]\
2026-01-06 00:28:40.463  9535-9834  NostrRelayManager       com.gap.droid                        V  \uc0\u9989  Subscription 'sampling-dr5ry5' sent to relay: wss://fanfares.nostr1.com\
2026-01-06 00:28:40.463  9535-9834  NostrRelayManager       com.gap.droid                        V  \uc0\u9989  Subscription 'sampling-dr5ry5' sent to relay: wss://cyberspace.nostr1.com\
2026-01-06 00:28:40.463  9535-9834  NostrRelayManager       com.gap.droid                        V  \uc0\u9989  Subscription 'sampling-dr5ry5' sent to relay: wss://vitor.nostr1.com\
2026-01-06 00:28:40.463  9535-9818  ArtiNative              com.gap.droid                        I  Arti: SOCKS connection from: 127.0.0.1:60750\
2026-01-06 00:28:40.463  9535-9834  NostrRelayManager       com.gap.droid                        V  \uc0\u9989  Subscription 'sampling-dr5ry5' sent to relay: wss://relay.toastr.net\
2026-01-06 00:28:40.463  9535-9834  NostrRelayManager       com.gap.droid                        V  \uc0\u9989  Subscription 'sampling-dr5ry5' sent to relay: wss://relay.evanverma.com\
2026-01-06 00:28:40.464  9535-9818  ArtiTorManager          com.gap.droid                        I  arti: SOCKS connection from: 127.0.0.1:60750\
2026-01-06 00:28:40.464  9535-9891  System                  com.gap.droid                        W  ClassLoader referenced unknown path: system/framework/mediatek-cta.jar\
2026-01-06 00:28:40.465  9535-9818  ArtiNative              com.gap.droid                        I  Arti: SOCKS connection from: 127.0.0.1:60752\
2026-01-06 00:28:40.467  9535-9818  ArtiTorManager          com.gap.droid                        I  arti: SOCKS connection from: 127.0.0.1:60752\
2026-01-06 00:28:40.467  9535-9535  NostrRelayManager       com.gap.droid                        I  \uc0\u55356 \u57104  Geohash dr5ry using 5 relays: wss://fanfares.nostr1.com, wss://cyberspace.nostr1.com, wss://vitor.nostr1.com, wss://relay.toastr.net, wss://relay.evanverma.com\
2026-01-06 00:28:40.468  9535-9818  ArtiNative              com.gap.droid                        I  Arti: SOCKS connection from: 127.0.0.1:60754\
2026-01-06 00:28:40.468  9535-9535  NostrRelayManager       com.gap.droid                        D  \uc0\u55357 \u56545  Subscribing id=sampling-dr5ry for geohash=dr5ry on 5 relays\
2026-01-06 00:28:40.468  9535-9535  NostrRelayManager       com.gap.droid                        D  \uc0\u55357 \u56545  Subscribing to Nostr filter id=sampling-dr5ry NostrFilter(kinds=[20000], since=1767590920, limit=200, #g=1)\
2026-01-06 00:28:40.469  9535-9535  NostrRelayManager       com.gap.droid                        V  \uc0\u55357 \u56589  DEBUG: Serialized subscription message: ["REQ","sampling-dr5ry",\{"kinds":[20000],"since":1767590920,"limit":200,"#g":["dr5ry"]\}]\
2026-01-06 00:28:40.470  9535-9893  System                  com.gap.droid                        W  ClassLoader referenced unknown path: system/framework/mediatek-cta.jar\
2026-01-06 00:28:40.471  9535-9818  ArtiTorManager          com.gap.droid                        I  arti: SOCKS connection from: 127.0.0.1:60754\
2026-01-06 00:28:40.472  9535-9834  NostrRelayManager       com.gap.droid                        V  \uc0\u9989  Subscription 'sampling-dr5ry' sent to relay: wss://fanfares.nostr1.com\
2026-01-06 00:28:40.472  9535-9834  NostrRelayManager       com.gap.droid                        V  \uc0\u9989  Subscription 'sampling-dr5ry' sent to relay: wss://cyberspace.nostr1.com\
2026-01-06 00:28:40.472  9535-9834  NostrRelayManager       com.gap.droid                        V  \uc0\u9989  Subscription 'sampling-dr5ry' sent to relay: wss://vitor.nostr1.com\
2026-01-06 00:28:40.472  9535-9834  NostrRelayManager       com.gap.droid                        V  \uc0\u9989  Subscription 'sampling-dr5ry' sent to relay: wss://relay.toastr.net\
