2026-01-06 19:17:50.979 12950-12975 PacketProcessor         com.gap.droid                        D  \uc0\u55357 \u56550  Processing packet type 2 from d609cd9429f593ed (anon6956) (serialized)\
2026-01-06 19:17:50.980 12950-12975 SecurityManager         com.gap.droid                        D  Dropping duplicate packet: 1767743369044-d609cd9429f593ed-101319\
2026-01-06 19:17:50.980 12950-12975 PacketProcessor         com.gap.droid                        D  Packet failed security validation from d609cd9429f593ed (anon6956)\
2026-01-06 19:17:50.980 12950-12975 PacketProcessor         com.gap.droid                        D  Completed packet type 2 from d609cd9429f593ed (anon6956)\
2026-01-06 19:17:51.070 12950-12985 BluetoothG...verManager com.gap.droid                        I  Server: Received packet from 5D:35:93:E2:B3:F3, size: 256 bytes\
2026-01-06 19:17:51.072 12950-12985 BluetoothG...verManager com.gap.droid                        D  Server: Parsed packet type 2 from e5f62181a9a53bf9\
2026-01-06 19:17:51.072 12950-12985 BluetoothC...ionManager com.gap.droid                        D  onPacketReceived: Packet received from 5D:35:93:E2:B3:F3 (e5f62181a9a53bf9)\
2026-01-06 19:17:51.073 12950-12985 PacketProcessor         com.gap.droid                        D  processPacket 2\
2026-01-06 19:17:51.075 12950-12975 PacketProcessor         com.gap.droid                        D  \uc0\u55357 \u56550  Processing packet type 2 from e5f62181a9a53bf9 (anon8764) (serialized)\
2026-01-06 19:17:51.076 12950-12975 SecurityManager         com.gap.droid                        D  Dropping duplicate packet: 1767743395194-e5f62181a9a53bf9-3139968\
2026-01-06 19:17:51.076 12950-12975 PacketProcessor         com.gap.droid                        D  Packet failed security validation from e5f62181a9a53bf9 (anon8764)\
2026-01-06 19:17:51.076 12950-12975 PacketProcessor         com.gap.droid                        D  Completed packet type 2 from e5f62181a9a53bf9 (anon8764)\
2026-01-06 19:17:51.216 12950-12985 BluetoothG...verManager com.gap.droid                        I  Server: Received packet from 5D:35:93:E2:B3:F3, size: 256 bytes\
2026-01-06 19:17:51.218 12950-12985 BluetoothG...verManager com.gap.droid                        D  Server: Parsed packet type 2 from e5f62181a9a53bf9\
2026-01-06 19:17:51.218 12950-12985 BluetoothC...ionManager com.gap.droid                        D  onPacketReceived: Packet received from 5D:35:93:E2:B3:F3 (e5f62181a9a53bf9)\
2026-01-06 19:17:51.219 12950-12985 PacketProcessor         com.gap.droid                        D  processPacket 2\
2026-01-06 19:17:51.223 12950-12975 PacketProcessor         com.gap.droid                        D  \uc0\u55357 \u56550  Processing packet type 2 from e5f62181a9a53bf9 (anon8764) (serialized)\
2026-01-06 19:17:51.269 12950-12975 EncryptionService       com.gap.droid                        D  \uc0\u9989  Ed25519 signature verification: true\
2026-01-06 19:17:51.269 12950-12975 SecurityManager         com.gap.droid                        D  Packet validation passed for e5f62181a9a53bf9, messageID: 1767743430747-e5f62181a9a53bf9-115733\
2026-01-06 19:17:51.270 12950-12975 PacketProcessor         com.gap.droid                        D  Processing packet type MESSAGE from e5f62181a9a53bf9 (anon8764)\
2026-01-06 19:17:51.270 12950-12975 PacketProcessor         com.gap.droid                        D  Processing message from e5f62181a9a53bf9 (anon8764)\
2026-01-06 19:17:51.271 12950-13308 MessageHandler          com.gap.droid                        D  Received message from anon8764\
2026-01-06 19:17:51.271 12950-13308 PeerManager             com.gap.droid                        D  Updated peer: e5f62181a9a53bf9 (anon8764)\
2026-01-06 19:17:51.272 12950-12975 PacketRelayManager      com.gap.droid                        D  Evaluating relay for packet type 2 from e5f62181a9a53bf9 (TTL: 0)\
2026-01-06 19:17:51.272 12950-12975 PacketRelayManager      com.gap.droid                        D  TTL expired, not relaying packet\
2026-01-06 19:17:51.272 12950-13308 BitchatFilePacket       com.gap.droid                        D  \uc0\u55357 \u56580  Decoding 3 bytes\
2026-01-06 19:17:51.272 12950-12975 PacketProcessor         com.gap.droid                        D  Completed packet type 2 from e5f62181a9a53bf9 (anon8764)\
2026-01-06 19:17:51.314 12950-12985 BluetoothG...verManager com.gap.droid                        I  Server: Received packet from 5D:35:93:E2:B3:F3, size: 256 bytes\
2026-01-06 19:17:51.315 12950-12985 BluetoothG...verManager com.gap.droid                        D  Server: Parsed packet type 2 from e5f62181a9a53bf9\
2026-01-06 19:17:51.315 12950-12985 BluetoothC...ionManager com.gap.droid                        D  onPacketReceived: Packet received from 5D:35:93:E2:B3:F3 (e5f62181a9a53bf9)\
2026-01-06 19:17:51.316 12950-12985 PacketProcessor         com.gap.droid                        D  processPacket 2\
2026-01-06 19:17:51.318 12950-13308 PacketProcessor         com.gap.droid                        D  \uc0\u55357 \u56550  Processing packet type 2 from e5f62181a9a53bf9 (anon8764) (serialized)\
2026-01-06 19:17:51.320 12950-13308 SecurityManager         com.gap.droid                        D  Dropping duplicate packet: 1767744359140-e5f62181a9a53bf9-102235\
2026-01-06 19:17:51.321 12950-13308 PacketProcessor         com.gap.droid                        D  Packet failed security validation from e5f62181a9a53bf9 (anon8764)\
2026-01-06 19:17:51.321 12950-13308 PacketProcessor         com.gap.droid                        D  Completed packet type 2 from e5f62181a9a53bf9 (anon8764)\
2026-01-06 19:17:51.395 12950-12950 MediaPlayer             com.gap.droid                        V  resetDrmState:  mDrmInfo=null mDrmProvisioningThread=null mPrepareDrmInProgress=false mActiveDrmScheme=false\
2026-01-06 19:17:51.395 12950-12950 MediaPlayer             com.gap.droid                        V  cleanDrmObj: mDrmObj=null mDrmSessionId=null\
2026-01-06 19:17:51.395 12950-12950 MediaPlayer-JNI         com.gap.droid                        V  release\
2026-01-06 19:17:51.395 12950-12950 MediaPlayerNative       com.gap.droid                        V  setListener\
2026-01-06 19:17:51.395 12950-12950 MediaPlayerNative       com.gap.droid                        V  disconnect\
2026-01-06 19:17:51.403 12950-12950 MediaPlayerNative       com.gap.droid                        V  destructor\
2026-01-06 19:17:51.404 12950-12950 MediaPlayerNative       com.gap.droid                        V  disconnect\
2026-01-06 19:17:51.606 12950-12985 BluetoothG...verManager com.gap.droid                        I  Server: Received packet from 5D:35:93:E2:B3:F3, size: 256 bytes\
2026-01-06 19:17:51.608 12950-12985 BluetoothG...verManager com.gap.droid                        D  Server: Parsed packet type 2 from d609cd9429f593ed\
2026-01-06 19:17:51.608 12950-12985 BluetoothC...ionManager com.gap.droid                        D  onPacketReceived: Packet received from 5D:35:93:E2:B3:F3 (d609cd9429f593ed)\
2026-01-06 19:17:51.609 12950-12985 PacketProcessor         com.gap.droid                        D  processPacket 2\
2026-01-06 19:17:51.611 12950-13308 PacketProcessor         com.gap.droid                        D  \uc0\u55357 \u56550  Processing packet type 2 from d609cd9429f593ed (anon6956) (serialized)\
2026-01-06 19:17:51.644 12950-13308 EncryptionService       com.gap.droid                        D  \uc0\u9989  Ed25519 signature verification: true\
2026-01-06 19:17:51.644 12950-13308 SecurityManager         com.gap.droid                        D  Packet validation passed for d609cd9429f593ed, messageID: 1767744372836-d609cd9429f593ed-2533\
2026-01-06 19:17:51.645 12950-13308 PacketProcessor         com.gap.droid                        D  Processing packet type MESSAGE from d609cd9429f593ed (anon6956)\
2026-01-06 19:17:51.645 12950-13308 PacketProcessor         com.gap.droid                        D  Processing message from d609cd9429f593ed (anon6956)\
2026-01-06 19:17:51.645 12950-12968 MessageHandler          com.gap.droid                        D  Received message from anon6956\
2026-01-06 19:17:51.645 12950-12968 PeerManager             com.gap.droid                        D  Updated peer: d609cd9429f593ed (anon6956)\
2026-01-06 19:17:51.646 12950-13308 PacketRelayManager      com.gap.droid                        D  Evaluating relay for packet type 2 from d609cd9429f593ed (TTL: 0)\
2026-01-06 19:17:51.646 12950-13308 PacketRelayManager      com.gap.droid                        D  TTL expired, not relaying packet\
2026-01-06 19:17:51.646 12950-13308 PacketProcessor         com.gap.droid                        D  Completed packet type 2 from d609cd9429f593ed (anon6956)\
2026-01-06 19:17:51.646 12950-12968 BitchatFilePacket       com.gap.droid                        D  \uc0\u55357 \u56580  Decoding 2 bytes\
2026-01-06 19:17:51.646 12950-13308 PacketProcessor         com.gap.droid                        D  Completed packet type 2 from d609cd9429f593ed (anon6956)\
2026-01-06 19:17:51.961 12950-12968 BluetoothG...entManager com.gap.droid                        D  Requesting RSSI from 46:28:68:E1:23:C3\
2026-01-06 19:17:51.962 12950-12968 BluetoothGatt           com.gap.droid                        D  readRssi() - device: 46:28:68:E1:23:C3\
2026-01-06 19:17:51.974 12950-12985 BluetoothG...entManager com.gap.droid                        D  Client: RSSI updated for 46:28:68:E1:23:C3: -51 dBm\
2026-01-06 19:17:52.662 12950-12985 BluetoothG...entManager com.gap.droid                        I  Client: Received packet from 46:28:68:E1:23:C3, size: 174 bytes\
2026-01-06 19:17:52.663 12950-12985 BluetoothG...entManager com.gap.droid                        D  Client: Parsed packet type 1 from d609cd9429f593ed\
2026-01-06 19:17:52.664 12950-12985 BluetoothC...ionManager com.gap.droid                        D  onPacketReceived: Packet received from 46:28:68:E1:23:C3 (d609cd9429f593ed)\
2026-01-06 19:17:52.664 12950-12985 PacketProcessor         com.gap.droid                        D  processPacket 1\
2026-01-06 19:17:52.667 12950-12968 PacketProcessor         com.gap.droid                        D  \uc0\u55357 \u56550  Processing packet type 1 from d609cd9429f593ed (anon6956) (serialized)\
2026-01-06 19:17:52.697 12950-12968 EncryptionService       com.gap.droid                        D  \uc0\u9989  Ed25519 signature verification: true\
2026-01-06 19:17:52.698 12950-12968 SecurityManager         com.gap.droid                        D  Packet validation passed for d609cd9429f593ed, messageID: 1767745072634-d609cd9429f593ed-394789133\
2026-01-06 19:17:52.698 12950-12968 PacketProcessor         com.gap.droid                        D  Processing packet type ANNOUNCE from d609cd9429f593ed (anon6956)\
2026-01-06 19:17:52.698 12950-12968 PacketProcessor         com.gap.droid                        D  Processing announce from d609cd9429f593ed (anon6956)\
2026-01-06 19:17:52.699 12950-12968 PacketRelayManager      com.gap.droid                        D  Evaluating relay for packet type 1 from d609cd9429f593ed (TTL: 7)\
2026-01-06 19:17:52.699 12950-12968 PacketRelayManager      com.gap.droid                        D  Decremented TTL from 7 to 6\
2026-01-06 19:17:52.699 12950-12968 PacketRelayManager      com.gap.droid                        D  High TTL (6), relaying\
2026-01-06 19:17:52.699 12950-12968 PacketRelayManager      com.gap.droid                        D  \uc0\u55357 \u56580  Relaying packet type 1 with TTL 6\
2026-01-06 19:17:52.699 12950-12968 FragmentManager         com.gap.droid                        D  \uc0\u55357 \u56576  Creating fragments for packet type 1, payload: 88 bytes\
2026-01-06 19:17:52.699 12950-12968 FragmentManager         com.gap.droid                        D  \uc0\u55357 \u56550  Encoded to 256 bytes\
2026-01-06 19:17:52.699 12950-12968 FragmentManager         com.gap.droid                        D  \uc0\u55357 \u56527  Unpadded to 174 bytes\
2026-01-06 19:17:52.700 12950-12968 PacketProcessor         com.gap.droid                        D  Completed packet type 1 from d609cd9429f593ed (anon6956)\
2026-01-06 19:17:52.701 12950-13308 BluetoothP...roadcaster com.gap.droid                        I  Broadcasting packet type 1 to 2 server + 5 client connections\
2026-01-06 19:17:52.712 12950-13308 BluetoothP...roadcaster com.gap.droid                        D  Skipping broadcast to server back to relayer: 46:28:68:E1:23:C3\
2026-01-06 19:17:52.724 12950-12975 EncryptionService       com.gap.droid                        D  \uc0\u9989  Ed25519 signature verification: true\
2026-01-06 19:17:52.726 12950-12975 MessageHandler          com.gap.droid                        D  \uc0\u9989  Verified announce from d609cd9429f593ed: nickname=anon6956, noisePublicKey=c47f7c83c539339b..., signingPublicKey=b2b2dab651df968b...\
2026-01-06 19:17:52.726 12950-12975 PeerManager             com.gap.droid                        D  \uc0\u55357 \u56580  Updated verified peer: anon6956 (d609cd9429f593ed)\
2026-01-06 19:17:52.727 12950-12975 BluetoothMeshService    com.gap.droid                        D  Updating peer ID binding: d609cd9429f593ed (was: null) with nickname: anon6956 and public key: c47f7c83c539339b...\
2026-01-06 19:17:52.727 12950-12975 PeerManager             com.gap.droid                        D  Updated peer: d609cd9429f593ed (anon6956)\
2026-01-06 19:17:52.728 12950-12975 PeerFingerprintManager  com.gap.droid                        D  Stored fingerprint for peer d609cd9429f593ed: d609cd9429f593ed...\
2026-01-06 19:17:52.729 12950-12975 BluetoothMeshService    com.gap.droid                        D  Updated peer ID binding: d609cd9429f593ed (was: null), fingerprint: d609cd9429f593ed...\
2026-01-06 19:17:52.729 12950-12975 MessageHandler          com.gap.droid                        D  \uc0\u9989  Processed verified TLV announce: stored identity for d609cd9429f593ed\
2026-01-06 19:17:52.829 12950-12985 BluetoothG...verManager com.gap.droid                        I  Server: Received packet from 45:BA:73:AF:7C:1E, size: 256 bytes\
2026-01-06 19:17:52.830 12950-12985 BluetoothG...verManager com.gap.droid                        D  Server: Parsed packet type 1 from d609cd9429f593ed\
2026-01-06 19:17:52.832 12950-12985 BluetoothC...ionManager com.gap.droid                        D  onPacketReceived: Packet received from 45:BA:73:AF:7C:1E (d609cd9429f593ed)\
2026-01-06 19:17:52.834 12950-12985 PacketProcessor         com.gap.droid                        D  processPacket 1\
2026-01-06 19:17:52.836 12950-13308 PacketProcessor         com.gap.droid                        D  \uc0\u55357 \u56550  Processing packet type 1 from d609cd9429f593ed (anon6956) (serialized)\
2026-01-06 19:17:52.837 12950-13308 SecurityManager         com.gap.droid                        D  Dropping duplicate packet: 1767745072634-d609cd9429f593ed-394789133\
2026-01-06 19:17:52.837 12950-13308 PacketProcessor         com.gap.droid                        D  Packet failed security validation from d609cd9429f593ed (anon6956)\
2026-01-06 19:17:52.838 12950-13308 PacketProcessor         com.gap.droid                        D  Completed packet type 1 from d609cd9429f593ed (anon6956)\
2026-01-06 19:17:52.874 12950-12985 BluetoothG...verManager com.gap.droid                        I  Server: Received packet from 5D:35:93:E2:B3:F3, size: 256 bytes\
2026-01-06 19:17:52.876 12950-12985 BluetoothG...verManager com.gap.droid                        D  Server: Parsed packet type 1 from d609cd9429f593ed\
2026-01-06 19:17:52.876 12950-12985 BluetoothC...ionManager com.gap.droid                        D  onPacketReceived: Packet received from 5D:35:93:E2:B3:F3 (d609cd9429f593ed)\
2026-01-06 19:17:52.878 12950-12985 PacketProcessor         com.gap.droid                        D  processPacket 1\
2026-01-06 19:17:52.881 12950-12971 PacketProcessor         com.gap.droid                        D  \uc0\u55357 \u56550  Processing packet type 1 from d609cd9429f593ed (anon6956) (serialized)\
2026-01-06 19:17:52.882 12950-12971 SecurityManager         com.gap.droid                        D  Dropping duplicate packet: 1767745072634-d609cd9429f593ed-394789133\
2026-01-06 19:17:52.882 12950-12971 PacketProcessor         com.gap.droid                        D  Packet failed security validation from d609cd9429f593ed (anon6956)\
2026-01-06 19:17:52.882 12950-12971 PacketProcessor         com.gap.droid                        D  Completed packet type 1 from d609cd9429f593ed (anon6956)\
2026-01-06 19:17:53.876 12950-12960 zygote64                com.gap.droid                        I  Background concurrent copying GC freed 162774(6MB) AllocSpace objects, 4(80KB) LOS objects, 53% free, 5MB/11MB, paused 1.359ms total 139.995ms\
2026-01-06 19:17:55.811 12950-12985 BluetoothG...entManager com.gap.droid                        I  Client: Received packet from 46:28:68:E1:23:C3, size: 88 bytes\
2026-01-06 19:17:55.813 12950-12985 BluetoothG...entManager com.gap.droid                        D  Client: Parsed packet type 2 from d609cd9429f593ed\
2026-01-06 19:17:55.813 12950-12985 BluetoothC...ionManager com.gap.droid                        D  onPacketReceived: Packet received from 46:28:68:E1:23:C3 (d609cd9429f593ed)\
2026-01-06 19:17:55.814 12950-12985 PacketProcessor         com.gap.droid                        D  processPacket 2\
2026-01-06 19:17:55.817 12950-12971 PacketProcessor         com.gap.droid                        D  \uc0\u55357 \u56550  Processing packet type 2 from d609cd9429f593ed (anon6956) (serialized)\
2026-01-06 19:17:55.859 12950-12971 EncryptionService       com.gap.droid                        D  \uc0\u9989  Ed25519 signature verification: true\
2026-01-06 19:17:55.859 12950-12971 SecurityManager         com.gap.droid                        D  Packet validation passed for d609cd9429f593ed, messageID: 1767745075733-d609cd9429f593ed-3296\
2026-01-06 19:17:55.859 12950-12971 PacketProcessor         com.gap.droid                        D  Processing packet type MESSAGE from d609cd9429f593ed (anon6956)\
2026-01-06 19:17:55.859 12950-12971 PacketProcessor         com.gap.droid                        D  Processing message from d609cd9429f593ed (anon6956)\
2026-01-06 19:17:55.860 12950-12971 PacketRelayManager      com.gap.droid                        D  Evaluating relay for packet type 2 from d609cd9429f593ed (TTL: 7)\
2026-01-06 19:17:55.861 12950-12971 PacketRelayManager      com.gap.droid                        D  Decremented TTL from 7 to 6\
2026-01-06 19:17:55.861 12950-12971 PacketRelayManager      com.gap.droid                        D  High TTL (6), relaying\
2026-01-06 19:17:55.861 12950-12971 PacketRelayManager      com.gap.droid                        D  \uc0\u55357 \u56580  Relaying packet type 2 with TTL 6\
2026-01-06 19:17:55.861 12950-12971 FragmentManager         com.gap.droid                        D  \uc0\u55357 \u56576  Creating fragments for packet type 2, payload: 2 bytes\
2026-01-06 19:17:55.861 12950-12968 MessageHandler          com.gap.droid                        D  Received message from anon6956\
2026-01-06 19:17:55.861 12950-12971 FragmentManager         com.gap.droid                        D  \uc0\u55357 \u56550  Encoded to 256 bytes\
2026-01-06 19:17:55.861 12950-12971 FragmentManager         com.gap.droid                        D  \uc0\u55357 \u56527  Unpadded to 88 bytes\
2026-01-06 19:17:55.861 12950-12968 PeerManager             com.gap.droid                        D  Updated peer: d609cd9429f593ed (anon6956)\
2026-01-06 19:17:55.861 12950-12971 PacketProcessor         com.gap.droid                        D  Completed packet type 2 from d609cd9429f593ed (anon6956)\
2026-01-06 19:17:55.861 12950-12968 BitchatFilePacket       com.gap.droid                        D  \uc0\u55357 \u56580  Decoding 2 bytes\
2026-01-06 19:17:55.862 12950-12975 BluetoothP...roadcaster com.gap.droid                        I  Broadcasting packet type 2 to 2 server + 5 client connections\
2026-01-06 19:17:55.867 12950-12975 BluetoothP...roadcaster com.gap.droid                        D  Skipping broadcast to server back to relayer: 46:28:68:E1:23:C3\
2026-01-06 19:17:55.868 12950-12950 Vibrator                com.gap.droid                        V  Called vibrate(int, String, VibrationEffect, AudioAttributes) API - PUID: 10253, PackageName: com.gap.droid\
2026-01-06 19:17:55.869 12950-12950 Vibrator                com.gap.droid                        V  semVibrate - PUID: 10253, PackageName: com.gap.droid, token: android.os.Binder@4c3bfa6, effect: OneShot\{mTiming=50, mAmplitude=-1\}, AudioAttr: null, Mag: -1, TYPE_EXTRA\
2026-01-06 19:17:55.992 12950-12985 BluetoothG...verManager com.gap.droid                        I  Server: Received packet from 5D:35:93:E2:B3:F3, size: 256 bytes\
2026-01-06 19:17:55.993 12950-12985 BluetoothG...verManager com.gap.droid                        D  Server: Parsed packet type 2 from d609cd9429f593ed\
2026-01-06 19:17:55.993 12950-12985 BluetoothC...ionManager com.gap.droid                        D  onPacketReceived: Packet received from 5D:35:93:E2:B3:F3 (d609cd9429f593ed)\
2026-01-06 19:17:55.993 12950-12985 PacketProcessor         com.gap.droid                        D  processPacket 2\
2026-01-06 19:17:55.995 12950-12975 PacketProcessor         com.gap.droid                        D  \uc0\u55357 \u56550  Processing packet type 2 from d609cd9429f593ed (anon6956) (serialized)\
2026-01-06 19:17:55.996 12950-12975 SecurityManager         com.gap.droid                        D  Dropping duplicate packet: 1767745075733-d609cd9429f593ed-3296\
2026-01-06 19:17:55.996 12950-12975 PacketProcessor         com.gap.droid                        D  Packet failed security validation from d609cd9429f593ed (anon6956)\
2026-01-06 19:17:55.996 12950-12975 PacketProcessor         com.gap.droid                        D  Completed packet type 2 from d609cd9429f593ed (anon6956)\
2026-01-06 19:17:56.045 12950-12985 BluetoothG...verManager com.gap.droid                        I  Server: Received packet from 45:BA:73:AF:7C:1E, size: 256 bytes\
2026-01-06 19:17:56.046 12950-12985 BluetoothG...verManager com.gap.droid                        D  Server: Parsed packet type 2 from d609cd9429f593ed\
2026-01-06 19:17:56.046 12950-12985 BluetoothC...ionManager com.gap.droid                        D  onPacketReceived: Packet received from 45:BA:73:AF:7C:1E (d609cd9429f593ed)\
2026-01-06 19:17:56.047 12950-12985 PacketProcessor         com.gap.droid                        D  processPacket 2\
2026-01-06 19:17:56.051 12950-13308 PacketProcessor         com.gap.droid                        D  \uc0\u55357 \u56550  Processing packet type 2 from d609cd9429f593ed (anon6956) (serialized)\
2026-01-06 19:17:56.051 12950-13308 SecurityManager         com.gap.droid                        D  Dropping duplicate packet: 1767745075733-d609cd9429f593ed-3296\
2026-01-06 19:17:56.051 12950-13308 PacketProcessor         com.gap.droid                        D  Packet failed security validation from d609cd9429f593ed (anon6956)\
2026-01-06 19:17:56.051 12950-13308 PacketProcessor         com.gap.droid                        D  Completed packet type 2 from d609cd9429f593ed (anon6956)\
2026-01-06 19:17:56.970 12950-12975 BluetoothG...entManager com.gap.droid                        D  Requesting RSSI from 46:28:68:E1:23:C3\
2026-01-06 19:17:56.970 12950-12975 BluetoothGatt           com.gap.droid                        D  readRssi() - device: 46:28:68:E1:23:C3\
2026-01-06 19:17:56.982 12950-12985 BluetoothG...entManager com.gap.droid                        D  Client: RSSI updated for 46:28:68:E1:23:C3: -48 dBm\
2026-01-06 19:18:01.977 12950-12975 BluetoothG...entManager com.gap.droid                        D  Requesting RSSI from 46:28:68:E1:23:C3\
2026-01-06 19:18:01.978 12950-12975 BluetoothGatt           com.gap.droid                        D  readRssi() - device: 46:28:68:E1:23:C3\
2026-01-06 19:18:01.996 12950-12985 BluetoothG...entManager com.gap.droid                        D  Client: RSSI updated for 46:28:68:E1:23:C3: -49 dBm\
2026-01-06 19:18:02.965 12950-12985 BluetoothG...verManager com.gap.droid                        I  Server: Received packet from 5D:35:93:E2:B3:F3, size: 256 bytes\
2026-01-06 19:18:02.970 12950-12985 BluetoothG...verManager com.gap.droid                        D  Server: Parsed packet type 1 from 04f4812dfdeb3635\
2026-01-06 19:18:02.970 12950-12985 BluetoothC...ionManager com.gap.droid                        D  onPacketReceived: Packet received from 5D:35:93:E2:B3:F3 (04f4812dfdeb3635)\
2026-01-06 19:18:02.972 12950-12985 PacketProcessor         com.gap.droid                        D  processPacket 1\
2026-01-06 19:18:02.974 12950-12985 BluetoothG...verManager com.gap.droid                        I  Server: Received packet from 45:BA:73:AF:7C:1E, size: 256 bytes\
2026-01-06 19:18:02.975 12950-12975 PacketProcessor         com.gap.droid                        D  \uc0\u55357 \u56550  Processing packet type 1 from 04f4812dfdeb3635 (anon9120) (serialized)\
2026-01-06 19:18:02.975 12950-12985 BluetoothG...verManager com.gap.droid                        D  Server: Parsed packet type 1 from 04f4812dfdeb3635\
2026-01-06 19:18:02.975 12950-12985 BluetoothC...ionManager com.gap.droid                        D  onPacketReceived: Packet received from 45:BA:73:AF:7C:1E (04f4812dfdeb3635)\
2026-01-06 19:18:02.976 12950-12985 PacketProcessor         com.gap.droid                        D  processPacket 1\
2026-01-06 19:18:02.977 12950-12985 BluetoothG...verManager com.gap.droid                        I  Server: Received packet from 45:BA:73:AF:7C:1E, size: 256 bytes\
2026-01-06 19:18:02.979 12950-12985 BluetoothG...verManager com.gap.droid                        D  Server: Parsed packet type 1 from d609cd9429f593ed\
2026-01-06 19:18:02.979 12950-12985 BluetoothC...ionManager com.gap.droid                        D  onPacketReceived: Packet received from 45:BA:73:AF:7C:1E (d609cd9429f593ed)\
2026-01-06 19:18:02.979 12950-12985 PacketProcessor         com.gap.droid                        D  processPacket 1\
2026-01-06 19:18:02.981 12950-12968 PacketProcessor         com.gap.droid                        D  \uc0\u55357 \u56550  Processing packet type 1 from d609cd9429f593ed (anon6956) (serialized)\
2026-01-06 19:18:03.007 12950-12968 EncryptionService       com.gap.droid                        D  \uc0\u9989  Ed25519 signature verification: true\
2026-01-06 19:18:03.007 12950-12968 SecurityManager         com.gap.droid                        D  Packet validation passed for d609cd9429f593ed, messageID: 1767745082856-d609cd9429f593ed-394789133\
2026-01-06 19:18:03.007 12950-12968 PacketProcessor         com.gap.droid                        D  Processing packet type ANNOUNCE from d609cd9429f593ed (anon6956)\
2026-01-06 19:18:03.007 12950-12968 PacketProcessor         com.gap.droid                        D  Processing announce from d609cd9429f593ed (anon6956)\
2026-01-06 19:18:03.008 12950-12968 PacketRelayManager      com.gap.droid                        D  Evaluating relay for packet type 1 from d609cd9429f593ed (TTL: 6)\
2026-01-06 19:18:03.008 12950-12968 PacketRelayManager      com.gap.droid                        D  Decremented TTL from 6 to 5\
2026-01-06 19:18:03.008 12950-12968 PacketRelayManager      com.gap.droid                        D  High TTL (5), relaying\
2026-01-06 19:18:03.008 12950-12968 PacketRelayManager      com.gap.droid                        D  \uc0\u55357 \u56580  Relaying packet type 1 with TTL 5\
2026-01-06 19:18:03.008 12950-12968 FragmentManager         com.gap.droid                        D  \uc0\u55357 \u56576  Creating fragments for packet type 1, payload: 88 bytes\
2026-01-06 19:18:03.008 12950-12968 FragmentManager         com.gap.droid                        D  \uc0\u55357 \u56550  Encoded to 256 bytes\
2026-01-06 19:18:03.008 12950-12968 FragmentManager         com.gap.droid                        D  \uc0\u55357 \u56527  Unpadded to 174 bytes\
2026-01-06 19:18:03.008 12950-12968 PacketProcessor         com.gap.droid                        D  Completed packet type 1 from d609cd9429f593ed (anon6956)\
2026-01-06 19:18:03.009 12950-13308 BluetoothP...roadcaster com.gap.droid                        I  Broadcasting packet type 1 to 2 server + 5 client connections\
2026-01-06 19:18:03.009 12950-13308 BluetoothP...roadcaster com.gap.droid                        D  Skipping broadcast to client back to relayer: 45:BA:73:AF:7C:1E\
2026-01-06 19:18:03.021 12950-12975 EncryptionService       com.gap.droid                        D  \uc0\u9989  Ed25519 signature verification: true\
2026-01-06 19:18:03.021 12950-12975 SecurityManager         com.gap.droid                        D  Packet validation passed for 04f4812dfdeb3635, messageID: 1767745080840-04f4812dfdeb3635-272905753\
2026-01-06 19:18:03.021 12950-12975 PacketProcessor         com.gap.droid                        D  Processing packet type ANNOUNCE from 04f4812dfdeb3635 (anon9120)\
2026-01-06 19:18:03.022 12950-12975 PacketProcessor         com.gap.droid                        D  Processing announce from 04f4812dfdeb3635 (anon9120)\
2026-01-06 19:18:03.022 12950-12975 PacketRelayManager      com.gap.droid                        D  Evaluating relay for packet type 1 from 04f4812dfdeb3635 (TTL: 7)\
2026-01-06 19:18:03.022 12950-12975 PacketRelayManager      com.gap.droid                        D  Decremented TTL from 7 to 6\
2026-01-06 19:18:03.022 12950-12975 PacketRelayManager      com.gap.droid                        D  High TTL (6), relaying\
2026-01-06 19:18:03.022 12950-12975 PacketRelayManager      com.gap.droid                        D  \uc0\u55357 \u56580  Relaying packet type 1 with TTL 6\
2026-01-06 19:18:03.022 12950-12975 FragmentManager         com.gap.droid                        D  \uc0\u55357 \u56576  Creating fragments for packet type 1, payload: 78 bytes\
2026-01-06 19:18:03.022 12950-12975 FragmentManager         com.gap.droid                        D  \uc0\u55357 \u56550  Encoded to 256 bytes\
2026-01-06 19:18:03.022 12950-12975 FragmentManager         com.gap.droid                        D  \uc0\u55357 \u56527  Unpadded to 164 bytes\
2026-01-06 19:18:03.022 12950-12975 PacketProcessor         com.gap.droid                        D  Completed packet type 1 from 04f4812dfdeb3635 (anon9120)\
2026-01-06 19:18:03.022 12950-12975 PacketProcessor         com.gap.droid                        D  \uc0\u55357 \u56550  Processing packet type 1 from 04f4812dfdeb3635 (anon9120) (serialized)\
2026-01-06 19:18:03.023 12950-12975 SecurityManager         com.gap.droid                        D  Allowing duplicate ANNOUNCE from direct neighbor: 1767745080840-04f4812dfdeb3635-272905753\
2026-01-06 19:18:03.023 12950-12968 BluetoothP...roadcaster com.gap.droid                        I  Broadcasting packet type 1 to 2 server + 5 client connections\
2026-01-06 19:18:03.036 12950-12971 EncryptionService       com.gap.droid                        D  \uc0\u9989  Ed25519 signature verification: true\
2026-01-06 19:18:03.038 12950-12971 MessageHandler          com.gap.droid                        D  \uc0\u9989  Verified announce from d609cd9429f593ed: nickname=anon6956, noisePublicKey=c47f7c83c539339b..., signingPublicKey=b2b2dab651df968b...\
2026-01-06 19:18:03.038 12950-12971 PeerManager             com.gap.droid                        D  \uc0\u55357 \u56580  Updated verified peer: anon6956 (d609cd9429f593ed)\
2026-01-06 19:18:03.039 12950-12971 BluetoothMeshService    com.gap.droid                        D  Updating peer ID binding: d609cd9429f593ed (was: null) with nickname: anon6956 and public key: c47f7c83c539339b...\
2026-01-06 19:18:03.039 12950-12971 PeerManager             com.gap.droid                        D  Updated peer: d609cd9429f593ed (anon6956)\
2026-01-06 19:18:03.040 12950-12971 PeerFingerprintManager  com.gap.droid                        D  Stored fingerprint for peer d609cd9429f593ed: d609cd9429f593ed...\
2026-01-06 19:18:03.042 12950-12971 BluetoothMeshService    com.gap.droid                        D  Updated peer ID binding: d609cd9429f593ed (was: null), fingerprint: d609cd9429f593ed...\
2026-01-06 19:18:03.042 12950-12971 MessageHandler          com.gap.droid                        D  \uc0\u9989  Processed verified TLV announce: stored identity for d609cd9429f593ed\
2026-01-06 19:18:03.050 12950-12975 EncryptionService       com.gap.droid                        D  \uc0\u9989  Ed25519 signature verification: true\
2026-01-06 19:18:03.050 12950-12975 SecurityManager         com.gap.droid                        D  Packet validation passed for 04f4812dfdeb3635, messageID: 1767745080840-04f4812dfdeb3635-272905753\
2026-01-06 19:18:03.050 12950-12975 PacketProcessor         com.gap.droid                        D  Processing packet type ANNOUNCE from 04f4812dfdeb3635 (anon9120)\
2026-01-06 19:18:03.050 12950-12975 PacketProcessor         com.gap.droid                        D  Processing announce from 04f4812dfdeb3635 (anon9120)\
2026-01-06 19:18:03.050 12950-12975 PacketRelayManager      com.gap.droid                        D  Evaluating relay for packet type 1 from 04f4812dfdeb3635 (TTL: 7)\
2026-01-06 19:18:03.050 12950-12975 PacketRelayManager      com.gap.droid                        D  Decremented TTL from 7 to 6\
2026-01-06 19:18:03.050 12950-12975 PacketRelayManager      com.gap.droid                        D  High TTL (6), relaying\
2026-01-06 19:18:03.050 12950-12975 PacketRelayManager      com.gap.droid                        D  \uc0\u55357 \u56580  Relaying packet type 1 with TTL 6\
2026-01-06 19:18:03.050 12950-12975 FragmentManager         com.gap.droid                        D  \uc0\u55357 \u56576  Creating fragments for packet type 1, payload: 78 bytes\
2026-01-06 19:18:03.050 12950-12975 FragmentManager         com.gap.droid                        D  \uc0\u55357 \u56550  Encoded to 256 bytes\
2026-01-06 19:18:03.050 12950-12975 FragmentManager         com.gap.droid                        D  \uc0\u55357 \u56527  Unpadded to 164 bytes\
2026-01-06 19:18:03.051 12950-12975 PacketProcessor         com.gap.droid                        D  Completed packet type 1 from 04f4812dfdeb3635 (anon9120)\
2026-01-06 19:18:03.051 12950-12975 BluetoothP...roadcaster com.gap.droid                        I  Broadcasting packet type 1 to 2 server + 5 client connections\
2026-01-06 19:18:03.051 12950-12975 BluetoothP...roadcaster com.gap.droid                        D  Skipping broadcast to client back to relayer: 45:BA:73:AF:7C:1E\
2026-01-06 19:18:03.058 12950-12985 BluetoothG...entManager com.gap.droid                        I  Client: Received packet from 46:28:68:E1:23:C3, size: 174 bytes\
2026-01-06 19:18:03.059 12950-12985 BluetoothG...entManager com.gap.droid                        D  Client: Parsed packet type 1 from d609cd9429f593ed\
2026-01-06 19:18:03.059 12950-12985 BluetoothC...ionManager com.gap.droid                        D  onPacketReceived: Packet received from 46:28:68:E1:23:C3 (d609cd9429f593ed)\
2026-01-06 19:18:03.059 12950-12985 PacketProcessor         com.gap.droid                        D  processPacket 1\
2026-01-06 19:18:03.060 12950-12968 PacketProcessor         com.gap.droid                        D  \uc0\u55357 \u56550  Processing packet type 1 from d609cd9429f593ed (anon6956) (serialized)\
2026-01-06 19:18:03.060 12950-12968 SecurityManager         com.gap.droid                        D  Allowing duplicate ANNOUNCE from direct neighbor: 1767745082856-d609cd9429f593ed-394789133\
2026-01-06 19:18:03.060 12950-12985 BluetoothG...verManager com.gap.droid                        I  Server: Received packet from 5D:35:93:E2:B3:F3, size: 256 bytes\
2026-01-06 19:18:03.061 12950-12985 BluetoothG...verManager com.gap.droid                        D  Server: Parsed packet type 1 from d609cd9429f593ed\
2026-01-06 19:18:03.061 12950-12985 BluetoothC...ionManager com.gap.droid                        D  onPacketReceived: Packet received from 5D:35:93:E2:B3:F3 (d609cd9429f593ed)\
2026-01-06 19:18:03.061 12950-12985 PacketProcessor         com.gap.droid                        D  processPacket 1\
2026-01-06 19:18:03.067 12950-13308 EncryptionService       com.gap.droid                        D  \uc0\u9989  Ed25519 signature verification: true\
2026-01-06 19:18:03.069 12950-13308 MessageHandler          com.gap.droid                        D  \uc0\u9989  Verified announce from 04f4812dfdeb3635: nickname=anon9120, noisePublicKey=3f595f960b42dd79..., signingPublicKey=1215119713db1c62...\
2026-01-06 19:18:03.069 12950-13308 PeerManager             com.gap.droid                        D  \uc0\u55357 \u56580  Updated verified peer: anon9120 (04f4812dfdeb3635)\
2026-01-06 19:18:03.070 12950-13308 BluetoothMeshService    com.gap.droid                        D  Updating peer ID binding: 04f4812dfdeb3635 (was: null) with nickname: anon9120 and public key: 3f595f960b42dd79...\
2026-01-06 19:18:03.070 12950-13308 PeerManager             com.gap.droid                        D  Updated peer: 04f4812dfdeb3635 (anon9120)\
2026-01-06 19:18:03.071 12950-13308 PeerFingerprintManager  com.gap.droid                        D  Stored fingerprint for peer 04f4812dfdeb3635: 04f4812dfdeb3635...\
2026-01-06 19:18:03.072 12950-13308 BluetoothMeshService    com.gap.droid                        D  Updated peer ID binding: 04f4812dfdeb3635 (was: null), fingerprint: 04f4812dfdeb3635...\
2026-01-06 19:18:03.072 12950-13308 MessageHandler          com.gap.droid                        D  \uc0\u9989  Processed verified TLV announce: stored identity for 04f4812dfdeb3635\
2026-01-06 19:18:03.078 12950-12971 EncryptionService       com.gap.droid                        D  \uc0\u9989  Ed25519 signature verification: true\
2026-01-06 19:18:03.082 12950-12971 MessageHandler          com.gap.droid                        D  \uc0\u9989  Verified announce from 04f4812dfdeb3635: nickname=anon9120, noisePublicKey=3f595f960b42dd79..., signingPublicKey=1215119713db1c62...\
2026-01-06 19:18:03.083 12950-12971 PeerManager             com.gap.droid                        D  \uc0\u55357 \u56580  Updated verified peer: anon9120 (04f4812dfdeb3635)\
2026-01-06 19:18:03.083 12950-12971 BluetoothMeshService    com.gap.droid                        D  Updating peer ID binding: 04f4812dfdeb3635 (was: null) with nickname: anon9120 and public key: 3f595f960b42dd79...\
2026-01-06 19:18:03.084 12950-12971 PeerManager             com.gap.droid                        D  Updated peer: 04f4812dfdeb3635 (anon9120)\
2026-01-06 19:18:03.085 12950-12971 PeerFingerprintManager  com.gap.droid                        D  Stored fingerprint for peer 04f4812dfdeb3635: 04f4812dfdeb3635...\
2026-01-06 19:18:03.086 12950-12971 BluetoothMeshService    com.gap.droid                        D  Updated peer ID binding: 04f4812dfdeb3635 (was: null), fingerprint: 04f4812dfdeb3635...\
2026-01-06 19:18:03.086 12950-12971 MessageHandler          com.gap.droid                        D  \uc0\u9989  Processed verified TLV announce: stored identity for 04f4812dfdeb3635\
2026-01-06 19:18:03.086 12950-12968 EncryptionService       com.gap.droid                        D  \uc0\u9989  Ed25519 signature verification: true\
2026-01-06 19:18:03.086 12950-12968 SecurityManager         com.gap.droid                        D  Packet validation passed for d609cd9429f593ed, messageID: 1767745082856-d609cd9429f593ed-394789133\
2026-01-06 19:18:03.086 12950-12968 PacketProcessor         com.gap.droid                        D  Processing packet type ANNOUNCE from d609cd9429f593ed (anon6956)\
2026-01-06 19:18:03.086 12950-12968 PacketProcessor         com.gap.droid                        D  Processing announce from d609cd9429f593ed (anon6956)\
2026-01-06 19:18:03.087 12950-12968 PacketRelayManager      com.gap.droid                        D  Evaluating relay for packet type 1 from d609cd9429f593ed (TTL: 7)\
2026-01-06 19:18:03.088 12950-12968 PacketRelayManager      com.gap.droid                        D  Decremented TTL from 7 to 6\
2026-01-06 19:18:03.088 12950-12968 PacketRelayManager      com.gap.droid                        D  High TTL (6), relaying\
2026-01-06 19:18:03.088 12950-12968 PacketRelayManager      com.gap.droid                        D  \uc0\u55357 \u56580  Relaying packet type 1 with TTL 6\
2026-01-06 19:18:03.088 12950-12968 FragmentManager         com.gap.droid                        D  \uc0\u55357 \u56576  Creating fragments for packet type 1, payload: 88 bytes\
2026-01-06 19:18:03.089 12950-12968 FragmentManager         com.gap.droid                        D  \uc0\u55357 \u56550  Encoded to 256 bytes\
2026-01-06 19:18:03.089 12950-12968 FragmentManager         com.gap.droid                        D  \uc0\u55357 \u56527  Unpadded to 174 bytes\
2026-01-06 19:18:03.090 12950-13308 BluetoothP...roadcaster com.gap.droid                        I  Broadcasting packet type 1 to 2 server + 5 client connections\
2026-01-06 19:18:03.091 12950-12968 PacketProcessor         com.gap.droid                        D  Completed packet type 1 from d609cd9429f593ed (anon6956)\
2026-01-06 19:18:03.091 12950-12968 PacketProcessor         com.gap.droid                        D  \uc0\u55357 \u56550  Processing packet type 1 from d609cd9429f593ed (anon6956) (serialized)\
2026-01-06 19:18:03.092 12950-12968 SecurityManager         com.gap.droid                        D  Dropping duplicate packet: 1767745082856-d609cd9429f593ed-394789133\
2026-01-06 19:18:03.092 12950-12968 PacketProcessor         com.gap.droid                        D  Packet failed security validation from d609cd9429f593ed (anon6956)\
2026-01-06 19:18:03.092 12950-12968 PacketProcessor         com.gap.droid                        D  Completed packet type 1 from d609cd9429f593ed (anon6956)\
2026-01-06 19:18:03.094 12950-13308 BluetoothP...roadcaster com.gap.droid                        D  Skipping broadcast to server back to relayer: 46:28:68:E1:23:C3\
2026-01-06 19:18:03.108 12950-12971 EncryptionService       com.gap.droid                        D  \uc0\u9989  Ed25519 signature verification: true\
2026-01-06 19:18:03.110 12950-12971 MessageHandler          com.gap.droid                        D  \uc0\u9989  Verified announce from d609cd9429f593ed: nickname=anon6956, noisePublicKey=c47f7c83c539339b..., signingPublicKey=b2b2dab651df968b...\
2026-01-06 19:18:03.110 12950-12971 PeerManager             com.gap.droid                        D  \uc0\u55357 \u56580  Updated verified peer: anon6956 (d609cd9429f593ed)\
2026-01-06 19:18:03.110 12950-12971 BluetoothMeshService    com.gap.droid                        D  Updating peer ID binding: d609cd9429f593ed (was: null) with nickname: anon6956 and public key: c47f7c83c539339b...\
2026-01-06 19:18:03.111 12950-12971 PeerManager             com.gap.droid                        D  Updated peer: d609cd9429f593ed (anon6956)\
2026-01-06 19:18:03.112 12950-12971 PeerFingerprintManager  com.gap.droid                        D  Stored fingerprint for peer d609cd9429f593ed: d609cd9429f593ed...\
2026-01-06 19:18:03.112 12950-12971 BluetoothMeshService    com.gap.droid                        D  Updated peer ID binding: d609cd9429f593ed (was: null), fingerprint: d609cd9429f593ed...\
2026-01-06 19:18:03.112 12950-12971 MessageHandler          com.gap.droid                        D  \uc0\u9989  Processed verified TLV announce: stored identity for d609cd9429f593ed\
2026-01-06 19:18:03.161 12950-12985 BluetoothG...entManager com.gap.droid                        I  Client: Received packet from 46:28:68:E1:23:C3, size: 164 bytes\
2026-01-06 19:18:03.162 12950-12985 BluetoothG...entManager com.gap.droid                        D  Client: Parsed packet type 1 from 04f4812dfdeb3635\
2026-01-06 19:18:03.162 12950-12985 BluetoothC...ionManager com.gap.droid                        D  onPacketReceived: Packet received from 46:28:68:E1:23:C3 (04f4812dfdeb3635)\
2026-01-06 19:18:03.162 12950-12985 PacketProcessor         com.gap.droid                        D  processPacket 1\
2026-01-06 19:18:03.163 12950-12971 PacketProcessor         com.gap.droid                        D  \uc0\u55357 \u56550  Processing packet type 1 from 04f4812dfdeb3635 (anon9120) (serialized)\
2026-01-06 19:18:03.164 12950-12971 SecurityManager         com.gap.droid                        D  Dropping duplicate packet: 1767745080840-04f4812dfdeb3635-272905753\
2026-01-06 19:18:03.164 12950-12971 PacketProcessor         com.gap.droid                        D  Packet failed security validation from 04f4812dfdeb3635 (anon9120)\
2026-01-06 19:18:03.164 12950-12971 PacketProcessor         com.gap.droid                        D  Completed packet type 1 from 04f4812dfdeb3635 (anon9120)\
2026-01-06 19:18:03.371 12950-12971 BluetoothC...ionTracker com.gap.droid                        D  Periodic cleanup: 5 connections, 0 pending\
2026-01-06 19:18:03.379 12950-12971 BluetoothMeshService    com.gap.droid                        D  Sending broadcast announce\
2026-01-06 19:18:03.379 12950-12971 BluetoothMeshService    com.gap.droid                        D  Sending broadcast announce\
2026-01-06 19:18:03.407 12950-12971 EncryptionService       com.gap.droid                        D  \uc0\u9989  Generated Ed25519 signature (64 bytes)\
2026-01-06 19:18:03.408 12950-12971 FragmentManager         com.gap.droid                        D  \uc0\u55357 \u56576  Creating fragments for packet type 1, payload: 78 bytes\
2026-01-06 19:18:03.408 12950-12971 FragmentManager         com.gap.droid                        D  \uc0\u55357 \u56550  Encoded to 256 bytes\
2026-01-06 19:18:03.408 12950-12971 FragmentManager         com.gap.droid                        D  \uc0\u55357 \u56527  Unpadded to 164 bytes\
2026-01-06 19:18:03.408 12950-12971 BluetoothMeshService    com.gap.droid                        D  Sent iOS-compatible signed TLV announce (78 bytes)\
2026-01-06 19:18:03.410 12950-13308 BluetoothP...roadcaster com.gap.droid                        I  Broadcasting packet type 1 to 2 server + 5 client connections\
2026-01-06 19:18:03.811 12950-12985 BluetoothG...entManager com.gap.droid                        I  Client: Received packet from 46:28:68:E1:23:C3, size: 182 bytes\
2026-01-06 19:18:03.813 12950-12985 BluetoothG...entManager com.gap.droid                        D  Client: Parsed packet type 1 from d609cd9429f593ed\
2026-01-06 19:18:03.813 12950-12985 BluetoothC...ionManager com.gap.droid                        D  onPacketReceived: Packet received from 46:28:68:E1:23:C3 (d609cd9429f593ed)\
2026-01-06 19:18:03.814 12950-12985 PacketProcessor         com.gap.droid                        D  processPacket 1\
2026-01-06 19:18:03.816 12950-13308 PacketProcessor         com.gap.droid                        D  \uc0\u55357 \u56550  Processing packet type 1 from d609cd9429f593ed (anon6956) (serialized)\
2026-01-06 19:18:03.852 12950-12978 EncryptionService       com.gap.droid                        D  \uc0\u9989  Generated Ed25519 signature (64 bytes)\
2026-01-06 19:18:03.852 12950-12978 BluetoothMeshService    com.gap.droid                        D  \uc0\u9989  Signed packet type 33 (signature 64 bytes)\
2026-01-06 19:18:03.852 12950-12978 FragmentManager         com.gap.droid                        D  \uc0\u55357 \u56576  Creating fragments for packet type 33, payload: 36 bytes\
2026-01-06 19:18:03.853 12950-12978 FragmentManager         com.gap.droid                        D  \uc0\u55357 \u56550  Encoded to 256 bytes\
2026-01-06 19:18:03.853 12950-12978 FragmentManager         com.gap.droid                        D  \uc0\u55357 \u56527  Unpadded to 122 bytes\
2026-01-06 19:18:03.855 12950-12978 BluetoothP...roadcaster com.gap.droid                        I  Broadcasting packet type 33 to 2 server + 5 client connections\
2026-01-06 19:18:03.859 12950-13308 EncryptionService       com.gap.droid                        D  \uc0\u9989  Ed25519 signature verification: true\
2026-01-06 19:18:03.859 12950-13308 SecurityManager         com.gap.droid                        D  Packet validation passed for d609cd9429f593ed, messageID: 1767745083784-d609cd9429f593ed-394789133\
2026-01-06 19:18:03.859 12950-13308 PacketProcessor         com.gap.droid                        D  Processing packet type ANNOUNCE from d609cd9429f593ed (anon6956)\
2026-01-06 19:18:03.859 12950-13308 PacketProcessor         com.gap.droid                        D  Processing announce from d609cd9429f593ed (anon6956)\
2026-01-06 19:18:03.860 12950-13308 PacketRelayManager      com.gap.droid                        D  Evaluating relay for packet type 1 from d609cd9429f593ed (TTL: 7)\
2026-01-06 19:18:03.860 12950-13308 PacketRelayManager      com.gap.droid                        D  Decremented TTL from 7 to 6\
2026-01-06 19:18:03.860 12950-13308 PacketRelayManager      com.gap.droid                        D  High TTL (6), relaying\
2026-01-06 19:18:03.860 12950-13308 PacketRelayManager      com.gap.droid                        D  \uc0\u55357 \u56580  Relaying packet type 1 with TTL 6\
2026-01-06 19:18:03.860 12950-13308 FragmentManager         com.gap.droid                        D  \uc0\u55357 \u56576  Creating fragments for packet type 1, payload: 96 bytes\
2026-01-06 19:18:03.860 12950-13308 FragmentManager         com.gap.droid                        D  \uc0\u55357 \u56550  Encoded to 256 bytes\
2026-01-06 19:18:03.860 12950-13308 FragmentManager         com.gap.droid                        D  \uc0\u55357 \u56527  Unpadded to 182 bytes\
2026-01-06 19:18:03.861 12950-13308 PacketProcessor         com.gap.droid                        D  Completed packet type 1 from d609cd9429f593ed (anon6956)\
2026-01-06 19:18:03.868 12950-12978 BluetoothP...roadcaster com.gap.droid                        I  Broadcasting packet type 1 to 2 server + 5 client connections\
