2026-01-06 02:27:52.911 23971-24314 NostrRelayManager       com.gap.droid                        V  \uc0\u9989  Subscription 'sampling-dr5ry5' sent to relay: wss://fanfares.nostr1.com\
2026-01-06 02:27:52.911 23971-24314 NostrRelayManager       com.gap.droid                        V  \uc0\u9989  Subscription 'sampling-dr5ry5' sent to relay: wss://cyberspace.nostr1.com\
2026-01-06 02:27:52.911 23971-24314 NostrRelayManager       com.gap.droid                        V  \uc0\u9989  Subscription 'sampling-dr5ry5' sent to relay: wss://vitor.nostr1.com\
2026-01-06 02:27:52.912 23971-24314 NostrRelayManager       com.gap.droid                        V  \uc0\u9989  Subscription 'sampling-dr5ry5' sent to relay: wss://relay.toastr.net\
2026-01-06 02:27:52.912 23971-24314 NostrRelayManager       com.gap.droid                        V  \uc0\u9989  Subscription 'sampling-dr5ry5' sent to relay: wss://relay.evanverma.com\
2026-01-06 02:27:52.914 23971-23971 NostrRelayManager       com.gap.droid                        I  \uc0\u55356 \u57104  Geohash dr5ry using 5 relays: wss://fanfares.nostr1.com, wss://cyberspace.nostr1.com, wss://vitor.nostr1.com, wss://relay.toastr.net, wss://relay.evanverma.com\
2026-01-06 02:27:52.914 23971-23971 NostrRelayManager       com.gap.droid                        D  \uc0\u55357 \u56545  Subscribing id=sampling-dr5ry for geohash=dr5ry on 5 relays\
2026-01-06 02:27:52.915 23971-23971 NostrRelayManager       com.gap.droid                        D  \uc0\u55357 \u56545  Subscribing to Nostr filter id=sampling-dr5ry NostrFilter(kinds=[20000], since=1767598072, limit=200, #g=1)\
2026-01-06 02:27:52.915 23971-23971 NostrRelayManager       com.gap.droid                        V  \uc0\u55357 \u56589  DEBUG: Serialized subscription message: ["REQ","sampling-dr5ry",\{"kinds":[20000],"since":1767598072,"limit":200,"#g":["dr5ry"]\}]\
2026-01-06 02:27:52.916 23971-23995 NostrRelayManager       com.gap.droid                        V  \uc0\u9989  Subscription 'sampling-dr5ry' sent to relay: wss://fanfares.nostr1.com\
2026-01-06 02:27:52.916 23971-23995 NostrRelayManager       com.gap.droid                        V  \uc0\u9989  Subscription 'sampling-dr5ry' sent to relay: wss://cyberspace.nostr1.com\
2026-01-06 02:27:52.916 23971-23995 NostrRelayManager       com.gap.droid                        V  \uc0\u9989  Subscription 'sampling-dr5ry' sent to relay: wss://vitor.nostr1.com\
2026-01-06 02:27:52.916 23971-23995 NostrRelayManager       com.gap.droid                        V  \uc0\u9989  Subscription 'sampling-dr5ry' sent to relay: wss://relay.toastr.net\
2026-01-06 02:27:52.917 23971-23995 NostrRelayManager       com.gap.droid                        V  \uc0\u9989  Subscription 'sampling-dr5ry' sent to relay: wss://relay.evanverma.com\
2026-01-06 02:27:52.918 23971-23971 NostrRelayManager       com.gap.droid                        I  \uc0\u55356 \u57104  Geohash dr5r using 5 relays: wss://vitor.nostr1.com, wss://fanfares.nostr1.com, wss://cyberspace.nostr1.com, wss://relay.toastr.net, wss://relay.evanverma.com\
2026-01-06 02:27:52.919 23971-23971 NostrRelayManager       com.gap.droid                        D  \uc0\u55357 \u56545  Subscribing id=sampling-dr5r for geohash=dr5r on 5 relays\
2026-01-06 02:27:52.919 23971-23971 NostrRelayManager       com.gap.droid                        D  \uc0\u55357 \u56545  Subscribing to Nostr filter id=sampling-dr5r NostrFilter(kinds=[20000], since=1767598072, limit=200, #g=1)\
2026-01-06 02:27:52.920 23971-23971 NostrRelayManager       com.gap.droid                        V  \uc0\u55357 \u56589  DEBUG: Serialized subscription message: ["REQ","sampling-dr5r",\{"kinds":[20000],"since":1767598072,"limit":200,"#g":["dr5r"]\}]\
2026-01-06 02:27:52.921 23971-24315 NostrRelayManager       com.gap.droid                        V  \uc0\u9989  Subscription 'sampling-dr5r' sent to relay: wss://vitor.nostr1.com\
2026-01-06 02:27:52.921 23971-24315 NostrRelayManager       com.gap.droid                        V  \uc0\u9989  Subscription 'sampling-dr5r' sent to relay: wss://fanfares.nostr1.com\
2026-01-06 02:27:52.921 23971-24315 NostrRelayManager       com.gap.droid                        V  \uc0\u9989  Subscription 'sampling-dr5r' sent to relay: wss://cyberspace.nostr1.com\
2026-01-06 02:27:52.922 23971-24315 NostrRelayManager       com.gap.droid                        V  \uc0\u9989  Subscription 'sampling-dr5r' sent to relay: wss://relay.toastr.net\
2026-01-06 02:27:52.922 23971-24315 NostrRelayManager       com.gap.droid                        V  \uc0\u9989  Subscription 'sampling-dr5r' sent to relay: wss://relay.evanverma.com\
2026-01-06 02:27:52.923 23971-23971 NostrRelayManager       com.gap.droid                        I  \uc0\u55356 \u57104  Geohash dr using 5 relays: wss://relay.toastr.net, wss://relay.fundstr.me, wss://relay.evanverma.com, wss://relay-dev.satlantis.io, wss://nostr.notribe.net\
2026-01-06 02:27:52.924 23971-23971 NostrRelayManager       com.gap.droid                        D  \uc0\u55357 \u56545  Subscribing id=sampling-dr for geohash=dr on 5 relays\
2026-01-06 02:27:52.924 23971-23971 NostrRelayManager       com.gap.droid                        D  \uc0\u55357 \u56545  Subscribing to Nostr filter id=sampling-dr NostrFilter(kinds=[20000], since=1767598072, limit=200, #g=1)\
2026-01-06 02:27:52.925 23971-23971 NostrRelayManager       com.gap.droid                        V  \uc0\u55357 \u56589  DEBUG: Serialized subscription message: ["REQ","sampling-dr",\{"kinds":[20000],"since":1767598072,"limit":200,"#g":["dr"]\}]\
2026-01-06 02:27:52.925 23971-24315 NostrRelayManager       com.gap.droid                        V  \uc0\u9989  Subscription 'sampling-dr' sent to relay: wss://relay.toastr.net\
2026-01-06 02:27:52.925 23971-24315 NostrRelayManager       com.gap.droid                        V  \uc0\u9989  Subscription 'sampling-dr' sent to relay: wss://relay.fundstr.me\
2026-01-06 02:27:52.926 23971-24315 NostrRelayManager       com.gap.droid                        V  \uc0\u9989  Subscription 'sampling-dr' sent to relay: wss://relay.evanverma.com\
2026-01-06 02:27:52.926 23971-24315 NostrRelayManager       com.gap.droid                        V  \uc0\u9989  Subscription 'sampling-dr' sent to relay: wss://relay-dev.satlantis.io\
2026-01-06 02:27:52.926 23971-24315 NostrRelayManager       com.gap.droid                        V  \uc0\u9989  Subscription 'sampling-dr' sent to relay: wss://nostr.notribe.net\
2026-01-06 02:27:52.928 23971-23971 Choreographer           com.gap.droid                        I  Skipped 4 frames!  The application may be doing too much work on its main thread.\
2026-01-06 02:27:52.949 23971-23971 LocationChannelManager  com.gap.droid                        D  Real-time location: 40.7574287, -73.9137897 acc=100.0m\
2026-01-06 02:27:52.949 23971-23971 LocationChannelManager  com.gap.droid                        D  Computing channels for location: 40.7574287, -73.9137897\
2026-01-06 02:27:52.949 23971-23971 LocationChannelManager  com.gap.droid                        V  Generated Building: dr5ry59t\
2026-01-06 02:27:52.949 23971-23971 LocationChannelManager  com.gap.droid                        V  Generated Block: dr5ry59\
2026-01-06 02:27:52.949 23971-23971 LocationChannelManager  com.gap.droid                        V  Generated Neighborhood: dr5ry5\
2026-01-06 02:27:52.949 23971-23971 LocationChannelManager  com.gap.droid                        V  Generated City: dr5ry\
2026-01-06 02:27:52.949 23971-23971 LocationChannelManager  com.gap.droid                        V  Generated Province: dr5r\
2026-01-06 02:27:52.949 23971-23971 LocationChannelManager  com.gap.droid                        V  Generated REGION: dr\
2026-01-06 02:27:52.951 23971-24315 LocationChannelManager  com.gap.droid                        D  Starting reverse geocoding\
2026-01-06 02:27:52.953 23971-23971 LocationChannelManager  com.gap.droid                        D  Requesting one-shot location\
2026-01-06 02:27:52.956 23971-24315 LocationChannelManager  com.gap.droid                        D  Reverse geocoding result: \{REGION=United States, PROVINCE=New York, CITY=Queens County, NEIGHBORHOOD=Queens, BLOCK=Queens\}\
2026-01-06 02:27:52.964 23971-23971 LocationChannelManager  com.gap.droid                        D  Using last known location: 40.757625, -73.913865\
2026-01-06 02:27:52.964 23971-23971 LocationChannelManager  com.gap.droid                        D  Computing channels for location: 40.757625, -73.913865\
2026-01-06 02:27:52.964 23971-23971 LocationChannelManager  com.gap.droid                        V  Generated Building: dr5ry59w\
2026-01-06 02:27:52.964 23971-23971 LocationChannelManager  com.gap.droid                        V  Generated Block: dr5ry59\
2026-01-06 02:27:52.964 23971-23971 LocationChannelManager  com.gap.droid                        V  Generated Neighborhood: dr5ry5\
2026-01-06 02:27:52.964 23971-23971 LocationChannelManager  com.gap.droid                        V  Generated City: dr5ry\
2026-01-06 02:27:52.964 23971-23971 LocationChannelManager  com.gap.droid                        V  Generated Province: dr5r\
2026-01-06 02:27:52.964 23971-23971 LocationChannelManager  com.gap.droid                        V  Generated REGION: dr\
2026-01-06 02:27:52.965 23971-23971 LocationChannelManager  com.gap.droid                        D  Beginning live refresh (continuous updates)\
2026-01-06 02:27:52.966 23971-24315 LocationChannelManager  com.gap.droid                        D  Starting reverse geocoding\
2026-01-06 02:27:52.970 23971-24315 LocationChannelManager  com.gap.droid                        D  Reverse geocoding result: \{REGION=United States, PROVINCE=New York, CITY=Queens County, NEIGHBORHOOD=Queens, BLOCK=Queens\}\
2026-01-06 02:27:52.971 23971-23971 LocationChannelManager  com.gap.droid                        D  Registered continuous updates for gps\
2026-01-06 02:27:52.974 23971-23971 LocationChannelManager  com.gap.droid                        D  Registered continuous updates for network\
2026-01-06 02:27:52.975 23971-23971 LocationChannelManager  com.gap.droid                        D  Requesting one-shot location\
2026-01-06 02:27:52.983 23971-23971 LocationChannelManager  com.gap.droid                        D  Using last known location: 40.757625, -73.913865\
2026-01-06 02:27:52.983 23971-23971 LocationChannelManager  com.gap.droid                        D  Computing channels for location: 40.757625, -73.913865\
2026-01-06 02:27:52.983 23971-23971 LocationChannelManager  com.gap.droid                        V  Generated Building: dr5ry59w\
2026-01-06 02:27:52.983 23971-23971 LocationChannelManager  com.gap.droid                        V  Generated Block: dr5ry59\
2026-01-06 02:27:52.983 23971-23971 LocationChannelManager  com.gap.droid                        V  Generated Neighborhood: dr5ry5\
2026-01-06 02:27:52.983 23971-23971 LocationChannelManager  com.gap.droid                        V  Generated City: dr5ry\
2026-01-06 02:27:52.983 23971-23971 LocationChannelManager  com.gap.droid                        V  Generated Province: dr5r\
2026-01-06 02:27:52.983 23971-23971 LocationChannelManager  com.gap.droid                        V  Generated REGION: dr\
2026-01-06 02:27:52.985 23971-24194 ArtiNative              com.gap.droid                        I  Arti: Tor connection established to relay.toastr.net:443\
2026-01-06 02:27:52.985 23971-23971 GeohashViewModel        com.gap.droid                        D  \uc0\u55356 \u57101  Beginning geohash sampling for 6 geohashes\
2026-01-06 02:27:52.985 23971-24315 LocationChannelManager  com.gap.droid                        D  Starting reverse geocoding\
2026-01-06 02:27:52.986 23971-24194 ArtiTorManager          com.gap.droid                        I  arti: Tor connection established to relay.toastr.net:443\
2026-01-06 02:27:52.988 23971-23971 NostrRelayManager       com.gap.droid                        I  \uc0\u55356 \u57104  Geohash dr5ry59w using 5 relays: wss://fanfares.nostr1.com, wss://cyberspace.nostr1.com, wss://vitor.nostr1.com, wss://relay.toastr.net, wss://relay.evanverma.com\
2026-01-06 02:27:52.989 23971-23971 NostrRelayManager       com.gap.droid                        D  \uc0\u55357 \u56545  Subscribing id=sampling-dr5ry59w for geohash=dr5ry59w on 5 relays\
2026-01-06 02:27:52.989 23971-24315 LocationChannelManager  com.gap.droid                        D  Reverse geocoding result: \{REGION=United States, PROVINCE=New York, CITY=Queens County, NEIGHBORHOOD=Queens, BLOCK=Queens\}\
2026-01-06 02:27:52.989 23971-23971 NostrRelayManager       com.gap.droid                        D  \uc0\u55357 \u56545  Subscribing to Nostr filter id=sampling-dr5ry59w NostrFilter(kinds=[20000], since=1767598072, limit=200, #g=1)\
2026-01-06 02:27:52.990 23971-23971 NostrRelayManager       com.gap.droid                        V  \uc0\u55357 \u56589  DEBUG: Serialized subscription message: ["REQ","sampling-dr5ry59w",\{"kinds":[20000],"since":1767598072,"limit":200,"#g":["dr5ry59w"]\}]\
2026-01-06 02:27:52.990 23971-24315 NostrRelayManager       com.gap.droid                        V  \uc0\u9989  Subscription 'sampling-dr5ry59w' sent to relay: wss://fanfares.nostr1.com\
2026-01-06 02:27:52.990 23971-24315 NostrRelayManager       com.gap.droid                        V  \uc0\u9989  Subscription 'sampling-dr5ry59w' sent to relay: wss://cyberspace.nostr1.com\
2026-01-06 02:27:52.991 23971-24315 NostrRelayManager       com.gap.droid                        V  \uc0\u9989  Subscription 'sampling-dr5ry59w' sent to relay: wss://vitor.nostr1.com\
2026-01-06 02:27:52.991 23971-24315 NostrRelayManager       com.gap.droid                        V  \uc0\u9989  Subscription 'sampling-dr5ry59w' sent to relay: wss://relay.toastr.net\
2026-01-06 02:27:52.991 23971-24315 NostrRelayManager       com.gap.droid                        V  \uc0\u9989  Subscription 'sampling-dr5ry59w' sent to relay: wss://relay.evanverma.com\
2026-01-06 02:27:52.993 23971-23971 NostrRelayManager       com.gap.droid                        I  \uc0\u55356 \u57104  Geohash dr5ry59 using 5 relays: wss://fanfares.nostr1.com, wss://cyberspace.nostr1.com, wss://vitor.nostr1.com, wss://relay.toastr.net, wss://relay.evanverma.com\
2026-01-06 02:27:52.993 23971-23971 NostrRelayManager       com.gap.droid                        D  \uc0\u55357 \u56545  Subscribing id=sampling-dr5ry59 for geohash=dr5ry59 on 5 relays\
2026-01-06 02:27:52.993 23971-23971 NostrRelayManager       com.gap.droid                        D  \uc0\u55357 \u56545  Subscribing to Nostr filter id=sampling-dr5ry59 NostrFilter(kinds=[20000], since=1767598072, limit=200, #g=1)\
2026-01-06 02:27:52.994 23971-23971 NostrRelayManager       com.gap.droid                        V  \uc0\u55357 \u56589  DEBUG: Serialized subscription message: ["REQ","sampling-dr5ry59",\{"kinds":[20000],"since":1767598072,"limit":200,"#g":["dr5ry59"]\}]\
2026-01-06 02:27:52.995 23971-24000 NostrRelayManager       com.gap.droid                        V  \uc0\u9989  Subscription 'sampling-dr5ry59' sent to relay: wss://fanfares.nostr1.com\
2026-01-06 02:27:52.995 23971-24000 NostrRelayManager       com.gap.droid                        V  \uc0\u9989  Subscription 'sampling-dr5ry59' sent to relay: wss://cyberspace.nostr1.com\
2026-01-06 02:27:52.995 23971-24000 NostrRelayManager       com.gap.droid                        V  \uc0\u9989  Subscription 'sampling-dr5ry59' sent to relay: wss://vitor.nostr1.com\
2026-01-06 02:27:52.995 23971-24000 NostrRelayManager       com.gap.droid                        V  \uc0\u9989  Subscription 'sampling-dr5ry59' sent to relay: wss://relay.toastr.net\
2026-01-06 02:27:52.995 23971-24000 NostrRelayManager       com.gap.droid                        V  \uc0\u9989  Subscription 'sampling-dr5ry59' sent to relay: wss://relay.evanverma.com\
2026-01-06 02:27:52.997 23971-23971 NostrRelayManager       com.gap.droid                        I  \uc0\u55356 \u57104  Geohash dr5ry5 using 5 relays: wss://fanfares.nostr1.com, wss://cyberspace.nostr1.com, wss://vitor.nostr1.com, wss://relay.toastr.net, wss://relay.evanverma.com\
2026-01-06 02:27:52.997 23971-23971 NostrRelayManager       com.gap.droid                        D  \uc0\u55357 \u56545  Subscribing id=sampling-dr5ry5 for geohash=dr5ry5 on 5 relays\
2026-01-06 02:27:52.998 23971-23971 NostrRelayManager       com.gap.droid                        D  \uc0\u55357 \u56545  Subscribing to Nostr filter id=sampling-dr5ry5 NostrFilter(kinds=[20000], since=1767598072, limit=200, #g=1)\
2026-01-06 02:27:52.998 23971-23971 NostrRelayManager       com.gap.droid                        V  \uc0\u55357 \u56589  DEBUG: Serialized subscription message: ["REQ","sampling-dr5ry5",\{"kinds":[20000],"since":1767598072,"limit":200,"#g":["dr5ry5"]\}]\
2026-01-06 02:27:52.999 23971-23993 NostrRelayManager       com.gap.droid                        V  \uc0\u9989  Subscription 'sampling-dr5ry5' sent to relay: wss://fanfares.nostr1.com\
2026-01-06 02:27:52.999 23971-23993 NostrRelayManager       com.gap.droid                        V  \uc0\u9989  Subscription 'sampling-dr5ry5' sent to relay: wss://cyberspace.nostr1.com\
2026-01-06 02:27:52.999 23971-23993 NostrRelayManager       com.gap.droid                        V  \uc0\u9989  Subscription 'sampling-dr5ry5' sent to relay: wss://vitor.nostr1.com\
2026-01-06 02:27:52.999 23971-23993 NostrRelayManager       com.gap.droid                        V  \uc0\u9989  Subscription 'sampling-dr5ry5' sent to relay: wss://relay.toastr.net\
2026-01-06 02:27:52.999 23971-23993 NostrRelayManager       com.gap.droid                        V  \uc0\u9989  Subscription 'sampling-dr5ry5' sent to relay: wss://relay.evanverma.com\
2026-01-06 02:27:53.001 23971-23971 NostrRelayManager       com.gap.droid                        I  \uc0\u55356 \u57104  Geohash dr5ry using 5 relays: wss://fanfares.nostr1.com, wss://cyberspace.nostr1.com, wss://vitor.nostr1.com, wss://relay.toastr.net, wss://relay.evanverma.com\
2026-01-06 02:27:53.002 23971-23971 NostrRelayManager       com.gap.droid                        D  \uc0\u55357 \u56545  Subscribing id=sampling-dr5ry for geohash=dr5ry on 5 relays\
2026-01-06 02:27:53.002 23971-23971 NostrRelayManager       com.gap.droid                        D  \uc0\u55357 \u56545  Subscribing to Nostr filter id=sampling-dr5ry NostrFilter(kinds=[20000], since=1767598072, limit=200, #g=1)\
2026-01-06 02:27:53.003 23971-23971 NostrRelayManager       com.gap.droid                        V  \uc0\u55357 \u56589  DEBUG: Serialized subscription message: ["REQ","sampling-dr5ry",\{"kinds":[20000],"since":1767598072,"limit":200,"#g":["dr5ry"]\}]\
2026-01-06 02:27:53.003 23971-23997 NostrRelayManager       com.gap.droid                        V  \uc0\u9989  Subscription 'sampling-dr5ry' sent to relay: wss://fanfares.nostr1.com\
2026-01-06 02:27:53.003 23971-23997 NostrRelayManager       com.gap.droid                        V  \uc0\u9989  Subscription 'sampling-dr5ry' sent to relay: wss://cyberspace.nostr1.com\
2026-01-06 02:27:53.003 23971-23997 NostrRelayManager       com.gap.droid                        V  \uc0\u9989  Subscription 'sampling-dr5ry' sent to relay: wss://vitor.nostr1.com\
2026-01-06 02:27:53.003 23971-23997 NostrRelayManager       com.gap.droid                        V  \uc0\u9989  Subscription 'sampling-dr5ry' sent to relay: wss://relay.toastr.net\
2026-01-06 02:27:53.003 23971-23997 NostrRelayManager       com.gap.droid                        V  \uc0\u9989  Subscription 'sampling-dr5ry' sent to relay: wss://relay.evanverma.com\
2026-01-06 02:27:53.005 23971-23971 NostrRelayManager       com.gap.droid                        I  \uc0\u55356 \u57104  Geohash dr5r using 5 relays: wss://vitor.nostr1.com, wss://fanfares.nostr1.com, wss://cyberspace.nostr1.com, wss://relay.toastr.net, wss://relay.evanverma.com\
2026-01-06 02:27:53.006 23971-23971 NostrRelayManager       com.gap.droid                        D  \uc0\u55357 \u56545  Subscribing id=sampling-dr5r for geohash=dr5r on 5 relays\
2026-01-06 02:27:53.006 23971-23971 NostrRelayManager       com.gap.droid                        D  \uc0\u55357 \u56545  Subscribing to Nostr filter id=sampling-dr5r NostrFilter(kinds=[20000], since=1767598072, limit=200, #g=1)\
2026-01-06 02:27:53.007 23971-23971 NostrRelayManager       com.gap.droid                        V  \uc0\u55357 \u56589  DEBUG: Serialized subscription message: ["REQ","sampling-dr5r",\{"kinds":[20000],"since":1767598072,"limit":200,"#g":["dr5r"]\}]\
2026-01-06 02:27:53.007 23971-24097 NostrRelayManager       com.gap.droid                        V  \uc0\u9989  Subscription 'sampling-dr5r' sent to relay: wss://vitor.nostr1.com\
2026-01-06 02:27:53.007 23971-24097 NostrRelayManager       com.gap.droid                        V  \uc0\u9989  Subscription 'sampling-dr5r' sent to relay: wss://fanfares.nostr1.com\
2026-01-06 02:27:53.007 23971-24097 NostrRelayManager       com.gap.droid                        V  \uc0\u9989  Subscription 'sampling-dr5r' sent to relay: wss://cyberspace.nostr1.com\
2026-01-06 02:27:53.007 23971-24097 NostrRelayManager       com.gap.droid                        V  \uc0\u9989  Subscription 'sampling-dr5r' sent to relay: wss://relay.toastr.net\
2026-01-06 02:27:53.007 23971-24097 NostrRelayManager       com.gap.droid                        V  \uc0\u9989  Subscription 'sampling-dr5r' sent to relay: wss://relay.evanverma.com\
2026-01-06 02:27:53.009 23971-23971 NostrRelayManager       com.gap.droid                        I  \uc0\u55356 \u57104  Geohash dr using 5 relays: wss://relay.toastr.net, wss://relay.fundstr.me, wss://relay.evanverma.com, wss://relay-dev.satlantis.io, wss://nostr.notribe.net\
2026-01-06 02:27:53.010 23971-23971 NostrRelayManager       com.gap.droid                        D  \uc0\u55357 \u56545  Subscribing id=sampling-dr for geohash=dr on 5 relays\
2026-01-06 02:27:53.010 23971-23971 NostrRelayManager       com.gap.droid                        D  \uc0\u55357 \u56545  Subscribing to Nostr filter id=sampling-dr NostrFilter(kinds=[20000], since=1767598072, limit=200, #g=1)\
2026-01-06 02:27:53.011 23971-23971 NostrRelayManager       com.gap.droid                        V  \uc0\u55357 \u56589  DEBUG: Serialized subscription message: ["REQ","sampling-dr",\{"kinds":[20000],"since":1767598072,"limit":200,"#g":["dr"]\}]\
2026-01-06 02:27:53.011 23971-24097 NostrRelayManager       com.gap.droid                        V  \uc0\u9989  Subscription 'sampling-dr' sent to relay: wss://relay.toastr.net\
2026-01-06 02:27:53.011 23971-24097 NostrRelayManager       com.gap.droid                        V  \uc0\u9989  Subscription 'sampling-dr' sent to relay: wss://relay.fundstr.me\
2026-01-06 02:27:53.012 23971-24097 NostrRelayManager       com.gap.droid                        V  \uc0\u9989  Subscription 'sampling-dr' sent to relay: wss://relay.evanverma.com\
2026-01-06 02:27:53.012 23971-23971 Choreographer           com.gap.droid                        I  Skipped 4 frames!  The application may be doing too much work on its main thread.\
2026-01-06 02:27:53.012 23971-24097 NostrRelayManager       com.gap.droid                        V  \uc0\u9989  Subscription 'sampling-dr' sent to relay: wss://relay-dev.satlantis.io\
2026-01-06 02:27:53.012 23971-24097 NostrRelayManager       com.gap.droid                        V  \uc0\u9989  Subscription 'sampling-dr' sent to relay: wss://nostr.notribe.net\
2026-01-06 02:27:53.015 23971-24011 BluetoothG...verManager com.gap.droid                        I  Server: Received packet from 67:4F:8D:CE:AD:3E, size: 174 bytes\
2026-01-06 02:27:53.015 23971-24011 BluetoothG...verManager com.gap.droid                        D  Server: Parsed packet type 1 from 09846e8292f371d7\
2026-01-06 02:27:53.015 23971-24011 BluetoothC...ionManager com.gap.droid                        D  onPacketReceived: Packet received from 67:4F:8D:CE:AD:3E (09846e8292f371d7)\
2026-01-06 02:27:53.015 23971-24011 PacketProcessor         com.gap.droid                        D  processPacket 1\
2026-01-06 02:27:53.016 23971-24097 PacketProcessor         com.gap.droid                        D  \uc0\u55357 \u56550  Processing packet type 1 from 09846e8292f371d7 (anon8764) (serialized)\
2026-01-06 02:27:53.017 23971-23971 LocationChannelManager  com.gap.droid                        D  Real-time location: 40.7574287, -73.9137897 acc=100.0m\
2026-01-06 02:27:53.017 23971-23971 LocationChannelManager  com.gap.droid                        D  Computing channels for location: 40.7574287, -73.9137897\
2026-01-06 02:27:53.017 23971-23971 LocationChannelManager  com.gap.droid                        V  Generated Building: dr5ry59t\
2026-01-06 02:27:53.017 23971-23971 LocationChannelManager  com.gap.droid                        V  Generated Block: dr5ry59\
2026-01-06 02:27:53.017 23971-23971 LocationChannelManager  com.gap.droid                        V  Generated Neighborhood: dr5ry5\
2026-01-06 02:27:53.017 23971-23971 LocationChannelManager  com.gap.droid                        V  Generated City: dr5ry\
2026-01-06 02:27:53.017 23971-23971 LocationChannelManager  com.gap.droid                        V  Generated Province: dr5r\
2026-01-06 02:27:53.017 23971-23971 LocationChannelManager  com.gap.droid                        V  Generated REGION: dr\
2026-01-06 02:27:53.019 23971-23993 LocationChannelManager  com.gap.droid                        D  Starting reverse geocoding\
2026-01-06 02:27:53.023 23971-23993 LocationChannelManager  com.gap.droid                        D  Reverse geocoding result: \{REGION=United States, PROVINCE=New York, CITY=Queens County, NEIGHBORHOOD=Queens, BLOCK=Queens\}\
2026-01-06 02:27:53.038 23971-24097 EncryptionService       com.gap.droid                        D  \uc0\u9989  Ed25519 signature verification: true\
2026-01-06 02:27:53.039 23971-24097 SecurityManager         com.gap.droid                        D  Packet validation passed for 09846e8292f371d7, messageID: 1767684473111-09846e8292f371d7-35770115\
2026-01-06 02:27:53.039 23971-24097 PacketProcessor         com.gap.droid                        D  Processing packet type ANNOUNCE from 09846e8292f371d7 (anon8764)\
2026-01-06 02:27:53.039 23971-24097 PacketProcessor         com.gap.droid                        D  Processing announce from 09846e8292f371d7 (anon8764)\
2026-01-06 02:27:53.039 23971-24097 PacketRelayManager      com.gap.droid                        D  Evaluating relay for packet type 1 from 09846e8292f371d7 (TTL: 7)\
2026-01-06 02:27:53.039 23971-24097 PacketRelayManager      com.gap.droid                        D  Decremented TTL from 7 to 6\
2026-01-06 02:27:53.039 23971-24097 PacketRelayManager      com.gap.droid                        D  High TTL (6), relaying\
2026-01-06 02:27:53.039 23971-24097 PacketRelayManager      com.gap.droid                        D  \uc0\u55357 \u56580  Relaying packet type 1 with TTL 6\
2026-01-06 02:27:53.039 23971-24097 FragmentManager         com.gap.droid                        D  \uc0\u55357 \u56576  Creating fragments for packet type 1, payload: 88 bytes\
2026-01-06 02:27:53.040 23971-24097 FragmentManager         com.gap.droid                        D  \uc0\u55357 \u56550  Encoded to 256 bytes\
2026-01-06 02:27:53.040 23971-24097 FragmentManager         com.gap.droid                        D  \uc0\u55357 \u56527  Unpadded to 174 bytes\
2026-01-06 02:27:53.040 23971-24097 PacketProcessor         com.gap.droid                        D  Completed packet type 1 from 09846e8292f371d7 (anon8764)\
2026-01-06 02:27:53.041 23971-24002 BluetoothP...roadcaster com.gap.droid                        I  Broadcasting packet type 1 to 3 server + 1 client connections\
2026-01-06 02:27:53.041 23971-24002 BluetoothP...roadcaster com.gap.droid                        D  Skipping broadcast to client back to relayer: 67:4F:8D:CE:AD:3E\
2026-01-06 02:27:53.041 23971-24002 chatty                  com.gap.droid                        I  uid=10208(com.gap.droid) DefaultDispatch identical 1 line\
2026-01-06 02:27:53.041 23971-24002 BluetoothP...roadcaster com.gap.droid                        D  Skipping broadcast to client back to relayer: 67:4F:8D:CE:AD:3E\
2026-01-06 02:27:53.047 23971-23971 LocationChannelManager  com.gap.droid                        D  Requesting one-shot location\
2026-01-06 02:27:53.054 23971-23971 LocationChannelManager  com.gap.droid                        D  Using last known location: 40.757625, -73.913865\
2026-01-06 02:27:53.054 23971-23971 LocationChannelManager  com.gap.droid                        D  Computing channels for location: 40.757625, -73.913865\
2026-01-06 02:27:53.054 23971-23971 LocationChannelManager  com.gap.droid                        V  Generated Building: dr5ry59w\
2026-01-06 02:27:53.054 23971-23971 LocationChannelManager  com.gap.droid                        V  Generated Block: dr5ry59\
2026-01-06 02:27:53.054 23971-23971 LocationChannelManager  com.gap.droid                        V  Generated Neighborhood: dr5ry5\
2026-01-06 02:27:53.054 23971-23971 LocationChannelManager  com.gap.droid                        V  Generated City: dr5ry\
2026-01-06 02:27:53.054 23971-23971 LocationChannelManager  com.gap.droid                        V  Generated Province: dr5r\
2026-01-06 02:27:53.054 23971-23971 LocationChannelManager  com.gap.droid                        V  Generated REGION: dr\
2026-01-06 02:27:53.056 23971-23971 LocationChannelManager  com.gap.droid                        D  Beginning live refresh (continuous updates)\
2026-01-06 02:27:53.056 23971-24002 LocationChannelManager  com.gap.droid                        D  Starting reverse geocoding\
2026-01-06 02:27:53.059 23971-23993 EncryptionService       com.gap.droid                        D  \uc0\u9989  Ed25519 signature verification: true\
2026-01-06 02:27:53.060 23971-23993 MessageHandler          com.gap.droid                        D  \uc0\u9989  Verified announce from 09846e8292f371d7: nickname=anon8764, noisePublicKey=88e0f4b832401d26..., signingPublicKey=fc80f64988c7e571...\
2026-01-06 02:27:53.060 23971-23993 PeerManager             com.gap.droid                        D  \uc0\u55357 \u56580  Updated verified peer: anon8764 (09846e8292f371d7)\
2026-01-06 02:27:53.060 23971-24002 LocationChannelManager  com.gap.droid                        D  Reverse geocoding result: \{REGION=United States, PROVINCE=New York, CITY=Queens County, NEIGHBORHOOD=Queens, BLOCK=Queens\}\
2026-01-06 02:27:53.060 23971-23993 BluetoothMeshService    com.gap.droid                        D  Updating peer ID binding: 09846e8292f371d7 (was: null) with nickname: anon8764 and public key: 88e0f4b832401d26...\
2026-01-06 02:27:53.060 23971-23993 PeerManager             com.gap.droid                        D  Updated peer: 09846e8292f371d7 (anon8764)\
2026-01-06 02:27:53.061 23971-23993 PeerFingerprintManager  com.gap.droid                        D  Stored fingerprint for peer 09846e8292f371d7: 09846e8292f371d7...\
2026-01-06 02:27:53.062 23971-23993 BluetoothMeshService    com.gap.droid                        D  Updated peer ID binding: 09846e8292f371d7 (was: null), fingerprint: 09846e8292f371d7...\
2026-01-06 02:27:53.062 23971-23993 MessageHandler          com.gap.droid                        D  \uc0\u9989  Processed verified TLV announce: stored identity for 09846e8292f371d7\
2026-01-06 02:27:53.063 23971-23971 LocationChannelManager  com.gap.droid                        D  Registered continuous updates for gps\
2026-01-06 02:27:53.066 23971-23971 LocationChannelManager  com.gap.droid                        D  Registered continuous updates for network\
2026-01-06 02:27:53.067 23971-23971 LocationChannelManager  com.gap.droid                        D  Requesting one-shot location\
2026-01-06 02:27:53.073 23971-23971 LocationChannelManager  com.gap.droid                        D  Using last known location: 40.757625, -73.913865\
2026-01-06 02:27:53.073 23971-23971 LocationChannelManager  com.gap.droid                        D  Computing channels for location: 40.757625, -73.913865\
2026-01-06 02:27:53.073 23971-23971 LocationChannelManager  com.gap.droid                        V  Generated Building: dr5ry59w\
2026-01-06 02:27:53.073 23971-23971 LocationChannelManager  com.gap.droid                        V  Generated Block: dr5ry59\
2026-01-06 02:27:53.073 23971-23971 LocationChannelManager  com.gap.droid                        V  Generated Neighborhood: dr5ry5\
2026-01-06 02:27:53.073 23971-23971 LocationChannelManager  com.gap.droid                        V  Generated City: dr5ry\
2026-01-06 02:27:53.073 23971-23971 LocationChannelManager  com.gap.droid                        V  Generated Province: dr5r\
2026-01-06 02:27:53.073 23971-23971 LocationChannelManager  com.gap.droid                        V  Generated REGION: dr\
2026-01-06 02:27:53.074 23971-23993 LocationChannelManager  com.gap.droid                        D  Starting reverse geocoding\
2026-01-06 02:27:53.074 23971-23971 GeohashViewModel        com.gap.droid                        D  \uc0\u55356 \u57101  Beginning geohash sampling for 6 geohashes\
2026-01-06 02:27:53.077 23971-23971 NostrRelayManager       com.gap.droid                        I  \uc0\u55356 \u57104  Geohash dr5ry59t using 5 relays: wss://fanfares.nostr1.com, wss://cyberspace.nostr1.com, wss://vitor.nostr1.com, wss://relay.toastr.net, wss://relay.evanverma.com\
2026-01-06 02:27:53.078 23971-23993 LocationChannelManager  com.gap.droid                        D  Reverse geocoding result: \{REGION=United States, PROVINCE=New York, CITY=Queens County, NEIGHBORHOOD=Queens, BLOCK=Queens\}\
2026-01-06 02:27:53.078 23971-23971 NostrRelayManager       com.gap.droid                        D  \uc0\u55357 \u56545  Subscribing id=sampling-dr5ry59t for geohash=dr5ry59t on 5 relays\
2026-01-06 02:27:53.078 23971-23971 NostrRelayManager       com.gap.droid                        D  \uc0\u55357 \u56545  Subscribing to Nostr filter id=sampling-dr5ry59t NostrFilter(kinds=[20000], since=1767598073, limit=200, #g=1)\
2026-01-06 02:27:53.079 23971-23971 NostrRelayManager       com.gap.droid                        V  \uc0\u55357 \u56589  DEBUG: Serialized subscription message: ["REQ","sampling-dr5ry59t",\{"kinds":[20000],"since":1767598073,"limit":200,"#g":["dr5ry59t"]\}]\
2026-01-06 02:27:53.079 23971-23993 NostrRelayManager       com.gap.droid                        V  \uc0\u9989  Subscription 'sampling-dr5ry59t' sent to relay: wss://fanfares.nostr1.com\
2026-01-06 02:27:53.080 23971-23993 NostrRelayManager       com.gap.droid                        V  \uc0\u9989  Subscription 'sampling-dr5ry59t' sent to relay: wss://cyberspace.nostr1.com\
2026-01-06 02:27:53.080 23971-23993 NostrRelayManager       com.gap.droid                        V  \uc0\u9989  Subscription 'sampling-dr5ry59t' sent to relay: wss://vitor.nostr1.com\
2026-01-06 02:27:53.080 23971-23993 NostrRelayManager       com.gap.droid                        V  \uc0\u9989  Subscription 'sampling-dr5ry59t' sent to relay: wss://relay.toastr.net\
2026-01-06 02:27:53.080 23971-23993 NostrRelayManager       com.gap.droid                        V  \uc0\u9989  Subscription 'sampling-dr5ry59t' sent to relay: wss://relay.evanverma.com\
2026-01-06 02:27:53.081 23971-23971 NostrRelayManager       com.gap.droid                        I  \uc0\u55356 \u57104  Geohash dr5ry59 using 5 relays: wss://fanfares.nostr1.com, wss://cyberspace.nostr1.com, wss://vitor.nostr1.com, wss://relay.toastr.net, wss://relay.evanverma.com\
2026-01-06 02:27:53.082 23971-23971 NostrRelayManager       com.gap.droid                        D  \uc0\u55357 \u56545  Subscribing id=sampling-dr5ry59 for geohash=dr5ry59 on 5 relays\
2026-01-06 02:27:53.082 23971-23971 NostrRelayManager       com.gap.droid                        D  \uc0\u55357 \u56545  Subscribing to Nostr filter id=sampling-dr5ry59 NostrFilter(kinds=[20000], since=1767598073, limit=200, #g=1)\
2026-01-06 02:27:53.083 23971-23971 NostrRelayManager       com.gap.droid                        V  \uc0\u55357 \u56589  DEBUG: Serialized subscription message: ["REQ","sampling-dr5ry59",\{"kinds":[20000],"since":1767598073,"limit":200,"#g":["dr5ry59"]\}]\
2026-01-06 02:27:53.083 23971-24315 NostrRelayManager       com.gap.droid                        V  \uc0\u9989  Subscription 'sampling-dr5ry59' sent to relay: wss://fanfares.nostr1.com\
2026-01-06 02:27:53.083 23971-24315 NostrRelayManager       com.gap.droid                        V  \uc0\u9989  Subscription 'sampling-dr5ry59' sent to relay: wss://cyberspace.nostr1.com\
2026-01-06 02:27:53.084 23971-24315 NostrRelayManager       com.gap.droid                        V  \uc0\u9989  Subscription 'sampling-dr5ry59' sent to relay: wss://vitor.nostr1.com\
2026-01-06 02:27:53.084 23971-24315 NostrRelayManager       com.gap.droid                        V  \uc0\u9989  Subscription 'sampling-dr5ry59' sent to relay: wss://relay.toastr.net\
2026-01-06 02:27:53.084 23971-24315 NostrRelayManager       com.gap.droid                        V  \uc0\u9989  Subscription 'sampling-dr5ry59' sent to relay: wss://relay.evanverma.com\
2026-01-06 02:27:53.086 23971-23971 NostrRelayManager       com.gap.droid                        I  \uc0\u55356 \u57104  Geohash dr5ry5 using 5 relays: wss://fanfares.nostr1.com, wss://cyberspace.nostr1.com, wss://vitor.nostr1.com, wss://relay.toastr.net, wss://relay.evanverma.com\
2026-01-06 02:27:53.086 23971-23971 NostrRelayManager       com.gap.droid                        D  \uc0\u55357 \u56545  Subscribing id=sampling-dr5ry5 for geohash=dr5ry5 on 5 relays\
2026-01-06 02:27:53.086 23971-23971 NostrRelayManager       com.gap.droid                        D  \uc0\u55357 \u56545  Subscribing to Nostr filter id=sampling-dr5ry5 NostrFilter(kinds=[20000], since=1767598073, limit=200, #g=1)\
2026-01-06 02:27:53.087 23971-23971 NostrRelayManager       com.gap.droid                        V  \uc0\u55357 \u56589  DEBUG: Serialized subscription message: ["REQ","sampling-dr5ry5",\{"kinds":[20000],"since":1767598073,"limit":200,"#g":["dr5ry5"]\}]\
2026-01-06 02:27:53.087 23971-23995 NostrRelayManager       com.gap.droid                        V  \uc0\u9989  Subscription 'sampling-dr5ry5' sent to relay: wss://fanfares.nostr1.com\
2026-01-06 02:27:53.087 23971-23995 NostrRelayManager       com.gap.droid                        V  \uc0\u9989  Subscription 'sampling-dr5ry5' sent to relay: wss://cyberspace.nostr1.com\
2026-01-06 02:27:53.087 23971-23995 NostrRelayManager       com.gap.droid                        V  \uc0\u9989  Subscription 'sampling-dr5ry5' sent to relay: wss://vitor.nostr1.com\
2026-01-06 02:27:53.088 23971-23995 NostrRelayManager       com.gap.droid                        V  \uc0\u9989  Subscription 'sampling-dr5ry5' sent to relay: wss://relay.toastr.net\
2026-01-06 02:27:53.088 23971-23995 NostrRelayManager       com.gap.droid                        V  \uc0\u9989  Subscription 'sampling-dr5ry5' sent to relay: wss://relay.evanverma.com\
2026-01-06 02:27:53.089 23971-23971 NostrRelayManager       com.gap.droid                        I  \uc0\u55356 \u57104  Geohash dr5ry using 5 relays: wss://fanfares.nostr1.com, wss://cyberspace.nostr1.com, wss://vitor.nostr1.com, wss://relay.toastr.net, wss://relay.evanverma.com\
2026-01-06 02:27:53.090 23971-23971 NostrRelayManager       com.gap.droid                        D  \uc0\u55357 \u56545  Subscribing id=sampling-dr5ry for geohash=dr5ry on 5 relays\
2026-01-06 02:27:53.090 23971-23971 NostrRelayManager       com.gap.droid                        D  \uc0\u55357 \u56545  Subscribing to Nostr filter id=sampling-dr5ry NostrFilter(kinds=[20000], since=1767598073, limit=200, #g=1)\
2026-01-06 02:27:53.091 23971-23971 NostrRelayManager       com.gap.droid                        V  \uc0\u55357 \u56589  DEBUG: Serialized subscription message: ["REQ","sampling-dr5ry",\{"kinds":[20000],"since":1767598073,"limit":200,"#g":["dr5ry"]\}]\
2026-01-06 02:27:53.091 23971-23995 NostrRelayManager       com.gap.droid                        V  \uc0\u9989  Subscription 'sampling-dr5ry' sent to relay: wss://fanfares.nostr1.com\
2026-01-06 02:27:53.091 23971-23995 NostrRelayManager       com.gap.droid                        V  \uc0\u9989  Subscription 'sampling-dr5ry' sent to relay: wss://cyberspace.nostr1.com\
2026-01-06 02:27:53.091 23971-23995 NostrRelayManager       com.gap.droid                        V  \uc0\u9989  Subscription 'sampling-dr5ry' sent to relay: wss://vitor.nostr1.com\
2026-01-06 02:27:53.092 23971-23995 NostrRelayManager       com.gap.droid                        V  \uc0\u9989  Subscription 'sampling-dr5ry' sent to relay: wss://relay.toastr.net\
2026-01-06 02:27:53.092 23971-23995 NostrRelayManager       com.gap.droid                        V  \uc0\u9989  Subscription 'sampling-dr5ry' sent to relay: wss://relay.evanverma.com\
2026-01-06 02:27:53.094 23971-23971 NostrRelayManager       com.gap.droid                        I  \uc0\u55356 \u57104  Geohash dr5r using 5 relays: wss://vitor.nostr1.com, wss://fanfares.nostr1.com, wss://cyberspace.nostr1.com, wss://relay.toastr.net, wss://relay.evanverma.com\
2026-01-06 02:27:53.094 23971-23971 NostrRelayManager       com.gap.droid                        D  \uc0\u55357 \u56545  Subscribing id=sampling-dr5r for geohash=dr5r on 5 relays\
2026-01-06 02:27:53.094 23971-23971 NostrRelayManager       com.gap.droid                        D  \uc0\u55357 \u56545  Subscribing to Nostr filter id=sampling-dr5r NostrFilter(kinds=[20000], since=1767598073, limit=200, #g=1)\
2026-01-06 02:27:53.095 23971-23971 NostrRelayManager       com.gap.droid                        V  \uc0\u55357 \u56589  DEBUG: Serialized subscription message: ["REQ","sampling-dr5r",\{"kinds":[20000],"since":1767598073,"limit":200,"#g":["dr5r"]\}]\
2026-01-06 02:27:53.095 23971-23995 NostrRelayManager       com.gap.droid                        V  \uc0\u9989  Subscription 'sampling-dr5r' sent to relay: wss://vitor.nostr1.com\
2026-01-06 02:27:53.095 23971-23995 NostrRelayManager       com.gap.droid                        V  \uc0\u9989  Subscription 'sampling-dr5r' sent to relay: wss://fanfares.nostr1.com\
2026-01-06 02:27:53.095 23971-23995 NostrRelayManager       com.gap.droid                        V  \uc0\u9989  Subscription 'sampling-dr5r' sent to relay: wss://cyberspace.nostr1.com\
2026-01-06 02:27:53.096 23971-23995 NostrRelayManager       com.gap.droid                        V  \uc0\u9989  Subscription 'sampling-dr5r' sent to relay: wss://relay.toastr.net\
2026-01-06 02:27:53.096 23971-23995 NostrRelayManager       com.gap.droid                        V  \uc0\u9989  Subscription 'sampling-dr5r' sent to relay: wss://relay.evanverma.com\
2026-01-06 02:27:53.098 23971-23971 NostrRelayManager       com.gap.droid                        I  \uc0\u55356 \u57104  Geohash dr using 5 relays: wss://relay.toastr.net, wss://relay.fundstr.me, wss://relay.evanverma.com, wss://relay-dev.satlantis.io, wss://nostr.notribe.net\
2026-01-06 02:27:53.098 23971-23971 NostrRelayManager       com.gap.droid                        D  \uc0\u55357 \u56545  Subscribing id=sampling-dr for geohash=dr on 5 relays\
2026-01-06 02:27:53.098 23971-23971 NostrRelayManager       com.gap.droid                        D  \uc0\u55357 \u56545  Subscribing to Nostr filter id=sampling-dr NostrFilter(kinds=[20000], since=1767598073, limit=200, #g=1)\
2026-01-06 02:27:53.099 23971-23971 NostrRelayManager       com.gap.droid                        V  \uc0\u55357 \u56589  DEBUG: Serialized subscription message: ["REQ","sampling-dr",\{"kinds":[20000],"since":1767598073,"limit":200,"#g":["dr"]\}]\
2026-01-06 02:27:53.099 23971-23995 NostrRelayManager       com.gap.droid                        V  \uc0\u9989  Subscription 'sampling-dr' sent to relay: wss://relay.toastr.net\
2026-01-06 02:27:53.099 23971-23995 NostrRelayManager       com.gap.droid                        V  \uc0\u9989  Subscription 'sampling-dr' sent to relay: wss://relay.fundstr.me\
2026-01-06 02:27:53.099 23971-23995 NostrRelayManager       com.gap.droid                        V  \uc0\u9989  Subscription 'sampling-dr' sent to relay: wss://relay.evanverma.com\
2026-01-06 02:27:53.099 23971-23995 NostrRelayManager       com.gap.droid                        V  \uc0\u9989  Subscription 'sampling-dr' sent to relay: wss://relay-dev.satlantis.io\
2026-01-06 02:27:53.099 23971-23995 NostrRelayManager       com.gap.droid                        V  \uc0\u9989  Subscription 'sampling-dr' sent to relay: wss://nostr.notribe.net\
2026-01-06 02:27:53.100 23971-23971 Choreographer           com.gap.droid                        I  Skipped 3 frames!  The application may be doing too much work on its main thread.\
2026-01-06 02:27:53.106 23971-24193 ArtiNative              com.gap.droid                        I  Arti: Tor connection established to vitor.nostr1.com:443\
2026-01-06 02:27:53.106 23971-24194 ArtiNative              com.gap.droid                        I  Arti: Tor connection established to fanfares.nostr1.com:443\
2026-01-06 02:27:53.107 23971-24194 ArtiTorManager          com.gap.droid                        I  arti: Tor connection established to fanfares.nostr1.com:443\
2026-01-06 02:27:53.107 23971-24193 ArtiTorManager          com.gap.droid                        I  arti: Tor connection established to vitor.nostr1.com:443\
2026-01-06 02:27:53.116 23971-23971 LocationChannelManager  com.gap.droid                        D  Real-time location: 40.7574287, -73.9137897 acc=100.0m\
2026-01-06 02:27:53.117 23971-23971 LocationChannelManager  com.gap.droid                        D  Computing channels for location: 40.7574287, -73.9137897\
2026-01-06 02:27:53.117 23971-23971 LocationChannelManager  com.gap.droid                        V  Generated Building: dr5ry59t\
2026-01-06 02:27:53.117 23971-23971 LocationChannelManager  com.gap.droid                        V  Generated Block: dr5ry59\
2026-01-06 02:27:53.117 23971-23971 LocationChannelManager  com.gap.droid                        V  Generated Neighborhood: dr5ry5\
2026-01-06 02:27:53.117 23971-23971 LocationChannelManager  com.gap.droid                        V  Generated City: dr5ry\
2026-01-06 02:27:53.117 23971-23971 LocationChannelManager  com.gap.droid                        V  Generated Province: dr5r\
2026-01-06 02:27:53.117 23971-23971 LocationChannelManager  com.gap.droid                        V  Generated REGION: dr\
2026-01-06 02:27:53.119 23971-23995 LocationChannelManager  com.gap.droid                        D  Starting reverse geocoding\
2026-01-06 02:27:53.121 23971-23971 LocationChannelManager  com.gap.droid                        D  Requesting one-shot location\
2026-01-06 02:27:53.124 23971-23995 LocationChannelManager  com.gap.droid                        D  Reverse geocoding result: \{REGION=United States, PROVINCE=New York, CITY=Queens County, NEIGHBORHOOD=Queens, BLOCK=Queens\}\
2026-01-06 02:27:53.127 23971-23971 LocationChannelManager  com.gap.droid                        D  Using last known location: 40.757625, -73.913865\
2026-01-06 02:27:53.128 23971-23971 LocationChannelManager  com.gap.droid                        D  Computing channels for location: 40.757625, -73.913865\
2026-01-06 02:27:53.128 23971-23971 LocationChannelManager  com.gap.droid                        V  Generated Building: dr5ry59w\
2026-01-06 02:27:53.128 23971-23971 LocationChannelManager  com.gap.droid                        V  Generated Block: dr5ry59\
2026-01-06 02:27:53.128 23971-23971 LocationChannelManager  com.gap.droid                        V  Generated Neighborhood: dr5ry5\
2026-01-06 02:27:53.128 23971-23971 LocationChannelManager  com.gap.droid                        V  Generated City: dr5ry\
2026-01-06 02:27:53.128 23971-23971 LocationChannelManager  com.gap.droid                        V  Generated Province: dr5r\
2026-01-06 02:27:53.128 23971-23971 LocationChannelManager  com.gap.droid                        V  Generated REGION: dr\
2026-01-06 02:27:53.129 23971-23971 LocationChannelManager  com.gap.droid                        D  Beginning live refresh (continuous updates)\
2026-01-06 02:27:53.129 23971-23995 LocationChannelManager  com.gap.droid                        D  Starting reverse geocoding\
2026-01-06 02:27:53.133 23971-23995 LocationChannelManager  com.gap.droid                        D  Reverse geocoding result: \{REGION=United States, PROVINCE=New York, CITY=Queens County, NEIGHBORHOOD=Queens, BLOCK=Queens\}\
2026-01-06 02:27:53.136 23971-23971 LocationChannelManager  com.gap.droid                        D  Registered continuous updates for gps\
2026-01-06 02:27:53.140 23971-23971 LocationChannelManager  com.gap.droid                        D  Registered continuous updates for network\
2026-01-06 02:27:53.141 23971-23971 LocationChannelManager  com.gap.droid                        D  Requesting one-shot location\
2026-01-06 02:27:53.147 23971-23971 LocationChannelManager  com.gap.droid                        D  Using last known location: 40.757625, -73.913865\
2026-01-06 02:27:53.147 23971-23971 LocationChannelManager  com.gap.droid                        D  Computing channels for location: 40.757625, -73.913865\
2026-01-06 02:27:53.147 23971-23971 LocationChannelManager  com.gap.droid                        V  Generated Building: dr5ry59w\
2026-01-06 02:27:53.147 23971-23971 LocationChannelManager  com.gap.droid                        V  Generated Block: dr5ry59\
2026-01-06 02:27:53.147 23971-23971 LocationChannelManager  com.gap.droid                        V  Generated Neighborhood: dr5ry5\
2026-01-06 02:27:53.147 23971-23971 LocationChannelManager  com.gap.droid                        V  Generated City: dr5ry\
2026-01-06 02:27:53.147 23971-23971 LocationChannelManager  com.gap.droid                        V  Generated Province: dr5r\
2026-01-06 02:27:53.147 23971-23971 LocationChannelManager  com.gap.droid                        V  Generated REGION: dr\
