2026-01-06 19:18:03.873 12950-12978 BluetoothP...roadcaster com.gap.droid                        D  Skipping broadcast to server back to relayer: 46:28:68:E1:23:C3\
2026-01-06 19:18:03.893 12950-12985 BluetoothG...verManager com.gap.droid                        I  Server: Received packet from 5D:35:93:E2:B3:F3, size: 256 bytes\
2026-01-06 19:18:03.894 12950-12985 BluetoothG...verManager com.gap.droid                        D  Server: Parsed packet type 1 from b233b2819085bf73\
2026-01-06 19:18:03.894 12950-12985 BluetoothC...ionManager com.gap.droid                        D  onPacketReceived: Packet received from 5D:35:93:E2:B3:F3 (b233b2819085bf73)\
2026-01-06 19:18:03.915 12950-12975 EncryptionService       com.gap.droid                        D  \uc0\u9989  Ed25519 signature verification: true\
2026-01-06 19:18:03.918 12950-12975 MessageHandler          com.gap.droid                        D  \uc0\u9989  Verified announce from d609cd9429f593ed: nickname=anon6956, noisePublicKey=c47f7c83c539339b..., signingPublicKey=b2b2dab651df968b...\
2026-01-06 19:18:03.919 12950-12975 PeerManager             com.gap.droid                        D  \uc0\u55357 \u56580  Updated verified peer: anon6956 (d609cd9429f593ed)\
2026-01-06 19:18:03.920 12950-12975 BluetoothMeshService    com.gap.droid                        D  Updating peer ID binding: d609cd9429f593ed (was: null) with nickname: anon6956 and public key: c47f7c83c539339b...\
2026-01-06 19:18:03.920 12950-12975 PeerManager             com.gap.droid                        D  Updated peer: d609cd9429f593ed (anon6956)\
2026-01-06 19:18:03.922 12950-12975 PeerFingerprintManager  com.gap.droid                        D  Stored fingerprint for peer d609cd9429f593ed: d609cd9429f593ed...\
2026-01-06 19:18:03.924 12950-12975 BluetoothMeshService    com.gap.droid                        D  Updated peer ID binding: d609cd9429f593ed (was: null), fingerprint: d609cd9429f593ed...\
2026-01-06 19:18:03.924 12950-12975 MessageHandler          com.gap.droid                        D  \uc0\u9989  Processed verified TLV announce: stored identity for d609cd9429f593ed\
2026-01-06 19:18:03.988 12950-12985 BluetoothG...verManager com.gap.droid                        I  Server: Received packet from 5D:35:93:E2:B3:F3, size: 256 bytes\
2026-01-06 19:18:03.990 12950-12985 BluetoothG...verManager com.gap.droid                        D  Server: Parsed packet type 1 from d609cd9429f593ed\
2026-01-06 19:18:03.990 12950-12985 BluetoothC...ionManager com.gap.droid                        D  onPacketReceived: Packet received from 5D:35:93:E2:B3:F3 (d609cd9429f593ed)\
2026-01-06 19:18:03.990 12950-12985 PacketProcessor         com.gap.droid                        D  processPacket 1\
2026-01-06 19:18:03.992 12950-12968 PacketProcessor         com.gap.droid                        D  \uc0\u55357 \u56550  Processing packet type 1 from d609cd9429f593ed (anon6956) (serialized)\
2026-01-06 19:18:03.993 12950-12968 SecurityManager         com.gap.droid                        D  Dropping duplicate packet: 1767745083784-d609cd9429f593ed-394789133\
2026-01-06 19:18:03.993 12950-12968 PacketProcessor         com.gap.droid                        D  Packet failed security validation from d609cd9429f593ed (anon6956)\
2026-01-06 19:18:03.993 12950-12968 PacketProcessor         com.gap.droid                        D  Completed packet type 1 from d609cd9429f593ed (anon6956)\
2026-01-06 19:18:03.994 12950-12985 BluetoothG...verManager com.gap.droid                        I  Server: Received packet from 45:BA:73:AF:7C:1E, size: 256 bytes\
2026-01-06 19:18:03.995 12950-12985 BluetoothG...verManager com.gap.droid                        D  Server: Parsed packet type 1 from d609cd9429f593ed\
2026-01-06 19:18:03.996 12950-12985 BluetoothC...ionManager com.gap.droid                        D  onPacketReceived: Packet received from 45:BA:73:AF:7C:1E (d609cd9429f593ed)\
2026-01-06 19:18:03.996 12950-12985 PacketProcessor         com.gap.droid                        D  processPacket 1\
2026-01-06 19:18:03.998 12950-12968 PacketProcessor         com.gap.droid                        D  \uc0\u55357 \u56550  Processing packet type 1 from d609cd9429f593ed (anon6956) (serialized)\
2026-01-06 19:18:03.998 12950-12968 SecurityManager         com.gap.droid                        D  Dropping duplicate packet: 1767745083784-d609cd9429f593ed-394789133\
2026-01-06 19:18:03.998 12950-12968 PacketProcessor         com.gap.droid                        D  Packet failed security validation from d609cd9429f593ed (anon6956)\
2026-01-06 19:18:03.999 12950-12968 PacketProcessor         com.gap.droid                        D  Completed packet type 1 from d609cd9429f593ed (anon6956)\
2026-01-06 19:18:03.999 12950-12985 BluetoothG...verManager com.gap.droid                        I  Server: Received packet from 45:BA:73:AF:7C:1E, size: 256 bytes\
2026-01-06 19:18:04.000 12950-12985 BluetoothG...verManager com.gap.droid                        D  Server: Parsed packet type 33 from 04f4812dfdeb3635\
2026-01-06 19:18:04.000 12950-12985 BluetoothC...ionManager com.gap.droid                        D  onPacketReceived: Packet received from 45:BA:73:AF:7C:1E (04f4812dfdeb3635)\
2026-01-06 19:18:04.001 12950-12985 PacketProcessor         com.gap.droid                        D  processPacket 33\
2026-01-06 19:18:04.002 12950-12971 PacketProcessor         com.gap.droid                        D  \uc0\u55357 \u56550  Processing packet type 33 from 04f4812dfdeb3635 (anon9120) (serialized)\
2026-01-06 19:18:04.003 12950-12971 SecurityManager         com.gap.droid                        D  Packet validation passed for 04f4812dfdeb3635, messageID: 1767745081968-04f4812dfdeb3635-1719396474\
2026-01-06 19:18:04.003 12950-12971 PacketProcessor         com.gap.droid                        D  Processing packet type REQUEST_SYNC from 04f4812dfdeb3635 (anon9120)\
2026-01-06 19:18:04.003 12950-12971 PacketProcessor         com.gap.droid                        D  Processing REQUEST_SYNC from 04f4812dfdeb3635 (anon9120)\
2026-01-06 19:18:04.008 12950-12971 PacketRelayManager      com.gap.droid                        D  Evaluating relay for packet type 33 from 04f4812dfdeb3635 (TTL: 0)\
2026-01-06 19:18:04.008 12950-12971 PacketRelayManager      com.gap.droid                        D  TTL expired, not relaying packet\
2026-01-06 19:18:04.008 12950-12971 PacketProcessor         com.gap.droid                        D  Completed packet type 33 from 04f4812dfdeb3635 (anon9120)\
2026-01-06 19:18:04.135 12950-12985 BluetoothG...verManager com.gap.droid                        I  Server: Received packet from 5D:35:93:E2:B3:F3, size: 256 bytes\
2026-01-06 19:18:04.137 12950-12985 BluetoothG...verManager com.gap.droid                        D  Server: Parsed packet type 33 from 04f4812dfdeb3635\
2026-01-06 19:18:04.137 12950-12985 BluetoothC...ionManager com.gap.droid                        D  onPacketReceived: Packet received from 5D:35:93:E2:B3:F3 (04f4812dfdeb3635)\
2026-01-06 19:18:04.138 12950-12985 PacketProcessor         com.gap.droid                        D  processPacket 33\
2026-01-06 19:18:04.140 12950-12975 PacketProcessor         com.gap.droid                        D  \uc0\u55357 \u56550  Processing packet type 33 from 04f4812dfdeb3635 (anon9120) (serialized)\
2026-01-06 19:18:04.141 12950-12975 SecurityManager         com.gap.droid                        D  Dropping duplicate packet: 1767745081968-04f4812dfdeb3635-1719396474\
2026-01-06 19:18:04.141 12950-12975 PacketProcessor         com.gap.droid                        D  Packet failed security validation from 04f4812dfdeb3635 (anon9120)\
2026-01-06 19:18:04.141 12950-12975 PacketProcessor         com.gap.droid                        D  Completed packet type 33 from 04f4812dfdeb3635 (anon9120)\
2026-01-06 19:18:04.144 12950-12985 BluetoothG...verManager com.gap.droid                        I  Server: Received packet from 45:BA:73:AF:7C:1E, size: 256 bytes\
2026-01-06 19:18:04.146 12950-12985 BluetoothG...verManager com.gap.droid                        D  Server: Parsed packet type 1 from d609cd9429f593ed\
2026-01-06 19:18:04.146 12950-12985 BluetoothC...ionManager com.gap.droid                        D  onPacketReceived: Packet received from 45:BA:73:AF:7C:1E (d609cd9429f593ed)\
2026-01-06 19:18:04.146 12950-12985 PacketProcessor         com.gap.droid                        D  processPacket 1\
2026-01-06 19:18:04.150 12950-12971 PacketProcessor         com.gap.droid                        D  \uc0\u55357 \u56550  Processing packet type 1 from d609cd9429f593ed (anon6956) (serialized)\
2026-01-06 19:18:04.150 12950-12971 SecurityManager         com.gap.droid                        D  Dropping duplicate packet: 1767745083784-d609cd9429f593ed-394789133\
2026-01-06 19:18:04.151 12950-12985 BluetoothG...verManager com.gap.droid                        I  Server: Received packet from 45:BA:73:AF:7C:1E, size: 256 bytes\
2026-01-06 19:18:04.151 12950-12971 PacketProcessor         com.gap.droid                        D  Packet failed security validation from d609cd9429f593ed (anon6956)\
2026-01-06 19:18:04.151 12950-12971 PacketProcessor         com.gap.droid                        D  Completed packet type 1 from d609cd9429f593ed (anon6956)\
2026-01-06 19:18:04.152 12950-12985 BluetoothG...verManager com.gap.droid                        D  Server: Parsed packet type 2 from 04f4812dfdeb3635\
2026-01-06 19:18:04.153 12950-12985 BluetoothC...ionManager com.gap.droid                        D  onPacketReceived: Packet received from 45:BA:73:AF:7C:1E (04f4812dfdeb3635)\
2026-01-06 19:18:04.153 12950-12985 PacketProcessor         com.gap.droid                        D  processPacket 2\
2026-01-06 19:18:04.155 12950-12971 PacketProcessor         com.gap.droid                        D  \uc0\u55357 \u56550  Processing packet type 2 from 04f4812dfdeb3635 (anon9120) (serialized)\
2026-01-06 19:18:04.155 12950-12971 SecurityManager         com.gap.droid                        D  Dropping duplicate packet: 1767743398970-04f4812dfdeb3635-131077\
2026-01-06 19:18:04.156 12950-12971 PacketProcessor         com.gap.droid                        D  Packet failed security validation from 04f4812dfdeb3635 (anon9120)\
2026-01-06 19:18:04.156 12950-12971 PacketProcessor         com.gap.droid                        D  Completed packet type 2 from 04f4812dfdeb3635 (anon9120)\
2026-01-06 19:18:04.210 12950-12985 BluetoothG...entManager com.gap.droid                        I  Client: Received packet from 46:28:68:E1:23:C3, size: 182 bytes\
2026-01-06 19:18:04.212 12950-12985 BluetoothG...entManager com.gap.droid                        D  Client: Parsed packet type 1 from d609cd9429f593ed\
2026-01-06 19:18:04.213 12950-12985 BluetoothC...ionManager com.gap.droid                        D  onPacketReceived: Packet received from 46:28:68:E1:23:C3 (d609cd9429f593ed)\
2026-01-06 19:18:04.213 12950-12985 PacketProcessor         com.gap.droid                        D  processPacket 1\
2026-01-06 19:18:04.217 12950-12968 PacketProcessor         com.gap.droid                        D  \uc0\u55357 \u56550  Processing packet type 1 from d609cd9429f593ed (anon6956) (serialized)\
2026-01-06 19:18:04.218 12950-12968 SecurityManager         com.gap.droid                        D  Dropping duplicate packet: 1767745083784-d609cd9429f593ed-394789133\
2026-01-06 19:18:04.218 12950-12968 PacketProcessor         com.gap.droid                        D  Packet failed security validation from d609cd9429f593ed (anon6956)\
2026-01-06 19:18:04.218 12950-12968 PacketProcessor         com.gap.droid                        D  Completed packet type 1 from d609cd9429f593ed (anon6956)\
2026-01-06 19:18:06.986 12950-12968 BluetoothG...entManager com.gap.droid                        D  Requesting RSSI from 46:28:68:E1:23:C3\
2026-01-06 19:18:06.987 12950-12968 BluetoothGatt           com.gap.droid                        D  readRssi() - device: 46:28:68:E1:23:C3\
2026-01-06 19:18:06.998 12950-12985 BluetoothG...entManager com.gap.droid                        D  Client: RSSI updated for 46:28:68:E1:23:C3: -49 dBm\
2026-01-06 19:18:11.994 12950-12968 BluetoothG...entManager com.gap.droid                        D  Requesting RSSI from 46:28:68:E1:23:C3\
2026-01-06 19:18:11.994 12950-12968 BluetoothGatt           com.gap.droid                        D  readRssi() - device: 46:28:68:E1:23:C3\
2026-01-06 19:18:12.014 12950-12985 BluetoothG...entManager com.gap.droid                        D  Client: RSSI updated for 46:28:68:E1:23:C3: -48 dBm\
2026-01-06 19:18:17.002 12950-12968 BluetoothG...entManager com.gap.droid                        D  Requesting RSSI from 46:28:68:E1:23:C3\
2026-01-06 19:18:17.002 12950-12968 BluetoothGatt           com.gap.droid                        D  readRssi() - device: 46:28:68:E1:23:C3\
2026-01-06 19:18:17.028 12950-12985 BluetoothG...entManager com.gap.droid                        D  Client: RSSI updated for 46:28:68:E1:23:C3: -48 dBm\
2026-01-06 19:18:18.211 12950-12985 BluetoothG...entManager com.gap.droid                        I  Client: Received packet from 46:28:68:E1:23:C3, size: 182 bytes\
2026-01-06 19:18:18.212 12950-12985 BluetoothG...entManager com.gap.droid                        D  Client: Parsed packet type 1 from d609cd9429f593ed\
2026-01-06 19:18:18.212 12950-12985 BluetoothC...ionManager com.gap.droid                        D  onPacketReceived: Packet received from 46:28:68:E1:23:C3 (d609cd9429f593ed)\
2026-01-06 19:18:18.212 12950-12985 PacketProcessor         com.gap.droid                        D  processPacket 1\
2026-01-06 19:18:18.217 12950-12971 PacketProcessor         com.gap.droid                        D  \uc0\u55357 \u56550  Processing packet type 1 from d609cd9429f593ed (anon6956) (serialized)\
2026-01-06 19:18:18.238 12950-12971 EncryptionService       com.gap.droid                        D  \uc0\u9989  Ed25519 signature verification: true\
2026-01-06 19:18:18.238 12950-12971 SecurityManager         com.gap.droid                        D  Packet validation passed for d609cd9429f593ed, messageID: 1767745098181-d609cd9429f593ed-394789133\
2026-01-06 19:18:18.238 12950-12971 PacketProcessor         com.gap.droid                        D  Processing packet type ANNOUNCE from d609cd9429f593ed (anon6956)\
2026-01-06 19:18:18.239 12950-12971 PacketProcessor         com.gap.droid                        D  Processing announce from d609cd9429f593ed (anon6956)\
2026-01-06 19:18:18.239 12950-12971 PacketRelayManager      com.gap.droid                        D  Evaluating relay for packet type 1 from d609cd9429f593ed (TTL: 7)\
2026-01-06 19:18:18.240 12950-12971 PacketRelayManager      com.gap.droid                        D  Decremented TTL from 7 to 6\
2026-01-06 19:18:18.240 12950-12971 PacketRelayManager      com.gap.droid                        D  High TTL (6), relaying\
2026-01-06 19:18:18.240 12950-12971 PacketRelayManager      com.gap.droid                        D  \uc0\u55357 \u56580  Relaying packet type 1 with TTL 6\
2026-01-06 19:18:18.240 12950-12971 FragmentManager         com.gap.droid                        D  \uc0\u55357 \u56576  Creating fragments for packet type 1, payload: 96 bytes\
2026-01-06 19:18:18.240 12950-12971 FragmentManager         com.gap.droid                        D  \uc0\u55357 \u56550  Encoded to 256 bytes\
2026-01-06 19:18:18.240 12950-12971 FragmentManager         com.gap.droid                        D  \uc0\u55357 \u56527  Unpadded to 182 bytes\
2026-01-06 19:18:18.241 12950-12971 PacketProcessor         com.gap.droid                        D  Completed packet type 1 from d609cd9429f593ed (anon6956)\
2026-01-06 19:18:18.241 12950-12975 BluetoothP...roadcaster com.gap.droid                        I  Broadcasting packet type 1 to 2 server + 5 client connections\
2026-01-06 19:18:18.251 12950-12975 BluetoothP...roadcaster com.gap.droid                        D  Skipping broadcast to server back to relayer: 46:28:68:E1:23:C3\
2026-01-06 19:18:18.257 12950-12968 EncryptionService       com.gap.droid                        D  \uc0\u9989  Ed25519 signature verification: true\
2026-01-06 19:18:18.259 12950-12968 MessageHandler          com.gap.droid                        D  \uc0\u9989  Verified announce from d609cd9429f593ed: nickname=anon6956, noisePublicKey=c47f7c83c539339b..., signingPublicKey=b2b2dab651df968b...\
2026-01-06 19:18:18.259 12950-12968 PeerManager             com.gap.droid                        D  \uc0\u55357 \u56580  Updated verified peer: anon6956 (d609cd9429f593ed)\
2026-01-06 19:18:18.260 12950-12968 BluetoothMeshService    com.gap.droid                        D  Updating peer ID binding: d609cd9429f593ed (was: null) with nickname: anon6956 and public key: c47f7c83c539339b...\
2026-01-06 19:18:18.260 12950-12968 PeerManager             com.gap.droid                        D  Updated peer: d609cd9429f593ed (anon6956)\
2026-01-06 19:18:18.261 12950-12968 PeerFingerprintManager  com.gap.droid                        D  Stored fingerprint for peer d609cd9429f593ed: d609cd9429f593ed...\
2026-01-06 19:18:18.261 12950-12968 BluetoothMeshService    com.gap.droid                        D  Updated peer ID binding: d609cd9429f593ed (was: null), fingerprint: d609cd9429f593ed...\
2026-01-06 19:18:18.261 12950-12968 MessageHandler          com.gap.droid                        D  \uc0\u9989  Processed verified TLV announce: stored identity for d609cd9429f593ed\
2026-01-06 19:18:18.309 12950-12985 BluetoothG...entManager com.gap.droid                        I  Client: Received packet from 46:28:68:E1:23:C3, size: 115 bytes\
2026-01-06 19:18:18.310 12950-12985 BluetoothG...entManager com.gap.droid                        D  Client: Parsed packet type 33 from d609cd9429f593ed\
2026-01-06 19:18:18.310 12950-12985 BluetoothC...ionManager com.gap.droid                        D  onPacketReceived: Packet received from 46:28:68:E1:23:C3 (d609cd9429f593ed)\
2026-01-06 19:18:18.311 12950-12985 PacketProcessor         com.gap.droid                        D  processPacket 33\
2026-01-06 19:18:18.314 12950-12968 PacketProcessor         com.gap.droid                        D  \uc0\u55357 \u56550  Processing packet type 33 from d609cd9429f593ed (anon6956) (serialized)\
2026-01-06 19:18:18.314 12950-12968 SecurityManager         com.gap.droid                        D  Packet validation passed for d609cd9429f593ed, messageID: 1767745098182-d609cd9429f593ed--346673087\
2026-01-06 19:18:18.314 12950-12968 PacketProcessor         com.gap.droid                        D  Processing packet type REQUEST_SYNC from d609cd9429f593ed (anon6956)\
2026-01-06 19:18:18.314 12950-12968 PacketProcessor         com.gap.droid                        D  Processing REQUEST_SYNC from d609cd9429f593ed (anon6956)\
2026-01-06 19:18:18.318 12950-12968 GossipSyncManager       com.gap.droid                        D  Sent sync announce: Type 1 from d609cd9429f593ed to d609cd9429f593ed packet id 5aa7dd64101ed4d62681ee60eeba0275\
2026-01-06 19:18:18.319 12950-12968 GossipSyncManager       com.gap.droid                        D  Sent sync announce: Type 1 from e5f62181a9a53bf9 to d609cd9429f593ed packet id ed359fff5bd72966a31b57c4598f5a51\
2026-01-06 19:18:18.322 12950-12968 GossipSyncManager       com.gap.droid                        D  Sent sync message: Type 2 to d609cd9429f593ed packet id 8cddcbc31f2e98b729cf5570f6f40646\
2026-01-06 19:18:18.322 12950-12968 GossipSyncManager       com.gap.droid                        D  Sent sync message: Type 2 to d609cd9429f593ed packet id f535150858f9e0fc0e137897413a38fe\
2026-01-06 19:18:18.322 12950-12968 GossipSyncManager       com.gap.droid                        D  Sent sync message: Type 2 to d609cd9429f593ed packet id e26ad1b5adeec5d113e0940e688bedd2\
2026-01-06 19:18:18.323 12950-12968 GossipSyncManager       com.gap.droid                        D  Sent sync message: Type 2 to d609cd9429f593ed packet id 3d39f3689f80df0619187e4f93abaa71\
2026-01-06 19:18:18.328 12950-12985 BluetoothG...verManager com.gap.droid                        I  Server: Received packet from 45:BA:73:AF:7C:1E, size: 256 bytes\
2026-01-06 19:18:18.328 12950-12968 GossipSyncManager       com.gap.droid                        D  Sent sync message: Type 2 to d609cd9429f593ed packet id 4fc2916d2ff5e56897a05d7f124d2b48\
2026-01-06 19:18:18.328 12950-12985 BluetoothG...verManager com.gap.droid                        D  Server: Parsed packet type 1 from d609cd9429f593ed\
2026-01-06 19:18:18.328 12950-12985 BluetoothC...ionManager com.gap.droid                        D  onPacketReceived: Packet received from 45:BA:73:AF:7C:1E (d609cd9429f593ed)\
2026-01-06 19:18:18.328 12950-12985 PacketProcessor         com.gap.droid                        D  processPacket 1\
2026-01-06 19:18:18.331 12950-12968 GossipSyncManager       com.gap.droid                        D  Sent sync message: Type 2 to d609cd9429f593ed packet id f12395f7f9e3b9d10df553b70428f977\
2026-01-06 19:18:18.337 12950-12968 GossipSyncManager       com.gap.droid                        D  Sent sync message: Type 2 to d609cd9429f593ed packet id d2f3a607230038f49334b4efa5cd3813\
2026-01-06 19:18:18.340 12950-12968 GossipSyncManager       com.gap.droid                        D  Sent sync message: Type 2 to d609cd9429f593ed packet id da181d4f73a144f376ee649c9f523939\
2026-01-06 19:18:18.341 12950-12968 GossipSyncManager       com.gap.droid                        D  Sent sync message: Type 2 to d609cd9429f593ed packet id cac51e7acbc0196f072de62596dbd85a\
2026-01-06 19:18:18.342 12950-12968 PacketRelayManager      com.gap.droid                        D  Evaluating relay for packet type 33 from d609cd9429f593ed (TTL: 0)\
2026-01-06 19:18:18.342 12950-12968 PacketRelayManager      com.gap.droid                        D  TTL expired, not relaying packet\
2026-01-06 19:18:18.342 12950-12968 PacketProcessor         com.gap.droid                        D  Completed packet type 33 from d609cd9429f593ed (anon6956)\
2026-01-06 19:18:18.342 12950-12968 PacketProcessor         com.gap.droid                        D  \uc0\u55357 \u56550  Processing packet type 1 from d609cd9429f593ed (anon6956) (serialized)\
2026-01-06 19:18:18.342 12950-12968 SecurityManager         com.gap.droid                        D  Dropping duplicate packet: 1767745098181-d609cd9429f593ed-394789133\
2026-01-06 19:18:18.342 12950-12968 PacketProcessor         com.gap.droid                        D  Packet failed security validation from d609cd9429f593ed (anon6956)\
2026-01-06 19:18:18.342 12950-12968 PacketProcessor         com.gap.droid                        D  Completed packet type 1 from d609cd9429f593ed (anon6956)\
2026-01-06 19:18:18.370 12950-12985 BluetoothG...verManager com.gap.droid                        I  Server: Received packet from 5D:35:93:E2:B3:F3, size: 256 bytes\
2026-01-06 19:18:18.371 12950-12985 BluetoothG...verManager com.gap.droid                        D  Server: Parsed packet type 1 from d609cd9429f593ed\
2026-01-06 19:18:18.372 12950-12985 BluetoothC...ionManager com.gap.droid                        D  onPacketReceived: Packet received from 5D:35:93:E2:B3:F3 (d609cd9429f593ed)\
2026-01-06 19:18:18.372 12950-12985 PacketProcessor         com.gap.droid                        D  processPacket 1\
2026-01-06 19:18:18.374 12950-12968 PacketProcessor         com.gap.droid                        D  \uc0\u55357 \u56550  Processing packet type 1 from d609cd9429f593ed (anon6956) (serialized)\
2026-01-06 19:18:18.374 12950-12968 SecurityManager         com.gap.droid                        D  Dropping duplicate packet: 1767745098181-d609cd9429f593ed-394789133\
2026-01-06 19:18:18.374 12950-12968 PacketProcessor         com.gap.droid                        D  Packet failed security validation from d609cd9429f593ed (anon6956)\
2026-01-06 19:18:18.374 12950-12968 PacketProcessor         com.gap.droid                        D  Completed packet type 1 from d609cd9429f593ed (anon6956)\
2026-01-06 19:18:18.468 12950-12985 BluetoothG...verManager com.gap.droid                        I  Server: Received packet from 5D:35:93:E2:B3:F3, size: 256 bytes\
2026-01-06 19:18:18.469 12950-12985 BluetoothG...verManager com.gap.droid                        D  Server: Parsed packet type 2 from d609cd9429f593ed\
2026-01-06 19:18:18.469 12950-12985 BluetoothC...ionManager com.gap.droid                        D  onPacketReceived: Packet received from 5D:35:93:E2:B3:F3 (d609cd9429f593ed)\
2026-01-06 19:18:18.469 12950-12985 PacketProcessor         com.gap.droid                        D  processPacket 2\
2026-01-06 19:18:18.470 12950-12968 PacketProcessor         com.gap.droid                        D  \uc0\u55357 \u56550  Processing packet type 2 from d609cd9429f593ed (anon6956) (serialized)\
2026-01-06 19:18:18.470 12950-12968 SecurityManager         com.gap.droid                        D  Dropping duplicate packet: 1767741750732-d609cd9429f593ed-107463202\
2026-01-06 19:18:18.470 12950-12968 PacketProcessor         com.gap.droid                        D  Packet failed security validation from d609cd9429f593ed (anon6956)\
2026-01-06 19:18:18.470 12950-12968 PacketProcessor         com.gap.droid                        D  Completed packet type 2 from d609cd9429f593ed (anon6956)\
2026-01-06 19:18:18.663 12950-12985 BluetoothG...verManager com.gap.droid                        I  Server: Received packet from 5D:35:93:E2:B3:F3, size: 256 bytes\
2026-01-06 19:18:18.665 12950-12985 BluetoothG...verManager com.gap.droid                        D  Server: Parsed packet type 2 from d609cd9429f593ed\
2026-01-06 19:18:18.665 12950-12985 BluetoothC...ionManager com.gap.droid                        D  onPacketReceived: Packet received from 5D:35:93:E2:B3:F3 (d609cd9429f593ed)\
2026-01-06 19:18:18.666 12950-12985 PacketProcessor         com.gap.droid                        D  processPacket 2\
2026-01-06 19:18:18.669 12950-12971 PacketProcessor         com.gap.droid                        D  \uc0\u55357 \u56550  Processing packet type 2 from d609cd9429f593ed (anon6956) (serialized)\
2026-01-06 19:18:18.669 12950-12971 SecurityManager         com.gap.droid                        D  Dropping duplicate packet: 1767743235027-d609cd9429f593ed-3180\
2026-01-06 19:18:18.670 12950-12971 PacketProcessor         com.gap.droid                        D  Packet failed security validation from d609cd9429f593ed (anon6956)\
2026-01-06 19:18:18.670 12950-12971 PacketProcessor         com.gap.droid                        D  Completed packet type 2 from d609cd9429f593ed (anon6956)\
2026-01-06 19:18:18.760 12950-12985 BluetoothG...verManager com.gap.droid                        I  Server: Received packet from 5D:35:93:E2:B3:F3, size: 256 bytes\
2026-01-06 19:18:18.762 12950-12985 BluetoothG...verManager com.gap.droid                        D  Server: Parsed packet type 2 from e5f62181a9a53bf9\
2026-01-06 19:18:18.762 12950-12985 BluetoothC...ionManager com.gap.droid                        D  onPacketReceived: Packet received from 5D:35:93:E2:B3:F3 (e5f62181a9a53bf9)\
2026-01-06 19:18:18.763 12950-12985 PacketProcessor         com.gap.droid                        D  processPacket 2\
2026-01-06 19:18:18.765 12950-12971 PacketProcessor         com.gap.droid                        D  \uc0\u55357 \u56550  Processing packet type 2 from e5f62181a9a53bf9 (anon8764) (serialized)\
2026-01-06 19:18:18.766 12950-12971 SecurityManager         com.gap.droid                        D  Dropping duplicate packet: 1767743262461-e5f62181a9a53bf9-3298\
2026-01-06 19:18:18.766 12950-12971 PacketProcessor         com.gap.droid                        D  Packet failed security validation from e5f62181a9a53bf9 (anon8764)\
2026-01-06 19:18:18.767 12950-12971 PacketProcessor         com.gap.droid                        D  Completed packet type 2 from e5f62181a9a53bf9 (anon8764)\
2026-01-06 19:18:18.907 12950-12985 BluetoothG...verManager com.gap.droid                        I  Server: Received packet from 5D:35:93:E2:B3:F3, size: 256 bytes\
2026-01-06 19:18:18.910 12950-12985 BluetoothG...verManager com.gap.droid                        D  Server: Parsed packet type 2 from e5f62181a9a53bf9\
2026-01-06 19:18:18.910 12950-12985 BluetoothC...ionManager com.gap.droid                        D  onPacketReceived: Packet received from 5D:35:93:E2:B3:F3 (e5f62181a9a53bf9)\
2026-01-06 19:18:18.911 12950-12985 PacketProcessor         com.gap.droid                        D  processPacket 2\
2026-01-06 19:18:18.915 12950-12975 PacketProcessor         com.gap.droid                        D  \uc0\u55357 \u56550  Processing packet type 2 from e5f62181a9a53bf9 (anon8764) (serialized)\
2026-01-06 19:18:18.915 12950-12975 SecurityManager         com.gap.droid                        D  Dropping duplicate packet: 1767743346716-e5f62181a9a53bf9-3111\
2026-01-06 19:18:18.916 12950-12975 PacketProcessor         com.gap.droid                        D  Packet failed security validation from e5f62181a9a53bf9 (anon8764)\
2026-01-06 19:18:18.916 12950-12975 PacketProcessor         com.gap.droid                        D  Completed packet type 2 from e5f62181a9a53bf9 (anon8764)\
2026-01-06 19:18:19.053 12950-12985 BluetoothG...verManager com.gap.droid                        I  Server: Received packet from 5D:35:93:E2:B3:F3, size: 256 bytes\
2026-01-06 19:18:19.055 12950-12985 BluetoothG...verManager com.gap.droid                        D  Server: Parsed packet type 2 from d609cd9429f593ed\
2026-01-06 19:18:19.055 12950-12985 BluetoothC...ionManager com.gap.droid                        D  onPacketReceived: Packet received from 5D:35:93:E2:B3:F3 (d609cd9429f593ed)\
2026-01-06 19:18:19.055 12950-12985 PacketProcessor         com.gap.droid                        D  processPacket 2\
2026-01-06 19:18:19.058 12950-12971 PacketProcessor         com.gap.droid                        D  \uc0\u55357 \u56550  Processing packet type 2 from d609cd9429f593ed (anon6956) (serialized)\
2026-01-06 19:18:19.058 12950-12971 SecurityManager         com.gap.droid                        D  Dropping duplicate packet: 1767743369044-d609cd9429f593ed-101319\
2026-01-06 19:18:19.058 12950-12971 PacketProcessor         com.gap.droid                        D  Packet failed security validation from d609cd9429f593ed (anon6956)\
2026-01-06 19:18:19.059 12950-12971 PacketProcessor         com.gap.droid                        D  Completed packet type 2 from d609cd9429f593ed (anon6956)\
2026-01-06 19:18:19.200 12950-12985 BluetoothG...verManager com.gap.droid                        I  Server: Received packet from 5D:35:93:E2:B3:F3, size: 256 bytes\
2026-01-06 19:18:19.201 12950-12985 BluetoothG...verManager com.gap.droid                        D  Server: Parsed packet type 2 from e5f62181a9a53bf9\
2026-01-06 19:18:19.202 12950-12985 BluetoothC...ionManager com.gap.droid                        D  onPacketReceived: Packet received from 5D:35:93:E2:B3:F3 (e5f62181a9a53bf9)\
2026-01-06 19:18:19.202 12950-12985 PacketProcessor         com.gap.droid                        D  processPacket 2\
2026-01-06 19:18:19.204 12950-12971 PacketProcessor         com.gap.droid                        D  \uc0\u55357 \u56550  Processing packet type 2 from e5f62181a9a53bf9 (anon8764) (serialized)\
2026-01-06 19:18:19.205 12950-12971 SecurityManager         com.gap.droid                        D  Dropping duplicate packet: 1767743395194-e5f62181a9a53bf9-3139968\
2026-01-06 19:18:19.205 12950-12971 PacketProcessor         com.gap.droid                        D  Packet failed security validation from e5f62181a9a53bf9 (anon8764)\
2026-01-06 19:18:19.205 12950-12971 PacketProcessor         com.gap.droid                        D  Completed packet type 2 from e5f62181a9a53bf9 (anon8764)\
2026-01-06 19:18:19.296 12950-12985 BluetoothG...verManager com.gap.droid                        I  Server: Received packet from 5D:35:93:E2:B3:F3, size: 256 bytes\
2026-01-06 19:18:19.299 12950-12985 BluetoothG...verManager com.gap.droid                        D  Server: Parsed packet type 2 from e5f62181a9a53bf9\
2026-01-06 19:18:19.299 12950-12985 BluetoothC...ionManager com.gap.droid                        D  onPacketReceived: Packet received from 5D:35:93:E2:B3:F3 (e5f62181a9a53bf9)\
2026-01-06 19:18:19.300 12950-12985 PacketProcessor         com.gap.droid                        D  processPacket 2\
2026-01-06 19:18:19.302 12950-12975 PacketProcessor         com.gap.droid                        D  \uc0\u55357 \u56550  Processing packet type 2 from e5f62181a9a53bf9 (anon8764) (serialized)\
2026-01-06 19:18:19.303 12950-12975 SecurityManager         com.gap.droid                        D  Dropping duplicate packet: 1767743430747-e5f62181a9a53bf9-115733\
2026-01-06 19:18:19.303 12950-12975 PacketProcessor         com.gap.droid                        D  Packet failed security validation from e5f62181a9a53bf9 (anon8764)\
2026-01-06 19:18:19.303 12950-12975 PacketProcessor         com.gap.droid                        D  Completed packet type 2 from e5f62181a9a53bf9 (anon8764)\
2026-01-06 19:18:19.351 12950-12950 ViewRootIm...nActivity] com.gap.droid                        D  ViewPostIme key 0\
2026-01-06 19:18:19.359 12950-12950 zygote64                com.gap.droid                        I  Deoptimizing java.lang.Object b9.m.G(java.lang.CharSequence, int, int, int, boolean, h5.p) due to JIT inline cache\
2026-01-06 19:18:19.363 12950-12950 ViewRootIm...nActivity] com.gap.droid                        D  ViewPostIme key 1\
2026-01-06 19:18:19.533 12950-12950 ViewRootIm...nActivity] com.gap.droid                        D  ViewPostIme key 0\
2026-01-06 19:18:19.535 12950-12950 ViewRootIm...nActivity] com.gap.droid                        D  ViewPostIme key 1\
2026-01-06 19:18:19.549 12950-12950 zygote64                com.gap.droid                        I  Deoptimizing x3.c0 x3.d0.a(x3.c0, long, v2.m, float, long, b4.k, b4.i, b4.j, b4.q, java.lang.String, long, i4.a, i4.p, e4.b, long, i4.l, v2.f0, x3.w, x2.e) due to JIT inline cache\
2026-01-06 19:18:19.550 12950-12950 zygote64                com.gap.droid                        I  Deoptimizing o2.r o2.a.a(o2.r, cb.f) due to JIT inline cache\
2026-01-06 19:18:19.558 12950-12950 zygote64                com.gap.droid                        I  Deoptimizing java.lang.Object z0.i0.j(java.lang.Object) due to JIT inline cache\
2026-01-06 19:18:19.695 12950-12950 ViewRootIm...nActivity] com.gap.droid                        D  ViewPostIme key 0\
2026-01-06 19:18:19.696 12950-12950 ViewRootIm...nActivity] com.gap.droid                        D  ViewPostIme key 1\
2026-01-06 19:18:22.011 12950-12978 BluetoothG...entManager com.gap.droid                        D  Requesting RSSI from 46:28:68:E1:23:C3\
2026-01-06 19:18:22.012 12950-12978 BluetoothGatt           com.gap.droid                        D  readRssi() - device: 46:28:68:E1:23:C3\
2026-01-06 19:18:22.030 12950-12961 BluetoothG...entManager com.gap.droid                        D  Client: RSSI updated for 46:28:68:E1:23:C3: -47 dBm\
2026-01-06 19:18:27.021 12950-12978 BluetoothG...entManager com.gap.droid                        D  Requesting RSSI from 46:28:68:E1:23:C3\
2026-01-06 19:18:27.021 12950-12978 BluetoothGatt           com.gap.droid                        D  readRssi() - device: 46:28:68:E1:23:C3\
2026-01-06 19:18:27.045 12950-12961 BluetoothG...entManager com.gap.droid                        D  Client: RSSI updated for 46:28:68:E1:23:C3: -47 dBm\
2026-01-06 19:18:31.059 12950-12961 BluetoothG...entManager com.gap.droid                        I  Client: Received packet from 46:28:68:E1:23:C3, size: 282 bytes\
2026-01-06 19:18:31.062 12950-12961 BluetoothG...entManager com.gap.droid                        D  Client: Parsed packet type 32 from d609cd9429f593ed\
2026-01-06 19:18:31.062 12950-12961 BluetoothC...ionManager com.gap.droid                        D  onPacketReceived: Packet received from 46:28:68:E1:23:C3 (d609cd9429f593ed)\
2026-01-06 19:18:31.064 12950-12961 PacketProcessor         com.gap.droid                        D  processPacket 32\
2026-01-06 19:18:31.068 12950-12975 PacketProcessor         com.gap.droid                        D  \uc0\u55357 \u56550  Processing packet type 32 from d609cd9429f593ed (anon6956) (serialized)\
2026-01-06 19:18:31.069 12950-12975 SecurityManager         com.gap.droid                        D  Packet validation passed for d609cd9429f593ed, messageID: 1767745110893-d609cd9429f593ed-32-2104258551\
2026-01-06 19:18:31.069 12950-12975 PacketProcessor         com.gap.droid                        D  Processing packet type FRAGMENT from d609cd9429f593ed (anon6956)\
2026-01-06 19:18:31.069 12950-12975 PacketProcessor         com.gap.droid                        D  Processing fragment from d609cd9429f593ed (anon6956)\
2026-01-06 19:18:31.071 12950-12975 FragmentManager         com.gap.droid                        D  Received fragment 0/64 for fragmentID: 32f4fd5eb0d483ea, originalType: 34\
2026-01-06 19:18:31.071 12950-12975 FragmentManager         com.gap.droid                        D  Fragment 0 stored, have 1/64 fragments for 32f4fd5eb0d483ea\
2026-01-06 19:18:31.071 12950-12975 PacketRelayManager      com.gap.droid                        D  Evaluating relay for packet type 32 from d609cd9429f593ed (TTL: 7)\
2026-01-06 19:18:31.071 12950-12975 PacketRelayManager      com.gap.droid                        D  Decremented TTL from 7 to 6\
2026-01-06 19:18:31.072 12950-12975 PacketRelayManager      com.gap.droid                        D  High TTL (6), relaying\
2026-01-06 19:18:31.072 12950-12975 PacketRelayManager      com.gap.droid                        D  \uc0\u55357 \u56580  Relaying packet type 32 with TTL 6\
2026-01-06 19:18:31.072 12950-12975 FragmentManager         com.gap.droid                        D  \uc0\u55357 \u56576  Creating fragments for packet type 32, payload: 482 bytes\
2026-01-06 19:18:31.073 12950-12975 FragmentManager         com.gap.droid                        D  \uc0\u55357 \u56550  Encoded to 512 bytes\
2026-01-06 19:18:31.073 12950-12975 FragmentManager         com.gap.droid                        D  \uc0\u55357 \u56527  Unpadded to 274 bytes\
2026-01-06 19:18:31.074 12950-12975 PacketProcessor         com.gap.droid                        D  Completed packet type 32 from d609cd9429f593ed (anon6956)\
2026-01-06 19:18:31.076 12950-12975 BluetoothP...roadcaster com.gap.droid                        I  Broadcasting packet type 32 to 2 server + 5 client connections\
2026-01-06 19:18:31.083 12950-12975 BluetoothP...roadcaster com.gap.droid                        D  Skipping broadcast to server back to relayer: 46:28:68:E1:23:C3\
2026-01-06 19:18:31.104 12950-12961 BluetoothG...verManager com.gap.droid                        I  Server: Received packet from 45:BA:73:AF:7C:1E, size: 512 bytes\
2026-01-06 19:18:31.106 12950-12961 BluetoothG...verManager com.gap.droid                        D  Server: Parsed packet type 32 from d609cd9429f593ed\
2026-01-06 19:18:31.106 12950-12961 BluetoothC...ionManager com.gap.droid                        D  onPacketReceived: Packet received from 45:BA:73:AF:7C:1E (d609cd9429f593ed)\
2026-01-06 19:18:31.107 12950-12961 PacketProcessor         com.gap.droid                        D  processPacket 32\
2026-01-06 19:18:31.109 12950-12975 PacketProcessor         com.gap.droid                        D  \uc0\u55357 \u56550  Processing packet type 32 from d609cd9429f593ed (anon6956) (serialized)\
2026-01-06 19:18:31.110 12950-12975 SecurityManager         com.gap.droid                        D  Dropping duplicate packet: 1767745110893-d609cd9429f593ed-32-2104258551\
2026-01-06 19:18:31.110 12950-12975 PacketProcessor         com.gap.droid                        D  Packet failed security validation from d609cd9429f593ed (anon6956)\
2026-01-06 19:18:31.110 12950-12975 PacketProcessor         com.gap.droid                        D  Completed packet type 32 from d609cd9429f593ed (anon6956)\
2026-01-06 19:18:31.153 12950-12961 BluetoothG...verManager com.gap.droid                        I  Server: Received packet from 45:BA:73:AF:7C:1E, size: 251 bytes\
2026-01-06 19:18:31.155 12950-12961 BluetoothG...verManager com.gap.droid                        D  Server: Parsed packet type 32 from d609cd9429f593ed\
2026-01-06 19:18:31.155 12950-12961 BluetoothC...ionManager com.gap.droid                        D  onPacketReceived: Packet received from 45:BA:73:AF:7C:1E (d609cd9429f593ed)\
2026-01-06 19:18:31.156 12950-12961 PacketProcessor         com.gap.droid                        D  processPacket 32\
2026-01-06 19:18:31.158 12950-12968 PacketProcessor         com.gap.droid                        D  \uc0\u55357 \u56550  Processing packet type 32 from d609cd9429f593ed (anon6956) (serialized)\
2026-01-06 19:18:31.159 12950-12968 SecurityManager         com.gap.droid                        D  Packet validation passed for d609cd9429f593ed, messageID: 1767745110893-d609cd9429f593ed-32-1855459220\
2026-01-06 19:18:31.159 12950-12968 PacketProcessor         com.gap.droid                        D  Processing packet type FRAGMENT from d609cd9429f593ed (anon6956)\
2026-01-06 19:18:31.159 12950-12968 PacketProcessor         com.gap.droid                        D  Processing fragment from d609cd9429f593ed (anon6956)\
2026-01-06 19:18:31.161 12950-12968 FragmentManager         com.gap.droid                        D  Received fragment 1/64 for fragmentID: 32f4fd5eb0d483ea, originalType: 34\
2026-01-06 19:18:31.161 12950-12968 FragmentManager         com.gap.droid                        D  Fragment 1 stored, have 2/64 fragments for 32f4fd5eb0d483ea\
2026-01-06 19:18:31.161 12950-12968 PacketRelayManager      com.gap.droid                        D  Evaluating relay for packet type 32 from d609cd9429f593ed (TTL: 6)\
2026-01-06 19:18:31.161 12950-12968 PacketRelayManager      com.gap.droid                        D  Decremented TTL from 6 to 5\
2026-01-06 19:18:31.161 12950-12968 PacketRelayManager      com.gap.droid                        D  High TTL (5), relaying\
2026-01-06 19:18:31.162 12950-12968 PacketRelayManager      com.gap.droid                        D  \uc0\u55357 \u56580  Relaying packet type 32 with TTL 5\
2026-01-06 19:18:31.162 12950-12968 FragmentManager         com.gap.droid                        D  \uc0\u55357 \u56576  Creating fragments for packet type 32, payload: 482 bytes\
2026-01-06 19:18:31.163 12950-12968 FragmentManager         com.gap.droid                        D  \uc0\u55357 \u56550  Encoded to 251 bytes\
2026-01-06 19:18:31.163 12950-12968 FragmentManager         com.gap.droid                        D  \uc0\u55357 \u56527  Unpadded to 251 bytes\
2026-01-06 19:18:31.164 12950-12968 PacketProcessor         com.gap.droid                        D  Completed packet type 32 from d609cd9429f593ed (anon6956)\
2026-01-06 19:18:31.170 12950-12975 BluetoothP...roadcaster com.gap.droid                        I  Broadcasting packet type 32 to 2 server + 5 client connections\
2026-01-06 19:18:31.171 12950-12975 BluetoothP...roadcaster com.gap.droid                        D  Skipping broadcast to client back to relayer: 45:BA:73:AF:7C:1E\
2026-01-06 19:18:31.193 12950-12961 BluetoothG...verManager com.gap.droid                        I  Server: Received packet from 5D:35:93:E2:B3:F3, size: 512 bytes\
2026-01-06 19:18:31.194 12950-12961 BluetoothG...verManager com.gap.droid                        D  Server: Parsed packet type 32 from d609cd9429f593ed\
2026-01-06 19:18:31.194 12950-12961 BluetoothC...ionManager com.gap.droid                        D  onPacketReceived: Packet received from 5D:35:93:E2:B3:F3 (d609cd9429f593ed)\
2026-01-06 19:18:31.195 12950-12961 PacketProcessor         com.gap.droid                        D  processPacket 32\
2026-01-06 19:18:31.197 12950-12968 PacketProcessor         com.gap.droid                        D  \uc0\u55357 \u56550  Processing packet type 32 from d609cd9429f593ed (anon6956) (serialized)\
2026-01-06 19:18:31.198 12950-12968 SecurityManager         com.gap.droid                        D  Dropping duplicate packet: 1767745110893-d609cd9429f593ed-32-2104258551\
2026-01-06 19:18:31.198 12950-12968 PacketProcessor         com.gap.droid                        D  Packet failed security validation from d609cd9429f593ed (anon6956)\
2026-01-06 19:18:31.198 12950-12968 PacketProcessor         com.gap.droid                        D  Completed packet type 32 from d609cd9429f593ed (anon6956)\
2026-01-06 19:18:31.202 12950-12961 BluetoothG...verManager com.gap.droid                        I  Server: Received packet from 45:BA:73:AF:7C:1E, size: 256 bytes\
2026-01-06 19:18:31.203 12950-12961 BluetoothG...verManager com.gap.droid                        D  Server: Parsed packet type 32 from d609cd9429f593ed\
2026-01-06 19:18:31.203 12950-12961 BluetoothC...ionManager com.gap.droid                        D  onPacketReceived: Packet received from 45:BA:73:AF:7C:1E (d609cd9429f593ed)\
2026-01-06 19:18:31.203 12950-12961 PacketProcessor         com.gap.droid                        D  processPacket 32\
2026-01-06 19:18:31.204 12950-12985 BluetoothG...verManager com.gap.droid                        I  Server: Received packet from 45:BA:73:AF:7C:1E, size: 256 bytes\
2026-01-06 19:18:31.205 12950-12985 BluetoothG...verManager com.gap.droid                        D  Server: Parsed packet type 32 from d609cd9429f593ed\
2026-01-06 19:18:31.205 12950-12985 BluetoothC...ionManager com.gap.droid                        D  onPacketReceived: Packet received from 45:BA:73:AF:7C:1E (d609cd9429f593ed)\
2026-01-06 19:18:31.205 12950-12985 PacketProcessor         com.gap.droid                        D  processPacket 32\
2026-01-06 19:18:31.207 12950-12968 PacketProcessor         com.gap.droid                        D  \uc0\u55357 \u56550  Processing packet type 32 from d609cd9429f593ed (anon6956) (serialized)\
2026-01-06 19:18:31.207 12950-12968 SecurityManager         com.gap.droid                        D  Packet validation passed for d609cd9429f593ed, messageID: 1767745110893-d609cd9429f593ed-32--770834545\
2026-01-06 19:18:31.207 12950-12968 PacketProcessor         com.gap.droid                        D  Processing packet type FRAGMENT from d609cd9429f593ed (anon6956)\
2026-01-06 19:18:31.207 12950-12968 PacketProcessor         com.gap.droid                        D  Processing fragment from d609cd9429f593ed (anon6956)\
2026-01-06 19:18:31.209 12950-12968 FragmentManager         com.gap.droid                        D  Received fragment 2/64 for fragmentID: 32f4fd5eb0d483ea, originalType: 34\
2026-01-06 19:18:31.209 12950-12968 FragmentManager         com.gap.droid                        D  Fragment 2 stored, have 3/64 fragments for 32f4fd5eb0d483ea\
2026-01-06 19:18:31.209 12950-12968 PacketRelayManager      com.gap.droid                        D  Evaluating relay for packet type 32 from d609cd9429f593ed (TTL: 6)\
2026-01-06 19:18:31.209 12950-12968 PacketRelayManager      com.gap.droid                        D  Decremented TTL from 6 to 5\
2026-01-06 19:18:31.209 12950-12968 PacketRelayManager      com.gap.droid                        D  High TTL (5), relaying\
2026-01-06 19:18:31.209 12950-12968 PacketRelayManager      com.gap.droid                        D  \uc0\u55357 \u56580  Relaying packet type 32 with TTL 5\
2026-01-06 19:18:31.209 12950-12968 FragmentManager         com.gap.droid                        D  \uc0\u55357 \u56576  Creating fragments for packet type 32, payload: 482 bytes\
2026-01-06 19:18:31.210 12950-12968 FragmentManager         com.gap.droid                        D  \uc0\u55357 \u56550  Encoded to 256 bytes\
2026-01-06 19:18:31.210 12950-12968 FragmentManager         com.gap.droid                        D  \uc0\u55357 \u56527  Unpadded to 44 bytes\
2026-01-06 19:18:31.211 12950-12968 PacketProcessor         com.gap.droid                        D  Completed packet type 32 from d609cd9429f593ed (anon6956)\
2026-01-06 19:18:31.211 12950-12968 PacketProcessor         com.gap.droid                        D  \uc0\u55357 \u56550  Processing packet type 32 from d609cd9429f593ed (anon6956) (serialized)\
2026-01-06 19:18:31.211 12950-12968 SecurityManager         com.gap.droid                        D  Packet validation passed for d609cd9429f593ed, messageID: 1767745110893-d609cd9429f593ed-32-1164088464\
2026-01-06 19:18:31.211 12950-12968 PacketProcessor         com.gap.droid                        D  Processing packet type FRAGMENT from d609cd9429f593ed (anon6956)\
2026-01-06 19:18:31.211 12950-12968 PacketProcessor         com.gap.droid                        D  Processing fragment from d609cd9429f593ed (anon6956)\
2026-01-06 19:18:31.212 12950-12968 FragmentManager         com.gap.droid                        D  Received fragment 3/64 for fragmentID: 32f4fd5eb0d483ea, originalType: 34\
2026-01-06 19:18:31.212 12950-12968 FragmentManager         com.gap.droid                        D  Fragment 3 stored, have 4/64 fragments for 32f4fd5eb0d483ea\
2026-01-06 19:18:31.212 12950-12968 PacketRelayManager      com.gap.droid                        D  Evaluating relay for packet type 32 from d609cd9429f593ed (TTL: 6)\
2026-01-06 19:18:31.212 12950-12968 PacketRelayManager      com.gap.droid                        D  Decremented TTL from 6 to 5\
2026-01-06 19:18:31.212 12950-12968 PacketRelayManager      com.gap.droid                        D  High TTL (5), relaying\
2026-01-06 19:18:31.212 12950-12968 PacketRelayManager      com.gap.droid                        D  \uc0\u55357 \u56580  Relaying packet type 32 with TTL 5\
2026-01-06 19:18:31.212 12950-12968 FragmentManager         com.gap.droid                        D  \uc0\u55357 \u56576  Creating fragments for packet type 32, payload: 482 bytes\
2026-01-06 19:18:31.213 12950-12968 FragmentManager         com.gap.droid                        D  \uc0\u55357 \u56550  Encoded to 256 bytes\
