2026-01-06 02:08:29.840 21861-21886 PacketProcessor         com.gap.droid                        D  Processing packet type FRAGMENT from 09846e8292f371d7 (anon8764)
2026-01-06 02:08:29.840 21861-21886 PacketProcessor         com.gap.droid                        D  Processing fragment from 09846e8292f371d7 (anon8764)
2026-01-06 02:08:29.841 21861-21886 FragmentManager         com.gap.droid                        D  Received fragment 1/3 for fragmentID: 5cabb853e8bae499, originalType: 1
2026-01-06 02:08:29.841 21861-21886 FragmentManager         com.gap.droid                        D  Fragment 1 stored, have 2/3 fragments for 5cabb853e8bae499
2026-01-06 02:08:29.841 21861-21895 BluetoothP...roadcaster com.gap.droid                        I  Broadcasting packet type 32 to 1 server + 1 client connections
2026-01-06 02:08:29.841 21861-21886 PacketRelayManager      com.gap.droid                        D  Evaluating relay for packet type 32 from 09846e8292f371d7 (TTL: 7)
2026-01-06 02:08:29.841 21861-21886 PacketRelayManager      com.gap.droid                        D  Decremented TTL from 7 to 6
2026-01-06 02:08:29.841 21861-21886 PacketRelayManager      com.gap.droid                        D  High TTL (6), relaying
2026-01-06 02:08:29.841 21861-21895 BluetoothP...roadcaster com.gap.droid                        D  Skipping broadcast to client back to relayer: 7B:10:7A:BE:6C:32
2026-01-06 02:08:29.841 21861-21886 PacketRelayManager      com.gap.droid                        D  🔄 Relaying packet type 32 with TTL 6
2026-01-06 02:08:29.841 21861-21895 BluetoothP...roadcaster com.gap.droid                        D  Skipping broadcast to server back to relayer: 7B:10:7A:BE:6C:32
2026-01-06 02:08:29.841 21861-21886 FragmentManager         com.gap.droid                        D  🔀 Creating fragments for packet type 32, payload: 77 bytes
2026-01-06 02:08:29.841 21861-21886 FragmentManager         com.gap.droid                        D  📦 Encoded to 256 bytes
2026-01-06 02:08:29.842 21861-21886 FragmentManager         com.gap.droid                        D  📏 Unpadded to 99 bytes
2026-01-06 02:08:29.842 21861-21886 PacketProcessor         com.gap.droid                        D  Completed packet type 32 from 09846e8292f371d7 (anon8764)
2026-01-06 02:08:29.842 21861-21886 PacketProcessor         com.gap.droid                        D  📦 Processing packet type 32 from 09846e8292f371d7 (anon8764) (serialized)
2026-01-06 02:08:29.843 21861-21886 SecurityManager         com.gap.droid                        D  Packet validation passed for 09846e8292f371d7, messageID: 1767683309874-09846e8292f371d7-32--324336506
2026-01-06 02:08:29.843 21861-21886 PacketProcessor         com.gap.droid                        D  Processing packet type FRAGMENT from 09846e8292f371d7 (anon8764)
2026-01-06 02:08:29.843 21861-21886 PacketProcessor         com.gap.droid                        D  Processing fragment from 09846e8292f371d7 (anon8764)
2026-01-06 02:08:29.843 21861-21886 FragmentManager         com.gap.droid                        D  Received fragment 2/3 for fragmentID: 5cabb853e8bae499, originalType: 1
2026-01-06 02:08:29.843 21861-21893 BluetoothP...roadcaster com.gap.droid                        I  Broadcasting packet type 32 to 1 server + 1 client connections
2026-01-06 02:08:29.844 21861-21886 FragmentManager         com.gap.droid                        D  All fragments received for 5cabb853e8bae499, reassembling...
2026-01-06 02:08:29.844 21861-21893 BluetoothP...roadcaster com.gap.droid                        D  Skipping broadcast to client back to relayer: 7B:10:7A:BE:6C:32
2026-01-06 02:08:29.844 21861-21893 BluetoothP...roadcaster com.gap.droid                        D  Skipping broadcast to server back to relayer: 7B:10:7A:BE:6C:32
2026-01-06 02:08:29.844 21861-21886 FragmentManager         com.gap.droid                        D  Successfully reassembled original (174 bytes); set TTL=0 to suppress relay
2026-01-06 02:08:29.844 21861-21886 PacketProcessor         com.gap.droid                        D  Fragment reassembled, processing complete message
2026-01-06 02:08:29.863 21861-21887 EncryptionService       com.gap.droid                        D  ✅ Ed25519 signature verification: true
2026-01-06 02:08:29.865 21861-21887 MessageHandler          com.gap.droid                        D  ✅ Verified announce from 09846e8292f371d7: nickname=anon8764, noisePublicKey=88e0f4b832401d26..., signingPublicKey=fc80f64988c7e571...
2026-01-06 02:08:29.865 21861-21887 PeerManager             com.gap.droid                        D  🔄 Updated verified peer: anon8764 (09846e8292f371d7)
2026-01-06 02:08:29.866 21861-21887 BluetoothMeshService    com.gap.droid                        D  Updating peer ID binding: 09846e8292f371d7 (was: null) with nickname: anon8764 and public key: 88e0f4b832401d26...
2026-01-06 02:08:29.866 21861-21887 PeerManager             com.gap.droid                        D  Updated peer: 09846e8292f371d7 (anon8764)
2026-01-06 02:08:29.867 21861-21887 PeerFingerprintManager  com.gap.droid                        D  Stored fingerprint for peer 09846e8292f371d7: 09846e8292f371d7...
2026-01-06 02:08:29.868 21861-21887 BluetoothMeshService    com.gap.droid                        D  Updated peer ID binding: 09846e8292f371d7 (was: null), fingerprint: 09846e8292f371d7...
2026-01-06 02:08:29.868 21861-21887 MessageHandler          com.gap.droid                        D  ✅ Processed verified TLV announce: stored identity for 09846e8292f371d7
2026-01-06 02:08:29.872 21861-21886 EncryptionService       com.gap.droid                        D  ✅ Ed25519 signature verification: true
2026-01-06 02:08:29.872 21861-21886 SecurityManager         com.gap.droid                        D  Packet validation passed for 09846e8292f371d7, messageID: 1767683309874-09846e8292f371d7-35770115
2026-01-06 02:08:29.872 21861-21886 PacketProcessor         com.gap.droid                        D  Processing packet type ANNOUNCE from 09846e8292f371d7 (anon8764)
2026-01-06 02:08:29.872 21861-21886 PacketProcessor         com.gap.droid                        D  Processing announce from 09846e8292f371d7 (anon8764)
2026-01-06 02:08:29.873 21861-21886 PacketRelayManager      com.gap.droid                        D  Evaluating relay for packet type 1 from 09846e8292f371d7 (TTL: 0)
2026-01-06 02:08:29.873 21861-21886 PacketRelayManager      com.gap.droid                        D  TTL expired, not relaying packet
2026-01-06 02:08:29.873 21861-21886 PacketRelayManager      com.gap.droid                        D  Evaluating relay for packet type 32 from 09846e8292f371d7 (TTL: 7)
2026-01-06 02:08:29.873 21861-21886 PacketRelayManager      com.gap.droid                        D  Decremented TTL from 7 to 6
2026-01-06 02:08:29.873 21861-21886 PacketRelayManager      com.gap.droid                        D  High TTL (6), relaying
2026-01-06 02:08:29.873 21861-21886 PacketRelayManager      com.gap.droid                        D  🔄 Relaying packet type 32 with TTL 6
2026-01-06 02:08:29.873 21861-21886 FragmentManager         com.gap.droid                        D  🔀 Creating fragments for packet type 32, payload: 59 bytes
2026-01-06 02:08:29.873 21861-21886 FragmentManager         com.gap.droid                        D  📦 Encoded to 256 bytes
2026-01-06 02:08:29.873 21861-21886 FragmentManager         com.gap.droid                        D  📏 Unpadded to 81 bytes
2026-01-06 02:08:29.874 21861-21886 PacketProcessor         com.gap.droid                        D  Completed packet type 32 from 09846e8292f371d7 (anon8764)
2026-01-06 02:08:29.875 21861-22283 BluetoothP...roadcaster com.gap.droid                        I  Broadcasting packet type 32 to 1 server + 1 client connections
2026-01-06 02:08:29.875 21861-22283 BluetoothP...roadcaster com.gap.droid                        D  Skipping broadcast to client back to relayer: 7B:10:7A:BE:6C:32
2026-01-06 02:08:29.875 21861-22283 BluetoothP...roadcaster com.gap.droid                        D  Skipping broadcast to server back to relayer: 7B:10:7A:BE:6C:32
2026-01-06 02:08:29.900 21861-21887 EncryptionService       com.gap.droid                        D  ✅ Ed25519 signature verification: true
2026-01-06 02:08:29.902 21861-21887 MessageHandler          com.gap.droid                        D  ✅ Verified announce from 09846e8292f371d7: nickname=anon8764, noisePublicKey=88e0f4b832401d26..., signingPublicKey=fc80f64988c7e571...
2026-01-06 02:08:29.903 21861-21887 PeerManager             com.gap.droid                        D  🔄 Updated verified peer: anon8764 (09846e8292f371d7)
2026-01-06 02:08:29.903 21861-21887 BluetoothMeshService    com.gap.droid                        D  Updating peer ID binding: 09846e8292f371d7 (was: null) with nickname: anon8764 and public key: 88e0f4b832401d26...
2026-01-06 02:08:29.903 21861-21887 PeerManager             com.gap.droid                        D  Updated peer: 09846e8292f371d7 (anon8764)
2026-01-06 02:08:29.905 21861-21887 PeerFingerprintManager  com.gap.droid                        D  Stored fingerprint for peer 09846e8292f371d7: 09846e8292f371d7...
2026-01-06 02:08:29.906 21861-21887 BluetoothMeshService    com.gap.droid                        D  Updated peer ID binding: 09846e8292f371d7 (was: null), fingerprint: 09846e8292f371d7...
2026-01-06 02:08:29.906 21861-21887 MessageHandler          com.gap.droid                        D  ✅ Processed verified TLV announce: stored identity for 09846e8292f371d7
2026-01-06 02:08:30.037 21861-21887 BluetoothMeshService    com.gap.droid                        D  Sending broadcast announce
2026-01-06 02:08:30.066 21861-22283 EncryptionService       com.gap.droid                        D  ✅ Generated Ed25519 signature (64 bytes)
2026-01-06 02:08:30.066 21861-22283 FragmentManager         com.gap.droid                        D  🔀 Creating fragments for packet type 1, payload: 78 bytes
2026-01-06 02:08:30.067 21861-22283 FragmentManager         com.gap.droid                        D  📦 Encoded to 256 bytes
2026-01-06 02:08:30.067 21861-22283 FragmentManager         com.gap.droid                        D  📏 Unpadded to 164 bytes
2026-01-06 02:08:30.068 21861-22283 BluetoothMeshService    com.gap.droid                        D  Sent iOS-compatible signed TLV announce (78 bytes)
2026-01-06 02:08:30.070 21861-21893 BluetoothP...roadcaster com.gap.droid                        I  Broadcasting packet type 1 to 1 server + 1 client connections
2026-01-06 02:08:30.152 21861-21907 BluetoothG...verManager com.gap.droid                        I  Server: Received packet from 7B:10:7A:BE:6C:32, size: 99 bytes
2026-01-06 02:08:30.153 21861-21907 BluetoothG...verManager com.gap.droid                        D  Server: Parsed packet type 32 from 04f4812dfdeb3635
2026-01-06 02:08:30.154 21861-21907 BluetoothC...ionManager com.gap.droid                        D  onPacketReceived: Packet received from 7B:10:7A:BE:6C:32 (04f4812dfdeb3635)
2026-01-06 02:08:30.155 21861-21907 BluetoothG...verManager com.gap.droid                        I  Server: Received packet from 7B:10:7A:BE:6C:32, size: 99 bytes
2026-01-06 02:08:30.156 21861-21907 BluetoothG...verManager com.gap.droid                        D  Server: Parsed packet type 32 from 04f4812dfdeb3635
2026-01-06 02:08:30.156 21861-21907 BluetoothC...ionManager com.gap.droid                        D  onPacketReceived: Packet received from 7B:10:7A:BE:6C:32 (04f4812dfdeb3635)
2026-01-06 02:08:30.182 21861-21907 BluetoothG...verManager com.gap.droid                        I  Server: Received packet from 7B:10:7A:BE:6C:32, size: 71 bytes
2026-01-06 02:08:30.183 21861-21907 BluetoothG...verManager com.gap.droid                        D  Server: Parsed packet type 32 from 04f4812dfdeb3635
2026-01-06 02:08:30.183 21861-21907 BluetoothC...ionManager com.gap.droid                        D  onPacketReceived: Packet received from 7B:10:7A:BE:6C:32 (04f4812dfdeb3635)
2026-01-06 02:08:34.320 21861-21907 BluetoothG...verManager com.gap.droid                        I  Server: Received packet from 7B:10:7A:BE:6C:32, size: 99 bytes
2026-01-06 02:08:34.321 21861-21907 BluetoothG...verManager com.gap.droid                        D  Server: Parsed packet type 32 from 09846e8292f371d7
2026-01-06 02:08:34.321 21861-21907 BluetoothC...ionManager com.gap.droid                        D  onPacketReceived: Packet received from 7B:10:7A:BE:6C:32 (09846e8292f371d7)
2026-01-06 02:08:34.321 21861-21907 PacketProcessor         com.gap.droid                        D  processPacket 32
2026-01-06 02:08:34.322 21861-21907 BluetoothG...verManager com.gap.droid                        I  Server: Received packet from 7B:10:7A:BE:6C:32, size: 59 bytes
2026-01-06 02:08:34.323 21861-21907 BluetoothG...verManager com.gap.droid                        D  Server: Parsed packet type 32 from 09846e8292f371d7
2026-01-06 02:08:34.323 21861-21907 BluetoothC...ionManager com.gap.droid                        D  onPacketReceived: Packet received from 7B:10:7A:BE:6C:32 (09846e8292f371d7)
2026-01-06 02:08:34.323 21861-21893 PacketProcessor         com.gap.droid                        D  📦 Processing packet type 32 from 09846e8292f371d7 (anon8764) (serialized)
2026-01-06 02:08:34.323 21861-21907 PacketProcessor         com.gap.droid                        D  processPacket 32
2026-01-06 02:08:34.323 21861-21893 SecurityManager         com.gap.droid                        D  Packet validation passed for 09846e8292f371d7, messageID: 1767683314419-09846e8292f371d7-32-535134885
2026-01-06 02:08:34.323 21861-21893 PacketProcessor         com.gap.droid                        D  Processing packet type FRAGMENT from 09846e8292f371d7 (anon8764)
2026-01-06 02:08:34.323 21861-21893 PacketProcessor         com.gap.droid                        D  Processing fragment from 09846e8292f371d7 (anon8764)
2026-01-06 02:08:34.324 21861-21893 FragmentManager         com.gap.droid                        D  Received fragment 0/2 for fragmentID: b50308bd82d0c01d, originalType: 2
2026-01-06 02:08:34.324 21861-21893 FragmentManager         com.gap.droid                        D  Fragment 0 stored, have 1/2 fragments for b50308bd82d0c01d
2026-01-06 02:08:34.324 21861-21893 PacketRelayManager      com.gap.droid                        D  Evaluating relay for packet type 32 from 09846e8292f371d7 (TTL: 7)
2026-01-06 02:08:34.324 21861-21893 PacketRelayManager      com.gap.droid                        D  Decremented TTL from 7 to 6
2026-01-06 02:08:34.324 21861-21893 PacketRelayManager      com.gap.droid                        D  High TTL (6), relaying
2026-01-06 02:08:34.324 21861-21893 PacketRelayManager      com.gap.droid                        D  🔄 Relaying packet type 32 with TTL 6
2026-01-06 02:08:34.324 21861-21893 FragmentManager         com.gap.droid                        D  🔀 Creating fragments for packet type 32, payload: 77 bytes
2026-01-06 02:08:34.325 21861-21893 FragmentManager         com.gap.droid                        D  📦 Encoded to 256 bytes
2026-01-06 02:08:34.325 21861-21893 FragmentManager         com.gap.droid                        D  📏 Unpadded to 99 bytes
2026-01-06 02:08:34.325 21861-21893 PacketProcessor         com.gap.droid                        D  Completed packet type 32 from 09846e8292f371d7 (anon8764)
2026-01-06 02:08:34.325 21861-21893 PacketProcessor         com.gap.droid                        D  📦 Processing packet type 32 from 09846e8292f371d7 (anon8764) (serialized)
2026-01-06 02:08:34.326 21861-21893 SecurityManager         com.gap.droid                        D  Packet validation passed for 09846e8292f371d7, messageID: 1767683314419-09846e8292f371d7-32-1870804894
2026-01-06 02:08:34.326 21861-21893 PacketProcessor         com.gap.droid                        D  Processing packet type FRAGMENT from 09846e8292f371d7 (anon8764)
2026-01-06 02:08:34.326 21861-21893 PacketProcessor         com.gap.droid                        D  Processing fragment from 09846e8292f371d7 (anon8764)
2026-01-06 02:08:34.326 21861-21893 FragmentManager         com.gap.droid                        D  Received fragment 1/2 for fragmentID: b50308bd82d0c01d, originalType: 2
2026-01-06 02:08:34.326 21861-21886 BluetoothP...roadcaster com.gap.droid                        I  Broadcasting packet type 32 to 1 server + 1 client connections
2026-01-06 02:08:34.326 21861-21893 FragmentManager         com.gap.droid                        D  All fragments received for b50308bd82d0c01d, reassembling...
2026-01-06 02:08:34.327 21861-21886 BluetoothP...roadcaster com.gap.droid                        D  Skipping broadcast to client back to relayer: 7B:10:7A:BE:6C:32
2026-01-06 02:08:34.327 21861-21886 BluetoothP...roadcaster com.gap.droid                        D  Skipping broadcast to server back to relayer: 7B:10:7A:BE:6C:32
2026-01-06 02:08:34.327 21861-21893 FragmentManager         com.gap.droid                        D  Successfully reassembled original (88 bytes); set TTL=0 to suppress relay
2026-01-06 02:08:34.327 21861-21893 PacketProcessor         com.gap.droid                        D  Fragment reassembled, processing complete message
2026-01-06 02:08:34.361 21861-21893 EncryptionService       com.gap.droid                        D  ✅ Ed25519 signature verification: true
2026-01-06 02:08:34.361 21861-21893 SecurityManager         com.gap.droid                        D  Packet validation passed for 09846e8292f371d7, messageID: 1767683314419-09846e8292f371d7-3108
2026-01-06 02:08:34.361 21861-21893 PacketProcessor         com.gap.droid                        D  Processing packet type MESSAGE from 09846e8292f371d7 (anon8764)
2026-01-06 02:08:34.361 21861-21893 PacketProcessor         com.gap.droid                        D  Processing message from 09846e8292f371d7 (anon8764)
2026-01-06 02:08:34.362 21861-21886 MessageHandler          com.gap.droid                        D  Received message from anon8764
2026-01-06 02:08:34.363 21861-21886 PeerManager             com.gap.droid                        D  Updated peer: 09846e8292f371d7 (anon8764)
2026-01-06 02:08:34.363 21861-21886 BitchatFilePacket       com.gap.droid                        D  🔄 Decoding 2 bytes
2026-01-06 02:08:34.363 21861-21893 PacketRelayManager      com.gap.droid                        D  Evaluating relay for packet type 2 from 09846e8292f371d7 (TTL: 0)
2026-01-06 02:08:34.363 21861-21893 PacketRelayManager      com.gap.droid                        D  TTL expired, not relaying packet
2026-01-06 02:08:34.363 21861-21893 PacketRelayManager      com.gap.droid                        D  Evaluating relay for packet type 32 from 09846e8292f371d7 (TTL: 7)
2026-01-06 02:08:34.363 21861-21893 PacketRelayManager      com.gap.droid                        D  Decremented TTL from 7 to 6
2026-01-06 02:08:34.363 21861-21893 PacketRelayManager      com.gap.droid                        D  High TTL (6), relaying
2026-01-06 02:08:34.363 21861-21893 PacketRelayManager      com.gap.droid                        D  🔄 Relaying packet type 32 with TTL 6
2026-01-06 02:08:34.364 21861-21893 FragmentManager         com.gap.droid                        D  🔀 Creating fragments for packet type 32, payload: 37 bytes
2026-01-06 02:08:34.364 21861-21893 FragmentManager         com.gap.droid                        D  📦 Encoded to 256 bytes
2026-01-06 02:08:34.364 21861-21893 FragmentManager         com.gap.droid                        D  📏 Unpadded to 59 bytes
2026-01-06 02:08:34.364 21861-21893 PacketProcessor         com.gap.droid                        D  Completed packet type 32 from 09846e8292f371d7 (anon8764)
2026-01-06 02:08:34.365 21861-21893 BluetoothP...roadcaster com.gap.droid                        I  Broadcasting packet type 32 to 1 server + 1 client connections
2026-01-06 02:08:34.365 21861-21893 BluetoothP...roadcaster com.gap.droid                        D  Skipping broadcast to client back to relayer: 7B:10:7A:BE:6C:32
2026-01-06 02:08:34.365 21861-21893 BluetoothP...roadcaster com.gap.droid                        D  Skipping broadcast to server back to relayer: 7B:10:7A:BE:6C:32
2026-01-06 02:08:34.415 21861-21861 Choreographer           com.gap.droid                        I  Skipped 1 frames!  The application may be doing too much work on its main thread.
2026-01-06 02:08:34.426 21861-21893 BluetoothG...entManager com.gap.droid                        D  Requesting RSSI from 7B:10:7A:BE:6C:32
2026-01-06 02:08:34.426 21861-21893 BluetoothGatt           com.gap.droid                        D  readRssi() - device: 7B:10:7A:BE:6C:32
2026-01-06 02:08:34.435 21861-21907 BluetoothG...entManager com.gap.droid                        D  Client: RSSI updated for 7B:10:7A:BE:6C:32: -48 dBm
2026-01-06 02:08:35.564 21861-21861 ColorViewRootUtil       com.gap.droid                        D  nav bar mode ignore false downX 297 downY 1481 mScreenHeight 1600 mScreenWidth 720 mStatusBarHeight 36 globalScale 1.125 nav mode 0 rotation 0 event MotionEvent { action=ACTION_DOWN, actionButton=0, id[0]=0, x[0]=297.0, y[0]=1481.0, toolType[0]=TOOL_TYPE_FINGER, buttonState=0, classification=NONE, metaState=0, flags=0x0, edgeFlags=0x0, pointerCount=1, historySize=0, eventTime=22132906, downTime=22132906, deviceId=3, source=0x1002, displayId=0 }
2026-01-06 02:08:35.752 21861-21861 ColorViewRootUtil       com.gap.droid                        D  initSwipState, isDisplayCompatApp false
2026-01-06 02:08:35.753 21861-21861 ColorViewRootUtil       com.gap.droid                        D  updateScreenSize, mScreenHeight 1600,mScreenWidth:720,height:1600,width:720
2026-01-06 02:08:37.029 21861-21893 EncryptionService       com.gap.droid                        D  ✅ Generated Ed25519 signature (64 bytes)
2026-01-06 02:08:37.029 21861-21893 BluetoothMeshService    com.gap.droid                        D  ✅ Signed packet type 2 (signature 64 bytes)
2026-01-06 02:08:37.029 21861-21893 FragmentManager         com.gap.droid                        D  🔀 Creating fragments for packet type 2, payload: 2 bytes
2026-01-06 02:08:37.029 21861-21893 FragmentManager         com.gap.droid                        D  📦 Encoded to 256 bytes
2026-01-06 02:08:37.029 21861-21893 FragmentManager         com.gap.droid                        D  📏 Unpadded to 96 bytes
2026-01-06 02:08:37.031 21861-21887 BluetoothP...roadcaster com.gap.droid                        I  Broadcasting packet type 2 to 1 server + 1 client connections
2026-01-06 02:08:37.099 21861-21861 Choreographer           com.gap.droid                        I  Skipped 1 frames!  The application may be doing too much work on its main thread.
2026-01-06 02:08:37.171 21861-21907 BluetoothG...verManager com.gap.droid                        I  Server: Received packet from 7B:10:7A:BE:6C:32, size: 107 bytes
2026-01-06 02:08:37.172 21861-21907 BluetoothG...verManager com.gap.droid                        D  Server: Parsed packet type 32 from 04f4812dfdeb3635
2026-01-06 02:08:37.172 21861-21907 BluetoothC...ionManager com.gap.droid                        D  onPacketReceived: Packet received from 7B:10:7A:BE:6C:32 (04f4812dfdeb3635)
2026-01-06 02:08:37.201 21861-21907 BluetoothG...verManager com.gap.droid                        I  Server: Received packet from 7B:10:7A:BE:6C:32, size: 75 bytes
2026-01-06 02:08:37.202 21861-21907 BluetoothG...verManager com.gap.droid                        D  Server: Parsed packet type 32 from 04f4812dfdeb3635
2026-01-06 02:08:37.202 21861-21907 BluetoothC...ionManager com.gap.droid                        D  onPacketReceived: Packet received from 7B:10:7A:BE:6C:32 (04f4812dfdeb3635)
2026-01-06 02:08:38.796 21861-21861 ColorViewRootUtil       com.gap.droid                        D  initSwipState, isDisplayCompatApp false
2026-01-06 02:08:38.797 21861-21861 ColorViewRootUtil       com.gap.droid                        D  updateScreenSize, mScreenHeight 1600,mScreenWidth:720,height:1600,width:720
2026-01-06 02:08:38.857 21861-21861 Choreographer           com.gap.droid                        I  Skipped 1 frames!  The application may be doing too much work on its main thread.
2026-01-06 02:08:39.429 21861-21887 BluetoothG...entManager com.gap.droid                        D  Requesting RSSI from 7B:10:7A:BE:6C:32
2026-01-06 02:08:39.430 21861-21887 BluetoothGatt           com.gap.droid                        D  readRssi() - device: 7B:10:7A:BE:6C:32
2026-01-06 02:08:39.443 21861-21907 BluetoothG...entManager com.gap.droid                        D  Client: RSSI updated for 7B:10:7A:BE:6C:32: -57 dBm
2026-01-06 02:08:39.517 21861-21861 ColorViewRootUtil       com.gap.droid                        D  nav bar mode ignore false downX 659 downY 1474 mScreenHeight 1600 mScreenWidth 720 mStatusBarHeight 36 globalScale 1.125 nav mode 0 rotation 0 event MotionEvent { action=ACTION_DOWN, actionButton=0, id[0]=0, x[0]=659.0, y[0]=1474.0, toolType[0]=TOOL_TYPE_FINGER, buttonState=0, classification=NONE, metaState=0, flags=0x0, edgeFlags=0x0, pointerCount=1, historySize=0, eventTime=22136858, downTime=22136858, deviceId=3, source=0x1002, displayId=0 }
2026-01-06 02:08:39.534 21861-21861 MediaRecorder           com.gap.droid                        D  constructor E 0x7117cf2e80
2026-01-06 02:08:39.540 21861-21861 MediaRecorder           com.gap.droid                        D  constructor X 0x7117cf2e80
2026-01-06 02:08:39.540 21861-21861 CheckPermission         com.gap.droid                        E  media_record-code= 24
2026-01-06 02:08:39.540 21861-21861 MediaRecorder           com.gap.droid                        I  setAudioSource() as = 1
2026-01-06 02:08:39.540 21861-21861 MediaRecorder           com.gap.droid                        I  init
2026-01-06 02:08:39.541 21861-21861 CheckPermission         com.gap.droid                        E  media_record-code= 2
2026-01-06 02:08:39.542 21861-21861 CheckPermission         com.gap.droid                        E  media_record-code= 23
2026-01-06 02:08:39.550 21861-21861 MediaRecorder           com.gap.droid                        D  init X 0x7117cf2e80
2026-01-06 02:08:39.550 21861-21861 CheckPermission         com.gap.droid                        E  media_record-code= 12
2026-01-06 02:08:39.552 21861-21861 MediaRecorder           com.gap.droid                        I  setOutputFormat() of = 2
2026-01-06 02:08:39.552 21861-21861 CheckPermission         com.gap.droid                        E  media_record-code= 13
2026-01-06 02:08:39.552 21861-21861 MediaRecorder           com.gap.droid                        I  setAudioEncoder() ae = 3
2026-01-06 02:08:39.552 21861-21861 CheckPermission         com.gap.droid                        E  media_record-code= 15
2026-01-06 02:08:39.553 21861-21861 CheckPermission         com.gap.droid                        E  media_record-code= 20
2026-01-06 02:08:39.554 21861-21861 CheckPermission         com.gap.droid                        E  media_record-code= 20
2026-01-06 02:08:39.555 21861-21861 CheckPermission         com.gap.droid                        E  media_record-code= 20
2026-01-06 02:08:39.556 21861-21861 MediaRecorder           com.gap.droid                        D  mHypnusCtrl is true
2026-01-06 02:08:39.558 21861-21861 CheckPermission         com.gap.droid                        E  media_record-code= 16
2026-01-06 02:08:39.559 21861-21861 MediaRecorder           com.gap.droid                        I  prepare()
2026-01-06 02:08:39.559 21861-21861 CheckPermission         com.gap.droid                        E  media_record-code= 9
2026-01-06 02:08:39.559 21861-21861 MediaRecorder           com.gap.droid                        D  prepare X 0x7117cf2e80
2026-01-06 02:08:39.559 21861-21861 MediaRecorder           com.gap.droid                        I  start() enter +++
2026-01-06 02:08:39.559 21861-21861 CheckPermission         com.gap.droid                        E  media_record-code= 8
2026-01-06 02:08:39.647 21861-21861 MediaRecorder           com.gap.droid                        I  start() end; use totalTime = 87839 Us
2026-01-06 02:08:39.656 21861-21861 CheckPermission         com.gap.droid                        E  media_record-code= 10
2026-01-06 02:08:39.698 21861-21861 Choreographer           com.gap.droid                        I  Skipped 1 frames!  The application may be doing too much work on its main thread.
2026-01-06 02:08:39.738 21861-21861 CheckPermission         com.gap.droid                        E  media_record-code= 10
2026-01-06 02:08:39.819 21861-21861 CheckPermission         com.gap.droid                        E  media_record-code= 10
2026-01-06 02:08:39.900 21861-21861 CheckPermission         com.gap.droid                        E  media_record-code= 10
2026-01-06 02:08:39.981 21861-21861 CheckPermission         com.gap.droid                        E  media_record-code= 10
2026-01-06 02:08:40.062 21861-21861 CheckPermission         com.gap.droid                        E  media_record-code= 10
2026-01-06 02:08:40.143 21861-21861 CheckPermission         com.gap.droid                        E  media_record-code= 10
2026-01-06 02:08:40.224 21861-21861 CheckPermission         com.gap.droid                        E  media_record-code= 10
2026-01-06 02:08:40.304 21861-21861 CheckPermission         com.gap.droid                        E  media_record-code= 10
2026-01-06 02:08:40.387 21861-21861 CheckPermission         com.gap.droid                        E  media_record-code= 10
2026-01-06 02:08:40.468 21861-21861 CheckPermission         com.gap.droid                        E  media_record-code= 10
2026-01-06 02:08:40.549 21861-21861 CheckPermission         com.gap.droid                        E  media_record-code= 10
2026-01-06 02:08:40.630 21861-21861 CheckPermission         com.gap.droid                        E  media_record-code= 10
2026-01-06 02:08:40.712 21861-21861 CheckPermission         com.gap.droid                        E  media_record-code= 10
2026-01-06 02:08:40.794 21861-21861 CheckPermission         com.gap.droid                        E  media_record-code= 10
2026-01-06 02:08:40.876 21861-21861 CheckPermission         com.gap.droid                        E  media_record-code= 10
2026-01-06 02:08:41.044 21861-21861 chatty                  com.gap.droid                        I  uid=10208(com.gap.droid) identical 2 lines
2026-01-06 02:08:41.125 21861-21861 CheckPermission         com.gap.droid                        E  media_record-code= 10
2026-01-06 02:08:41.209 21861-21861 CheckPermission         com.gap.droid                        E  media_record-code= 10
2026-01-06 02:08:41.291 21861-21861 CheckPermission         com.gap.droid                        E  media_record-code= 10
2026-01-06 02:08:41.373 21861-21861 CheckPermission         com.gap.droid                        E  media_record-code= 10
2026-01-06 02:08:41.454 21861-21861 chatty                  com.gap.droid                        I  uid=10208(com.gap.droid) identical 1 line
2026-01-06 02:08:41.536 21861-21861 CheckPermission         com.gap.droid                        E  media_record-code= 10
2026-01-06 02:08:41.618 21861-21861 CheckPermission         com.gap.droid                        E  media_record-code= 10
2026-01-06 02:08:41.782 21861-21861 chatty                  com.gap.droid                        I  uid=10208(com.gap.droid) identical 2 lines
2026-01-06 02:08:41.864 21861-21861 CheckPermission         com.gap.droid                        E  media_record-code= 10
2026-01-06 02:08:41.950 21861-21861 CheckPermission         com.gap.droid                        E  media_record-code= 10
2026-01-06 02:08:42.032 21861-21861 CheckPermission         com.gap.droid                        E  media_record-code= 10
2026-01-06 02:08:42.114 21861-21861 CheckPermission         com.gap.droid                        E  media_record-code= 10
2026-01-06 02:08:42.198 21861-21861 CheckPermission         com.gap.droid                        E  media_record-code= 10
2026-01-06 02:08:42.282 21861-21861 CheckPermission         com.gap.droid                        E  media_record-code= 10
2026-01-06 02:08:42.366 21861-21861 CheckPermission         com.gap.droid                        E  media_record-code= 10
2026-01-06 02:08:42.450 21861-21861 CheckPermission         com.gap.droid                        E  media_record-code= 10
2026-01-06 02:08:42.479 21861-21861 MediaRecorder           com.gap.droid                        I  stop()
2026-01-06 02:08:42.479 21861-21861 CheckPermission         com.gap.droid                        E  media_record-code= 7
2026-01-06 02:08:42.587 21861-21861 MediaRecorder           com.gap.droid                        D  stop X 0x7117cf2e80
2026-01-06 02:08:42.587 21861-21861 MediaRecorder           com.gap.droid                        I  reset
2026-01-06 02:08:42.587 21861-21861 MediaRecorder           com.gap.droid                        D  reset X 0x7117cf2e80
2026-01-06 02:08:42.587 21861-21861 MediaRecorder           com.gap.droid                        I  release
2026-01-06 02:08:42.587 21861-21861 CheckPermission         com.gap.droid                        E  media_record-code= 1
2026-01-06 02:08:42.590 21861-21861 MediaRecorder           com.gap.droid                        D  Release X 0x7117cf2e80
2026-01-06 02:08:42.590 21861-21861 MediaRecorder           com.gap.droid                        D  destructor E 0x7117cf2e80
2026-01-06 02:08:42.590 21861-21861 MediaRecorder           com.gap.droid                        D  destructor X 0x7117cf2e80
2026-01-06 02:08:42.592 21861-21861 MediaSendingManager     com.gap.droid                        D  📁 File exists: size=10250 bytes, name=voice_20260106_020839.m4a
2026-01-06 02:08:42.593 21861-21861 BitchatFilePacket       com.gap.droid                        D  🔄 Encoding: name=voice_20260106_020839.m4a, size=10250, mime=audio/mp4
2026-01-06 02:08:42.594 21861-21861 BitchatFilePacket       com.gap.droid                        D  📏 TLV sizes OK: name=25, mime=9, content=10250
2026-01-06 02:08:42.594 21861-21861 BitchatFilePacket       com.gap.droid                        D  ✅ Encoded successfully: 10302 bytes total
2026-01-06 02:08:42.594 21861-21861 MediaSendingManager     com.gap.droid                        D  🔓 Encoded broadcast packet: 10302 bytes
2026-01-06 02:08:42.595 21861-21861 MediaSendingManager     com.gap.droid                        D  📤 FILE_TRANSFER send (broadcast): name='voice_20260106_020839.m4a', size=10250, mime='audio/mp4', sha256=9e2f82fb5a4d2cfd6afe13bdd7fe50965464c0ba113e39c1ace5eadde07ab701, transferId=d4ea81379a4c1679…
2026-01-06 02:08:42.596 21861-21861 MediaSendingManager     com.gap.droid                        D  📤 Calling meshService.sendFileBroadcast
2026-01-06 02:08:42.597 21861-21861 BluetoothMeshService    com.gap.droid                        D  📤 sendFileBroadcast: name=voice_20260106_020839.m4a, size=10250
2026-01-06 02:08:42.597 21861-21861 BitchatFilePacket       com.gap.droid                        D  🔄 Encoding: name=voice_20260106_020839.m4a, size=10250, mime=audio/mp4
2026-01-06 02:08:42.597 21861-21861 BitchatFilePacket       com.gap.droid                        D  📏 TLV sizes OK: name=25, mime=9, content=10250
2026-01-06 02:08:42.597 21861-21861 BitchatFilePacket       com.gap.droid                        D  ✅ Encoded successfully: 10302 bytes total
2026-01-06 02:08:42.597 21861-21861 BluetoothMeshService    com.gap.droid                        D  📦 Encoded payload: 10302 bytes
2026-01-06 02:08:42.597 21861-21861 MediaSendingManager     com.gap.droid                        D  ✅ File broadcast completed successfully
2026-01-06 02:08:42.602 21861-21861 Choreographer           com.gap.droid                        I  Skipped 7 frames!  The application may be doing too much work on its main thread.
2026-01-06 02:08:42.620 21861-21893 EncryptionService       com.gap.droid                        D  ✅ Generated Ed25519 signature (64 bytes)
2026-01-06 02:08:42.620 21861-21893 BluetoothMeshService    com.gap.droid                        D  ✅ Signed packet type 34 (signature 64 bytes)
2026-01-06 02:08:42.621 21861-21893 BluetoothP...roadcaster com.gap.droid                        D  📤 Broadcasting FILE_TRANSFER: 10302 bytes
2026-01-06 02:08:42.621 21861-21893 FragmentManager         com.gap.droid                        D  🔀 Creating fragments for packet type 34, payload: 10302 bytes
2026-01-06 02:08:42.626 21861-21861 OppoMediaPlayer         com.gap.droid                        V  system load
2026-01-06 02:08:42.651 21861-21893 FragmentManager         com.gap.droid                        D  📦 Encoded to 10398 bytes
2026-01-06 02:08:42.651 21861-21893 FragmentManager         com.gap.droid                        D  📏 Unpadded to 10398 bytes
2026-01-06 02:08:42.652 21861-21893 FragmentManager         com.gap.droid                        D  Creating 23 fragments for 10398 byte packet (iOS compatible)
2026-01-06 02:08:42.652 21861-21893 FragmentManager         com.gap.droid                        D  ✅ Created 23 fragments successfully
2026-01-06 02:08:42.652 21861-21893 BluetoothP...roadcaster com.gap.droid                        D  🔀 File needs 23 fragments
2026-01-06 02:08:42.652 21861-21893 BluetoothP...roadcaster com.gap.droid                        D  Fragmenting packet into 23 fragments
2026-01-06 02:08:42.659 21861-21886 BluetoothP...roadcaster com.gap.droid                        I  Broadcasting packet type 32 to 1 server + 1 client connections
2026-01-06 02:08:42.668 21861-21887 MediaCodec              com.gap.droid                        I  CreateByType(), mime = audio/mp4a-latm, encoder = 0
2026-01-06 02:08:42.671 21861-21887 MMListParser            com.gap.droid                        D  onlineVersion -1 defaultVersion 20210806
2026-01-06 02:08:42.672 21861-21861 OppoMediaPlayer         com.gap.droid                        V  new OppoMediaPlayer
2026-01-06 02:08:42.674 21861-21861 OppoMediaPlayer         com.gap.droid                        I  new mediaplayer ,packageName = com.gap.droid
2026-01-06 02:08:42.677 21861-21887 MediaCodec              com.gap.droid                        I  ----------------------------------------
2026-01-06 02:08:42.677 21861-21887 MediaCodec              com.gap.droid                        I  matched component [OMX.google.aac.decoder]
2026-01-06 02:08:42.677 21861-21887 MediaCodec              com.gap.droid                        I  matched component [c2.android.aac.decoder]
2026-01-06 02:08:42.677 21861-21887 MediaCodec              com.gap.droid                        I  ----------------------------------------
2026-01-06 02:08:42.677 21861-21887 MediaCodec              com.gap.droid                        I  new MediaCodec()
2026-01-06 02:08:42.678 21861-21861 OppoMediaPlayer         com.gap.droid                        I  isPlaying() isOppoCreate=false
2026-01-06 02:08:42.679 21861-22283 BluetoothP...roadcaster com.gap.droid                        I  Broadcasting packet type 32 to 1 server + 1 client connections
2026-01-06 02:08:42.684 21861-21887 ACodec                  com.gap.droid                        D  ACodec() multimedia.audio.effect.type = none
2026-01-06 02:08:42.690 21861-22375 OMXClient               com.gap.droid                        I  IOmx service obtained
2026-01-06 02:08:42.696 21861-21887 MediaCodec              com.gap.droid                        I  configure()
2026-01-06 02:08:42.697 21861-21896 BluetoothP...roadcaster com.gap.droid                        I  Broadcasting packet type 32 to 1 server + 1 client connections
2026-01-06 02:08:42.703 21861-21887 MediaCodec              com.gap.droid                        I  Audio start()
2026-01-06 02:08:42.716 21861-21861 OppoMediaPlayer         com.gap.droid                        I  reset() isOppoCreate =false
2026-01-06 02:08:42.717 21861-21861 OppoMediaPlayer         com.gap.droid                        D  closeFd()
2026-01-06 02:08:42.717 21861-21861 MediaPlayer             com.gap.droid                        V  resetDrmState:  mDrmInfo=null mDrmProvisioningThread=null mPrepareDrmInProgress=false mActiveDrmScheme=false
2026-01-06 02:08:42.717 21861-21861 MediaPlayer             com.gap.droid                        V  cleanDrmObj: mDrmObj=null mDrmSessionId=null
2026-01-06 02:08:42.717 21861-21861 OppoMediaPlayer         com.gap.droid                        I  setDataSource(String) isOppoCreate=false
2026-01-06 02:08:42.717 21861-21861 OppoMediaPlayer         com.gap.droid                        I  setDataSource(path, headers) isOppoCreate=false
2026-01-06 02:08:42.718 21861-21861 OppoMediaPlayer         com.gap.droid                        I  setDataSource(FileDescriptor fd) isOppoCreate=false
2026-01-06 02:08:42.718 21861-21861 OppoMediaPlayer         com.gap.droid                        I  setDataSource(FileDescriptor, long, long) isOppoCreate=false
2026-01-06 02:08:42.718 21861-21861 OppoMediaPlayer         com.gap.droid                        D  closeFd()
2026-01-06 02:08:42.720 21861-21896 BluetoothP...roadcaster com.gap.droid                        I  Broadcasting packet type 32 to 1 server + 1 client connections
2026-01-06 02:08:42.726 21861-21861 OppoMediaPlayer         com.gap.droid                        I  prepareAsync() isOppoCreate=false
2026-01-06 02:08:42.728 21861-21861 Choreographer           com.gap.droid                        I  Skipped 6 frames!  The application may be doing too much work on its main thread.
2026-01-06 02:08:42.742 21861-21891 BluetoothP...roadcaster com.gap.droid                        I  Broadcasting packet type 32 to 1 server + 1 client connections
2026-01-06 02:08:42.761 21861-21896 MediaCodec              com.gap.droid                        I  CreateByType(), mime = audio/mp4a-latm, encoder = 0
2026-01-06 02:08:42.764 21861-21896 MediaCodec              com.gap.droid                        I  ----------------------------------------
2026-01-06 02:08:42.764 21861-22283 BluetoothP...roadcaster com.gap.droid                        I  Broadcasting packet type 32 to 1 server + 1 client connections
2026-01-06 02:08:42.764 21861-21896 MediaCodec              com.gap.droid                        I  matched component [OMX.google.aac.decoder]
2026-01-06 02:08:42.764 21861-21896 MediaCodec              com.gap.droid                        I  matched component [c2.android.aac.decoder]
2026-01-06 02:08:42.764 21861-21896 MediaCodec              com.gap.droid                        I  ----------------------------------------
2026-01-06 02:08:42.764 21861-21896 MediaCodec              com.gap.droid                        I  new MediaCodec()
2026-01-06 02:08:42.765 21861-21896 ACodec                  com.gap.droid                        D  ACodec() multimedia.audio.effect.type = none
2026-01-06 02:08:42.768 21861-22384 OMXClient               com.gap.droid                        I  IOmx service obtained
2026-01-06 02:08:42.771 21861-21896 MediaCodec              com.gap.droid                        I  configure()
2026-01-06 02:08:42.777 21861-21896 MediaCodec              com.gap.droid                        I  Audio start()
2026-01-06 02:08:42.777 21861-21861 OppoMediaPlayer         com.gap.droid                        I  getMediaTimeProvider() isOppoCreate = false
2026-01-06 02:08:42.778 21861-21861 OppoMediaPlayer         com.gap.droid                        I  isPlaying() isOppoCreate=false
2026-01-06 02:08:42.785 21861-21885 BluetoothP...roadcaster com.gap.droid                        I  Broadcasting packet type 32 to 1 server + 1 client connections
2026-01-06 02:08:42.785 21861-21861 Choreographer           com.gap.droid                        I  Skipped 1 frames!  The application may be doing too much work on its main thread.
2026-01-06 02:08:42.806 21861-21891 BluetoothP...roadcaster com.gap.droid                        I  Broadcasting packet type 32 to 1 server + 1 client connections
2026-01-06 02:08:42.811 21861-21861 OppoMediaPlayer         com.gap.droid                        I  isPlaying() isOppoCreate=false
2026-01-06 02:08:42.827 21861-21891 BluetoothP...roadcaster com.gap.droid                        I  Broadcasting packet type 32 to 1 server + 1 client connections
2026-01-06 02:08:42.848 21861-21891 BluetoothP...roadcaster com.gap.droid                        I  Broadcasting packet type 32 to 1 server + 1 client connections
2026-01-06 02:08:42.870 21861-21891 BluetoothP...roadcaster com.gap.droid                        I  Broadcasting packet type 32 to 1 server + 1 client connections
2026-01-06 02:08:42.882 21861-21887 MediaCodec              com.gap.droid                        I  stop()
2026-01-06 02:08:42.886 21861-21887 MediaCodec              com.gap.droid                        I  Audio release()
2026-01-06 02:08:42.888 21861-21887 MediaCodec              com.gap.droid                        I  ~MediaCodec()
2026-01-06 02:08:42.890 21861-21891 BluetoothP...roadcaster com.gap.droid                        I  Broadcasting packet type 32 to 1 server + 1 client connections
2026-01-06 02:08:42.903 21861-21907 BluetoothG...verManager com.gap.droid                        I  Server: Received packet from 7B:10:7A:BE:6C:32, size: 300 bytes
2026-01-06 02:08:42.903 21861-21907 BluetoothG...verManager com.gap.droid                        D  Server: Parsed packet type 32 from 04f4812dfdeb3635
2026-01-06 02:08:42.903 21861-21907 BluetoothC...ionManager com.gap.droid                        D  onPacketReceived: Packet received from 7B:10:7A:BE:6C:32 (04f4812dfdeb3635)
2026-01-06 02:08:42.911 21861-21891 BluetoothP...roadcaster com.gap.droid                        I  Broadcasting packet type 32 to 1 server + 1 client connections
2026-01-06 02:08:42.917 21861-21896 MediaCodec              com.gap.droid                        I  stop()
2026-01-06 02:08:42.922 21861-21896 MediaCodec              com.gap.droid                        I  Audio release()
2026-01-06 02:08:42.923 21861-21896 MediaCodec              com.gap.droid                        I  ~MediaCodec()
2026-01-06 02:08:42.932 21861-21885 BluetoothP...roadcaster com.gap.droid                        I  Broadcasting packet type 32 to 1 server + 1 client connections
2026-01-06 02:08:42.953 21861-21993 BluetoothP...roadcaster com.gap.droid                        I  Broadcasting packet type 32 to 1 server + 1 client connections
2026-01-06 02:08:42.975 21861-21993 BluetoothP...roadcaster com.gap.droid                        I  Broadcasting packet type 32 to 1 server + 1 client connections
2026-01-06 02:08:42.996 21861-21993 BluetoothP...roadcaster com.gap.droid                        I  Broadcasting packet type 32 to 1 server + 1 client connections
2026-01-06 02:08:43.018 21861-21993 BluetoothP...roadcaster com.gap.droid                        I  Broadcasting packet type 32 to 1 server + 1 client connections
2026-01-06 02:08:43.039 21861-21993 BluetoothP...roadcaster com.gap.droid                        I  Broadcasting packet type 32 to 1 server + 1 client connections
2026-01-06 02:08:43.061 21861-21885 BluetoothP...roadcaster com.gap.droid                        I  Broadcasting packet type 32 to 1 server + 1 client connections
2026-01-06 02:08:43.081 21861-21907 BluetoothG...verManager com.gap.droid                        I  Server: Received packet from 7B:10:7A:BE:6C:32, size: 99 bytes
2026-01-06 02:08:43.082 21861-21907 BluetoothG...verManager com.gap.droid                        D  Server: Parsed packet type 32 from 09846e8292f371d7
2026-01-06 02:08:43.082 21861-21907 BluetoothC...ionManager com.gap.droid                        D  onPacketReceived: Packet received from 7B:10:7A:BE:6C:32 (09846e8292f371d7)
2026-01-06 02:08:43.083 21861-21907 PacketProcessor         com.gap.droid                        D  processPacket 32
2026-01-06 02:08:43.084 21861-21885 BluetoothP...roadcaster com.gap.droid                        I  Broadcasting packet type 32 to 1 server + 1 client connections
2026-01-06 02:08:43.084 21861-21877 BluetoothG...verManager com.gap.droid                        I  Server: Received packet from 7B:10:7A:BE:6C:32, size: 99 bytes
2026-01-06 02:08:43.085 21861-21877 BluetoothG...verManager com.gap.droid                        D  Server: Parsed packet type 32 from 09846e8292f371d7
2026-01-06 02:08:43.085 21861-21877 BluetoothC...ionManager com.gap.droid                        D  onPacketReceived: Packet received from 7B:10:7A:BE:6C:32 (09846e8292f371d7)
2026-01-06 02:08:43.085 21861-21877 PacketProcessor         com.gap.droid                        D  processPacket 32
2026-01-06 02:08:43.086 21861-21877 BluetoothG...verManager com.gap.droid                        I  Server: Received packet from 7B:10:7A:BE:6C:32, size: 81 bytes
2026-01-06 02:08:43.086 21861-21896 PacketProcessor         com.gap.droid                        D  📦 Processing packet type 32 from 09846e8292f371d7 (anon8764) (serialized)
2026-01-06 02:08:43.086 21861-21877 BluetoothG...verManager com.gap.droid                        D  Server: Parsed packet type 32 from 09846e8292f371d7
2026-01-06 02:08:43.086 21861-21877 BluetoothC...ionManager com.gap.droid                        D  onPacketReceived: Packet received from 7B:10:7A:BE:6C:32 (09846e8292f371d7)
2026-01-06 02:08:43.086 21861-21896 SecurityManager         com.gap.droid                        D  Packet validation passed for 09846e8292f371d7, messageID: 1767683323167-09846e8292f371d7-32--1904067844
2026-01-06 02:08:43.086 21861-21896 PacketProcessor         com.gap.droid                        D  Processing packet type FRAGMENT from 09846e8292f371d7 (anon8764)
2026-01-06 02:08:43.086 21861-21896 PacketProcessor         com.gap.droid                        D  Processing fragment from 09846e8292f371d7 (anon8764)
2026-01-06 02:08:43.086 21861-21877 PacketProcessor         com.gap.droid                        D  processPacket 32
2026-01-06 02:08:43.086 21861-21896 FragmentManager         com.gap.droid                        D  Received fragment 0/3 for fragmentID: c300b8cfd1f2a6f3, originalType: 1
