2026-01-06 00:29:02.387  9535-9564  NostrRelayManager       com.gap.droid                        V  \uc0\u55357 \u56548  Sending Nostr event (kind: 20000, id=6798baf3b0a8976f...) to relay: wss://relay.islandbitcoin.com\
2026-01-06 00:29:02.388  9535-9564  NostrRelayManager       com.gap.droid                        V  \uc0\u55357 \u56589  DEBUG JSON: ["EVENT",\{"a":"6798baf3b0a8976f33276233b71207734c28d3708fa57ad12c8f209f0a67ecf0","b":"e15626d2b5b4458b2cd6a52df5530172b1b02e39be1fde29471422452a5fd4a7","created_at":1767677342,"d":20000,"e":[["g","ttt"],["n","anon9120"],["t","teleport"]],"f":"g go go","g":"2dc2e756b7648c61603912167e1024b8c49403e8240c527e71efa799c82e058cb3ccc1d470a5dce4baeb164bf722b3126b7e96e40ef2209cbfddfa6291b94442"\}]\
2026-01-06 00:29:02.388  9535-9564  NostrRelayManager       com.gap.droid                        V  \uc0\u55357 \u56548  Sending Nostr event (kind: 20000, id=6798baf3b0a8976f...) to relay: wss://nos4smartnkind.tech\
2026-01-06 00:29:02.390  9535-9564  NostrRelayManager       com.gap.droid                        V  \uc0\u55357 \u56589  DEBUG JSON: ["EVENT",\{"a":"6798baf3b0a8976f33276233b71207734c28d3708fa57ad12c8f209f0a67ecf0","b":"e15626d2b5b4458b2cd6a52df5530172b1b02e39be1fde29471422452a5fd4a7","created_at":1767677342,"d":20000,"e":[["g","ttt"],["n","anon9120"],["t","teleport"]],"f":"g go go","g":"2dc2e756b7648c61603912167e1024b8c49403e8240c527e71efa799c82e058cb3ccc1d470a5dce4baeb164bf722b3126b7e96e40ef2209cbfddfa6291b94442"\}]\
2026-01-06 00:29:02.390  9535-9564  NostrRelayManager       com.gap.droid                        V  \uc0\u55357 \u56548  Sending Nostr event (kind: 20000, id=6798baf3b0a8976f...) to relay: wss://nostr-relay.gateway.in.th\
2026-01-06 00:29:02.391  9535-9564  NostrRelayManager       com.gap.droid                        V  \uc0\u55357 \u56589  DEBUG JSON: ["EVENT",\{"a":"6798baf3b0a8976f33276233b71207734c28d3708fa57ad12c8f209f0a67ecf0","b":"e15626d2b5b4458b2cd6a52df5530172b1b02e39be1fde29471422452a5fd4a7","created_at":1767677342,"d":20000,"e":[["g","ttt"],["n","anon9120"],["t","teleport"]],"f":"g go go","g":"2dc2e756b7648c61603912167e1024b8c49403e8240c527e71efa799c82e058cb3ccc1d470a5dce4baeb164bf722b3126b7e96e40ef2209cbfddfa6291b94442"\}]\
2026-01-06 00:29:02.391  9535-9564  NostrRelayManager       com.gap.droid                        V  \uc0\u55357 \u56548  Sending Nostr event (kind: 20000, id=6798baf3b0a8976f...) to relay: wss://nostr-relayrs.gateway.in.th\
2026-01-06 00:29:02.650  9535-9955  NostrRelayManager       com.gap.droid                        I  \uc0\u55357 \u56546  Notice from wss://nos4smartnkind.tech: could not parse command\
2026-01-06 00:29:02.822  9535-9958  NostrRelayManager       com.gap.droid                        I  \uc0\u55357 \u56546  Notice from wss://nostr-relay.gateway.in.th: ERROR: bad msg: JSON object key "id" not found\
2026-01-06 00:29:02.822  9535-9954  NostrRelayManager       com.gap.droid                        I  \uc0\u55357 \u56546  Notice from wss://shu04.shugur.net: Invalid event: parse error: syntax error near offset 71 of ',"b":"e156...'\
2026-01-06 00:29:02.941  9535-9957  NostrRelayManager       com.gap.droid                        I  \uc0\u55357 \u56546  Notice from wss://nostr-relayrs.gateway.in.th: could not parse command\
2026-01-06 00:29:02.964  9535-9535  ColorViewRootUtil       com.gap.droid                        D  initSwipState, isDisplayCompatApp false\
2026-01-06 00:29:02.964  9535-9535  ColorViewRootUtil       com.gap.droid                        D  updateScreenSize, mScreenHeight 1600,mScreenWidth:720,height:1600,width:720\
2026-01-06 00:29:03.021  9535-9535  Choreographer           com.gap.droid                        I  Skipped 1 frames!  The application may be doing too much work on its main thread.\
2026-01-06 00:29:04.855  9535-9535  ColorViewRootUtil       com.gap.droid                        D  nav bar mode ignore false downX 330 downY 1500 mScreenHeight 1600 mScreenWidth 720 mStatusBarHeight 36 globalScale 1.125 nav mode 0 rotation 0 event MotionEvent \{ action=ACTION_DOWN, actionButton=0, id[0]=0, x[0]=330.0, y[0]=1500.0, toolType[0]=TOOL_TYPE_FINGER, buttonState=0, classification=NONE, metaState=0, flags=0x0, edgeFlags=0x0, pointerCount=1, historySize=0, eventTime=16162197, downTime=16162197, deviceId=3, source=0x1002, displayId=0 \}\
2026-01-06 00:29:05.008  9535-9535  ColorViewRootUtil       com.gap.droid                        D  initSwipState, isDisplayCompatApp false\
2026-01-06 00:29:05.009  9535-9535  ColorViewRootUtil       com.gap.droid                        D  updateScreenSize, mScreenHeight 1600,mScreenWidth:720,height:1600,width:720\
2026-01-06 00:29:07.161  9535-9535  NostrRelayManager       com.gap.droid                        I  \uc0\u55356 \u57104  Geohash ttt using 5 relays: wss://shu04.shugur.net, wss://relay.islandbitcoin.com, wss://nos4smartnkind.tech, wss://nostr-relay.gateway.in.th, wss://nostr-relayrs.gateway.in.th\
2026-01-06 00:29:07.162  9535-9535  NostrRelayManager       com.gap.droid                        V  \uc0\u55357 \u56548  Sending event kind=20000 to 5 relays for geohash=ttt\
2026-01-06 00:29:07.164  9535-9836  NostrRelayManager       com.gap.droid                        V  \uc0\u55357 \u56589  DEBUG JSON: ["EVENT",\{"a":"0e064bee299ad3a8304f7afbf5fb8a8f5a0082d8e68db21ad257a859d18ab649","b":"e15626d2b5b4458b2cd6a52df5530172b1b02e39be1fde29471422452a5fd4a7","created_at":1767677347,"d":20000,"e":[["g","ttt"],["n","anon9120"],["t","teleport"]],"f":"go go","g":"9fd0bef0dc38e6f96c4b0ba20f40cf07fd76362f865ae3cb821bbab69b9571b697c633debe4184973319605668da215411f9aa63295f89cd5e8cd97324f9462f"\}]\
2026-01-06 00:29:07.164  9535-9836  NostrRelayManager       com.gap.droid                        V  \uc0\u55357 \u56548  Sending Nostr event (kind: 20000, id=0e064bee299ad3a8...) to relay: wss://shu04.shugur.net\
2026-01-06 00:29:07.166  9535-9836  NostrRelayManager       com.gap.droid                        V  \uc0\u55357 \u56589  DEBUG JSON: ["EVENT",\{"a":"0e064bee299ad3a8304f7afbf5fb8a8f5a0082d8e68db21ad257a859d18ab649","b":"e15626d2b5b4458b2cd6a52df5530172b1b02e39be1fde29471422452a5fd4a7","created_at":1767677347,"d":20000,"e":[["g","ttt"],["n","anon9120"],["t","teleport"]],"f":"go go","g":"9fd0bef0dc38e6f96c4b0ba20f40cf07fd76362f865ae3cb821bbab69b9571b697c633debe4184973319605668da215411f9aa63295f89cd5e8cd97324f9462f"\}]\
2026-01-06 00:29:07.166  9535-9836  NostrRelayManager       com.gap.droid                        V  \uc0\u55357 \u56548  Sending Nostr event (kind: 20000, id=0e064bee299ad3a8...) to relay: wss://relay.islandbitcoin.com\
2026-01-06 00:29:07.166  9535-9535  Choreographer           com.gap.droid                        I  Skipped 3 frames!  The application may be doing too much work on its main thread.\
2026-01-06 00:29:07.167  9535-9836  NostrRelayManager       com.gap.droid                        V  \uc0\u55357 \u56589  DEBUG JSON: ["EVENT",\{"a":"0e064bee299ad3a8304f7afbf5fb8a8f5a0082d8e68db21ad257a859d18ab649","b":"e15626d2b5b4458b2cd6a52df5530172b1b02e39be1fde29471422452a5fd4a7","created_at":1767677347,"d":20000,"e":[["g","ttt"],["n","anon9120"],["t","teleport"]],"f":"go go","g":"9fd0bef0dc38e6f96c4b0ba20f40cf07fd76362f865ae3cb821bbab69b9571b697c633debe4184973319605668da215411f9aa63295f89cd5e8cd97324f9462f"\}]\
2026-01-06 00:29:07.168  9535-9836  NostrRelayManager       com.gap.droid                        V  \uc0\u55357 \u56548  Sending Nostr event (kind: 20000, id=0e064bee299ad3a8...) to relay: wss://nos4smartnkind.tech\
2026-01-06 00:29:07.169  9535-9836  NostrRelayManager       com.gap.droid                        V  \uc0\u55357 \u56589  DEBUG JSON: ["EVENT",\{"a":"0e064bee299ad3a8304f7afbf5fb8a8f5a0082d8e68db21ad257a859d18ab649","b":"e15626d2b5b4458b2cd6a52df5530172b1b02e39be1fde29471422452a5fd4a7","created_at":1767677347,"d":20000,"e":[["g","ttt"],["n","anon9120"],["t","teleport"]],"f":"go go","g":"9fd0bef0dc38e6f96c4b0ba20f40cf07fd76362f865ae3cb821bbab69b9571b697c633debe4184973319605668da215411f9aa63295f89cd5e8cd97324f9462f"\}]\
2026-01-06 00:29:07.169  9535-9836  NostrRelayManager       com.gap.droid                        V  \uc0\u55357 \u56548  Sending Nostr event (kind: 20000, id=0e064bee299ad3a8...) to relay: wss://nostr-relay.gateway.in.th\
2026-01-06 00:29:07.172  9535-9836  NostrRelayManager       com.gap.droid                        V  \uc0\u55357 \u56589  DEBUG JSON: ["EVENT",\{"a":"0e064bee299ad3a8304f7afbf5fb8a8f5a0082d8e68db21ad257a859d18ab649","b":"e15626d2b5b4458b2cd6a52df5530172b1b02e39be1fde29471422452a5fd4a7","created_at":1767677347,"d":20000,"e":[["g","ttt"],["n","anon9120"],["t","teleport"]],"f":"go go","g":"9fd0bef0dc38e6f96c4b0ba20f40cf07fd76362f865ae3cb821bbab69b9571b697c633debe4184973319605668da215411f9aa63295f89cd5e8cd97324f9462f"\}]\
2026-01-06 00:29:07.172  9535-9836  NostrRelayManager       com.gap.droid                        V  \uc0\u55357 \u56548  Sending Nostr event (kind: 20000, id=0e064bee299ad3a8...) to relay: wss://nostr-relayrs.gateway.in.th\
2026-01-06 00:29:07.337  9535-9836  BluetoothG...entManager com.gap.droid                        D  Requesting RSSI from 75:74:FB:47:26:77\
2026-01-06 00:29:07.337  9535-9836  BluetoothGatt           com.gap.droid                        D  readRssi() - device: 75:74:FB:47:26:77\
2026-01-06 00:29:07.346  9535-9646  BluetoothG...entManager com.gap.droid                        D  Client: RSSI updated for 75:74:FB:47:26:77: -56 dBm\
2026-01-06 00:29:07.490  9535-9955  NostrRelayManager       com.gap.droid                        I  \uc0\u55357 \u56546  Notice from wss://nos4smartnkind.tech: could not parse command\
2026-01-06 00:29:07.666  9535-9954  NostrRelayManager       com.gap.droid                        I  \uc0\u55357 \u56546  Notice from wss://shu04.shugur.net: Invalid event: parse error: syntax error near offset 71 of ',"b":"e156...'\
2026-01-06 00:29:07.666  9535-9958  NostrRelayManager       com.gap.droid                        I  \uc0\u55357 \u56546  Notice from wss://nostr-relay.gateway.in.th: ERROR: bad msg: JSON object key "id" not found\
2026-01-06 00:29:07.794  9535-9957  NostrRelayManager       com.gap.droid                        I  \uc0\u55357 \u56546  Notice from wss://nostr-relayrs.gateway.in.th: could not parse command\
2026-01-06 00:29:08.125  9535-9535  ColorViewRootUtil       com.gap.droid                        D  initSwipState, isDisplayCompatApp false\
2026-01-06 00:29:08.126  9535-9535  ColorViewRootUtil       com.gap.droid                        D  updateScreenSize, mScreenHeight 1600,mScreenWidth:720,height:1600,width:720\
2026-01-06 00:29:08.187  9535-9535  Choreographer           com.gap.droid                        I  Skipped 2 frames!  The application may be doing too much work on its main thread.\
2026-01-06 00:29:09.641  9535-9836  BluetoothMeshService    com.gap.droid                        D  Sending broadcast announce\
2026-01-06 00:29:09.643  9535-9834  BluetoothC...ionTracker com.gap.droid                        D  Periodic cleanup: 1 connections, 0 pending\
2026-01-06 00:29:09.660  9535-9836  EncryptionService       com.gap.droid                        D  \uc0\u9989  Generated Ed25519 signature (64 bytes)\
2026-01-06 00:29:09.661  9535-9836  FragmentManager         com.gap.droid                        D  \uc0\u55357 \u56576  Creating fragments for packet type 1, payload: 78 bytes\
2026-01-06 00:29:09.661  9535-9836  FragmentManager         com.gap.droid                        D  \uc0\u55357 \u56550  Encoded to 256 bytes\
2026-01-06 00:29:09.661  9535-9836  FragmentManager         com.gap.droid                        D  \uc0\u55357 \u56527  Unpadded to 164 bytes\
2026-01-06 00:29:09.662  9535-9836  BluetoothMeshService    com.gap.droid                        D  Sent iOS-compatible signed TLV announce (78 bytes)\
2026-01-06 00:29:09.663  9535-9834  BluetoothP...roadcaster com.gap.droid                        I  Broadcasting packet type 1 to 2 server + 1 client connections\
2026-01-06 00:29:09.689  9535-9836  EncryptionService       com.gap.droid                        D  \uc0\u9989  Generated Ed25519 signature (64 bytes)\
2026-01-06 00:29:09.689  9535-9836  BluetoothMeshService    com.gap.droid                        D  \uc0\u9989  Signed packet type 33 (signature 64 bytes)\
2026-01-06 00:29:09.689  9535-9836  FragmentManager         com.gap.droid                        D  \uc0\u55357 \u56576  Creating fragments for packet type 33, payload: 17 bytes\
2026-01-06 00:29:09.689  9535-9836  FragmentManager         com.gap.droid                        D  \uc0\u55357 \u56550  Encoded to 256 bytes\
2026-01-06 00:29:09.689  9535-9836  FragmentManager         com.gap.droid                        D  \uc0\u55357 \u56527  Unpadded to 103 bytes\
2026-01-06 00:29:09.691  9535-9564  BluetoothP...roadcaster com.gap.droid                        I  Broadcasting packet type 33 to 2 server + 1 client connections\
2026-01-06 00:29:09.799  9535-9815  ArtiNative              com.gap.droid                        I  Arti: ERROR: Failed to connect through Tor: Error \{ detail: ExitTimeout \}\
2026-01-06 00:29:09.800  9535-9815  ArtiTorManager          com.gap.droid                        I  arti: ERROR: Failed to connect through Tor: Error \{ detail: ExitTimeout \}\
2026-01-06 00:29:09.800  9535-9956  NostrRelayManager       com.gap.droid                        E  \uc0\u10060  WebSocket failure for wss://relay.islandbitcoin.com: Connect timed out\
2026-01-06 00:29:09.800  9535-9956  NostrRelayManager       com.gap.droid                        D  Scheduling reconnection to wss://relay.islandbitcoin.com in 2s (attempt 2)\
2026-01-06 00:29:09.803  9535-9815  ArtiNative              com.gap.droid                        I  Arti: ERROR: SOCKS connection error: tor: operation timed out at exit: Timed out while waiting for answer from exit\
                                                                                                    \
                                                                                                    Caused by:\
                                                                                                        Timed out while waiting for answer from exit\
2026-01-06 00:29:09.804  9535-9815  ArtiTorManager          com.gap.droid                        I  arti: ERROR: SOCKS connection error: tor: operation timed out at exit: Timed out while waiting for answer from exit\
                                                                                                    \
                                                                                                    Caused by:\
                                                                                                        Timed out while waiting for answer from exit\
2026-01-06 00:29:09.892  9535-9646  BluetoothG...verManager com.gap.droid                        I  Server: Received packet from 75:74:FB:47:26:77, size: 174 bytes\
2026-01-06 00:29:09.893  9535-9646  BluetoothG...verManager com.gap.droid                        D  Server: Parsed packet type 1 from 09846e8292f371d7\
2026-01-06 00:29:09.893  9535-9646  BluetoothC...ionManager com.gap.droid                        D  onPacketReceived: Packet received from 75:74:FB:47:26:77 (09846e8292f371d7)\
2026-01-06 00:29:09.894  9535-9646  PacketProcessor         com.gap.droid                        D  processPacket 1\
2026-01-06 00:29:09.898  9535-9834  PacketProcessor         com.gap.droid                        D  \uc0\u55357 \u56550  Processing packet type 1 from 09846e8292f371d7 (anon8764) (serialized)\
2026-01-06 00:29:09.922  9535-9646  BluetoothG...verManager com.gap.droid                        I  Server: Received packet from 75:74:FB:47:26:77, size: 174 bytes\
2026-01-06 00:29:09.923  9535-9646  BluetoothG...verManager com.gap.droid                        D  Server: Parsed packet type 1 from 09846e8292f371d7\
2026-01-06 00:29:09.923  9535-9646  BluetoothC...ionManager com.gap.droid                        D  onPacketReceived: Packet received from 75:74:FB:47:26:77 (09846e8292f371d7)\
2026-01-06 00:29:09.924  9535-9646  PacketProcessor         com.gap.droid                        D  processPacket 1\
2026-01-06 00:29:09.981  9535-9834  EncryptionService       com.gap.droid                        D  \uc0\u9989  Ed25519 signature verification: true\
2026-01-06 00:29:09.981  9535-9834  SecurityManager         com.gap.droid                        D  Packet validation passed for 09846e8292f371d7, messageID: 1767677349964-09846e8292f371d7-35770115\
2026-01-06 00:29:09.982  9535-9834  PacketProcessor         com.gap.droid                        D  Processing packet type ANNOUNCE from 09846e8292f371d7 (anon8764)\
2026-01-06 00:29:09.982  9535-9834  PacketProcessor         com.gap.droid                        D  Processing announce from 09846e8292f371d7 (anon8764)\
2026-01-06 00:29:09.983  9535-9834  PacketRelayManager      com.gap.droid                        D  Evaluating relay for packet type 1 from 09846e8292f371d7 (TTL: 7)\
2026-01-06 00:29:09.983  9535-9834  PacketRelayManager      com.gap.droid                        D  Decremented TTL from 7 to 6\
2026-01-06 00:29:09.983  9535-9834  PacketRelayManager      com.gap.droid                        D  High TTL (6), relaying\
2026-01-06 00:29:09.983  9535-9834  PacketRelayManager      com.gap.droid                        D  \uc0\u55357 \u56580  Relaying packet type 1 with TTL 6\
2026-01-06 00:29:09.983  9535-9834  FragmentManager         com.gap.droid                        D  \uc0\u55357 \u56576  Creating fragments for packet type 1, payload: 88 bytes\
2026-01-06 00:29:09.984  9535-9834  FragmentManager         com.gap.droid                        D  \uc0\u55357 \u56550  Encoded to 256 bytes\
2026-01-06 00:29:09.984  9535-9834  FragmentManager         com.gap.droid                        D  \uc0\u55357 \u56527  Unpadded to 174 bytes\
2026-01-06 00:29:09.985  9535-9834  PacketProcessor         com.gap.droid                        D  Completed packet type 1 from 09846e8292f371d7 (anon8764)\
2026-01-06 00:29:09.985  9535-9834  PacketProcessor         com.gap.droid                        D  \uc0\u55357 \u56550  Processing packet type 1 from 09846e8292f371d7 (anon8764) (serialized)\
2026-01-06 00:29:09.985  9535-9834  SecurityManager         com.gap.droid                        D  Dropping duplicate packet: 1767677349964-09846e8292f371d7-35770115\
2026-01-06 00:29:09.985  9535-9834  PacketProcessor         com.gap.droid                        D  Packet failed security validation from 09846e8292f371d7 (anon8764)\
2026-01-06 00:29:09.986  9535-9834  PacketProcessor         com.gap.droid                        D  Completed packet type 1 from 09846e8292f371d7 (anon8764)\
2026-01-06 00:29:09.986  9535-9836  BluetoothP...roadcaster com.gap.droid                        I  Broadcasting packet type 1 to 2 server + 1 client connections\
2026-01-06 00:29:09.986  9535-9836  BluetoothP...roadcaster com.gap.droid                        D  Skipping broadcast to client back to relayer: 75:74:FB:47:26:77\
2026-01-06 00:29:09.986  9535-9836  BluetoothP...roadcaster com.gap.droid                        D  Skipping broadcast to client back to relayer: 75:74:FB:47:26:77\
2026-01-06 00:29:09.986  9535-9836  BluetoothP...roadcaster com.gap.droid                        D  Skipping broadcast to server back to relayer: 75:74:FB:47:26:77\
2026-01-06 00:29:10.022  9535-9564  EncryptionService       com.gap.droid                        D  \uc0\u9989  Ed25519 signature verification: true\
2026-01-06 00:29:10.025  9535-9564  MessageHandler          com.gap.droid                        D  \uc0\u9989  Verified announce from 09846e8292f371d7: nickname=anon8764, noisePublicKey=88e0f4b832401d26..., signingPublicKey=fc80f64988c7e571...\
2026-01-06 00:29:10.025  9535-9564  PeerManager             com.gap.droid                        D  \uc0\u55357 \u56580  Updated verified peer: anon8764 (09846e8292f371d7)\
2026-01-06 00:29:10.026  9535-9564  BluetoothMeshService    com.gap.droid                        D  Updating peer ID binding: 09846e8292f371d7 (was: null) with nickname: anon8764 and public key: 88e0f4b832401d26...\
2026-01-06 00:29:10.026  9535-9564  PeerManager             com.gap.droid                        D  Updated peer: 09846e8292f371d7 (anon8764)\
2026-01-06 00:29:10.028  9535-9564  PeerFingerprintManager  com.gap.droid                        D  Stored fingerprint for peer 09846e8292f371d7: 09846e8292f371d7...\
2026-01-06 00:29:10.029  9535-9564  BluetoothMeshService    com.gap.droid                        D  Updated peer ID binding: 09846e8292f371d7 (was: null), fingerprint: 09846e8292f371d7...\
2026-01-06 00:29:10.029  9535-9564  MessageHandler          com.gap.droid                        D  \uc0\u9989  Processed verified TLV announce: stored identity for 09846e8292f371d7\
2026-01-06 00:29:10.926  9535-9818  ArtiNative              com.gap.droid                        I  Arti: ERROR: Failed to connect through Tor: Error \{ detail: ExitTimeout \}\
2026-01-06 00:29:10.927  9535-9818  ArtiTorManager          com.gap.droid                        I  arti: ERROR: Failed to connect through Tor: Error \{ detail: ExitTimeout \}\
2026-01-06 00:29:10.929  9535-9842  NostrRelayManager       com.gap.droid                        E  \uc0\u10060  WebSocket failure for wss://nostr.jerrynya.fun: Connect timed out\
2026-01-06 00:29:10.929  9535-9842  NostrRelayManager       com.gap.droid                        D  Scheduling reconnection to wss://nostr.jerrynya.fun in 8s (attempt 4)\
2026-01-06 00:29:10.929  9535-9881  NostrRelayManager       com.gap.droid                        E  \uc0\u10060  WebSocket failure for wss://dev-nostr.bityacht.io: Connect timed out\
2026-01-06 00:29:10.929  9535-9881  NostrRelayManager       com.gap.droid                        D  Scheduling reconnection to wss://dev-nostr.bityacht.io in 8s (attempt 4)\
2026-01-06 00:29:10.930  9535-9818  ArtiNative              com.gap.droid                        I  Arti: ERROR: SOCKS connection error: tor: operation timed out at exit: Timed out while waiting for answer from exit\
                                                                                                    \
                                                                                                    Caused by:\
                                                                                                        Timed out while waiting for answer from exit\
2026-01-06 00:29:10.931  9535-9818  ArtiTorManager          com.gap.droid                        I  arti: ERROR: SOCKS connection error: tor: operation timed out at exit: Timed out while waiting for answer from exit\
                                                                                                    \
                                                                                                    Caused by:\
                                                                                                        Timed out while waiting for answer from exit\
2026-01-06 00:29:10.940  9535-9815  ArtiNative              com.gap.droid                        I  Arti: ERROR: Failed to connect through Tor: Error \{ detail: ExitTimeout \}\
2026-01-06 00:29:10.941  9535-9815  ArtiTorManager          com.gap.droid                        I  arti: ERROR: Failed to connect through Tor: Error \{ detail: ExitTimeout \}\
2026-01-06 00:29:10.945  9535-9815  ArtiNative              com.gap.droid                        I  Arti: ERROR: SOCKS connection error: tor: operation timed out at exit: Timed out while waiting for answer from exit\
                                                                                                    \
                                                                                                    Caused by:\
                                                                                                        Timed out while waiting for answer from exit\
2026-01-06 00:29:10.946  9535-9815  ArtiTorManager          com.gap.droid                        I  arti: ERROR: SOCKS connection error: tor: operation timed out at exit: Timed out while waiting for answer from exit\
                                                                                                    \
                                                                                                    Caused by:\
                                                                                                        Timed out while waiting for answer from exit\
2026-01-06 00:29:11.088  9535-9955  NostrRelayManager       com.gap.droid                        V  \uc0\u55357 \u56549  Processing event (kind=20000) from relay=wss://nos4smartnkind.tech geo=ttt sub=geohash-ttt\
2026-01-06 00:29:11.148  9535-9535  Choreographer           com.gap.droid                        I  Skipped 1 frames!  The application may be doing too much work on its main thread.\
2026-01-06 00:29:11.803  9535-9834  NostrRelayManager       com.gap.droid                        V  Attempting to connect to Nostr relay: wss://relay.islandbitcoin.com\
2026-01-06 00:29:11.812  9535-9881  System                  com.gap.droid                        W  ClassLoader referenced unknown path: system/framework/mediatek-cta.jar\
2026-01-06 00:29:11.819  9535-9815  ArtiNative              com.gap.droid                        I  Arti: SOCKS connection from: 127.0.0.1:60788\
2026-01-06 00:29:11.820  9535-9815  ArtiTorManager          com.gap.droid                        I  arti: SOCKS connection from: 127.0.0.1:60788\
2026-01-06 00:29:11.823  9535-9815  ArtiNative              com.gap.droid                        I  Arti: SOCKS5 CONNECT to relay.islandbitcoin.com:443\
2026-01-06 00:29:11.823  9535-9815  ArtiTorManager          com.gap.droid                        I  arti: SOCKS5 CONNECT to relay.islandbitcoin.com:443\
2026-01-06 00:29:12.340  9535-9834  BluetoothG...entManager com.gap.droid                        D  Requesting RSSI from 75:74:FB:47:26:77\
2026-01-06 00:29:12.340  9535-9834  BluetoothGatt           com.gap.droid                        D  readRssi() - device: 75:74:FB:47:26:77\
2026-01-06 00:29:12.352  9535-9646  BluetoothG...entManager com.gap.droid                        D  Client: RSSI updated for 75:74:FB:47:26:77: -57 dBm\
}