2026-01-06 00:28:40.473  9535-9834  NostrRelayManager       com.gap.droid                        V  \uc0\u9989  Subscription 'sampling-dr5ry' sent to relay: wss://relay.evanverma.com\
2026-01-06 00:28:40.473  9535-9818  ArtiNative              com.gap.droid                        I  Arti: SOCKS connection from: 127.0.0.1:60756\
2026-01-06 00:28:40.474  9535-9818  ArtiTorManager          com.gap.droid                        I  arti: SOCKS connection from: 127.0.0.1:60756\
2026-01-06 00:28:40.474  9535-9816  ArtiNative              com.gap.droid                        I  Arti: SOCKS5 CONNECT to fanfares.nostr1.com:443\
2026-01-06 00:28:40.474  9535-9535  NostrRelayManager       com.gap.droid                        I  \uc0\u55356 \u57104  Geohash dr5r using 5 relays: wss://vitor.nostr1.com, wss://fanfares.nostr1.com, wss://cyberspace.nostr1.com, wss://relay.toastr.net, wss://relay.evanverma.com\
2026-01-06 00:28:40.475  9535-9818  ArtiNative              com.gap.droid                        I  Arti: SOCKS5 CONNECT to vitor.nostr1.com:443\
2026-01-06 00:28:40.475  9535-9535  NostrRelayManager       com.gap.droid                        D  \uc0\u55357 \u56545  Subscribing id=sampling-dr5r for geohash=dr5r on 5 relays\
2026-01-06 00:28:40.475  9535-9812  ArtiNative              com.gap.droid                        I  Arti: SOCKS5 CONNECT to relay.toastr.net:443\
2026-01-06 00:28:40.476  9535-9535  NostrRelayManager       com.gap.droid                        D  \uc0\u55357 \u56545  Subscribing to Nostr filter id=sampling-dr5r NostrFilter(kinds=[20000], since=1767590920, limit=200, #g=1)\
2026-01-06 00:28:40.476  9535-9818  ArtiTorManager          com.gap.droid                        I  arti: SOCKS5 CONNECT to vitor.nostr1.com:443\
2026-01-06 00:28:40.477  9535-9535  NostrRelayManager       com.gap.droid                        V  \uc0\u55357 \u56589  DEBUG: Serialized subscription message: ["REQ","sampling-dr5r",\{"kinds":[20000],"since":1767590920,"limit":200,"#g":["dr5r"]\}]\
2026-01-06 00:28:40.478  9535-9814  ArtiNative              com.gap.droid                        I  Arti: SOCKS5 CONNECT to relay.evanverma.com:443\
2026-01-06 00:28:40.478  9535-9816  ArtiTorManager          com.gap.droid                        I  arti: SOCKS5 CONNECT to fanfares.nostr1.com:443\
2026-01-06 00:28:40.478  9535-9561  NostrRelayManager       com.gap.droid                        V  \uc0\u9989  Subscription 'sampling-dr5r' sent to relay: wss://vitor.nostr1.com\
2026-01-06 00:28:40.478  9535-9561  NostrRelayManager       com.gap.droid                        V  \uc0\u9989  Subscription 'sampling-dr5r' sent to relay: wss://fanfares.nostr1.com\
2026-01-06 00:28:40.478  9535-9561  NostrRelayManager       com.gap.droid                        V  \uc0\u9989  Subscription 'sampling-dr5r' sent to relay: wss://cyberspace.nostr1.com\
2026-01-06 00:28:40.478  9535-9561  NostrRelayManager       com.gap.droid                        V  \uc0\u9989  Subscription 'sampling-dr5r' sent to relay: wss://relay.toastr.net\
2026-01-06 00:28:40.479  9535-9561  NostrRelayManager       com.gap.droid                        V  \uc0\u9989  Subscription 'sampling-dr5r' sent to relay: wss://relay.evanverma.com\
2026-01-06 00:28:40.479  9535-9812  ArtiTorManager          com.gap.droid                        I  arti: SOCKS5 CONNECT to relay.toastr.net:443\
2026-01-06 00:28:40.480  9535-9814  ArtiTorManager          com.gap.droid                        I  arti: SOCKS5 CONNECT to relay.evanverma.com:443\
2026-01-06 00:28:40.480  9535-9812  ArtiNative              com.gap.droid                        I  Arti: SOCKS connection from: 127.0.0.1:60758\
2026-01-06 00:28:40.481  9535-9812  ArtiTorManager          com.gap.droid                        I  arti: SOCKS connection from: 127.0.0.1:60758\
2026-01-06 00:28:40.481  9535-9535  NostrRelayManager       com.gap.droid                        I  \uc0\u55356 \u57104  Geohash dr using 5 relays: wss://relay.toastr.net, wss://relay.fundstr.me, wss://relay.evanverma.com, wss://relay-dev.satlantis.io, wss://nostr.notribe.net\
2026-01-06 00:28:40.482  9535-9535  NostrRelayManager       com.gap.droid                        D  \uc0\u55357 \u56545  Subscribing id=sampling-dr for geohash=dr on 5 relays\
2026-01-06 00:28:40.482  9535-9535  NostrRelayManager       com.gap.droid                        D  \uc0\u55357 \u56545  Subscribing to Nostr filter id=sampling-dr NostrFilter(kinds=[20000], since=1767590920, limit=200, #g=1)\
2026-01-06 00:28:40.483  9535-9535  NostrRelayManager       com.gap.droid                        V  \uc0\u55357 \u56589  DEBUG: Serialized subscription message: ["REQ","sampling-dr",\{"kinds":[20000],"since":1767590920,"limit":200,"#g":["dr"]\}]\
2026-01-06 00:28:40.483  9535-9833  NostrRelayManager       com.gap.droid                        V  Attempting to connect to Nostr relay: wss://relay.fundstr.me\
2026-01-06 00:28:40.483  9535-9818  ArtiNative              com.gap.droid                        I  Arti: SOCKS5 CONNECT to cyberspace.nostr1.com:443\
2026-01-06 00:28:40.484  9535-9836  NostrRelayManager       com.gap.droid                        V  \uc0\u9989  Subscription 'sampling-dr' sent to relay: wss://relay.toastr.net\
2026-01-06 00:28:40.484  9535-9836  NostrRelayManager       com.gap.droid                        V  \uc0\u9203  Relay wss://relay.fundstr.me not connected, subscription will be sent on reconnection\
2026-01-06 00:28:40.484  9535-9836  NostrRelayManager       com.gap.droid                        V  \uc0\u9989  Subscription 'sampling-dr' sent to relay: wss://relay.evanverma.com\
2026-01-06 00:28:40.484  9535-9836  NostrRelayManager       com.gap.droid                        V  \uc0\u9203  Relay wss://relay-dev.satlantis.io not connected, subscription will be sent on reconnection\
2026-01-06 00:28:40.484  9535-9836  NostrRelayManager       com.gap.droid                        V  \uc0\u9203  Relay wss://nostr.notribe.net not connected, subscription will be sent on reconnection\
2026-01-06 00:28:40.484  9535-9818  ArtiTorManager          com.gap.droid                        I  arti: SOCKS5 CONNECT to cyberspace.nostr1.com:443\
2026-01-06 00:28:40.485  9535-9834  NostrRelayManager       com.gap.droid                        V  Attempting to connect to Nostr relay: wss://relay-dev.satlantis.io\
2026-01-06 00:28:40.485  9535-9839  NostrRelayManager       com.gap.droid                        V  Attempting to connect to Nostr relay: wss://nostr.notribe.net\
2026-01-06 00:28:40.486  9535-9535  LocationChannelManager  com.gap.droid                        D  Real-time location: 40.7574366, -73.9137772 acc=100.0m\
2026-01-06 00:28:40.487  9535-9535  LocationChannelManager  com.gap.droid                        D  Computing channels for location: 40.7574366, -73.9137772\
2026-01-06 00:28:40.487  9535-9535  LocationChannelManager  com.gap.droid                        V  Generated Building: dr5ry59t\
2026-01-06 00:28:40.487  9535-9535  LocationChannelManager  com.gap.droid                        V  Generated Block: dr5ry59\
2026-01-06 00:28:40.488  9535-9535  LocationChannelManager  com.gap.droid                        V  Generated Neighborhood: dr5ry5\
2026-01-06 00:28:40.488  9535-9535  LocationChannelManager  com.gap.droid                        V  Generated City: dr5ry\
2026-01-06 00:28:40.488  9535-9535  LocationChannelManager  com.gap.droid                        V  Generated Province: dr5r\
2026-01-06 00:28:40.488  9535-9535  LocationChannelManager  com.gap.droid                        V  Generated REGION: dr\
2026-01-06 00:28:40.488  9535-9535  LocationChannelManager  com.gap.droid                        D  Teleported status: true (current: dr5r, selected: wwe)\
2026-01-06 00:28:40.491  9535-9839  LocationChannelManager  com.gap.droid                        D  Starting reverse geocoding\
2026-01-06 00:28:40.491  9535-9535  Choreographer           com.gap.droid                        I  Skipped 16 frames!  The application may be doing too much work on its main thread.\
2026-01-06 00:28:40.492  9535-9896  System                  com.gap.droid                        W  ClassLoader referenced unknown path: system/framework/mediatek-cta.jar\
2026-01-06 00:28:40.493  9535-9895  System                  com.gap.droid                        W  ClassLoader referenced unknown path: system/framework/mediatek-cta.jar\
2026-01-06 00:28:40.494  9535-9816  ArtiNative              com.gap.droid                        I  Arti: SOCKS connection from: 127.0.0.1:60760\
2026-01-06 00:28:40.494  9535-9894  System                  com.gap.droid                        W  ClassLoader referenced unknown path: system/framework/mediatek-cta.jar\
2026-01-06 00:28:40.495  9535-9816  ArtiTorManager          com.gap.droid                        I  arti: SOCKS connection from: 127.0.0.1:60760\
2026-01-06 00:28:40.498  9535-9816  ArtiNative              com.gap.droid                        I  Arti: SOCKS connection from: 127.0.0.1:60762\
2026-01-06 00:28:40.499  9535-9816  ArtiTorManager          com.gap.droid                        I  arti: SOCKS connection from: 127.0.0.1:60762\
2026-01-06 00:28:40.500  9535-9816  ArtiNative              com.gap.droid                        I  Arti: SOCKS connection from: 127.0.0.1:60764\
2026-01-06 00:28:40.500  9535-9816  ArtiTorManager          com.gap.droid                        I  arti: SOCKS connection from: 127.0.0.1:60764\
2026-01-06 00:28:40.501  9535-9839  LocationChannelManager  com.gap.droid                        D  Reverse geocoding result: \{REGION=United States, PROVINCE=New York, CITY=Queens County, NEIGHBORHOOD=Queens, BLOCK=Queens\}\
2026-01-06 00:28:40.501  9535-9818  ArtiNative              com.gap.droid                        I  Arti: SOCKS5 CONNECT to nostr.notribe.net:443\
2026-01-06 00:28:40.502  9535-9812  ArtiNative              com.gap.droid                        I  Arti: SOCKS5 CONNECT to relay-dev.satlantis.io:443\
2026-01-06 00:28:40.502  9535-9818  ArtiTorManager          com.gap.droid                        I  arti: SOCKS5 CONNECT to nostr.notribe.net:443\
2026-01-06 00:28:40.504  9535-9812  ArtiTorManager          com.gap.droid                        I  arti: SOCKS5 CONNECT to relay-dev.satlantis.io:443\
2026-01-06 00:28:40.504  9535-9818  ArtiNative              com.gap.droid                        I  Arti: SOCKS5 CONNECT to relay.fundstr.me:443\
2026-01-06 00:28:40.505  9535-9818  ArtiTorManager          com.gap.droid                        I  arti: SOCKS5 CONNECT to relay.fundstr.me:443\
2026-01-06 00:28:40.558  9535-9535  LocationChannelManager  com.gap.droid                        D  Real-time location: 40.7574366, -73.9137772 acc=100.0m\
2026-01-06 00:28:40.558  9535-9535  LocationChannelManager  com.gap.droid                        D  Computing channels for location: 40.7574366, -73.9137772\
2026-01-06 00:28:40.559  9535-9535  LocationChannelManager  com.gap.droid                        V  Generated Building: dr5ry59t\
2026-01-06 00:28:40.559  9535-9535  LocationChannelManager  com.gap.droid                        V  Generated Block: dr5ry59\
2026-01-06 00:28:40.559  9535-9535  LocationChannelManager  com.gap.droid                        V  Generated Neighborhood: dr5ry5\
2026-01-06 00:28:40.559  9535-9535  LocationChannelManager  com.gap.droid                        V  Generated City: dr5ry\
2026-01-06 00:28:40.559  9535-9535  LocationChannelManager  com.gap.droid                        V  Generated Province: dr5r\
2026-01-06 00:28:40.559  9535-9535  LocationChannelManager  com.gap.droid                        V  Generated REGION: dr\
2026-01-06 00:28:40.559  9535-9535  LocationChannelManager  com.gap.droid                        D  Teleported status: true (current: dr5r, selected: wwe)\
2026-01-06 00:28:40.561  9535-9839  LocationChannelManager  com.gap.droid                        D  Starting reverse geocoding\
2026-01-06 00:28:40.566  9535-9839  LocationChannelManager  com.gap.droid                        D  Reverse geocoding result: \{REGION=United States, PROVINCE=New York, CITY=Queens County, NEIGHBORHOOD=Queens, BLOCK=Queens\}\
2026-01-06 00:28:40.568  9535-9535  Choreographer           com.gap.droid                        I  Skipped 4 frames!  The application may be doing too much work on its main thread.\
2026-01-06 00:28:40.765  9535-9812  ArtiNative              com.gap.droid                        I  Arti: Tor connection established to vitor.nostr1.com:443\
2026-01-06 00:28:40.765  9535-9818  ArtiNative              com.gap.droid                        I  Arti: Tor connection established to fanfares.nostr1.com:443\
2026-01-06 00:28:40.767  9535-9818  ArtiTorManager          com.gap.droid                        I  arti: Tor connection established to fanfares.nostr1.com:443\
2026-01-06 00:28:40.769  9535-9812  ArtiTorManager          com.gap.droid                        I  arti: Tor connection established to vitor.nostr1.com:443\
2026-01-06 00:28:40.842  9535-9812  ArtiNative              com.gap.droid                        I  Arti: Tor connection established to relay.evanverma.com:443\
2026-01-06 00:28:40.842  9535-9814  ArtiNative              com.gap.droid                        I  Arti: Tor connection established to relay.toastr.net:443\
2026-01-06 00:28:40.843  9535-9812  ArtiTorManager          com.gap.droid                        I  arti: Tor connection established to relay.evanverma.com:443\
2026-01-06 00:28:40.846  9535-9814  ArtiTorManager          com.gap.droid                        I  arti: Tor connection established to relay.toastr.net:443\
2026-01-06 00:28:40.896  9535-9814  ArtiNative              com.gap.droid                        I  Arti: Tor connection established to cyberspace.nostr1.com:443\
2026-01-06 00:28:40.896  9535-9818  ArtiNative              com.gap.droid                        I  Arti: Tor connection established to relay.fundstr.me:443\
2026-01-06 00:28:40.897  9535-9816  ArtiNative              com.gap.droid                        I  Arti: Tor connection established to nostr.notribe.net:443\
2026-01-06 00:28:40.897  9535-9814  ArtiTorManager          com.gap.droid                        I  arti: Tor connection established to cyberspace.nostr1.com:443\
2026-01-06 00:28:40.900  9535-9818  ArtiTorManager          com.gap.droid                        I  arti: Tor connection established to relay.fundstr.me:443\
2026-01-06 00:28:40.902  9535-9816  ArtiTorManager          com.gap.droid                        I  arti: Tor connection established to nostr.notribe.net:443\
2026-01-06 00:28:41.029  9535-9812  ArtiNative              com.gap.droid                        I  Arti: Tor connection established to relay-dev.satlantis.io:443\
2026-01-06 00:28:41.030  9535-9812  ArtiTorManager          com.gap.droid                        I  arti: Tor connection established to relay-dev.satlantis.io:443\
2026-01-06 00:28:41.632  9535-9892  NostrRelayManager       com.gap.droid                        D  \uc0\u9989  Connected to Nostr relay: wss://vitor.nostr1.com\
2026-01-06 00:28:41.633  9535-9892  NostrRelayManager       com.gap.droid                        D  \uc0\u55357 \u56580  Restoring 7 subscriptions for relay: wss://vitor.nostr1.com\
2026-01-06 00:28:41.635  9535-9892  NostrRelayManager       com.gap.droid                        V  \uc0\u9989  Restored subscription 'sampling-dr5ry' to relay: wss://vitor.nostr1.com\
2026-01-06 00:28:41.636  9535-9892  NostrRelayManager       com.gap.droid                        V  \uc0\u9989  Restored subscription 'sampling-dr5r' to relay: wss://vitor.nostr1.com\
2026-01-06 00:28:41.638  9535-9892  NostrRelayManager       com.gap.droid                        V  \uc0\u9989  Restored subscription 'sampling-dr5ry59' to relay: wss://vitor.nostr1.com\
2026-01-06 00:28:41.640  9535-9892  NostrRelayManager       com.gap.droid                        V  \uc0\u9989  Restored subscription 'chat-messages' to relay: wss://vitor.nostr1.com\
2026-01-06 00:28:41.642  9535-9892  NostrRelayManager       com.gap.droid                        V  \uc0\u9989  Restored subscription 'sampling-dr5ry59t' to relay: wss://vitor.nostr1.com\
2026-01-06 00:28:41.643  9535-9892  NostrRelayManager       com.gap.droid                        V  \uc0\u9989  Restored subscription 'sampling-dr5ry5' to relay: wss://vitor.nostr1.com\
2026-01-06 00:28:41.645  9535-9892  NostrRelayManager       com.gap.droid                        V  \uc0\u9989  Restored subscription 'geo-dm-wwe' to relay: wss://vitor.nostr1.com\
2026-01-06 00:28:41.664  9535-9891  NostrRelayManager       com.gap.droid                        D  \uc0\u9989  Connected to Nostr relay: wss://relay.evanverma.com\
2026-01-06 00:28:41.665  9535-9889  NostrRelayManager       com.gap.droid                        D  \uc0\u9989  Connected to Nostr relay: wss://fanfares.nostr1.com\
2026-01-06 00:28:41.665  9535-9891  NostrRelayManager       com.gap.droid                        D  \uc0\u55357 \u56580  Restoring 8 subscriptions for relay: wss://relay.evanverma.com\
2026-01-06 00:28:41.665  9535-9889  NostrRelayManager       com.gap.droid                        D  \uc0\u55357 \u56580  Restoring 7 subscriptions for relay: wss://fanfares.nostr1.com\
2026-01-06 00:28:41.666  9535-9890  NostrRelayManager       com.gap.droid                        D  \uc0\u9989  Connected to Nostr relay: wss://relay.toastr.net\
2026-01-06 00:28:41.667  9535-9890  NostrRelayManager       com.gap.droid                        D  \uc0\u55357 \u56580  Restoring 8 subscriptions for relay: wss://relay.toastr.net\
2026-01-06 00:28:41.668  9535-9891  NostrRelayManager       com.gap.droid                        V  \uc0\u9989  Restored subscription 'sampling-dr5ry' to relay: wss://relay.evanverma.com\
2026-01-06 00:28:41.669  9535-9890  NostrRelayManager       com.gap.droid                        V  \uc0\u9989  Restored subscription 'sampling-dr5ry' to relay: wss://relay.toastr.net\
2026-01-06 00:28:41.670  9535-9889  NostrRelayManager       com.gap.droid                        V  \uc0\u9989  Restored subscription 'sampling-dr5ry' to relay: wss://fanfares.nostr1.com\
2026-01-06 00:28:41.671  9535-9890  NostrRelayManager       com.gap.droid                        V  \uc0\u9989  Restored subscription 'sampling-dr5r' to relay: wss://relay.toastr.net\
2026-01-06 00:28:41.674  9535-9891  NostrRelayManager       com.gap.droid                        V  \uc0\u9989  Restored subscription 'sampling-dr5r' to relay: wss://relay.evanverma.com\
2026-01-06 00:28:41.674  9535-9890  NostrRelayManager       com.gap.droid                        V  \uc0\u9989  Restored subscription 'sampling-dr5ry59' to relay: wss://relay.toastr.net\
2026-01-06 00:28:41.674  9535-9889  NostrRelayManager       com.gap.droid                        V  \uc0\u9989  Restored subscription 'sampling-dr5r' to relay: wss://fanfares.nostr1.com\
2026-01-06 00:28:41.676  9535-9891  NostrRelayManager       com.gap.droid                        V  \uc0\u9989  Restored subscription 'sampling-dr5ry59' to relay: wss://relay.evanverma.com\
2026-01-06 00:28:41.676  9535-9889  NostrRelayManager       com.gap.droid                        V  \uc0\u9989  Restored subscription 'sampling-dr5ry59' to relay: wss://fanfares.nostr1.com\
2026-01-06 00:28:41.676  9535-9890  NostrRelayManager       com.gap.droid                        V  \uc0\u9989  Restored subscription 'chat-messages' to relay: wss://relay.toastr.net\
2026-01-06 00:28:41.677  9535-9890  NostrRelayManager       com.gap.droid                        V  \uc0\u9989  Restored subscription 'sampling-dr' to relay: wss://relay.toastr.net\
2026-01-06 00:28:41.677  9535-9891  NostrRelayManager       com.gap.droid                        V  \uc0\u9989  Restored subscription 'chat-messages' to relay: wss://relay.evanverma.com\
2026-01-06 00:28:41.678  9535-9889  NostrRelayManager       com.gap.droid                        V  \uc0\u9989  Restored subscription 'chat-messages' to relay: wss://fanfares.nostr1.com\
2026-01-06 00:28:41.678  9535-9535  ColorViewRootUtil       com.gap.droid                        D  nav bar mode ignore false downX 142 downY 1305 mScreenHeight 1600 mScreenWidth 720 mStatusBarHeight 36 globalScale 1.125 nav mode 0 rotation 0 event MotionEvent \{ action=ACTION_DOWN, actionButton=0, id[0]=0, x[0]=142.0, y[0]=1305.0, toolType[0]=TOOL_TYPE_FINGER, buttonState=0, classification=NONE, metaState=0, flags=0x0, edgeFlags=0x0, pointerCount=1, historySize=0, eventTime=16139014, downTime=16139014, deviceId=3, source=0x1002, displayId=0 \}\
2026-01-06 00:28:41.679  9535-9891  NostrRelayManager       com.gap.droid                        V  \uc0\u9989  Restored subscription 'sampling-dr' to relay: wss://relay.evanverma.com\
2026-01-06 00:28:41.680  9535-9891  NostrRelayManager       com.gap.droid                        V  \uc0\u9989  Restored subscription 'sampling-dr5ry59t' to relay: wss://relay.evanverma.com\
2026-01-06 00:28:41.681  9535-9890  NostrRelayManager       com.gap.droid                        V  \uc0\u9989  Restored subscription 'sampling-dr5ry59t' to relay: wss://relay.toastr.net\
2026-01-06 00:28:41.681  9535-9891  NostrRelayManager       com.gap.droid                        V  \uc0\u9989  Restored subscription 'sampling-dr5ry5' to relay: wss://relay.evanverma.com\
2026-01-06 00:28:41.681  9535-9890  NostrRelayManager       com.gap.droid                        V  \uc0\u9989  Restored subscription 'sampling-dr5ry5' to relay: wss://relay.toastr.net\
2026-01-06 00:28:41.682  9535-9891  NostrRelayManager       com.gap.droid                        V  \uc0\u9989  Restored subscription 'geo-dm-wwe' to relay: wss://relay.evanverma.com\
2026-01-06 00:28:41.683  9535-9889  NostrRelayManager       com.gap.droid                        V  \uc0\u9989  Restored subscription 'sampling-dr5ry59t' to relay: wss://fanfares.nostr1.com\
2026-01-06 00:28:41.684  9535-9889  NostrRelayManager       com.gap.droid                        V  \uc0\u9989  Restored subscription 'sampling-dr5ry5' to relay: wss://fanfares.nostr1.com\
2026-01-06 00:28:41.686  9535-9890  NostrRelayManager       com.gap.droid                        V  \uc0\u9989  Restored subscription 'geo-dm-wwe' to relay: wss://relay.toastr.net\
2026-01-06 00:28:41.686  9535-9889  NostrRelayManager       com.gap.droid                        V  \uc0\u9989  Restored subscription 'geo-dm-wwe' to relay: wss://fanfares.nostr1.com\
2026-01-06 00:28:41.791  9535-9894  NostrRelayManager       com.gap.droid                        D  \uc0\u9989  Connected to Nostr relay: wss://relay.fundstr.me\
2026-01-06 00:28:41.792  9535-9893  NostrRelayManager       com.gap.droid                        D  \uc0\u9989  Connected to Nostr relay: wss://cyberspace.nostr1.com\
2026-01-06 00:28:41.792  9535-9893  NostrRelayManager       com.gap.droid                        D  \uc0\u55357 \u56580  Restoring 7 subscriptions for relay: wss://cyberspace.nostr1.com\
2026-01-06 00:28:41.792  9535-9894  NostrRelayManager       com.gap.droid                        D  \uc0\u55357 \u56580  Restoring 3 subscriptions for relay: wss://relay.fundstr.me\
2026-01-06 00:28:41.793  9535-9894  NostrRelayManager       com.gap.droid                        V  \uc0\u9989  Restored subscription 'chat-messages' to relay: wss://relay.fundstr.me\
2026-01-06 00:28:41.793  9535-9893  NostrRelayManager       com.gap.droid                        V  \uc0\u9989  Restored subscription 'sampling-dr5ry' to relay: wss://cyberspace.nostr1.com\
2026-01-06 00:28:41.794  9535-9894  NostrRelayManager       com.gap.droid                        V  \uc0\u9989  Restored subscription 'sampling-dr' to relay: wss://relay.fundstr.me\
2026-01-06 00:28:41.795  9535-9893  NostrRelayManager       com.gap.droid                        V  \uc0\u9989  Restored subscription 'sampling-dr5r' to relay: wss://cyberspace.nostr1.com\
2026-01-06 00:28:41.795  9535-9894  NostrRelayManager       com.gap.droid                        V  \uc0\u9989  Restored subscription 'geo-dm-wwe' to relay: wss://relay.fundstr.me\
2026-01-06 00:28:41.796  9535-9893  NostrRelayManager       com.gap.droid                        V  \uc0\u9989  Restored subscription 'sampling-dr5ry59' to relay: wss://cyberspace.nostr1.com\
2026-01-06 00:28:41.798  9535-9893  NostrRelayManager       com.gap.droid                        V  \uc0\u9989  Restored subscription 'chat-messages' to relay: wss://cyberspace.nostr1.com\
2026-01-06 00:28:41.799  9535-9893  NostrRelayManager       com.gap.droid                        V  \uc0\u9989  Restored subscription 'sampling-dr5ry59t' to relay: wss://cyberspace.nostr1.com\
2026-01-06 00:28:41.799  9535-9893  NostrRelayManager       com.gap.droid                        V  \uc0\u9989  Restored subscription 'sampling-dr5ry5' to relay: wss://cyberspace.nostr1.com\
2026-01-06 00:28:41.800  9535-9893  NostrRelayManager       com.gap.droid                        V  \uc0\u9989  Restored subscription 'geo-dm-wwe' to relay: wss://cyberspace.nostr1.com\
2026-01-06 00:28:41.958  9535-9896  NostrRelayManager       com.gap.droid                        D  \uc0\u9989  Connected to Nostr relay: wss://nostr.notribe.net\
2026-01-06 00:28:41.958  9535-9896  NostrRelayManager       com.gap.droid                        D  \uc0\u55357 \u56580  Restoring 3 subscriptions for relay: wss://nostr.notribe.net\
2026-01-06 00:28:41.959  9535-9896  NostrRelayManager       com.gap.droid                        V  \uc0\u9989  Restored subscription 'chat-messages' to relay: wss://nostr.notribe.net\
2026-01-06 00:28:41.960  9535-9896  NostrRelayManager       com.gap.droid                        V  \uc0\u9989  Restored subscription 'sampling-dr' to relay: wss://nostr.notribe.net\
2026-01-06 00:28:41.961  9535-9896  NostrRelayManager       com.gap.droid                        V  \uc0\u9989  Restored subscription 'geo-dm-wwe' to relay: wss://nostr.notribe.net\
2026-01-06 00:28:41.962  9535-9891  NostrRelayManager       com.gap.droid                        V  End of stored events for subscription: sampling-dr5ry59\
2026-01-06 00:28:41.964  9535-9895  NostrRelayManager       com.gap.droid                        D  \uc0\u9989  Connected to Nostr relay: wss://relay-dev.satlantis.io\
2026-01-06 00:28:41.964  9535-9895  NostrRelayManager       com.gap.droid                        D  \uc0\u55357 \u56580  Restoring 3 subscriptions for relay: wss://relay-dev.satlantis.io\
2026-01-06 00:28:41.965  9535-9895  NostrRelayManager       com.gap.droid                        V  \uc0\u9989  Restored subscription 'chat-messages' to relay: wss://relay-dev.satlantis.io\
2026-01-06 00:28:41.966  9535-9895  NostrRelayManager       com.gap.droid                        V  \uc0\u9989  Restored subscription 'sampling-dr' to relay: wss://relay-dev.satlantis.io\
2026-01-06 00:28:41.967  9535-9895  NostrRelayManager       com.gap.droid                        V  \uc0\u9989  Restored subscription 'geo-dm-wwe' to relay: wss://relay-dev.satlantis.io\
2026-01-06 00:28:42.036  9535-9889  NostrRelayManager       com.gap.droid                        V  End of stored events for subscription: sampling-dr5ry59\
2026-01-06 00:28:42.036  9535-9892  NostrRelayManager       com.gap.droid                        V  End of stored events for subscription: sampling-dr5ry59\
2026-01-06 00:28:42.036  9535-9890  NostrRelayManager       com.gap.droid                        V  End of stored events for subscription: sampling-dr5ry59\
2026-01-06 00:28:42.036  9535-9892  NostrRelayManager       com.gap.droid                        V  End of stored events for subscription: sampling-dr5ry5\
2026-01-06 00:28:42.036  9535-9892  NostrRelayManager       com.gap.droid                        V  End of stored events for subscription: sampling-dr5ry\
2026-01-06 00:28:42.037  9535-9892  NostrRelayManager       com.gap.droid                        V  End of stored events for subscription: sampling-dr5r\
2026-01-06 00:28:42.037  9535-9892  NostrRelayManager       com.gap.droid                        V  End of stored events for subscription: sampling-dr5ry\
2026-01-06 00:28:42.041  9535-9891  NostrRelayManager       com.gap.droid                        V  End of stored events for subscription: sampling-dr5ry5\
2026-01-06 00:28:42.079  9535-9890  NostrRelayManager       com.gap.droid                        V  End of stored events for subscription: sampling-dr5ry5\
2026-01-06 00:28:42.079  9535-9891  NostrRelayManager       com.gap.droid                        V  End of stored events for subscription: sampling-dr5ry\
2026-01-06 00:28:42.079  9535-9890  NostrRelayManager       com.gap.droid                        V  End of stored events for subscription: sampling-dr5ry\
2026-01-06 00:28:42.079  9535-9891  NostrRelayManager       com.gap.droid                        V  End of stored events for subscription: sampling-dr5r\
2026-01-06 00:28:42.079  9535-9891  NostrRelayManager       com.gap.droid                        V  End of stored events for subscription: sampling-dr\
2026-01-06 00:28:42.080  9535-9891  NostrRelayManager       com.gap.droid                        V  End of stored events for subscription: chat-messages\
2026-01-06 00:28:42.080  9535-9891  NostrRelayManager       com.gap.droid                        V  End of stored events for subscription: sampling-dr5ry59t\
2026-01-06 00:28:42.127  9535-9535  Choreographer           com.gap.droid                        I  Skipped 1 frames!  The application may be doing too much work on its main thread.\
2026-01-06 00:28:42.134  9535-9891  NostrRelayManager       com.gap.droid                        V  End of stored events for subscription: geo-dm-wwe\
2026-01-06 00:28:42.134  9535-9892  NostrRelayManager       com.gap.droid                        V  End of stored events for subscription: sampling-dr5r\
2026-01-06 00:28:42.134  9535-9889  NostrRelayManager       com.gap.droid                        V  End of stored events for subscription: sampling-dr5ry5\
2026-01-06 00:28:42.134  9535-9894  NostrRelayManager       com.gap.droid                        V  End of stored events for subscription: chat-messages\
2026-01-06 00:28:42.134  9535-9893  NostrRelayManager       com.gap.droid                        V  End of stored events for subscription: sampling-dr5ry59\
2026-01-06 00:28:42.135  9535-9894  NostrRelayManager       com.gap.droid                        V  End of stored events for subscription: sampling-dr\
2026-01-06 00:28:42.135  9535-9889  NostrRelayManager       com.gap.droid                        V  End of stored events for subscription: sampling-dr5ry\
2026-01-06 00:28:42.135  9535-9893  NostrRelayManager       com.gap.droid                        V  End of stored events for subscription: sampling-dr5ry5\
2026-01-06 00:28:42.135  9535-9889  NostrRelayManager       com.gap.droid                        V  End of stored events for subscription: sampling-dr5r\
2026-01-06 00:28:42.135  9535-9893  NostrRelayManager       com.gap.droid                        V  End of stored events for subscription: sampling-dr5ry\
2026-01-06 00:28:42.135  9535-9892  NostrRelayManager       com.gap.droid                        V  End of stored events for subscription: sampling-dr5ry59\
2026-01-06 00:28:42.135  9535-9894  NostrRelayManager       com.gap.droid                        V  End of stored events for subscription: geo-dm-wwe\
2026-01-06 00:28:42.135  9535-9889  NostrRelayManager       com.gap.droid                        V  End of stored events for subscription: sampling-dr5ry\
2026-01-06 00:28:42.135  9535-9893  NostrRelayManager       com.gap.droid                        V  End of stored events for subscription: sampling-dr5r\
2026-01-06 00:28:42.135  9535-9889  NostrRelayManager       com.gap.droid                        V  End of stored events for subscription: sampling-dr5r\
2026-01-06 00:28:42.135  9535-9893  NostrRelayManager       com.gap.droid                        V  End of stored events for subscription: sampling-dr5ry\
2026-01-06 00:28:42.136  9535-9889  NostrRelayManager       com.gap.droid                        V  End of stored events for subscription: sampling-dr5ry59\
2026-01-06 00:28:42.136  9535-9892  NostrRelayManager       com.gap.droid                        V  End of stored events for subscription: chat-messages\
2026-01-06 00:28:42.136  9535-9889  NostrRelayManager       com.gap.droid                        V  End of stored events for subscription: chat-messages\
2026-01-06 00:28:42.136  9535-9892  NostrRelayManager       com.gap.droid                        V  End of stored events for subscription: sampling-dr5ry59t\
2026-01-06 00:28:42.136  9535-9889  NostrRelayManager       com.gap.droid                        V  End of stored events for subscription: sampling-dr5ry59t\
2026-01-06 00:28:42.136  9535-9892  NostrRelayManager       com.gap.droid                        V  End of stored events for subscription: sampling-dr5ry5\
2026-01-06 00:28:42.136  9535-9889  NostrRelayManager       com.gap.droid                        V  End of stored events for subscription: sampling-dr5ry5\
2026-01-06 00:28:42.137  9535-9889  NostrRelayManager       com.gap.droid                        V  End of stored events for subscription: geo-dm-wwe\
2026-01-06 00:28:42.137  9535-9892  NostrRelayManager       com.gap.droid                        V  End of stored events for subscription: geo-dm-wwe\
2026-01-06 00:28:42.152  9535-9890  NostrRelayManager       com.gap.droid                        V  End of stored events for subscription: sampling-dr5r\
2026-01-06 00:28:42.166  9535-9890  NostrRelayManager       com.gap.droid                        V  End of stored events for subscription: sampling-dr\
2026-01-06 00:28:42.168  9535-9890  NostrRelayManager       com.gap.droid                        V  End of stored events for subscription: sampling-dr5ry\
2026-01-06 00:28:42.169  9535-9890  NostrRelayManager       com.gap.droid                        V  End of stored events for subscription: sampling-dr5r\
2026-01-06 00:28:42.171  9535-9890  NostrRelayManager       com.gap.droid                        V  End of stored events for subscription: sampling-dr5ry59\
2026-01-06 00:28:42.172  9535-9890  NostrRelayManager       com.gap.droid                        V  End of stored events for subscription: chat-messages\
2026-01-06 00:28:42.172  9535-9890  NostrRelayManager       com.gap.droid                        V  End of stored events for subscription: sampling-dr\
2026-01-06 00:28:42.173  9535-9890  NostrRelayManager       com.gap.droid                        V  End of stored events for subscription: sampling-dr5ry59t\
2026-01-06 00:28:42.173  9535-9890  NostrRelayManager       com.gap.droid                        V  End of stored events for subscription: sampling-dr5ry5\
2026-01-06 00:28:42.178  9535-9535  AssistStructure         com.gap.droid                        I  Flattened final assist data: 1020 bytes, containing 2 windows, 7 views\
2026-01-06 00:28:42.185  9535-9535  Choreographer           com.gap.droid                        I  Skipped 2 frames!  The application may be doing too much work on its main thread.\
2026-01-06 00:28:42.225  9535-9890  NostrRelayManager       com.gap.droid                        V  End of stored events for subscription: geo-dm-wwe\
2026-01-06 00:28:42.225  9535-9893  NostrRelayManager       com.gap.droid                        V  End of stored events for subscription: sampling-dr5r\
2026-01-06 00:28:42.225  9535-9893  NostrRelayManager       com.gap.droid                        V  End of stored events for subscription: sampling-dr5ry59\
2026-01-06 00:28:42.225  9535-9893  NostrRelayManager       com.gap.droid                        V  End of stored events for subscription: chat-messages\
2026-01-06 00:28:42.226  9535-9893  NostrRelayManager       com.gap.droid                        V  End of stored events for subscription: sampling-dr5ry59t\
2026-01-06 00:28:42.263  9535-9535  Autofill Status         com.gap.droid                        D  Autofill popup isn't shown because autofill is not available.\
                                                                                                    \
                                                                                                    Did you set up autofill?\
                                                                                                    1. Go to Settings > System > Languages&input > Advanced > Autofill Service\
                                                                                                    2. Pick a service\
                                                                                                    \
                                                                                                    Did you add an account?\
                                                                                                    1. Go to Settings > System > Languages&input > Advanced\
                                                                                                    2. Click on the settings icon next to the Autofill Service\
                                                                                                    3. Add your account\
2026-01-06 00:28:42.282  9535-9893  NostrRelayManager       com.gap.droid                        V  End of stored events for subscription: sampling-dr5ry5\
2026-01-06 00:28:42.283  9535-9895  NostrRelayManager       com.gap.droid                        V  End of stored events for subscription: chat-messages\
2026-01-06 00:28:42.294  9535-9535  ColorViewRootUtil       com.gap.droid                        D  initSwipState, isDisplayCompatApp false\
2026-01-06 00:28:42.295  9535-9535  ColorViewRootUtil       com.gap.droid                        D  updateScreenSize, mScreenHeight 1600,mScreenWidth:720,height:1600,width:720\
2026-01-06 00:28:42.296  9535-9535  ColorViewRootUtil       com.gap.droid                        D  initSwipState, isDisplayCompatApp false\
2026-01-06 00:28:42.297  9535-9535  ColorViewRootUtil       com.gap.droid                        D  updateScreenSize, mScreenHeight 1600,mScreenWidth:720,height:1600,width:720\
2026-01-06 00:28:42.315  9535-9839  BluetoothG...entManager com.gap.droid                        D  Requesting RSSI from 75:74:FB:47:26:77\
2026-01-06 00:28:42.315  9535-9839  BluetoothGatt           com.gap.droid                        D  readRssi() - device: 75:74:FB:47:26:77\
2026-01-06 00:28:42.321  9535-9553  BluetoothG...entManager com.gap.droid                        D  Client: RSSI updated for 75:74:FB:47:26:77: -51 dBm\
2026-01-06 00:28:42.324  9535-9895  NostrRelayManager       com.gap.droid                        V  End of stored events for subscription: sampling-dr\
2026-01-06 00:28:42.332  9535-9893  NostrRelayManager       com.gap.droid                        V  End of stored events for subscription: geo-dm-wwe\
2026-01-06 00:28:42.333  9535-9896  NostrRelayManager       com.gap.droid                        V  End of stored events for subscription: chat-messages\
2026-01-06 00:28:42.333  9535-9896  NostrRelayManager       com.gap.droid                        V  End of stored events for subscription: sampling-dr\
2026-01-06 00:28:42.385  9535-9535  TestOverScroll          com.gap.droid                        D  getScaledOverscrollDistance: b\
2026-01-06 00:28:42.401  9535-9535  Choreographer           com.gap.droid                        I  Skipped 4 frames!  The application may be doing too much work on its main thread.\
2026-01-06 00:28:42.456  9535-9896  NostrRelayManager       com.gap.droid                        V  End of stored events for subscription: geo-dm-wwe\
2026-01-06 00:28:42.456  9535-9895  NostrRelayManager       com.gap.droid                        V  End of stored events for subscription: geo-dm-wwe\
2026-01-06 00:28:42.460  9535-9535  Choreographer           com.gap.droid                        I  Skipped 1 frames!  The application may be doing too much work on its main thread.\
2026-01-06 00:28:42.510  9535-9535  ColorViewRootUtil       com.gap.droid                        D  initSwipState, isDisplayCompatApp false\
2026-01-06 00:28:42.511  9535-9535  ColorViewRootUtil       com.gap.droid                        D  updateScreenSize, mScreenHeight 1600,mScreenWidth:720,height:1600,width:720\
2026-01-06 00:28:42.512  9535-9535  WindowManager           com.gap.droid                        D  Add to mViews: android.widget.PopupWindow$PopupDecorView\{6b8f95f V.E...... R.....I. 0,0-0,0\}, this = android.view.WindowManagerGlobal@ad2c860,pkg= com.gap.droid\
2026-01-06 00:28:42.515  9535-9535  ViewRootIm...w:92dfb80] com.gap.droid                        D  hardware acceleration = true , fakeHwAccelerated = false, sRendererDisabled = false, forceHwAccelerated = false, sSystemRendererDisabled = false\
2026-01-06 00:28:42.520  9535-9535  InputTransport          com.gap.droid                        I  Create ARC handle: 0x711cee6d00\
2026-01-06 00:28:42.522  9535-9535  Choreographer           com.gap.droid                        I  Skipped 2 frames!  The application may be doing too much work on its main thread.\
2026-01-06 00:28:42.578  9535-9637  Surface                 com.gap.droid                        D  Surface::connect(this=0x711cf69000,api=1)\
2026-01-06 00:28:42.580  9535-9637  Surface                 com.gap.droid                        D  Surface::setBufferCount(this=0x711cf69000,bufferCount=3)\
2026-01-06 00:28:42.580  9535-9637  Surface                 com.gap.droid                        D  Surface::allocateBuffers(this=0x711cf69000)\
2026-01-06 00:28:42.599  9535-9535  Choreographer           com.gap.droid                        I  Skipped 3 frames!  The application may be doing too much work on its main thread.\
2026-01-06 00:28:42.662  9535-9535  ColorViewRootUtil       com.gap.droid                        D  initSwipState, isDisplayCompatApp false\
2026-01-06 00:28:42.664  9535-9535  ColorViewRootUtil       com.gap.droid                        D  updateScreenSize, mScreenHeight 1600,mScreenWidth:720,height:1600,width:720\
2026-01-06 00:28:42.669  9535-9535  Choreographer           com.gap.droid                        I  Skipped 2 frames!  The application may be doing too much work on its main thread.\
2026-01-06 00:28:42.719  9535-9535  Choreographer           com.gap.droid                        I  Skipped 2 frames!  The application may be doing too much work on its main thread.\
2026-01-06 00:28:42.741  9535-9535  Choreographer           com.gap.droid                        I  Skipped 1 frames!  The application may be doing too much work on its main thread.\
2026-01-06 00:28:42.784  9535-9541  com.gap.droid           com.gap.droid                        I  Compiler allocated 4161KB to compile java.lang.Object l1.k.g(java.lang.Object, java.lang.Object)\
2026-01-06 00:28:42.988  9535-9541  com.gap.droid           com.gap.droid                        I  Compiler allocated 4708KB to compile java.lang.Object l1.k.g(java.lang.Object, java.lang.Object)\
2026-01-06 00:28:43.921  9535-9548  com.gap.droid           com.gap.droid                        I  Background concurrent copying GC freed 110025(4566KB) AllocSpace objects, 8(416KB) LOS objects, 66% free, 5459KB/15MB, paused 267us total 255.211ms\
2026-01-06 00:28:44.871  9535-9842  NostrRelayManager       com.gap.droid                        E  \uc0\u10060  WebSocket failure for wss://nostr.jerrynya.fun: Connect timed out\
2026-01-06 00:28:44.872  9535-9842  NostrRelayManager       com.gap.droid                        D  Scheduling reconnection to wss://nostr.jerrynya.fun in 2s (attempt 2)\
2026-01-06 00:28:44.889  9535-9881  NostrRelayManager       com.gap.droid                        E  \uc0\u10060  WebSocket failure for wss://dev-nostr.bityacht.io: Connect timed out\
2026-01-06 00:28:44.890  9535-9881  NostrRelayManager       com.gap.droid                        D  Scheduling reconnection to wss://dev-nostr.bityacht.io in 2s (attempt 2)\
2026-01-06 00:28:44.983  9535-9812  ArtiNative              com.gap.droid                        I  Arti: ERROR: Failed to connect through Tor: Error \{ detail: ExitTimeout \}\
2026-01-06 00:28:44.983  9535-9814  ArtiNative              com.gap.droid                        I  Arti: ERROR: Failed to connect through Tor: Error \{ detail: ExitTimeout \}\
2026-01-06 00:28:44.984  9535-9812  ArtiTorManager          com.gap.droid                        I  arti: ERROR: Failed to connect through Tor: Error \{ detail: ExitTimeout \}\
2026-01-06 00:28:44.985  9535-9814  ArtiTorManager          com.gap.droid                        I  arti: ERROR: Failed to connect through Tor: Error \{ detail: ExitTimeout \}\
2026-01-06 00:28:44.985  9535-9812  ArtiNative              com.gap.droid                        I  Arti: ERROR: SOCKS connection error: tor: operation timed out at exit: Timed out while waiting for answer from exit\
                                                                                                    \
                                                                                                    Caused by:\
                                                                                                        Timed out while waiting for answer from exit\
2026-01-06 00:28:44.986  9535-9814  ArtiNative              com.gap.droid                        I  Arti: ERROR: SOCKS connection error: tor: operation timed out at exit: Timed out while waiting for answer from exit\
                                                                                                    \
                                                                                                    Caused by:\
                                                                                                        Timed out while waiting for answer from exit\
2026-01-06 00:28:44.987  9535-9812  ArtiTorManager          com.gap.droid                        I  arti: ERROR: SOCKS connection error: tor: operation timed out at exit: Timed out while waiting for answer from exit\
                                                                                                    \
                                                                                                    Caused by:\
                                                                                                        Timed out while waiting for answer from exit\
2026-01-06 00:28:44.988  9535-9814  ArtiTorManager          com.gap.droid                        I  arti: ERROR: SOCKS connection error: tor: operation timed out at exit: Timed out while waiting for answer from exit\
                                                                                                    \
                                                                                                    Caused by:\
                                                                                                        Timed out while waiting for answer from exit\
2026-01-06 00:28:45.456  9535-9535  Choreographer           com.gap.droid                        I  Skipped 1 frames!  The application may be doing too much work on its main thread.\
2026-01-06 00:28:45.591  9535-9637  Surface                 com.gap.droid                        D  Surface::disconnect(this=0x711cf69000,api=1)\
2026-01-06 00:28:45.592  9535-9535  View                    com.gap.droid                        D  [Warning] assignParent to null: this = android.widget.PopupWindow$PopupDecorView\{6b8f95f V.E...... R......D 0,0-216,108\}\
2026-01-06 00:28:45.592  9535-9535  InputTransport          com.gap.droid                        I  Destroy ARC handle: 0x711cee6d00\
2026-01-06 00:28:46.875  9535-9839  NostrRelayManager       com.gap.droid                        V  Attempting to connect to Nostr relay: wss://nostr.jerrynya.fun\
2026-01-06 00:28:46.885  9535-9881  System                  com.gap.droid                        W  ClassLoader referenced unknown path: system/framework/mediatek-cta.jar\
2026-01-06 00:28:46.891  9535-9816  ArtiNative              com.gap.droid                        I  Arti: SOCKS connection from: 127.0.0.1:60768\
2026-01-06 00:28:46.893  9535-9816  ArtiTorManager          com.gap.droid                        I  arti: SOCKS connection from: 127.0.0.1:60768\
2026-01-06 00:28:46.893  9535-9839  NostrRelayManager       com.gap.droid                        V  Attempting to connect to Nostr relay: wss://dev-nostr.bityacht.io\
2026-01-06 00:28:46.896  9535-9842  System                  com.gap.droid                        W  ClassLoader referenced unknown path: system/framework/mediatek-cta.jar\
2026-01-06 00:28:46.897  9535-9816  ArtiNative              com.gap.droid                        I  Arti: SOCKS5 CONNECT to nostr.jerrynya.fun:443\
2026-01-06 00:28:46.898  9535-9816  ArtiTorManager          com.gap.droid                        I  arti: SOCKS5 CONNECT to nostr.jerrynya.fun:443\
2026-01-06 00:28:46.903  9535-9814  ArtiNative              com.gap.droid                        I  Arti: SOCKS connection from: 127.0.0.1:60770\
2026-01-06 00:28:46.904  9535-9814  ArtiTorManager          com.gap.droid                        I  arti: SOCKS connection from: 127.0.0.1:60770\
2026-01-06 00:28:46.906  9535-9816  ArtiNative              com.gap.droid                        I  Arti: SOCKS5 CONNECT to dev-nostr.bityacht.io:443\
2026-01-06 00:28:46.908  9535-9816  ArtiTorManager          com.gap.droid                        I  arti: SOCKS5 CONNECT to dev-nostr.bityacht.io:443\
2026-01-06 00:28:47.317  9535-9839  BluetoothG...entManager com.gap.droid                        D  Requesting RSSI from 75:74:FB:47:26:77\
2026-01-06 00:28:47.318  9535-9839  BluetoothGatt           com.gap.droid                        D  readRssi() - device: 75:74:FB:47:26:77\
2026-01-06 00:28:47.331  9535-9553  BluetoothG...entManager com.gap.droid                        D  Client: RSSI updated for 75:74:FB:47:26:77: -62 dBm\
