{\rtf1\ansi\ansicpg1252\cocoartf2867
\cocoatextscaling0\cocoaplatform0{\fonttbl\f0\fswiss\fcharset0 Helvetica;}
{\colortbl;\red255\green255\blue255;}
{\*\expandedcolortbl;;}
\margl1440\margr1440\vieww11520\viewh8400\viewkind0
\pard\tx720\tx1440\tx2160\tx2880\tx3600\tx4320\tx5040\tx5760\tx6480\tx7200\tx7920\tx8640\pardirnatural\partightenfactor0

\f0\fs24 \cf0 --------- beginning of system\
--------- beginning of main\
2026-01-06 20:31:45.578  1450-4303  UserRestrictionsUtils   system_server                        E  Unknown restriction queried by uid 1000 (com.coloros.exserviceui et al): com.gap.droid\
2026-01-06 20:31:47.984 12345-12345 OppoSettingsUtils       com.android.settings                 E  get Meta data fail com.gap.droid\
2026-01-06 20:31:48.013 12345-12345 OppoSettingsUtils       com.android.settings                 E  get Meta data fail com.gap.droid\
2026-01-06 20:31:48.129 12345-12345 PicInPicDetailControl   com.android.settings                 E  Exception while retrieving the package info of com.gap.droid (Explain with AI)\
                                                                                                    android.content.pm.PackageManager$NameNotFoundException: com.gap.droid\
                                                                                                    	at android.app.ApplicationPackageManager.getPackageInfoAsUser(ApplicationPackageManager.java:213)\
                                                                                                    	at com.android.settings.applications.specialaccess.pictureinpicture.PictureInPictureDetailPreferenceController.hasPictureInPictureActivites(PictureInPictureDetailPreferenceController.java:66)\
                                                                                                    	at com.android.settings.applications.specialaccess.pictureinpicture.PictureInPictureDetailPreferenceController.getAvailabilityStatus(PictureInPictureDetailPreferenceController.java:48)\
                                                                                                    	at com.android.settings.core.a.isAvailable(BasePreferenceController.java:190)\
                                                                                                    	at com.android.settings.dashboard.DashboardFragment.b_(DashboardFragment.java:353)\
                                                                                                    	at com.android.settings.dashboard.DashboardFragment.onResume(DashboardFragment.java:216)\
                                                                                                    	at com.android.settings.applications.appinfo.AppInfoDashboardFragment.onResume(AppInfoDashboardFragment.java:239)\
                                                                                                    	at androidx.fragment.app.Fragment.performResume(Fragment.java:2649)\
                                                                                                    	at androidx.fragment.app.FragmentManagerImpl.moveToState(FragmentManagerImpl.java:922)\
                                                                                                    	at androidx.fragment.app.FragmentManagerImpl.moveFragmentToExpectedState(FragmentManagerImpl.java:1238)\
                                                                                                    	at androidx.fragment.app.FragmentManagerImpl.moveToState(FragmentManagerImpl.java:1303)\
                                                                                                    	at androidx.fragment.app.FragmentManagerImpl.dispatchStateChange(FragmentManagerImpl.java:2659)\
                                                                                                    	at androidx.fragment.app.FragmentManagerImpl.dispatchResume(FragmentManagerImpl.java:2625)\
                                                                                                    	at androidx.fragment.app.FragmentController.dispatchResume(FragmentController.java:268)\
                                                                                                    	at androidx.fragment.app.FragmentActivity.onResumeFragments(FragmentActivity.java:479)\
                                                                                                    	at androidx.fragment.app.FragmentActivity.onPostResume(FragmentActivity.java:468)\
                                                                                                    	at androidx.appcompat.app.AppCompatActivity.onPostResume(AppCompatActivity.java:195)\
                                                                                                    	at android.app.Activity.performResume(Activity.java:8174)\
                                                                                                    	at android.app.ActivityThread.performResumeActivity(ActivityThread.java:4536)\
                                                                                                    	at android.app.ActivityThread.handleResumeActivity(ActivityThread.java:4582)\
                                                                                                    	at android.app.servertransaction.ResumeActivityItem.execute(ResumeActivityItem.java:52)\
                                                                                                    	at android.app.servertransaction.TransactionExecutor.executeLifecycleState(TransactionExecutor.java:181)\
                                                                                                    	at android.app.servertransaction.TransactionExecutor.execute(TransactionExecutor.java:102)\
                                                                                                    	at android.app.ActivityThread$H.handleMessage(ActivityThread.java:2235)\
                                                                                                    	at android.os.Handler.dispatchMessage(Handler.java:107)\
                                                                                                    	at android.os.Looper.loop(Looper.java:240)\
                                                                                                    	at android.app.ActivityThread.main(ActivityThread.java:7829)\
                                                                                                    	at java.lang.reflect.Method.invoke(Native Method)\
                                                                                                    	at com.android.internal.os.RuntimeInit$MethodAndArgsCaller.run(RuntimeInit.java:512)\
                                                                                                    	at com.android.internal.os.ZygoteInit.main(ZygoteInit.java:1027)\
2026-01-06 20:31:48.155 29254-29277 Permission...erviceImpl com....android.permissioncontroller  E  Error getting package:com.gap.droid (Explain with AI)\
                                                                                                    android.content.pm.PackageManager$NameNotFoundException: com.gap.droid\
                                                                                                    	at android.app.ApplicationPackageManager.getPackageInfoAsUser(ApplicationPackageManager.java:213)\
                                                                                                    	at android.app.ApplicationPackageManager.getPackageInfo(ApplicationPackageManager.java:177)\
                                                                                                    	at com.android.packageinstaller.permission.service.PermissionControllerServiceImpl.onGetAppPermissions(PermissionControllerServiceImpl.java:379)\
                                                                                                    	at com.android.packageinstaller.permission.service.PermissionControllerServiceImpl.lambda$onGetAppPermissions$4$PermissionControllerServiceImpl(PermissionControllerServiceImpl.java:368)\
                                                                                                    	at com.android.packageinstaller.permission.service.-$$Lambda$PermissionControllerServiceImpl$QbwwSlwXOl5zG1OcPXaytrS_C-o.run(Unknown Source:6)\
                                                                                                    	at java.util.concurrent.ThreadPoolExecutor.runWorker(ThreadPoolExecutor.java:1167)\
                                                                                                    	at java.util.concurrent.ThreadPoolExecutor$Worker.run(ThreadPoolExecutor.java:641)\
                                                                                                    	at java.lang.Thread.run(Thread.java:919)\
2026-01-06 20:31:50.996 29532-29532 ANR_LOG                 com.google.android.apps.maps         E  Current msg <2> = \{ when=-1s552ms what=113 target=android.app.ActivityThread$H obj=ReceiverData\{intent=Intent \{ act=android.intent.action.PACKAGE_FULLY_REMOVED dat=package:com.gap.droid flg=0x5000010 cmp=com.google.android.apps.maps/com.google.android.libraries.social.peoplekit.thirdparty.viewcontrollers.ThirdPartyReceiver (has extras) \} packageName=com.google.android.apps.maps resultCode=0 resultData=null resultExtras=null\} \}\
2026-01-06 20:31:51.316 29465-29465 ANR_LOG                 com.android.vending                  E  Blocked msg = \{ when=-2s109ms what=113 target=android.app.ActivityThread$H obj=ReceiverData\{intent=Intent \{ act=android.intent.action.PACKAGE_FULLY_REMOVED dat=package:com.gap.droid flg=0x5000010 cmp=com.android.vending/com.google.android.finsky.packagemonitor.impl.PackageMonitorReceiverImpl$RegisteredReceiver (has extras) \} packageName=com.android.vending resultCode=0 resultData=null resultExtras=null\} \} , cost  = 1524 ms\
2026-01-06 20:32:18.926  2853-2894  oiface                  oiface                               E  packageSwitch pkg com.gap.droid, enter\
2026-01-06 20:32:18.927  2853-2894  oiface                  oiface                               E  current package is com.gap.droid\
---------------------------- PROCESS STARTED (30357) for package com.gap.droid ----------------------------\
2026-01-06 20:32:19.449 30357-30469 libMEOW                 com.gap.droid                        D  meow reload base cfg path: na\
2026-01-06 20:32:19.449 30357-30469 libMEOW                 com.gap.droid                        D  meow reload overlay cfg path: /vendor/etc/meow.cfg\
2026-01-06 20:32:19.452 30357-30469 libMEOW                 com.gap.droid                        D  applied 1 plugins for [com.gap.droid]:\
2026-01-06 20:32:19.452 30357-30469 libMEOW                 com.gap.droid                        D    plugin 1: [libMEOW_gift.so]:\
2026-01-06 20:32:19.526 30357-30357 EncryptionService       com.gap.droid                        D  \uc0\u9989  Created and stored new Ed25519 signing key pair\
2026-01-06 20:32:19.527 30357-30357 EncryptionService       com.gap.droid                        D  \uc0\u9989  Ed25519 signing keys initialized\
2026-01-06 20:32:19.614 30357-30357 SecureIden...ateManager com.gap.droid                        D  No static identity key found in storage\
2026-01-06 20:32:19.639 30357-30357 SecureIden...ateManager com.gap.droid                        D  Saved static identity key to secure storage\
2026-01-06 20:32:19.639 30357-30357 NoiseEncryptionService  com.gap.droid                        D  Generated and saved new static identity key\
2026-01-06 20:32:19.641 30357-30357 SecureIden...ateManager com.gap.droid                        D  No Ed25519 signing key found in storage\
2026-01-06 20:32:19.650 30357-30357 SecureIden...ateManager com.gap.droid                        D  Saved Ed25519 signing key to secure storage\
2026-01-06 20:32:19.650 30357-30357 NoiseEncryptionService  com.gap.droid                        D  Generated and saved new Ed25519 signing key\
2026-01-06 20:32:19.655 30357-30357 CheckPermission         com.gap.droid                        E  _bluetooth code = 1 \
2026-01-06 20:32:19.659 30357-30357 PowerManager            com.gap.droid                        I  Power mode changed: BALANCED \uc0\u8594  POWER_SAVER (battery: 100%, charging: false, background: true)\
2026-01-06 20:32:19.660 30357-30357 PowerManager            com.gap.droid                        I  Started duty cycle: 2000ms ON, 28000ms OFF\
2026-01-06 20:32:19.660 30357-30384 PowerManager            com.gap.droid                        D  Duty cycle: Scan ON for 2000ms\
2026-01-06 20:32:19.662 30357-30384 BluetoothP...roadcaster com.gap.droid                        D  \uc0\u55356 \u57261  Created packet broadcaster actor\
2026-01-06 20:32:19.671 30357-30383 BluetoothG...verManager com.gap.droid                        E  Missing Bluetooth permissions\
2026-01-06 20:32:19.672 30357-30385 BluetoothG...entManager com.gap.droid                        E  Missing Bluetooth permissions\
2026-01-06 20:32:19.672 30357-30357 BluetoothMeshService    com.gap.droid                        I  Initializing BluetoothMeshService for peer=8d84c21c270b744d\
2026-01-06 20:32:19.672 30357-30357 BluetoothMeshService    com.gap.droid                        D  Setting up component delegates\
2026-01-06 20:32:19.672 30357-30357 BluetoothMeshService    com.gap.droid                        D  Delegates set up; GossipSyncManager initialized\
2026-01-06 20:32:19.673 30357-30357 MeshServiceHolder       com.gap.droid                        I  Created new BluetoothMeshService (no existing instance)\
2026-01-06 20:32:19.673 30357-30357 BluetoothStatusManager  com.gap.droid                        D  Bluetooth adapter initialized: true\
2026-01-06 20:32:19.676 30357-30357 LocationStatusManager   com.gap.droid                        D  LocationManager initialized: true\
2026-01-06 20:32:19.687 30357-30357 MainActivity            com.gap.droid                        D  Checking onboarding status\
2026-01-06 20:32:19.712 30357-30357 SurfaceFactory          com.gap.droid                        I  [static] sSurfaceFactory = com.mediatek.view.impl.SurfaceFactoryImpl@7d48f0a\
2026-01-06 20:32:19.719 30357-30357 ColorViewRootUtil       com.gap.droid                        D  initSwipState, isDisplayCompatApp false\
2026-01-06 20:32:19.720 30357-30357 ColorViewRootUtil       com.gap.droid                        D  updateScreenSize, mScreenHeight 1600,mScreenWidth:720,height:1600,width:720\
2026-01-06 20:32:19.723 30357-30357 WindowManager           com.gap.droid                        D  Add to mViews: DecorView@4b491d6[MainActivity], this = android.view.WindowManagerGlobal@6d57c57,pkg= com.gap.droid\
2026-01-06 20:32:19.735 30357-30357 ViewRootIm...nActivity] com.gap.droid                        D  hardware acceleration = true , fakeHwAccelerated = false, sRendererDisabled = false, forceHwAccelerated = false, sSystemRendererDisabled = false\
2026-01-06 20:32:19.743 30357-30357 libMEOW                 com.gap.droid                        D  applied 1 plugins for [com.gap.droid]:\
2026-01-06 20:32:19.743 30357-30357 libMEOW                 com.gap.droid                        D    plugin 1: [libMEOW_gift.so]:\
2026-01-06 20:32:19.744 30357-30357 InputTransport          com.gap.droid                        I  Create ARC handle: 0x7524a3dd20\
2026-01-06 20:32:19.744 30357-30498 libMEOW_gift            com.gap.droid                        D  etEventThreadFunc()::thread Begin. eventRefCnt: 1\
2026-01-06 20:32:19.745 30357-30357 PhoneWindow             com.gap.droid                        V  DecorView setVisiblity: visibility = 0, Parent = android.view.ViewRootImpl@f4b86f3, this = DecorView@4b491d6[MainActivity]\
2026-01-06 20:32:19.746 30357-30357 Choreographer           com.gap.droid                        I  Skipped 45 frames!  The application may be doing too much work on its main thread.\
2026-01-06 20:32:19.958 30357-30357 DataManager             com.gap.droid                        D  Loaded 0 favorite users from storage: []\
2026-01-06 20:32:19.959 30357-30357 ChatState               com.gap.droid                        D  setFavoritePeers called with 0 favorites: []\
2026-01-06 20:32:19.959 30357-30357 ChatState               com.gap.droid                        D  Current value: []\
2026-01-06 20:32:19.959 30357-30357 ChatState               com.gap.droid                        D  Values equal: true\
2026-01-06 20:32:19.959 30357-30357 ChatState               com.gap.droid                        D  Setting on thread: main\
2026-01-06 20:32:19.959 30357-30357 ChatState               com.gap.droid                        D  StateFlow value after set: []\
2026-01-06 20:32:19.959 30357-30357 DataManager             com.gap.droid                        I  === ALL FAVORITE USERS ===\
2026-01-06 20:32:19.959 30357-30357 DataManager             com.gap.droid                        I  Total favorites: 0\
2026-01-06 20:32:19.959 30357-30357 DataManager             com.gap.droid                        I  ========================\
2026-01-06 20:32:19.959 30357-30357 ChatViewModel           com.gap.droid                        I  === CURRENT FAVORITE STATE ===\
2026-01-06 20:32:19.959 30357-30357 ChatViewModel           com.gap.droid                        I  StateFlow favorite peers: []\
2026-01-06 20:32:19.959 30357-30357 ChatViewModel           com.gap.droid                        I  DataManager favorite peers: []\
2026-01-06 20:32:19.959 30357-30357 ChatViewModel           com.gap.droid                        I  Peer fingerprints: \{\}\
2026-01-06 20:32:19.959 30357-30357 ChatViewModel           com.gap.droid                        I  ==============================\
2026-01-06 20:32:19.961 30357-30357 NostrRelayManager       com.gap.droid                        D  \uc0\u55356 \u57104  Connecting to 4 Nostr relays\
2026-01-06 20:32:19.961 30357-30383 NostrRelayManager       com.gap.droid                        V  Attempting to connect to Nostr relay: wss://relay.damus.io\
2026-01-06 20:32:19.962 30357-30391 NostrRelayManager       com.gap.droid                        V  Attempting to connect to Nostr relay: wss://relay.primal.net\
2026-01-06 20:32:19.962 30357-30390 NostrRelayManager       com.gap.droid                        V  Attempting to connect to Nostr relay: wss://offchain.pub\
2026-01-06 20:32:19.962 30357-30385 NostrRelayManager       com.gap.droid                        V  Attempting to connect to Nostr relay: wss://nostr21.com\
2026-01-06 20:32:19.962 30357-30357 NostrRelayManager       com.gap.droid                        V  \uc0\u9209 \u65039  Stopped subscription validation\
2026-01-06 20:32:19.962 30357-30357 NostrRelayManager       com.gap.droid                        D  \uc0\u55357 \u56580  Started periodic subscription validation (30s interval)\
2026-01-06 20:32:19.966 30357-30528 System                  com.gap.droid                        W  ClassLoader referenced unknown path: system/framework/mediatek-cta.jar\
2026-01-06 20:32:19.967 30357-30526 System                  com.gap.droid                        W  ClassLoader referenced unknown path: system/framework/mediatek-cta.jar\
2026-01-06 20:32:19.968 30357-30395 System                  com.gap.droid                        W  ClassLoader referenced unknown path: system/framework/mediatek-cta.jar\
2026-01-06 20:32:19.971 30357-30526 NostrRelayManager       com.gap.droid                        E  \uc0\u10060  WebSocket failure for wss://offchain.pub: failed to connect to /127.0.0.1 (port 9060) from /127.0.0.1 (port 53364) after 10000ms: isConnected failed: ECONNREFUSED (Connection refused)\
2026-01-06 20:32:19.971 30357-30528 NostrRelayManager       com.gap.droid                        E  \uc0\u10060  WebSocket failure for wss://relay.primal.net: failed to connect to /127.0.0.1 (port 9060) from /127.0.0.1 (port 53362) after 10000ms: isConnected failed: ECONNREFUSED (Connection refused)\
2026-01-06 20:32:19.971 30357-30526 NostrRelayManager       com.gap.droid                        D  Scheduling reconnection to wss://offchain.pub in 2s (attempt 2)\
2026-01-06 20:32:19.971 30357-30528 NostrRelayManager       com.gap.droid                        D  Scheduling reconnection to wss://relay.primal.net in 2s (attempt 2)\
2026-01-06 20:32:19.972 30357-30527 System                  com.gap.droid                        W  ClassLoader referenced unknown path: system/framework/mediatek-cta.jar\
2026-01-06 20:32:19.973 30357-30395 NostrRelayManager       com.gap.droid                        E  \uc0\u10060  WebSocket failure for wss://nostr21.com: failed to connect to /127.0.0.1 (port 9060) from /127.0.0.1 (port 53366) after 10000ms: isConnected failed: ECONNREFUSED (Connection refused)\
2026-01-06 20:32:19.973 30357-30395 NostrRelayManager       com.gap.droid                        D  Scheduling reconnection to wss://nostr21.com in 2s (attempt 2)\
2026-01-06 20:32:19.976 30357-30527 NostrRelayManager       com.gap.droid                        E  \uc0\u10060  WebSocket failure for wss://relay.damus.io: failed to connect to /127.0.0.1 (port 9060) from /127.0.0.1 (port 53368) after 10000ms: isConnected failed: ECONNREFUSED (Connection refused)\
2026-01-06 20:32:19.976 30357-30527 NostrRelayManager       com.gap.droid                        D  Scheduling reconnection to wss://relay.damus.io in 2s (attempt 2)\
2026-01-06 20:32:20.066 30357-30357 NostrRelayManager       com.gap.droid                        D  \uc0\u55357 \u56545  Subscribing to Nostr filter id=chat-messages NostrFilter(kinds=[1059], since=1767576740, limit=100, #p=1)\
2026-01-06 20:32:20.073 30357-30357 NostrRelayManager       com.gap.droid                        V  \uc0\u55357 \u56589  DEBUG: Serialized subscription message: ["REQ","chat-messages",\{"kinds":[1059],"since":1767576740,"limit":100,"#p":["acfe6f9f4d2346ccee3dcf5c05159b2bd2411fc5e74a9a963338adc99338b3f8"]\}]\
2026-01-06 20:32:20.074 30357-30383 NostrRelayManager       com.gap.droid                        W  \uc0\u9888 \u65039  No relay connections available for subscription, will retry on reconnection\
2026-01-06 20:32:20.074 30357-30383 NostrRelayManager       com.gap.droid                        V  Attempting to connect to Nostr relay: wss://relay.damus.io\
2026-01-06 20:32:20.075 30357-30385 NostrRelayManager       com.gap.droid                        V  Attempting to connect to Nostr relay: wss://relay.primal.net\
2026-01-06 20:32:20.075 30357-30390 NostrRelayManager       com.gap.droid                        V  Attempting to connect to Nostr relay: wss://offchain.pub\
2026-01-06 20:32:20.077 30357-30357 LocationChannelManager  com.gap.droid                        D  Permission state updated to: DENIED\
2026-01-06 20:32:20.077 30357-30357 LocationChannelManager  com.gap.droid                        D  No persisted channel found, defaulting to Mesh\
2026-01-06 20:32:20.077 30357-30357 LocationChannelManager  com.gap.droid                        D  Loaded location services state: true\
2026-01-06 20:32:20.078 30357-30383 NostrRelayManager       com.gap.droid                        V  Attempting to connect to Nostr relay: wss://nostr21.com\
2026-01-06 20:32:20.078 30357-30357 GeohashViewModel        com.gap.droid                        D  \uc0\u55357 \u56545  Switched to mesh channel\
2026-01-06 20:32:20.078 30357-30357 NotificationManager     com.gap.droid                        D  Current geohash changed: null\
2026-01-06 20:32:20.079 30357-30526 System                  com.gap.droid                        W  ClassLoader referenced unknown path: system/framework/mediatek-cta.jar\
2026-01-06 20:32:20.079 30357-30527 System                  com.gap.droid                        W  ClassLoader referenced unknown path: system/framework/mediatek-cta.jar\
2026-01-06 20:32:20.080 30357-30357 NotificationManager     com.gap.droid                        D  Cleared mesh mention notifications\
2026-01-06 20:32:20.080 30357-30395 System                  com.gap.droid                        W  ClassLoader referenced unknown path: system/framework/mediatek-cta.jar\
2026-01-06 20:32:20.081 30357-30357 ChatViewModel           com.gap.droid                        I  WiFi Aware not supported on this device\
2026-01-06 20:32:20.082 30357-30528 System                  com.gap.droid                        W  ClassLoader referenced unknown path: system/framework/mediatek-cta.jar\
2026-01-06 20:32:20.083 30357-30527 NostrRelayManager       com.gap.droid                        E  \uc0\u10060  WebSocket failure for wss://relay.damus.io: failed to connect to /127.0.0.1 (port 9060) from /127.0.0.1 (port 53372) after 10000ms: isConnected failed: ECONNREFUSED (Connection refused)\
2026-01-06 20:32:20.083 30357-30526 NostrRelayManager       com.gap.droid                        E  \uc0\u10060  WebSocket failure for wss://relay.primal.net: failed to connect to /127.0.0.1 (port 9060) from /127.0.0.1 (port 53370) after 10000ms: isConnected failed: ECONNREFUSED (Connection refused)\
2026-01-06 20:32:20.083 30357-30526 NostrRelayManager       com.gap.droid                        D  Scheduling reconnection to wss://relay.primal.net in 4s (attempt 3)\
2026-01-06 20:32:20.083 30357-30527 NostrRelayManager       com.gap.droid                        D  Scheduling reconnection to wss://relay.damus.io in 4s (attempt 3)\
2026-01-06 20:32:20.086 30357-30528 NostrRelayManager       com.gap.droid                        E  \uc0\u10060  WebSocket failure for wss://nostr21.com: failed to connect to /127.0.0.1 (port 9060) from /127.0.0.1 (port 53374) after 10000ms: isConnected failed: ECONNREFUSED (Connection refused)\
2026-01-06 20:32:20.086 30357-30528 NostrRelayManager       com.gap.droid                        D  Scheduling reconnection to wss://nostr21.com in 4s (attempt 3)\
2026-01-06 20:32:20.086 30357-30395 NostrRelayManager       com.gap.droid                        E  \uc0\u10060  WebSocket failure for wss://offchain.pub: failed to connect to /127.0.0.1 (port 9060) from /127.0.0.1 (port 53376) after 10000ms: isConnected failed: ECONNREFUSED (Connection refused)\
2026-01-06 20:32:20.087 30357-30395 NostrRelayManager       com.gap.droid                        D  Scheduling reconnection to wss://offchain.pub in 4s (attempt 3)\
2026-01-06 20:32:20.312 30357-30357 BluetoothStatusManager  com.gap.droid                        D  Starting Bluetooth State Monitoring\
2026-01-06 20:32:20.314 30357-30357 System                  com.gap.droid                        W  ClassLoader referenced unknown path: /system/framework/mediatek-cta.jar\
2026-01-06 20:32:20.315 30357-30357 CtaManagerFactory       com.gap.droid                        W  CtaManagerFactoryImpl not found\
2026-01-06 20:32:20.387 30357-30467 libMEOW                 com.gap.droid                        D  applied 1 plugins for [com.gap.droid]:\
2026-01-06 20:32:20.387 30357-30467 libMEOW                 com.gap.droid                        D    plugin 1: [libMEOW_gift.so]:\
2026-01-06 20:32:20.393 30357-30467 GED                     com.gap.droid                        E  Failed to get GED Log Buf, err(0)\
2026-01-06 20:32:20.398 30357-30467 libMEOW_gift            com.gap.droid                        I  try to register callback & init again\
2026-01-06 20:32:20.399 30357-30467 sys-gift-manager        com.gap.droid                        D  getProcessName(30357, Unkonwn)\
2026-01-06 20:32:20.399 30357-30467 sys-gift-manager        com.gap.droid                        D  giftBp start get GiftFeatureOn pid(30357), name(Unkonwn), isEnable(0), debug(0)\
2026-01-06 20:32:20.400 30357-30467 sys-gift-manager        com.gap.droid                        D  giftBp end get GiftFeatureOn pid(30357), name(Unkonwn), isEnable(1), debug(1), ret(0)\
2026-01-06 20:32:20.400 30357-30467 libMEOW_gift            com.gap.droid                        I  GiFT is Enabled from GetGiFTFeatureOn\
2026-01-06 20:32:20.400 30357-30467 sys-gift-manager        com.gap.droid                        D  giftBp  getGiftPara start pkgName(com.gap.droid), size(260), para() pid(30357)\
2026-01-06 20:32:20.400 30357-30467 sys-gift-manager        com.gap.droid                        D  giftBp  getGiftPara end pkgName(com.gap.droid), para(), pid(30357) ret(-22)\
2026-01-06 20:32:20.400 30357-30467 sys-gift-manager        com.gap.droid                        D  getGiftPara pkg(com.gap.droid,260,), ret=-22\
2026-01-06 20:32:20.400 30357-30467 libMEOW_gift            com.gap.droid                        I  liboppogift.so::GetGiFTPara(...) = -22\
2026-01-06 20:32:20.409 30357-30467 libMEOW_gift            com.gap.droid                        I  ctx:0x7524a32280, ARC not Enabled.\
2026-01-06 20:32:20.414 30357-30467 Surface                 com.gap.droid                        D  Surface::connect(this=0x7524b7c000,api=1)\
2026-01-06 20:32:20.416 30357-30467 Surface                 com.gap.droid                        D  Surface::setBufferCount(this=0x7524b7c000,bufferCount=3)\
2026-01-06 20:32:20.416 30357-30467 Surface                 com.gap.droid                        D  Surface::allocateBuffers(this=0x7524b7c000)\
2026-01-06 20:32:20.436 30357-30467 Gralloc3                com.gap.droid                        W  mapper 3.x is not supported\
2026-01-06 20:32:20.445 30357-30467 ion                     com.gap.droid                        E  ioctl c0044901 failed with code -1: Invalid argument\
2026-01-06 20:32:20.531 30357-30467 OpenGLRenderer          com.gap.droid                        I  Davey! duration=1537ms; Flags=1, IntendedVsync=12515790624799, Vsync=12516540624814, OldestInputEvent=9223372036854775807, NewestInputEvent=0, HandleInputStart=12516557393360, AnimationStart=12516557429129, PerformTraversalsStart=12516557784052, DrawStart=12517227458283, SyncQueued=12517242429822, SyncStart=12517256614976, IssueDrawCommandsStart=12517256777976, SwapBuffers=12517339916360, FrameCompleted=12517341848899, DequeueBufferDuration=0, QueueBufferDuration=1298000, \
2026-01-06 20:32:20.535 30357-30357 MeshForegroundService   com.gap.droid                        D  Adopted existing BluetoothMeshService from holder\
2026-01-06 20:32:20.535 30357-30357 MeshServiceHolder       com.gap.droid                        D  Attaching BluetoothMeshService to holder\
2026-01-06 20:32:20.550 30357-30357 MeshForegroundService   com.gap.droid                        D  Immediately promoted to foreground\
2026-01-06 20:32:20.554 30357-30357 PowerManager            com.gap.droid                        D  Process lifecycle: ON_START (App coming to foreground)\
2026-01-06 20:32:20.554 30357-30357 PowerManager            com.gap.droid                        I  Power mode changed: POWER_SAVER \uc0\u8594  BALANCED (battery: 100%, charging: false, background: false)\
2026-01-06 20:32:20.554 30357-30357 BluetoothC...ionManager com.gap.droid                        I  Power mode changed to: BALANCED\
2026-01-06 20:32:20.555 30357-30357 PowerManager            com.gap.droid                        I  Started duty cycle: 8000ms ON, 2000ms OFF\
2026-01-06 20:32:20.555 30357-30382 PowerManager            com.gap.droid                        D  Duty cycle: Scan ON for 8000ms\
2026-01-06 20:32:20.555 30357-30357 PowerManager            com.gap.droid                        I  Power mode changed: BALANCED \uc0\u8594  PERFORMANCE (battery: 100%, charging: true, background: false)\
2026-01-06 20:32:20.556 30357-30357 BluetoothC...ionManager com.gap.droid                        I  Power mode changed to: PERFORMANCE\
2026-01-06 20:32:20.559 30357-30391 BluetoothC...ionManager com.gap.droid                        D  Duty cycle behavior unchanged, keeping existing scan state\
2026-01-06 20:32:20.561 30357-30385 BluetoothC...ionManager com.gap.droid                        D  Duty cycle behavior changed (true -> false), restarting scan\
2026-01-06 20:32:20.606 30357-30357 Choreographer           com.gap.droid                        I  Skipped 50 frames!  The application may be doing too much work on its main thread.\
2026-01-06 20:32:20.618 30357-30357 MainActivity            com.gap.droid                        D  First-time launch, skipping Bluetooth check - will check after permissions\
2026-01-06 20:32:20.618 30357-30357 MainActivity            com.gap.droid                        D  Proceeding with permission check\
2026-01-06 20:32:20.625 30357-30467 OpenGLRenderer          com.gap.droid                        I  Davey! duration=857ms; Flags=0, IntendedVsync=12516577889228, Vsync=12517411222578, OldestInputEvent=9223372036854775807, NewestInputEvent=0, HandleInputStart=12517416729129, AnimationStart=12517416865591, PerformTraversalsStart=12517423075437, DrawStart=12517426499206, SyncQueued=12517427577668, SyncStart=12517428254360, IssueDrawCommandsStart=12517428422206, SwapBuffers=12517433957052, FrameCompleted=12517435614822, DequeueBufferDuration=2845000, QueueBufferDuration=801000, \
2026-01-06 20:32:20.629 30357-30357 ColorViewRootUtil       com.gap.droid                        D  initSwipState, isDisplayCompatApp false\
2026-01-06 20:32:20.630 30357-30357 ColorViewRootUtil       com.gap.droid                        D  updateScreenSize, mScreenHeight 1600,mScreenWidth:720,height:1600,width:720\
2026-01-06 20:32:20.819 30357-30357 MainActivity            com.gap.droid                        D  First time launch, showing permission explanation\
2026-01-06 20:32:21.043 30357-30357 Choreographer           com.gap.droid                        I  Skipped 10 frames!  The application may be doing too much work on its main thread.\
2026-01-06 20:32:21.975 30357-30385 NostrRelayManager       com.gap.droid                        V  Attempting to connect to Nostr relay: wss://relay.primal.net\
2026-01-06 20:32:21.975 30357-30383 NostrRelayManager       com.gap.droid                        V  Attempting to connect to Nostr relay: wss://offchain.pub\
2026-01-06 20:32:21.976 30357-30382 NostrRelayManager       com.gap.droid                        V  Attempting to connect to Nostr relay: wss://nostr21.com\
2026-01-06 20:32:21.979 30357-30390 NostrRelayManager       com.gap.droid                        V  Attempting to connect to Nostr relay: wss://relay.damus.io\
2026-01-06 20:32:21.984 30357-30528 System                  com.gap.droid                        W  ClassLoader referenced unknown path: system/framework/mediatek-cta.jar\
2026-01-06 20:32:21.985 30357-30527 System                  com.gap.droid                        W  ClassLoader referenced unknown path: system/framework/mediatek-cta.jar\
2026-01-06 20:32:21.988 30357-30395 System                  com.gap.droid                        W  ClassLoader referenced unknown path: system/framework/mediatek-cta.jar\
2026-01-06 20:32:21.989 30357-30526 System                  com.gap.droid                        W  ClassLoader referenced unknown path: system/framework/mediatek-cta.jar\
2026-01-06 20:32:21.992 30357-30528 NostrRelayManager       com.gap.droid                        E  \uc0\u10060  WebSocket failure for wss://offchain.pub: failed to connect to /127.0.0.1 (port 9060) from /127.0.0.1 (port 53378) after 10000ms: isConnected failed: ECONNREFUSED (Connection refused)\
2026-01-06 20:32:21.992 30357-30528 NostrRelayManager       com.gap.droid                        D  Scheduling reconnection to wss://offchain.pub in 8s (attempt 4)\
2026-01-06 20:32:21.995 30357-30395 NostrRelayManager       com.gap.droid                        E  \uc0\u10060  WebSocket failure for wss://relay.primal.net: failed to connect to /127.0.0.1 (port 9060) from /127.0.0.1 (port 53382) after 10000ms: isConnected failed: ECONNREFUSED (Connection refused)\
2026-01-06 20:32:21.996 30357-30395 NostrRelayManager       com.gap.droid                        D  Scheduling reconnection to wss://relay.primal.net in 8s (attempt 4)\
2026-01-06 20:32:21.996 30357-30527 NostrRelayManager       com.gap.droid                        E  \uc0\u10060  WebSocket failure for wss://nostr21.com: failed to connect to /127.0.0.1 (port 9060) from /127.0.0.1 (port 53380) after 10000ms: isConnected failed: ECONNREFUSED (Connection refused)\
2026-01-06 20:32:21.996 30357-30527 NostrRelayManager       com.gap.droid                        D  Scheduling reconnection to wss://nostr21.com in 8s (attempt 4)\
2026-01-06 20:32:21.997 30357-30526 NostrRelayManager       com.gap.droid                        E  \uc0\u10060  WebSocket failure for wss://relay.damus.io: failed to connect to /127.0.0.1 (port 9060) from /127.0.0.1 (port 53384) after 10000ms: isConnected failed: ECONNREFUSED (Connection refused)\
2026-01-06 20:32:21.998 30357-30526 NostrRelayManager       com.gap.droid                        D  Scheduling reconnection to wss://relay.damus.io in 8s (attempt 4)\
2026-01-06 20:32:22.365 30357-30357 ColorViewRootUtil       com.gap.droid                        D  nav bar mode ignore false downX 301 downY 1462 mScreenHeight 1600 mScreenWidth 720 mStatusBarHeight 36 globalScale 1.125 nav mode 0 rotation 0 event MotionEvent \{ action=ACTION_DOWN, actionButton=0, id[0]=0, x[0]=301.0, y[0]=1462.0, toolType[0]=TOOL_TYPE_FINGER, buttonState=0, classification=NONE, metaState=0, flags=0x0, edgeFlags=0x0, pointerCount=1, historySize=0, eventTime=12519170, downTime=12519170, deviceId=3, source=0x1002, displayId=0 \}\
2026-01-06 20:32:22.402 30357-30357 Choreographer           com.gap.droid                        I  Skipped 1 frames!  The application may be doing too much work on its main thread.\
2026-01-06 20:32:22.519 30357-30357 OnboardingCoordinator   com.gap.droid                        D  User accepted permission explanation, requesting permissions\
2026-01-06 20:32:22.522 30357-30357 OnboardingCoordinator   com.gap.droid                        D  Requesting 2 permissions\
2026-01-06 20:32:22.564 30357-30357 Choreographer           com.gap.droid                        I  Skipped 2 frames!  The application may be doing too much work on its main thread.\
2026-01-06 20:32:22.638 30357-30357 Choreographer           com.gap.droid                        I  Skipped 4 frames!  The application may be doing too much work on its main thread.\
2026-01-06 20:32:22.855 30357-30357 Choreographer           com.gap.droid                        I  Skipped 2 frames!  The application may be doing too much work on its main thread.\
2026-01-06 20:32:22.967 30357-30357 Choreographer           com.gap.droid                        I  Skipped 1 frames!  The application may be doing too much work on its main thread.\
2026-01-06 20:32:23.995 30357-30376 com.gap.droid           com.gap.droid                        I  ProcessProfilingInfo new_methods=6000 is saved saved_to_disk=1 resolve_classes_delay=5000\
2026-01-06 20:32:24.086 30357-30385 NostrRelayManager       com.gap.droid                        V  Attempting to connect to Nostr relay: wss://relay.primal.net\
2026-01-06 20:32:24.088 30357-30390 NostrRelayManager       com.gap.droid                        V  Attempting to connect to Nostr relay: wss://relay.damus.io\
2026-01-06 20:32:24.090 30357-30382 NostrRelayManager       com.gap.droid                        V  Attempting to connect to Nostr relay: wss://nostr21.com\
2026-01-06 20:32:24.098 30357-30390 NostrRelayManager       com.gap.droid                        V  Attempting to connect to Nostr relay: wss://offchain.pub\
2026-01-06 20:32:24.102 30357-30527 System                  com.gap.droid                        W  ClassLoader referenced unknown path: system/framework/mediatek-cta.jar\
2026-01-06 20:32:24.104 30357-30526 System                  com.gap.droid                        W  ClassLoader referenced unknown path: system/framework/mediatek-cta.jar\
2026-01-06 20:32:24.111 30357-30527 NostrRelayManager       com.gap.droid                        E  \uc0\u10060  WebSocket failure for wss://relay.damus.io: failed to connect to /127.0.0.1 (port 9060) from /127.0.0.1 (port 53386) after 10000ms: isConnected failed: ECONNREFUSED (Connection refused)\
2026-01-06 20:32:24.111 30357-30527 NostrRelayManager       com.gap.droid                        D  Scheduling reconnection to wss://relay.damus.io in 16s (attempt 5)\
2026-01-06 20:32:24.113 30357-30528 System                  com.gap.droid                        W  ClassLoader referenced unknown path: system/framework/mediatek-cta.jar\
2026-01-06 20:32:24.117 30357-30526 NostrRelayManager       com.gap.droid                        E  \uc0\u10060  WebSocket failure for wss://relay.primal.net: failed to connect to /127.0.0.1 (port 9060) from /127.0.0.1 (port 53388) after 10000ms: isConnected failed: ECONNREFUSED (Connection refused)\
2026-01-06 20:32:24.117 30357-30526 NostrRelayManager       com.gap.droid                        D  Scheduling reconnection to wss://relay.primal.net in 16s (attempt 5)\
2026-01-06 20:32:24.119 30357-30395 System                  com.gap.droid                        W  ClassLoader referenced unknown path: system/framework/mediatek-cta.jar\
2026-01-06 20:32:24.127 30357-30395 NostrRelayManager       com.gap.droid                        E  \uc0\u10060  WebSocket failure for wss://nostr21.com: failed to connect to /127.0.0.1 (port 9060) from /127.0.0.1 (port 53392) after 10000ms: isConnected failed: ECONNREFUSED (Connection refused)\
2026-01-06 20:32:24.128 30357-30395 NostrRelayManager       com.gap.droid                        D  Scheduling reconnection to wss://nostr21.com in 16s (attempt 5)\
2026-01-06 20:32:24.130 30357-30528 NostrRelayManager       com.gap.droid                        E  \uc0\u10060  WebSocket failure for wss://offchain.pub: failed to connect to /127.0.0.1 (port 9060) from /127.0.0.1 (port 53390) after 10000ms: isConnected failed: ECONNREFUSED (Connection refused)\
2026-01-06 20:32:24.131 30357-30528 NostrRelayManager       com.gap.droid                        D  Scheduling reconnection to wss://offchain.pub in 16s (attempt 5)\
2026-01-06 20:32:24.690 30357-30357 OnboardingCoordinator   com.gap.droid                        D  Received permission results:\
2026-01-06 20:32:24.690 30357-30357 OnboardingCoordinator   com.gap.droid                        D    android.permission.ACCESS_COARSE_LOCATION: GRANTED\
2026-01-06 20:32:24.690 30357-30357 OnboardingCoordinator   com.gap.droid                        D    android.permission.ACCESS_FINE_LOCATION: GRANTED\
2026-01-06 20:32:24.690 30357-30357 OnboardingCoordinator   com.gap.droid                        D  Critical permissions denied\
2026-01-06 20:32:24.690 30357-30357 OnboardingCoordinator   com.gap.droid                        D  Completing onboarding process\
2026-01-06 20:32:24.690 30357-30357 PermissionManager       com.gap.droid                        D  First-time onboarding marked as complete\
2026-01-06 20:32:24.705 30357-30357 PermissionManager       com.gap.droid                        D  Permission Diagnostics:\
                                                                                                    Android SDK: 29\
                                                                                                    First time launch: false\
                                                                                                    Required permissions granted: true\
                                                                                                    \
                                                                                                    Nearby Devices: \uc0\u9989  GRANTED\
                                                                                                      - BLUETOOTH: \uc0\u9989 \
                                                                                                      - BLUETOOTH_ADMIN: \uc0\u9989 \
                                                                                                    \
                                                                                                    Precise Location: \uc0\u9989  GRANTED\
                                                                                                      - ACCESS_COARSE_LOCATION: \uc0\u9989 \
                                                                                                      - ACCESS_FINE_LOCATION: \uc0\u9989 \
                                                                                                    \
                                                                                                    Background Location: \uc0\u10060  MISSING\
                                                                                                      - ACCESS_BACKGROUND_LOCATION: \uc0\u10060 \
                                                                                                    \
                                                                                                    Battery Optimization: \uc0\u10060  MISSING\
                                                                                                      - BATTERY_OPTIMIZATION: \uc0\u10060 \
                                                                                                    \
                                                                                                    Missing permissions:\
                                                                                                    - android.permission.ACCESS_BACKGROUND_LOCATION\
2026-01-06 20:32:24.707 30357-30357 PhoneWindow             com.gap.droid                        V  DecorView setVisiblity: visibility = 0, Parent = android.view.ViewRootImpl@f4b86f3, this = DecorView@4b491d6[MainActivity]\
2026-01-06 20:32:24.806 30357-30357 MainActivity            com.gap.droid                        D  Onboarding completed, checking Bluetooth and Location before initializing app\
2026-01-06 20:32:24.807 30357-30357 LocationStatusManager   com.gap.droid                        D  Checking location services status\
2026-01-06 20:32:24.808 30357-30357 LocationStatusManager   com.gap.droid                        D  Location services are enabled and ready\
2026-01-06 20:32:24.809 30357-30357 BatteryOpt...ionManager com.gap.droid                        D  Battery optimization disabled: false\
2026-01-06 20:32:24.809 30357-30357 MainActivity            com.gap.droid                        D  Permissions granted, but battery optimization still enabled. Showing battery optimization screen.\
2026-01-06 20:32:24.904 30357-30357 Choreographer           com.gap.droid                        I  Skipped 4 frames!  The application may be doing too much work on its main thread.\
2026-01-06 20:32:25.085 30357-30602 ProfileInstaller        com.gap.droid                        D  Installing profile for com.gap.droid\
2026-01-06 20:32:25.574 30357-30382 MeshForegroundService   com.gap.droid                        D  Ensuring mesh service is started\
2026-01-06 20:32:25.574 30357-30382 BluetoothMeshService    com.gap.droid                        I  Starting Bluetooth mesh service with peer ID: 8d84c21c270b744d\
2026-01-06 20:32:25.575 30357-30382 BluetoothC...ionManager com.gap.droid                        I  Starting power-optimized Bluetooth services...\
2026-01-06 20:32:25.581 30357-30382 BluetoothC...ionManager com.gap.droid                        D  ConnectionManager activated (permissions and adapter OK)\
2026-01-06 20:32:25.583 30357-30382 BluetoothMeshService    com.gap.droid                        D  Started periodic broadcast announcements (every 30 seconds)\
2026-01-06 20:32:25.584 30357-30390 BluetoothMeshService    com.gap.droid                        D  Starting periodic announce loop\
2026-01-06 20:32:25.584 30357-30385 PowerManager            com.gap.droid                        I  Starting power management\
2026-01-06 20:32:25.586 30357-30382 BluetoothMeshService    com.gap.droid                        D  GossipSyncManager started\
2026-01-06 20:32:25.592 30357-30385 BluetoothC...ionManager com.gap.droid                        D  GATT Server started\
2026-01-06 20:32:25.598 30357-30385 BluetoothC...ionManager com.gap.droid                        D  GATT Client started\
2026-01-06 20:32:25.598 30357-30385 BluetoothC...ionManager com.gap.droid                        I  Bluetooth services started successfully\
2026-01-06 20:32:25.604 30357-30384 BluetoothG...entManager com.gap.droid                        D  Starting BLE scan with target service UUID: f47b5e2d-4a9e-4c5a-9b3f-8e1d2c3a4b5c\
2026-01-06 20:32:25.608 30357-30384 BluetoothAdapter        com.gap.droid                        D  isLeEnabled(): ON\
2026-01-06 20:32:25.608 30357-30384 CheckPermission         com.gap.droid                        E  _bluetooth code = 10 \
2026-01-06 20:32:25.648 30357-30399 BluetoothLeScanner      com.gap.droid                        D  onScannerRegistered() - status=0 scannerId=5 mScannerId=0\
2026-01-06 20:32:25.661 30357-30384 BluetoothG...entManager com.gap.droid                        D  Filtered BLE scan started successfully\
2026-01-06 20:32:25.662 30357-30384 BluetoothAdapter        com.gap.droid                        D  isLeEnabled(): ON\
2026-01-06 20:32:25.662 30357-30384 CheckPermission         com.gap.droid                        E  _bluetooth code = 10 \
2026-01-06 20:32:25.674 30357-30399 BluetoothLeScanner      com.gap.droid                        D  onScannerRegistered() - status=0 scannerId=6 mScannerId=0\
2026-01-06 20:32:25.682 30357-30384 BluetoothG...entManager com.gap.droid                        D  Unfiltered fallback BLE scan started successfully\
2026-01-06 20:32:25.697 30357-30391 CheckPermission         com.gap.droid                        E  _bluetooth code = 10 \
2026-01-06 20:32:25.700 30357-30391 BluetoothGattServer     com.gap.droid                        D  registerCallback()\
