2026-01-06 20:33:05.768 30357-30389 MeshForegroundService   com.gap.droid                        D  Ensuring mesh service is started\
2026-01-06 20:33:05.769 30357-30389 BluetoothMeshService    com.gap.droid                        W  Mesh service already active, ignoring duplicate start request\
2026-01-06 20:33:07.485 30357-30389 EncryptionService       com.gap.droid                        D  \uc0\u9989  Generated Ed25519 signature (64 bytes)\
2026-01-06 20:33:07.485 30357-30389 BluetoothMeshService    com.gap.droid                        D  \uc0\u9989  Signed packet type 2 (signature 64 bytes)\
2026-01-06 20:33:07.485 30357-30389 FragmentManager         com.gap.droid                        D  \uc0\u55357 \u56576  Creating fragments for packet type 2, payload: 3 bytes\
2026-01-06 20:33:07.486 30357-30389 FragmentManager         com.gap.droid                        D  \uc0\u55357 \u56550  Encoded to 256 bytes\
2026-01-06 20:33:07.486 30357-30389 FragmentManager         com.gap.droid                        D  \uc0\u55357 \u56527  Unpadded to 97 bytes\
2026-01-06 20:33:07.488 30357-30383 BluetoothP...roadcaster com.gap.droid                        I  Broadcasting packet type 2 to 0 server + 0 client connections\
2026-01-06 20:33:07.579 30357-30357 Choreographer           com.gap.droid                        I  Skipped 3 frames!  The application may be doing too much work on its main thread.\
2026-01-06 20:33:07.905 30357-30399 BluetoothGattServer     com.gap.droid                        D  onServerConnectionState() - status=0 serverIf=7 device=41:D7:4B:D6:02:9A\
2026-01-06 20:33:07.905 30357-30399 BluetoothG...verManager com.gap.droid                        I  Server: Device connected 41:D7:4B:D6:02:9A\
2026-01-06 20:33:07.906 30357-30399 BluetoothC...ionTracker com.gap.droid                        D  Tracker: Adding device connection for 41:D7:4B:D6:02:9A (isClient: false\
2026-01-06 20:33:08.231 30357-30399 BluetoothGattServer     com.gap.droid                        D  onConnectionUpdated() - Device=41:D7:4B:D6:02:9A interval=6 latency=0 timeout=500 status=0\
2026-01-06 20:33:08.425 30357-30399 BluetoothGattServer     com.gap.droid                        D  onMtuChanged() - device=41:D7:4B:D6:02:9A, mtu=517\
2026-01-06 20:33:08.454 30357-30399 BluetoothG...verManager com.gap.droid                        D  Server: Connection setup complete for 41:D7:4B:D6:02:9A\
2026-01-06 20:33:08.475 30357-30399 BluetoothGattServer     com.gap.droid                        D  onConnectionUpdated() - Device=41:D7:4B:D6:02:9A interval=39 latency=0 timeout=500 status=0\
2026-01-06 20:33:08.558 30357-30382 BluetoothMeshService    com.gap.droid                        D  Device connected: 41:D7:4B:D6:02:9A; scheduling announce\
2026-01-06 20:33:08.761 30357-30382 BluetoothMeshService    com.gap.droid                        D  Sending broadcast announce\
2026-01-06 20:33:08.800 30357-30382 EncryptionService       com.gap.droid                        D  \uc0\u9989  Generated Ed25519 signature (64 bytes)\
2026-01-06 20:33:08.800 30357-30382 FragmentManager         com.gap.droid                        D  \uc0\u55357 \u56576  Creating fragments for packet type 1, payload: 78 bytes\
2026-01-06 20:33:08.801 30357-30382 FragmentManager         com.gap.droid                        D  \uc0\u55357 \u56550  Encoded to 256 bytes\
2026-01-06 20:33:08.801 30357-30382 FragmentManager         com.gap.droid                        D  \uc0\u55357 \u56527  Unpadded to 164 bytes\
2026-01-06 20:33:08.802 30357-30382 BluetoothMeshService    com.gap.droid                        D  Sent iOS-compatible signed TLV announce (78 bytes)\
2026-01-06 20:33:08.805 30357-30389 BluetoothP...roadcaster com.gap.droid                        I  Broadcasting packet type 1 to 1 server + 1 client connections\
2026-01-06 20:33:08.910 30357-30382 BluetoothMeshService    com.gap.droid                        D  Device connected: 41:D7:4B:D6:02:9A; scheduling announce\
2026-01-06 20:33:08.963 30357-30399 BluetoothG...verManager com.gap.droid                        I  Server: Received packet from 41:D7:4B:D6:02:9A, size: 256 bytes\
2026-01-06 20:33:08.964 30357-30399 BluetoothG...verManager com.gap.droid                        D  Server: Parsed packet type 1 from 783232aaec6adfa8\
2026-01-06 20:33:08.965 30357-30399 BluetoothC...ionManager com.gap.droid                        D  onPacketReceived: Packet received from 41:D7:4B:D6:02:9A (783232aaec6adfa8)\
2026-01-06 20:33:08.966 30357-30399 PacketProcessor         com.gap.droid                        D  processPacket 1\
2026-01-06 20:33:08.968 30357-30382 PacketProcessor         com.gap.droid                        D  \uc0\u55356 \u57261  Created packet actor for peer: 783232aaec6adfa8\
2026-01-06 20:33:08.970 30357-30383 PacketProcessor         com.gap.droid                        D  \uc0\u55357 \u56550  Processing packet type 1 from 783232aaec6adfa8 (serialized)\
2026-01-06 20:33:09.066 30357-30383 EncryptionService       com.gap.droid                        D  \uc0\u9989  Ed25519 signature verification: true\
2026-01-06 20:33:09.067 30357-30383 SecurityManager         com.gap.droid                        D  Packet validation passed for 783232aaec6adfa8, messageID: 1767749590716-783232aaec6adfa8--339468087\
2026-01-06 20:33:09.067 30357-30383 PacketProcessor         com.gap.droid                        D  Processing packet type ANNOUNCE from 783232aaec6adfa8\
2026-01-06 20:33:09.068 30357-30383 PacketProcessor         com.gap.droid                        D  Processing announce from 783232aaec6adfa8\
2026-01-06 20:33:09.069 30357-30383 PacketRelayManager      com.gap.droid                        D  Evaluating relay for packet type 1 from 783232aaec6adfa8 (TTL: 7)\
2026-01-06 20:33:09.070 30357-30383 PacketRelayManager      com.gap.droid                        D  Decremented TTL from 7 to 6\
2026-01-06 20:33:09.070 30357-30383 PacketRelayManager      com.gap.droid                        D  High TTL (6), relaying\
2026-01-06 20:33:09.070 30357-30383 PacketRelayManager      com.gap.droid                        D  \uc0\u55357 \u56580  Relaying packet type 1 with TTL 6\
2026-01-06 20:33:09.070 30357-30383 FragmentManager         com.gap.droid                        D  \uc0\u55357 \u56576  Creating fragments for packet type 1, payload: 78 bytes\
2026-01-06 20:33:09.071 30357-30383 FragmentManager         com.gap.droid                        D  \uc0\u55357 \u56550  Encoded to 256 bytes\
2026-01-06 20:33:09.071 30357-30383 FragmentManager         com.gap.droid                        D  \uc0\u55357 \u56527  Unpadded to 164 bytes\
2026-01-06 20:33:09.071 30357-30383 PacketProcessor         com.gap.droid                        D  Completed packet type 1 from 783232aaec6adfa8\
2026-01-06 20:33:09.073 30357-30384 BluetoothP...roadcaster com.gap.droid                        I  Broadcasting packet type 1 to 1 server + 1 client connections\
2026-01-06 20:33:09.073 30357-30384 BluetoothP...roadcaster com.gap.droid                        D  Skipping broadcast to client back to relayer: 41:D7:4B:D6:02:9A\
2026-01-06 20:33:09.095 30357-30389 EncryptionService       com.gap.droid                        D  \uc0\u9989  Ed25519 signature verification: true\
2026-01-06 20:33:09.096 30357-30389 MessageHandler          com.gap.droid                        D  \uc0\u9989  Verified announce from 783232aaec6adfa8: nickname=anon2891, noisePublicKey=f6b0fa968c4a1e2e..., signingPublicKey=3a191b0e572870dc...\
2026-01-06 20:33:09.097 30357-30389 PeerManager             com.gap.droid                        D  \uc0\u55356 \u56725  New verified peer: anon2891 (783232aaec6adfa8)\
2026-01-06 20:33:09.098 30357-30389 BluetoothMeshService    com.gap.droid                        D  Updating peer ID binding: 783232aaec6adfa8 (was: null) with nickname: anon2891 and public key: f6b0fa968c4a1e2e...\
2026-01-06 20:33:09.098 30357-30389 PeerManager             com.gap.droid                        D  Updated peer: 783232aaec6adfa8 (anon2891)\
2026-01-06 20:33:09.099 30357-30389 PeerFingerprintManager  com.gap.droid                        D  Stored fingerprint for peer 783232aaec6adfa8: 783232aaec6adfa8...\
2026-01-06 20:33:09.100 30357-30389 BluetoothMeshService    com.gap.droid                        D  Updated peer ID binding: 783232aaec6adfa8 (was: null), fingerprint: 783232aaec6adfa8...\
2026-01-06 20:33:09.100 30357-30389 MessageHandler          com.gap.droid                        D  \uc0\u9989  Processed verified TLV announce: stored identity for 783232aaec6adfa8\
2026-01-06 20:33:09.100 30357-30389 BluetoothMeshService    com.gap.droid                        D  Mapped device 41:D7:4B:D6:02:9A to peer 783232aaec6adfa8 on FIRST-ANNOUNCE for this connection\
2026-01-06 20:33:09.101 30357-30357 NotificationManager     com.gap.droid                        D  Skipping notification - app in foreground or it has been less than 5 minutes since last active peer notification\
2026-01-06 20:33:09.104 30357-30357 NotificationManager     com.gap.droid                        D  Skipping notification - app in foreground or it has been less than 5 minutes since last active peer notification\
2026-01-06 20:33:09.111 30357-30389 BluetoothMeshService    com.gap.droid                        D  Sending broadcast announce\
2026-01-06 20:33:09.124 30357-30389 EncryptionService       com.gap.droid                        D  \uc0\u9989  Generated Ed25519 signature (64 bytes)\
2026-01-06 20:33:09.125 30357-30389 FragmentManager         com.gap.droid                        D  \uc0\u55357 \u56576  Creating fragments for packet type 1, payload: 78 bytes\
2026-01-06 20:33:09.125 30357-30389 FragmentManager         com.gap.droid                        D  \uc0\u55357 \u56550  Encoded to 256 bytes\
2026-01-06 20:33:09.125 30357-30389 FragmentManager         com.gap.droid                        D  \uc0\u55357 \u56527  Unpadded to 164 bytes\
2026-01-06 20:33:09.126 30357-30389 BluetoothMeshService    com.gap.droid                        D  Sent iOS-compatible signed TLV announce (78 bytes)\
2026-01-06 20:33:09.127 30357-30384 BluetoothP...roadcaster com.gap.droid                        I  Broadcasting packet type 1 to 1 server + 1 client connections\
2026-01-06 20:33:09.205 30357-30399 BluetoothG...verManager com.gap.droid                        I  Server: Received packet from 41:D7:4B:D6:02:9A, size: 256 bytes\
2026-01-06 20:33:09.205 30357-30399 BluetoothG...verManager com.gap.droid                        D  Server: Parsed packet type 1 from 783232aaec6adfa8\
2026-01-06 20:33:09.206 30357-30399 BluetoothC...ionManager com.gap.droid                        D  onPacketReceived: Packet received from 41:D7:4B:D6:02:9A (783232aaec6adfa8)\
2026-01-06 20:33:09.206 30357-30399 PacketProcessor         com.gap.droid                        D  processPacket 1\
2026-01-06 20:33:09.208 30357-30384 PacketProcessor         com.gap.droid                        D  \uc0\u55357 \u56550  Processing packet type 1 from 783232aaec6adfa8 (anon2891) (serialized)\
2026-01-06 20:33:09.271 30357-30384 EncryptionService       com.gap.droid                        D  \uc0\u9989  Ed25519 signature verification: true\
2026-01-06 20:33:09.271 30357-30384 SecurityManager         com.gap.droid                        D  Packet validation passed for 783232aaec6adfa8, messageID: 1767749590947-783232aaec6adfa8--339468087\
2026-01-06 20:33:09.272 30357-30384 PacketProcessor         com.gap.droid                        D  Processing packet type ANNOUNCE from 783232aaec6adfa8 (anon2891)\
2026-01-06 20:33:09.272 30357-30384 PacketProcessor         com.gap.droid                        D  Processing announce from 783232aaec6adfa8 (anon2891)\
2026-01-06 20:33:09.273 30357-30384 PacketRelayManager      com.gap.droid                        D  Evaluating relay for packet type 1 from 783232aaec6adfa8 (TTL: 7)\
2026-01-06 20:33:09.273 30357-30384 PacketRelayManager      com.gap.droid                        D  Decremented TTL from 7 to 6\
2026-01-06 20:33:09.273 30357-30384 PacketRelayManager      com.gap.droid                        D  High TTL (6), relaying\
2026-01-06 20:33:09.273 30357-30384 PacketRelayManager      com.gap.droid                        D  \uc0\u55357 \u56580  Relaying packet type 1 with TTL 6\
2026-01-06 20:33:09.273 30357-30384 FragmentManager         com.gap.droid                        D  \uc0\u55357 \u56576  Creating fragments for packet type 1, payload: 78 bytes\
2026-01-06 20:33:09.273 30357-30384 FragmentManager         com.gap.droid                        D  \uc0\u55357 \u56550  Encoded to 256 bytes\
2026-01-06 20:33:09.274 30357-30384 FragmentManager         com.gap.droid                        D  \uc0\u55357 \u56527  Unpadded to 164 bytes\
2026-01-06 20:33:09.275 30357-30384 PacketProcessor         com.gap.droid                        D  Completed packet type 1 from 783232aaec6adfa8 (anon2891)\
2026-01-06 20:33:09.276 30357-30384 BluetoothP...roadcaster com.gap.droid                        I  Broadcasting packet type 1 to 1 server + 1 client connections\
2026-01-06 20:33:09.276 30357-30384 BluetoothP...roadcaster com.gap.droid                        D  Skipping broadcast to client back to relayer: 41:D7:4B:D6:02:9A\
2026-01-06 20:33:09.296 30357-30389 EncryptionService       com.gap.droid                        D  \uc0\u9989  Ed25519 signature verification: true\
2026-01-06 20:33:09.297 30357-30389 MessageHandler          com.gap.droid                        D  \uc0\u9989  Verified announce from 783232aaec6adfa8: nickname=anon2891, noisePublicKey=f6b0fa968c4a1e2e..., signingPublicKey=3a191b0e572870dc...\
2026-01-06 20:33:09.297 30357-30389 PeerManager             com.gap.droid                        D  \uc0\u55357 \u56580  Updated verified peer: anon2891 (783232aaec6adfa8)\
2026-01-06 20:33:09.298 30357-30389 BluetoothMeshService    com.gap.droid                        D  Updating peer ID binding: 783232aaec6adfa8 (was: null) with nickname: anon2891 and public key: f6b0fa968c4a1e2e...\
2026-01-06 20:33:09.298 30357-30389 PeerManager             com.gap.droid                        D  Updated peer: 783232aaec6adfa8 (anon2891)\
2026-01-06 20:33:09.299 30357-30389 PeerFingerprintManager  com.gap.droid                        D  Stored fingerprint for peer 783232aaec6adfa8: 783232aaec6adfa8...\
2026-01-06 20:33:09.299 30357-30389 BluetoothMeshService    com.gap.droid                        D  Updated peer ID binding: 783232aaec6adfa8 (was: null), fingerprint: 783232aaec6adfa8...\
2026-01-06 20:33:09.300 30357-30389 MessageHandler          com.gap.droid                        D  \uc0\u9989  Processed verified TLV announce: stored identity for 783232aaec6adfa8\
2026-01-06 20:33:10.083 30357-30399 BluetoothG...verManager com.gap.droid                        I  Server: Received packet from 41:D7:4B:D6:02:9A, size: 256 bytes\
2026-01-06 20:33:10.084 30357-30399 BluetoothG...verManager com.gap.droid                        D  Server: Parsed packet type 33 from 783232aaec6adfa8\
2026-01-06 20:33:10.084 30357-30399 BluetoothC...ionManager com.gap.droid                        D  onPacketReceived: Packet received from 41:D7:4B:D6:02:9A (783232aaec6adfa8)\
2026-01-06 20:33:10.084 30357-30399 PacketProcessor         com.gap.droid                        D  processPacket 33\
2026-01-06 20:33:10.086 30357-30389 PacketProcessor         com.gap.droid                        D  \uc0\u55357 \u56550  Processing packet type 33 from 783232aaec6adfa8 (anon2891) (serialized)\
2026-01-06 20:33:10.087 30357-30389 SecurityManager         com.gap.droid                        D  Packet validation passed for 783232aaec6adfa8, messageID: 1767749591857-783232aaec6adfa8-968903552\
2026-01-06 20:33:10.087 30357-30389 PacketProcessor         com.gap.droid                        D  Processing packet type REQUEST_SYNC from 783232aaec6adfa8 (anon2891)\
2026-01-06 20:33:10.087 30357-30389 PacketProcessor         com.gap.droid                        D  Processing REQUEST_SYNC from 783232aaec6adfa8 (anon2891)\
2026-01-06 20:33:10.094 30357-30389 GossipSyncManager       com.gap.droid                        D  Sent sync message: Type 2 to 783232aaec6adfa8 packet id 1816b383092011e1fa8d06cbddf4796f\
2026-01-06 20:33:10.094 30357-30389 PacketRelayManager      com.gap.droid                        D  Evaluating relay for packet type 33 from 783232aaec6adfa8 (TTL: 0)\
2026-01-06 20:33:10.095 30357-30389 PacketRelayManager      com.gap.droid                        D  Packet addressed to us, skipping relay\
2026-01-06 20:33:10.095 30357-30389 PacketProcessor         com.gap.droid                        D  Completed packet type 33 from 783232aaec6adfa8 (anon2891)\
2026-01-06 20:33:10.104 30357-30389 GossipSyncManager       com.gap.droid                        D  Sending sync request to 783232aaec6adfa8 (18 bytes)\
2026-01-06 20:33:10.113 30357-30389 EncryptionService       com.gap.droid                        D  \uc0\u9989  Generated Ed25519 signature (64 bytes)\
2026-01-06 20:33:10.113 30357-30389 BluetoothMeshService    com.gap.droid                        D  \uc0\u9989  Signed packet type 33 (signature 64 bytes)\
2026-01-06 20:33:10.179 30357-30357 ColorViewRootUtil       com.gap.droid                        D  initSwipState, isDisplayCompatApp false\
2026-01-06 20:33:10.180 30357-30357 ColorViewRootUtil       com.gap.droid                        D  updateScreenSize, mScreenHeight 1600,mScreenWidth:720,height:1600,width:720\
2026-01-06 20:33:10.789 30357-30389 MeshForegroundService   com.gap.droid                        D  Ensuring mesh service is started\
2026-01-06 20:33:10.790 30357-30389 BluetoothMeshService    com.gap.droid                        W  Mesh service already active, ignoring duplicate start request\
2026-01-06 20:33:15.445 30357-30399 BluetoothG...verManager com.gap.droid                        I  Server: Received packet from 41:D7:4B:D6:02:9A, size: 256 bytes\
2026-01-06 20:33:15.446 30357-30399 BluetoothG...verManager com.gap.droid                        D  Server: Parsed packet type 1 from 783232aaec6adfa8\
2026-01-06 20:33:15.446 30357-30399 BluetoothC...ionManager com.gap.droid                        D  onPacketReceived: Packet received from 41:D7:4B:D6:02:9A (783232aaec6adfa8)\
2026-01-06 20:33:15.447 30357-30399 PacketProcessor         com.gap.droid                        D  processPacket 1\
2026-01-06 20:33:15.448 30357-30383 PacketProcessor         com.gap.droid                        D  \uc0\u55357 \u56550  Processing packet type 1 from 783232aaec6adfa8 (anon2891) (serialized)\
2026-01-06 20:33:15.466 30357-30383 EncryptionService       com.gap.droid                        D  \uc0\u9989  Ed25519 signature verification: true\
2026-01-06 20:33:15.466 30357-30383 SecurityManager         com.gap.droid                        D  Packet validation passed for 783232aaec6adfa8, messageID: 1767749597205-783232aaec6adfa8--339468087\
2026-01-06 20:33:15.466 30357-30383 PacketProcessor         com.gap.droid                        D  Processing packet type ANNOUNCE from 783232aaec6adfa8 (anon2891)\
2026-01-06 20:33:15.466 30357-30383 PacketProcessor         com.gap.droid                        D  Processing announce from 783232aaec6adfa8 (anon2891)\
2026-01-06 20:33:15.467 30357-30383 PacketRelayManager      com.gap.droid                        D  Evaluating relay for packet type 1 from 783232aaec6adfa8 (TTL: 7)\
2026-01-06 20:33:15.467 30357-30383 PacketRelayManager      com.gap.droid                        D  Decremented TTL from 7 to 6\
2026-01-06 20:33:15.467 30357-30383 PacketRelayManager      com.gap.droid                        D  High TTL (6), relaying\
2026-01-06 20:33:15.467 30357-30383 PacketRelayManager      com.gap.droid                        D  \uc0\u55357 \u56580  Relaying packet type 1 with TTL 6\
2026-01-06 20:33:15.467 30357-30383 FragmentManager         com.gap.droid                        D  \uc0\u55357 \u56576  Creating fragments for packet type 1, payload: 78 bytes\
2026-01-06 20:33:15.467 30357-30383 FragmentManager         com.gap.droid                        D  \uc0\u55357 \u56550  Encoded to 256 bytes\
2026-01-06 20:33:15.467 30357-30383 FragmentManager         com.gap.droid                        D  \uc0\u55357 \u56527  Unpadded to 164 bytes\
2026-01-06 20:33:15.468 30357-30383 PacketProcessor         com.gap.droid                        D  Completed packet type 1 from 783232aaec6adfa8 (anon2891)\
2026-01-06 20:33:15.469 30357-30383 BluetoothP...roadcaster com.gap.droid                        I  Broadcasting packet type 1 to 1 server + 1 client connections\
2026-01-06 20:33:15.469 30357-30383 BluetoothP...roadcaster com.gap.droid                        D  Skipping broadcast to client back to relayer: 41:D7:4B:D6:02:9A\
2026-01-06 20:33:15.488 30357-30384 EncryptionService       com.gap.droid                        D  \uc0\u9989  Ed25519 signature verification: true\
2026-01-06 20:33:15.489 30357-30384 MessageHandler          com.gap.droid                        D  \uc0\u9989  Verified announce from 783232aaec6adfa8: nickname=anon2891, noisePublicKey=f6b0fa968c4a1e2e..., signingPublicKey=3a191b0e572870dc...\
2026-01-06 20:33:15.489 30357-30384 PeerManager             com.gap.droid                        D  \uc0\u55357 \u56580  Updated verified peer: anon2891 (783232aaec6adfa8)\
2026-01-06 20:33:15.490 30357-30384 BluetoothMeshService    com.gap.droid                        D  Updating peer ID binding: 783232aaec6adfa8 (was: null) with nickname: anon2891 and public key: f6b0fa968c4a1e2e...\
2026-01-06 20:33:15.490 30357-30384 PeerManager             com.gap.droid                        D  Updated peer: 783232aaec6adfa8 (anon2891)\
2026-01-06 20:33:15.490 30357-30384 PeerFingerprintManager  com.gap.droid                        D  Stored fingerprint for peer 783232aaec6adfa8: 783232aaec6adfa8...\
2026-01-06 20:33:15.491 30357-30384 BluetoothMeshService    com.gap.droid                        D  Updated peer ID binding: 783232aaec6adfa8 (was: null), fingerprint: 783232aaec6adfa8...\
2026-01-06 20:33:15.491 30357-30384 MessageHandler          com.gap.droid                        D  \uc0\u9989  Processed verified TLV announce: stored identity for 783232aaec6adfa8\
2026-01-06 20:33:15.811 30357-30383 MeshForegroundService   com.gap.droid                        D  Ensuring mesh service is started\
2026-01-06 20:33:15.812 30357-30383 BluetoothMeshService    com.gap.droid                        W  Mesh service already active, ignoring duplicate start request\
2026-01-06 20:33:19.090 30357-30383 System                  com.gap.droid                        W  ClassLoader referenced unknown path: system/framework/mediatek-cta.jar\
2026-01-06 20:33:19.098 30357-30605 ArtiNative              com.gap.droid                        I  Arti: SOCKS connection from: 127.0.0.1:53432\
2026-01-06 20:33:19.100 30357-30605 ArtiTorManager          com.gap.droid                        I  arti: SOCKS connection from: 127.0.0.1:53432\
2026-01-06 20:33:19.103 30357-30605 ArtiNative              com.gap.droid                        I  Arti: SOCKS5 CONNECT to raw.githubusercontent.com:443\
2026-01-06 20:33:19.104 30357-30605 ArtiTorManager          com.gap.droid                        I  arti: SOCKS5 CONNECT to raw.githubusercontent.com:443\
2026-01-06 20:33:19.269 30357-30605 ArtiNative              com.gap.droid                        I  Arti: Tor connection established to raw.githubusercontent.com:443\
2026-01-06 20:33:19.270 30357-30605 ArtiTorManager          com.gap.droid                        I  arti: Tor connection established to raw.githubusercontent.com:443\
2026-01-06 20:33:20.133 30357-30383 RelayDirectory          com.gap.droid                        I  \uc0\u9989  Using downloaded relay list (/data/user/0/com.gap.droid/files/nostr_relays_latest.csv), entries=295, sha256=4e3d4d85356e1b162549a6ebe20c8f18bc8040f15d939048f4451723766edd7a, updatedAtMs=1767749600132\
2026-01-06 20:33:20.517 30357-30399 BluetoothG...verManager com.gap.droid                        I  Server: Received packet from 41:D7:4B:D6:02:9A, size: 256 bytes\
2026-01-06 20:33:20.518 30357-30399 BluetoothG...verManager com.gap.droid                        D  Server: Parsed packet type 1 from 783232aaec6adfa8\
2026-01-06 20:33:20.519 30357-30399 BluetoothC...ionManager com.gap.droid                        D  onPacketReceived: Packet received from 41:D7:4B:D6:02:9A (783232aaec6adfa8)\
2026-01-06 20:33:20.520 30357-30399 PacketProcessor         com.gap.droid                        D  processPacket 1\
2026-01-06 20:33:20.523 30357-30384 PacketProcessor         com.gap.droid                        D  \uc0\u55357 \u56550  Processing packet type 1 from 783232aaec6adfa8 (anon2891) (serialized)\
2026-01-06 20:33:20.610 30357-30384 EncryptionService       com.gap.droid                        D  \uc0\u9989  Ed25519 signature verification: true\
2026-01-06 20:33:20.610 30357-30384 SecurityManager         com.gap.droid                        D  Packet validation passed for 783232aaec6adfa8, messageID: 1767749602242-783232aaec6adfa8--339468087\
2026-01-06 20:33:20.610 30357-30384 PacketProcessor         com.gap.droid                        D  Processing packet type ANNOUNCE from 783232aaec6adfa8 (anon2891)\
2026-01-06 20:33:20.611 30357-30384 PacketProcessor         com.gap.droid                        D  Processing announce from 783232aaec6adfa8 (anon2891)\
2026-01-06 20:33:20.612 30357-30384 PacketRelayManager      com.gap.droid                        D  Evaluating relay for packet type 1 from 783232aaec6adfa8 (TTL: 7)\
2026-01-06 20:33:20.613 30357-30384 PacketRelayManager      com.gap.droid                        D  Decremented TTL from 7 to 6\
2026-01-06 20:33:20.613 30357-30384 PacketRelayManager      com.gap.droid                        D  High TTL (6), relaying\
2026-01-06 20:33:20.613 30357-30384 PacketRelayManager      com.gap.droid                        D  \uc0\u55357 \u56580  Relaying packet type 1 with TTL 6\
2026-01-06 20:33:20.613 30357-30384 FragmentManager         com.gap.droid                        D  \uc0\u55357 \u56576  Creating fragments for packet type 1, payload: 78 bytes\
2026-01-06 20:33:20.614 30357-30384 FragmentManager         com.gap.droid                        D  \uc0\u55357 \u56550  Encoded to 256 bytes\
2026-01-06 20:33:20.614 30357-30399 BluetoothG...verManager com.gap.droid                        I  Server: Received packet from 41:D7:4B:D6:02:9A, size: 256 bytes\
2026-01-06 20:33:20.614 30357-30384 FragmentManager         com.gap.droid                        D  \uc0\u55357 \u56527  Unpadded to 164 bytes\
2026-01-06 20:33:20.614 30357-30399 BluetoothG...verManager com.gap.droid                        D  Server: Parsed packet type 1 from d609cd9429f593ed\
2026-01-06 20:33:20.614 30357-30399 BluetoothC...ionManager com.gap.droid                        D  onPacketReceived: Packet received from 41:D7:4B:D6:02:9A (d609cd9429f593ed)\
2026-01-06 20:33:20.615 30357-30399 PacketProcessor         com.gap.droid                        D  processPacket 1\
2026-01-06 20:33:20.615 30357-30384 PacketProcessor         com.gap.droid                        D  Completed packet type 1 from 783232aaec6adfa8 (anon2891)\
2026-01-06 20:33:20.616 30357-30384 PacketProcessor         com.gap.droid                        D  \uc0\u55356 \u57261  Created packet actor for peer: d609cd9429f593ed\
2026-01-06 20:33:20.616 30357-30384 PacketProcessor         com.gap.droid                        D  \uc0\u55357 \u56550  Processing packet type 1 from d609cd9429f593ed (serialized)\
2026-01-06 20:33:20.616 30357-30385 BluetoothP...roadcaster com.gap.droid                        I  Broadcasting packet type 1 to 1 server + 1 client connections\
2026-01-06 20:33:20.617 30357-30385 BluetoothP...roadcaster com.gap.droid                        D  Skipping broadcast to client back to relayer: 41:D7:4B:D6:02:9A\
2026-01-06 20:33:20.656 30357-30389 EncryptionService       com.gap.droid                        D  \uc0\u9989  Ed25519 signature verification: true\
2026-01-06 20:33:20.658 30357-30384 EncryptionService       com.gap.droid                        D  \uc0\u9989  Ed25519 signature verification: true\
2026-01-06 20:33:20.658 30357-30389 MessageHandler          com.gap.droid                        D  \uc0\u9989  Verified announce from 783232aaec6adfa8: nickname=anon2891, noisePublicKey=f6b0fa968c4a1e2e..., signingPublicKey=3a191b0e572870dc...\
2026-01-06 20:33:20.658 30357-30384 SecurityManager         com.gap.droid                        D  Packet validation passed for d609cd9429f593ed, messageID: 1767749602318-d609cd9429f593ed-394789133\
2026-01-06 20:33:20.658 30357-30389 PeerManager             com.gap.droid                        D  \uc0\u55357 \u56580  Updated verified peer: anon2891 (783232aaec6adfa8)\
2026-01-06 20:33:20.658 30357-30384 PacketProcessor         com.gap.droid                        D  Processing packet type ANNOUNCE from d609cd9429f593ed\
2026-01-06 20:33:20.658 30357-30384 PacketProcessor         com.gap.droid                        D  Processing announce from d609cd9429f593ed\
2026-01-06 20:33:20.659 30357-30384 PacketRelayManager      com.gap.droid                        D  Evaluating relay for packet type 1 from d609cd9429f593ed (TTL: 6)\
2026-01-06 20:33:20.659 30357-30389 BluetoothMeshService    com.gap.droid                        D  Updating peer ID binding: 783232aaec6adfa8 (was: null) with nickname: anon2891 and public key: f6b0fa968c4a1e2e...\
2026-01-06 20:33:20.659 30357-30384 PacketRelayManager      com.gap.droid                        D  Decremented TTL from 6 to 5\
2026-01-06 20:33:20.659 30357-30384 PacketRelayManager      com.gap.droid                        D  High TTL (5), relaying\
2026-01-06 20:33:20.659 30357-30389 PeerManager             com.gap.droid                        D  Updated peer: 783232aaec6adfa8 (anon2891)\
2026-01-06 20:33:20.659 30357-30384 PacketRelayManager      com.gap.droid                        D  \uc0\u55357 \u56580  Relaying packet type 1 with TTL 5\
2026-01-06 20:33:20.660 30357-30384 FragmentManager         com.gap.droid                        D  \uc0\u55357 \u56576  Creating fragments for packet type 1, payload: 88 bytes\
2026-01-06 20:33:20.660 30357-30384 FragmentManager         com.gap.droid                        D  \uc0\u55357 \u56550  Encoded to 256 bytes\
2026-01-06 20:33:20.660 30357-30384 FragmentManager         com.gap.droid                        D  \uc0\u55357 \u56527  Unpadded to 174 bytes\
2026-01-06 20:33:20.661 30357-30384 PacketProcessor         com.gap.droid                        D  Completed packet type 1 from d609cd9429f593ed\
2026-01-06 20:33:20.661 30357-30389 PeerFingerprintManager  com.gap.droid                        D  Stored fingerprint for peer 783232aaec6adfa8: 783232aaec6adfa8...\
2026-01-06 20:33:20.662 30357-30389 BluetoothMeshService    com.gap.droid                        D  Updated peer ID binding: 783232aaec6adfa8 (was: null), fingerprint: 783232aaec6adfa8...\
2026-01-06 20:33:20.662 30357-30389 MessageHandler          com.gap.droid                        D  \uc0\u9989  Processed verified TLV announce: stored identity for 783232aaec6adfa8\
2026-01-06 20:33:20.662 30357-30390 BluetoothP...roadcaster com.gap.droid                        I  Broadcasting packet type 1 to 1 server + 1 client connections\
2026-01-06 20:33:20.662 30357-30390 BluetoothP...roadcaster com.gap.droid                        D  Skipping broadcast to client back to relayer: 41:D7:4B:D6:02:9A\
2026-01-06 20:33:20.695 30357-30385 EncryptionService       com.gap.droid                        D  \uc0\u9989  Ed25519 signature verification: true\
2026-01-06 20:33:20.696 30357-30385 MessageHandler          com.gap.droid                        D  \uc0\u9989  Verified announce from d609cd9429f593ed: nickname=anon6956, noisePublicKey=c47f7c83c539339b..., signingPublicKey=b2b2dab651df968b...\
2026-01-06 20:33:20.697 30357-30385 PeerManager             com.gap.droid                        D  \uc0\u55356 \u56725  New verified peer: anon6956 (d609cd9429f593ed)\
2026-01-06 20:33:20.699 30357-30385 BluetoothMeshService    com.gap.droid                        D  Updating peer ID binding: d609cd9429f593ed (was: null) with nickname: anon6956 and public key: c47f7c83c539339b...\
2026-01-06 20:33:20.699 30357-30357 NotificationManager     com.gap.droid                        D  Skipping notification - app in foreground or it has been less than 5 minutes since last active peer notification\
2026-01-06 20:33:20.699 30357-30385 PeerManager             com.gap.droid                        D  Updated peer: d609cd9429f593ed (anon6956)\
2026-01-06 20:33:20.700 30357-30385 PeerFingerprintManager  com.gap.droid                        D  Stored fingerprint for peer d609cd9429f593ed: d609cd9429f593ed...\
2026-01-06 20:33:20.700 30357-30385 BluetoothMeshService    com.gap.droid                        D  Updated peer ID binding: d609cd9429f593ed (was: null), fingerprint: d609cd9429f593ed...\
2026-01-06 20:33:20.700 30357-30385 MessageHandler          com.gap.droid                        D  \uc0\u9989  Processed verified TLV announce: stored identity for d609cd9429f593ed\
2026-01-06 20:33:20.808 30357-30399 BluetoothG...verManager com.gap.droid                        I  Server: Received packet from 41:D7:4B:D6:02:9A, size: 256 bytes\
2026-01-06 20:33:20.808 30357-30399 BluetoothG...verManager com.gap.droid                        D  Server: Parsed packet type 1 from 9a1ee4341423cb59\
2026-01-06 20:33:20.809 30357-30399 BluetoothC...ionManager com.gap.droid                        D  onPacketReceived: Packet received from 41:D7:4B:D6:02:9A (9a1ee4341423cb59)\
2026-01-06 20:33:20.809 30357-30399 PacketProcessor         com.gap.droid                        D  processPacket 1\
2026-01-06 20:33:20.811 30357-30385 PacketProcessor         com.gap.droid                        D  \uc0\u55356 \u57261  Created packet actor for peer: 9a1ee4341423cb59\
2026-01-06 20:33:20.813 30357-30390 PacketProcessor         com.gap.droid                        D  \uc0\u55357 \u56550  Processing packet type 1 from 9a1ee4341423cb59 (serialized)\
2026-01-06 20:33:20.831 30357-30385 MeshForegroundService   com.gap.droid                        D  Ensuring mesh service is started\
2026-01-06 20:33:20.832 30357-30385 BluetoothMeshService    com.gap.droid                        W  Mesh service already active, ignoring duplicate start request\
2026-01-06 20:33:20.887 30357-30390 EncryptionService       com.gap.droid                        D  \uc0\u9989  Ed25519 signature verification: true\
2026-01-06 20:33:20.888 30357-30390 SecurityManager         com.gap.droid                        D  Packet validation passed for 9a1ee4341423cb59, messageID: 1767749602471-9a1ee4341423cb59--1451812509\
2026-01-06 20:33:20.888 30357-30390 PacketProcessor         com.gap.droid                        D  Processing packet type ANNOUNCE from 9a1ee4341423cb59\
2026-01-06 20:33:20.888 30357-30390 PacketProcessor         com.gap.droid                        D  Processing announce from 9a1ee4341423cb59\
2026-01-06 20:33:20.890 30357-30390 PacketRelayManager      com.gap.droid                        D  Evaluating relay for packet type 1 from 9a1ee4341423cb59 (TTL: 5)\
2026-01-06 20:33:20.890 30357-30390 PacketRelayManager      com.gap.droid                        D  Decremented TTL from 5 to 4\
2026-01-06 20:33:20.890 30357-30390 PacketRelayManager      com.gap.droid                        D  High TTL (4), relaying\
2026-01-06 20:33:20.890 30357-30390 PacketRelayManager      com.gap.droid                        D  \uc0\u55357 \u56580  Relaying packet type 1 with TTL 4\
2026-01-06 20:33:20.890 30357-30390 FragmentManager         com.gap.droid                        D  \uc0\u55357 \u56576  Creating fragments for packet type 1, payload: 88 bytes\
2026-01-06 20:33:20.891 30357-30390 FragmentManager         com.gap.droid                        D  \uc0\u55357 \u56550  Encoded to 256 bytes\
2026-01-06 20:33:20.891 30357-30390 FragmentManager         com.gap.droid                        D  \uc0\u55357 \u56527  Unpadded to 174 bytes\
2026-01-06 20:33:20.892 30357-30390 PacketProcessor         com.gap.droid                        D  Completed packet type 1 from 9a1ee4341423cb59\
2026-01-06 20:33:20.894 30357-30389 BluetoothP...roadcaster com.gap.droid                        I  Broadcasting packet type 1 to 1 server + 1 client connections\
2026-01-06 20:33:20.894 30357-30389 BluetoothP...roadcaster com.gap.droid                        D  Skipping broadcast to client back to relayer: 41:D7:4B:D6:02:9A\
2026-01-06 20:33:20.926 30357-30385 EncryptionService       com.gap.droid                        D  \uc0\u9989  Ed25519 signature verification: true\
2026-01-06 20:33:20.927 30357-30385 MessageHandler          com.gap.droid                        D  \uc0\u9989  Verified announce from 9a1ee4341423cb59: nickname=anon8764, noisePublicKey=bab65cfaf8ba8df3..., signingPublicKey=6b74302f42694598...\
2026-01-06 20:33:20.928 30357-30385 PeerManager             com.gap.droid                        D  \uc0\u55356 \u56725  New verified peer: anon8764 (9a1ee4341423cb59)\
2026-01-06 20:33:20.929 30357-30385 BluetoothMeshService    com.gap.droid                        D  Updating peer ID binding: 9a1ee4341423cb59 (was: null) with nickname: anon8764 and public key: bab65cfaf8ba8df3...\
2026-01-06 20:33:20.929 30357-30357 NotificationManager     com.gap.droid                        D  Skipping notification - app in foreground or it has been less than 5 minutes since last active peer notification\
2026-01-06 20:33:20.929 30357-30385 PeerManager             com.gap.droid                        D  Updated peer: 9a1ee4341423cb59 (anon8764)\
2026-01-06 20:33:20.930 30357-30385 PeerFingerprintManager  com.gap.droid                        D  Stored fingerprint for peer 9a1ee4341423cb59: 9a1ee4341423cb59...\
2026-01-06 20:33:20.931 30357-30385 BluetoothMeshService    com.gap.droid                        D  Updated peer ID binding: 9a1ee4341423cb59 (was: null), fingerprint: 9a1ee4341423cb59...\
2026-01-06 20:33:20.931 30357-30385 MessageHandler          com.gap.droid                        D  \uc0\u9989  Processed verified TLV announce: stored identity for 9a1ee4341423cb59\
2026-01-06 20:33:21.004 30357-30399 BluetoothG...verManager com.gap.droid                        I  Server: Received packet from 41:D7:4B:D6:02:9A, size: 256 bytes\
2026-01-06 20:33:21.005 30357-30399 BluetoothG...verManager com.gap.droid                        D  Server: Parsed packet type 2 from d609cd9429f593ed\
2026-01-06 20:33:21.005 30357-30399 BluetoothC...ionManager com.gap.droid                        D  onPacketReceived: Packet received from 41:D7:4B:D6:02:9A (d609cd9429f593ed)\
2026-01-06 20:33:21.006 30357-30399 PacketProcessor         com.gap.droid                        D  processPacket 2\
2026-01-06 20:33:21.010 30357-30389 PacketProcessor         com.gap.droid                        D  \uc0\u55357 \u56550  Processing packet type 2 from d609cd9429f593ed (anon6956) (serialized)\
2026-01-06 20:33:21.060 30357-30389 EncryptionService       com.gap.droid                        D  \uc0\u9989  Ed25519 signature verification: true\
2026-01-06 20:33:21.061 30357-30389 SecurityManager         com.gap.droid                        D  Packet validation passed for d609cd9429f593ed, messageID: 1767749602747-d609cd9429f593ed-98339\
2026-01-06 20:33:21.061 30357-30389 PacketProcessor         com.gap.droid                        D  Processing packet type MESSAGE from d609cd9429f593ed (anon6956)\
2026-01-06 20:33:21.061 30357-30389 PacketProcessor         com.gap.droid                        D  Processing message from d609cd9429f593ed (anon6956)\
2026-01-06 20:33:21.063 30357-30390 MessageHandler          com.gap.droid                        D  Received message from anon6956\
2026-01-06 20:33:21.063 30357-30390 PeerManager             com.gap.droid                        D  Updated peer: d609cd9429f593ed (anon6956)\
2026-01-06 20:33:21.063 30357-30389 PacketRelayManager      com.gap.droid                        D  Evaluating relay for packet type 2 from d609cd9429f593ed (TTL: 6)\
2026-01-06 20:33:21.063 30357-30389 PacketRelayManager      com.gap.droid                        D  Decremented TTL from 6 to 5\
2026-01-06 20:33:21.063 30357-30389 PacketRelayManager      com.gap.droid                        D  High TTL (5), relaying\
2026-01-06 20:33:21.063 30357-30389 PacketRelayManager      com.gap.droid                        D  \uc0\u55357 \u56580  Relaying packet type 2 with TTL 5\
2026-01-06 20:33:21.063 30357-30389 FragmentManager         com.gap.droid                        D  \uc0\u55357 \u56576  Creating fragments for packet type 2, payload: 3 bytes\
2026-01-06 20:33:21.064 30357-30390 BitchatFilePacket       com.gap.droid                        D  \uc0\u55357 \u56580  Decoding 3 bytes\
2026-01-06 20:33:21.064 30357-30389 FragmentManager         com.gap.droid                        D  \uc0\u55357 \u56550  Encoded to 256 bytes\
2026-01-06 20:33:21.064 30357-30389 FragmentManager         com.gap.droid                        D  \uc0\u55357 \u56527  Unpadded to 89 bytes\
2026-01-06 20:33:21.065 30357-30389 PacketProcessor         com.gap.droid                        D  Completed packet type 2 from d609cd9429f593ed (anon6956)\
2026-01-06 20:33:21.066 30357-30389 BluetoothP...roadcaster com.gap.droid                        I  Broadcasting packet type 2 to 1 server + 1 client connections\
2026-01-06 20:33:21.066 30357-30389 BluetoothP...roadcaster com.gap.droid                        D  Skipping broadcast to client back to relayer: 41:D7:4B:D6:02:9A\
2026-01-06 20:33:21.094 30357-30357 Choreographer           com.gap.droid                        I  Skipped 1 frames!  The application may be doing too much work on its main thread.\
2026-01-06 20:33:21.100 30357-30399 BluetoothG...verManager com.gap.droid                        I  Server: Received packet from 41:D7:4B:D6:02:9A, size: 256 bytes\
2026-01-06 20:33:21.100 30357-30399 BluetoothG...verManager com.gap.droid                        D  Server: Parsed packet type 1 from d609cd9429f593ed\
2026-01-06 20:33:21.100 30357-30399 BluetoothC...ionManager com.gap.droid                        D  onPacketReceived: Packet received from 41:D7:4B:D6:02:9A (d609cd9429f593ed)\
2026-01-06 20:33:21.101 30357-30399 PacketProcessor         com.gap.droid                        D  processPacket 1\
2026-01-06 20:33:21.102 30357-30381 PacketProcessor         com.gap.droid                        D  \uc0\u55357 \u56550  Processing packet type 1 from d609cd9429f593ed (anon6956) (serialized)\
2026-01-06 20:33:21.130 30357-30357 Choreographer           com.gap.droid                        I  Skipped 1 frames!  The application may be doing too much work on its main thread.\
2026-01-06 20:33:21.132 30357-30381 EncryptionService       com.gap.droid                        D  \uc0\u9989  Ed25519 signature verification: true\
2026-01-06 20:33:21.132 30357-30381 SecurityManager         com.gap.droid                        D  Packet validation passed for d609cd9429f593ed, messageID: 1767749602792-d609cd9429f593ed-394789133\
2026-01-06 20:33:21.132 30357-30381 PacketProcessor         com.gap.droid                        D  Processing packet type ANNOUNCE from d609cd9429f593ed (anon6956)\
2026-01-06 20:33:21.133 30357-30381 PacketProcessor         com.gap.droid                        D  Processing announce from d609cd9429f593ed (anon6956)\
2026-01-06 20:33:21.133 30357-30381 PacketRelayManager      com.gap.droid                        D  Evaluating relay for packet type 1 from d609cd9429f593ed (TTL: 6)\
2026-01-06 20:33:21.134 30357-30381 PacketRelayManager      com.gap.droid                        D  Decremented TTL from 6 to 5\
2026-01-06 20:33:21.134 30357-30381 PacketRelayManager      com.gap.droid                        D  High TTL (5), relaying\
2026-01-06 20:33:21.134 30357-30381 PacketRelayManager      com.gap.droid                        D  \uc0\u55357 \u56580  Relaying packet type 1 with TTL 5\
2026-01-06 20:33:21.134 30357-30381 FragmentManager         com.gap.droid                        D  \uc0\u55357 \u56576  Creating fragments for packet type 1, payload: 96 bytes\
2026-01-06 20:33:21.134 30357-30381 FragmentManager         com.gap.droid                        D  \uc0\u55357 \u56550  Encoded to 256 bytes\
2026-01-06 20:33:21.135 30357-30381 FragmentManager         com.gap.droid                        D  \uc0\u55357 \u56527  Unpadded to 182 bytes\
2026-01-06 20:33:21.136 30357-30381 PacketProcessor         com.gap.droid                        D  Completed packet type 1 from d609cd9429f593ed (anon6956)\
2026-01-06 20:33:21.138 30357-30390 BluetoothP...roadcaster com.gap.droid                        I  Broadcasting packet type 1 to 1 server + 1 client connections\
2026-01-06 20:33:21.138 30357-30390 BluetoothP...roadcaster com.gap.droid                        D  Skipping broadcast to client back to relayer: 41:D7:4B:D6:02:9A\
2026-01-06 20:33:21.154 30357-30389 EncryptionService       com.gap.droid                        D  \uc0\u9989  Ed25519 signature verification: true\
2026-01-06 20:33:21.155 30357-30389 MessageHandler          com.gap.droid                        D  \uc0\u9989  Verified announce from d609cd9429f593ed: nickname=anon6956, noisePublicKey=c47f7c83c539339b..., signingPublicKey=b2b2dab651df968b...\
2026-01-06 20:33:21.155 30357-30389 PeerManager             com.gap.droid                        D  \uc0\u55357 \u56580  Updated verified peer: anon6956 (d609cd9429f593ed)\
2026-01-06 20:33:21.155 30357-30389 BluetoothMeshService    com.gap.droid                        D  Updating peer ID binding: d609cd9429f593ed (was: null) with nickname: anon6956 and public key: c47f7c83c539339b...\
2026-01-06 20:33:21.156 30357-30389 PeerManager             com.gap.droid                        D  Updated peer: d609cd9429f593ed (anon6956)\
2026-01-06 20:33:21.156 30357-30389 PeerFingerprintManager  com.gap.droid                        D  Stored fingerprint for peer d609cd9429f593ed: d609cd9429f593ed...\
2026-01-06 20:33:21.157 30357-30389 BluetoothMeshService    com.gap.droid                        D  Updated peer ID binding: d609cd9429f593ed (was: null), fingerprint: d609cd9429f593ed...\
2026-01-06 20:33:21.157 30357-30389 MessageHandler          com.gap.droid                        D  \uc0\u9989  Processed verified TLV announce: stored identity for d609cd9429f593ed\
2026-01-06 20:33:21.346 30357-30399 BluetoothG...verManager com.gap.droid                        I  Server: Received packet from 41:D7:4B:D6:02:9A, size: 256 bytes\
2026-01-06 20:33:21.347 30357-30399 BluetoothG...verManager com.gap.droid                        D  Server: Parsed packet type 1 from 9a1ee4341423cb59\
2026-01-06 20:33:21.347 30357-30399 BluetoothC...ionManager com.gap.droid                        D  onPacketReceived: Packet received from 41:D7:4B:D6:02:9A (9a1ee4341423cb59)\
2026-01-06 20:33:21.349 30357-30399 PacketProcessor         com.gap.droid                        D  processPacket 1\
2026-01-06 20:33:21.352 30357-30389 PacketProcessor         com.gap.droid                        D  \uc0\u55357 \u56550  Processing packet type 1 from 9a1ee4341423cb59 (anon8764) (serialized)\
2026-01-06 20:33:21.433 30357-30389 EncryptionService       com.gap.droid                        D  \uc0\u9989  Ed25519 signature verification: true\
2026-01-06 20:33:21.433 30357-30389 SecurityManager         com.gap.droid                        D  Packet validation passed for 9a1ee4341423cb59, messageID: 1767749602956-9a1ee4341423cb59--1451812509\
2026-01-06 20:33:21.433 30357-30389 PacketProcessor         com.gap.droid                        D  Processing packet type ANNOUNCE from 9a1ee4341423cb59 (anon8764)\
2026-01-06 20:33:21.433 30357-30389 PacketProcessor         com.gap.droid                        D  Processing announce from 9a1ee4341423cb59 (anon8764)\
2026-01-06 20:33:21.435 30357-30389 PacketRelayManager      com.gap.droid                        D  Evaluating relay for packet type 1 from 9a1ee4341423cb59 (TTL: 5)\
2026-01-06 20:33:21.435 30357-30389 PacketRelayManager      com.gap.droid                        D  Decremented TTL from 5 to 4\
2026-01-06 20:33:21.435 30357-30389 PacketRelayManager      com.gap.droid                        D  High TTL (4), relaying\
2026-01-06 20:33:21.435 30357-30389 PacketRelayManager      com.gap.droid                        D  \uc0\u55357 \u56580  Relaying packet type 1 with TTL 4\
2026-01-06 20:33:21.435 30357-30389 FragmentManager         com.gap.droid                        D  \uc0\u55357 \u56576  Creating fragments for packet type 1, payload: 88 bytes\
2026-01-06 20:33:21.435 30357-30389 FragmentManager         com.gap.droid                        D  \uc0\u55357 \u56550  Encoded to 256 bytes\
2026-01-06 20:33:21.436 30357-30389 FragmentManager         com.gap.droid                        D  \uc0\u55357 \u56527  Unpadded to 174 bytes\
2026-01-06 20:33:21.437 30357-30389 PacketProcessor         com.gap.droid                        D  Completed packet type 1 from 9a1ee4341423cb59 (anon8764)\
2026-01-06 20:33:21.438 30357-30381 BluetoothP...roadcaster com.gap.droid                        I  Broadcasting packet type 1 to 1 server + 1 client connections\
2026-01-06 20:33:21.439 30357-30381 BluetoothP...roadcaster com.gap.droid                        D  Skipping broadcast to client back to relayer: 41:D7:4B:D6:02:9A\
2026-01-06 20:33:21.468 30357-30385 EncryptionService       com.gap.droid                        D  \uc0\u9989  Ed25519 signature verification: true\
2026-01-06 20:33:21.468 30357-30385 MessageHandler          com.gap.droid                        D  \uc0\u9989  Verified announce from 9a1ee4341423cb59: nickname=anon8764, noisePublicKey=bab65cfaf8ba8df3..., signingPublicKey=6b74302f42694598...\
