2026-01-06 19:08:26.038 12950-12976 BluetoothMeshService    com.gap.droid                        D  Updated peer ID binding: e5f62181a9a53bf9 (was: null), fingerprint: e5f62181a9a53bf9...\
2026-01-06 19:08:26.038 12950-12976 MessageHandler          com.gap.droid                        D  \uc0\u9989  Processed verified TLV announce: stored identity for e5f62181a9a53bf9\
2026-01-06 19:08:26.046 12950-13092 BluetoothG...verManager com.gap.droid                        I  Server: Received packet from 5D:35:93:E2:B3:F3, size: 256 bytes\
2026-01-06 19:08:26.047 12950-13092 BluetoothG...verManager com.gap.droid                        D  Server: Parsed packet type 1 from 5e33e195012786fa\
2026-01-06 19:08:26.048 12950-13092 BluetoothC...ionManager com.gap.droid                        D  onPacketReceived: Packet received from 5D:35:93:E2:B3:F3 (5e33e195012786fa)\
2026-01-06 19:08:26.048 12950-13092 PacketProcessor         com.gap.droid                        D  processPacket 1\
2026-01-06 19:08:26.050 12950-12976 PacketProcessor         com.gap.droid                        D  \uc0\u55357 \u56550  Processing packet type 1 from 5e33e195012786fa (anon4648) (serialized)\
2026-01-06 19:08:26.050 12950-12976 SecurityManager         com.gap.droid                        D  Dropping duplicate packet: 1767744440455-5e33e195012786fa--705028880\
2026-01-06 19:08:26.050 12950-12976 PacketProcessor         com.gap.droid                        D  Packet failed security validation from 5e33e195012786fa (anon4648)\
2026-01-06 19:08:26.050 12950-12976 PacketProcessor         com.gap.droid                        D  Completed packet type 1 from 5e33e195012786fa (anon4648)\
2026-01-06 19:08:26.079 12950-12978 EncryptionService       com.gap.droid                        D  \uc0\u9989  Ed25519 signature verification: true\
2026-01-06 19:08:26.081 12950-12978 MessageHandler          com.gap.droid                        D  \uc0\u9989  Verified announce from e5f62181a9a53bf9: nickname=anon8764, noisePublicKey=fb036b89f840f616..., signingPublicKey=5f0c2ec599b20542...\
2026-01-06 19:08:26.082 12950-12978 PeerManager             com.gap.droid                        D  \uc0\u55357 \u56580  Updated verified peer: anon8764 (e5f62181a9a53bf9)\
2026-01-06 19:08:26.083 12950-12978 BluetoothMeshService    com.gap.droid                        D  Updating peer ID binding: e5f62181a9a53bf9 (was: null) with nickname: anon8764 and public key: fb036b89f840f616...\
2026-01-06 19:08:26.083 12950-12978 PeerManager             com.gap.droid                        D  Updated peer: e5f62181a9a53bf9 (anon8764)\
2026-01-06 19:08:26.086 12950-12978 PeerFingerprintManager  com.gap.droid                        D  Stored fingerprint for peer e5f62181a9a53bf9: e5f62181a9a53bf9...\
2026-01-06 19:08:26.088 12950-12978 BluetoothMeshService    com.gap.droid                        D  Updated peer ID binding: e5f62181a9a53bf9 (was: null), fingerprint: e5f62181a9a53bf9...\
2026-01-06 19:08:26.088 12950-12978 MessageHandler          com.gap.droid                        D  \uc0\u9989  Processed verified TLV announce: stored identity for e5f62181a9a53bf9\
2026-01-06 19:08:26.098 12950-13092 BluetoothG...verManager com.gap.droid                        I  Server: Received packet from 45:BA:73:AF:7C:1E, size: 512 bytes\
2026-01-06 19:08:26.099 12950-13092 BluetoothG...verManager com.gap.droid                        D  Server: Parsed packet type 32 from b233b2819085bf73\
2026-01-06 19:08:26.099 12950-13092 BluetoothC...ionManager com.gap.droid                        D  onPacketReceived: Packet received from 45:BA:73:AF:7C:1E (b233b2819085bf73)\
2026-01-06 19:08:26.143 12950-13092 BluetoothG...verManager com.gap.droid                        I  Server: Received packet from 66:2A:EA:66:BC:22, size: 512 bytes\
2026-01-06 19:08:26.145 12950-13092 BluetoothG...verManager com.gap.droid                        D  Server: Parsed packet type 32 from b233b2819085bf73\
2026-01-06 19:08:26.145 12950-13092 BluetoothC...ionManager com.gap.droid                        D  onPacketReceived: Packet received from 66:2A:EA:66:BC:22 (b233b2819085bf73)\
2026-01-06 19:08:26.175 12950-13092 BluetoothG...verManager com.gap.droid                        I  Server: Received packet from 66:2A:EA:66:BC:22, size: 164 bytes\
2026-01-06 19:08:26.178 12950-13092 BluetoothG...verManager com.gap.droid                        D  Server: Parsed packet type 1 from 04f4812dfdeb3635\
2026-01-06 19:08:26.178 12950-13092 BluetoothC...ionManager com.gap.droid                        D  onPacketReceived: Packet received from 66:2A:EA:66:BC:22 (04f4812dfdeb3635)\
2026-01-06 19:08:26.180 12950-13092 PacketProcessor         com.gap.droid                        D  processPacket 1\
2026-01-06 19:08:26.183 12950-12978 PacketProcessor         com.gap.droid                        D  \uc0\u55357 \u56550  Processing packet type 1 from 04f4812dfdeb3635 (anon9120) (serialized)\
2026-01-06 19:08:26.183 12950-13092 BluetoothG...verManager com.gap.droid                        I  Server: Received packet from 66:2A:EA:66:BC:22, size: 182 bytes\
2026-01-06 19:08:26.183 12950-12978 SecurityManager         com.gap.droid                        D  Dropping duplicate packet: 1767744502984-04f4812dfdeb3635-272905753\
2026-01-06 19:08:26.183 12950-12978 PacketProcessor         com.gap.droid                        D  Packet failed security validation from 04f4812dfdeb3635 (anon9120)\
2026-01-06 19:08:26.183 12950-12978 PacketProcessor         com.gap.droid                        D  Completed packet type 1 from 04f4812dfdeb3635 (anon9120)\
2026-01-06 19:08:26.184 12950-13092 BluetoothG...verManager com.gap.droid                        D  Server: Parsed packet type 1 from d609cd9429f593ed\
2026-01-06 19:08:26.185 12950-13092 BluetoothC...ionManager com.gap.droid                        D  onPacketReceived: Packet received from 66:2A:EA:66:BC:22 (d609cd9429f593ed)\
2026-01-06 19:08:26.185 12950-13092 PacketProcessor         com.gap.droid                        D  processPacket 1\
2026-01-06 19:08:26.187 12950-12974 PacketProcessor         com.gap.droid                        D  \uc0\u55357 \u56550  Processing packet type 1 from d609cd9429f593ed (anon6956) (serialized)\
2026-01-06 19:08:26.188 12950-12974 SecurityManager         com.gap.droid                        D  Dropping duplicate packet: 1767744505169-d609cd9429f593ed-394789133\
2026-01-06 19:08:26.188 12950-12974 PacketProcessor         com.gap.droid                        D  Packet failed security validation from d609cd9429f593ed (anon6956)\
2026-01-06 19:08:26.188 12950-12974 PacketProcessor         com.gap.droid                        D  Completed packet type 1 from d609cd9429f593ed (anon6956)\
2026-01-06 19:08:26.241 12950-13092 BluetoothG...verManager com.gap.droid                        I  Server: Received packet from 5D:35:93:E2:B3:F3, size: 256 bytes\
2026-01-06 19:08:26.242 12950-13092 BluetoothG...verManager com.gap.droid                        D  Server: Parsed packet type 2 from 04f4812dfdeb3635\
2026-01-06 19:08:26.242 12950-13092 BluetoothC...ionManager com.gap.droid                        D  onPacketReceived: Packet received from 5D:35:93:E2:B3:F3 (04f4812dfdeb3635)\
2026-01-06 19:08:26.243 12950-13092 PacketProcessor         com.gap.droid                        D  processPacket 2\
2026-01-06 19:08:26.246 12950-12973 PacketProcessor         com.gap.droid                        D  \uc0\u55357 \u56550  Processing packet type 2 from 04f4812dfdeb3635 (anon9120) (serialized)\
2026-01-06 19:08:26.283 12950-12973 EncryptionService       com.gap.droid                        D  \uc0\u9989  Ed25519 signature verification: true\
2026-01-06 19:08:26.283 12950-12973 SecurityManager         com.gap.droid                        D  Packet validation passed for 04f4812dfdeb3635, messageID: 1767743398970-04f4812dfdeb3635-131077\
2026-01-06 19:08:26.283 12950-12973 PacketProcessor         com.gap.droid                        D  Processing packet type MESSAGE from 04f4812dfdeb3635 (anon9120)\
2026-01-06 19:08:26.284 12950-12973 PacketProcessor         com.gap.droid                        D  Processing message from 04f4812dfdeb3635 (anon9120)\
2026-01-06 19:08:26.285 12950-12973 PacketRelayManager      com.gap.droid                        D  Evaluating relay for packet type 2 from 04f4812dfdeb3635 (TTL: 0)\
2026-01-06 19:08:26.285 12950-12978 MessageHandler          com.gap.droid                        D  Received message from anon9120\
2026-01-06 19:08:26.285 12950-12973 PacketRelayManager      com.gap.droid                        D  TTL expired, not relaying packet\
2026-01-06 19:08:26.285 12950-12973 PacketProcessor         com.gap.droid                        D  Completed packet type 2 from 04f4812dfdeb3635 (anon9120)\
2026-01-06 19:08:26.286 12950-12978 PeerManager             com.gap.droid                        D  Updated peer: 04f4812dfdeb3635 (anon9120)\
2026-01-06 19:08:26.286 12950-12978 BitchatFilePacket       com.gap.droid                        D  \uc0\u55357 \u56580  Decoding 3 bytes\
2026-01-06 19:08:26.291 12950-12950 Vibrator                com.gap.droid                        V  Called vibrate(int, String, VibrationEffect, AudioAttributes) API - PUID: 10253, PackageName: com.gap.droid\
2026-01-06 19:08:26.291 12950-12950 Vibrator                com.gap.droid                        V  semVibrate - PUID: 10253, PackageName: com.gap.droid, token: android.os.Binder@4c3bfa6, effect: OneShot\{mTiming=50, mAmplitude=-1\}, AudioAttr: null, Mag: -1, TYPE_EXTRA\
2026-01-06 19:08:26.307 12950-13092 BluetoothGattServer     com.gap.droid                        D  onServerConnectionState() - status=0 serverIf=6 device=51:CA:FD:EB:38:6B\
2026-01-06 19:08:26.308 12950-13092 BluetoothG...verManager com.gap.droid                        I  Server: Device disconnected 51:CA:FD:EB:38:6B\
2026-01-06 19:08:26.308 12950-13092 BluetoothC...ionTracker com.gap.droid                        D  Cleaned up device connection for 51:CA:FD:EB:38:6B\
2026-01-06 19:08:26.308 12950-13092 BluetoothMeshService    com.gap.droid                        D  Device disconnected: 51:CA:FD:EB:38:6B\
2026-01-06 19:08:26.314 12950-13092 BluetoothGatt           com.gap.droid                        D  onClientConnectionState() - status=133 clientIf=10 device=51:CA:FD:EB:38:6B\
2026-01-06 19:08:26.315 12950-13092 BluetoothG...entManager com.gap.droid                        D  Client: Connection state change - Device: 51:CA:FD:EB:38:6B, Status: 133, NewState: 0\
2026-01-06 19:08:26.315 12950-13092 BluetoothG...entManager com.gap.droid                        W  Client: Disconnected from 51:CA:FD:EB:38:6B with error status 133\
2026-01-06 19:08:26.315 12950-13092 BluetoothMeshService    com.gap.droid                        D  Device disconnected: 51:CA:FD:EB:38:6B\
2026-01-06 19:08:26.337 12950-13092 BluetoothG...verManager com.gap.droid                        I  Server: Received packet from 5D:35:93:E2:B3:F3, size: 256 bytes\
2026-01-06 19:08:26.338 12950-13092 BluetoothG...verManager com.gap.droid                        D  Server: Parsed packet type 2 from 04f4812dfdeb3635\
2026-01-06 19:08:26.338 12950-13092 BluetoothC...ionManager com.gap.droid                        D  onPacketReceived: Packet received from 5D:35:93:E2:B3:F3 (04f4812dfdeb3635)\
2026-01-06 19:08:26.338 12950-13092 PacketProcessor         com.gap.droid                        D  processPacket 2\
2026-01-06 19:08:26.339 12950-12978 PacketProcessor         com.gap.droid                        D  \uc0\u55357 \u56550  Processing packet type 2 from 04f4812dfdeb3635 (anon9120) (serialized)\
2026-01-06 19:08:26.378 12950-12978 EncryptionService       com.gap.droid                        D  \uc0\u9989  Ed25519 signature verification: true\
2026-01-06 19:08:26.379 12950-12978 SecurityManager         com.gap.droid                        D  Packet validation passed for 04f4812dfdeb3635, messageID: 1767743425585-04f4812dfdeb3635-4597755\
2026-01-06 19:08:26.379 12950-12978 PacketProcessor         com.gap.droid                        D  Processing packet type MESSAGE from 04f4812dfdeb3635 (anon9120)\
2026-01-06 19:08:26.379 12950-12978 PacketProcessor         com.gap.droid                        D  Processing message from 04f4812dfdeb3635 (anon9120)\
2026-01-06 19:08:26.380 12950-12973 MessageHandler          com.gap.droid                        D  Received message from anon9120\
2026-01-06 19:08:26.380 12950-12950 zygote64                com.gap.droid                        I  Deoptimizing java.lang.Object b1.i.j(java.lang.Object) due to JIT inline cache\
2026-01-06 19:08:26.380 12950-12973 PeerManager             com.gap.droid                        D  Updated peer: 04f4812dfdeb3635 (anon9120)\
2026-01-06 19:08:26.380 12950-12973 BitchatFilePacket       com.gap.droid                        D  \uc0\u55357 \u56580  Decoding 4 bytes\
2026-01-06 19:08:26.383 12950-12950 zygote64                com.gap.droid                        I  Deoptimizing void x3.o.i(x3.o, v2.o, long, v2.f0, i4.l, x2.e) due to JIT inline cache\
2026-01-06 19:08:26.382 12950-12978 PacketRelayManager      com.gap.droid                        D  Evaluating relay for packet type 2 from 04f4812dfdeb3635 (TTL: 0)\
2026-01-06 19:08:26.384 12950-12978 PacketRelayManager      com.gap.droid                        D  TTL expired, not relaying packet\
2026-01-06 19:08:26.384 12950-12978 PacketProcessor         com.gap.droid                        D  Completed packet type 2 from 04f4812dfdeb3635 (anon9120)\
2026-01-06 19:08:26.398 12950-12950 Vibrator                com.gap.droid                        V  Called vibrate(int, String, VibrationEffect, AudioAttributes) API - PUID: 10253, PackageName: com.gap.droid\
2026-01-06 19:08:26.398 12950-12950 Vibrator                com.gap.droid                        V  semVibrate - PUID: 10253, PackageName: com.gap.droid, token: android.os.Binder@4c3bfa6, effect: OneShot\{mTiming=50, mAmplitude=-1\}, AudioAttr: null, Mag: -1, TYPE_EXTRA\
2026-01-06 19:08:26.435 12950-13092 BluetoothG...verManager com.gap.droid                        I  Server: Received packet from 5D:35:93:E2:B3:F3, size: 256 bytes\
2026-01-06 19:08:26.436 12950-13092 BluetoothG...verManager com.gap.droid                        D  Server: Parsed packet type 2 from 5e33e195012786fa\
2026-01-06 19:08:26.437 12950-13092 BluetoothC...ionManager com.gap.droid                        D  onPacketReceived: Packet received from 5D:35:93:E2:B3:F3 (5e33e195012786fa)\
2026-01-06 19:08:26.437 12950-13092 PacketProcessor         com.gap.droid                        D  processPacket 2\
2026-01-06 19:08:26.439 12950-12978 PacketProcessor         com.gap.droid                        D  \uc0\u55357 \u56550  Processing packet type 2 from 5e33e195012786fa (anon4648) (serialized)\
2026-01-06 19:08:26.466 12950-12978 EncryptionService       com.gap.droid                        D  \uc0\u9989  Ed25519 signature verification: true\
2026-01-06 19:08:26.466 12950-12978 SecurityManager         com.gap.droid                        D  Packet validation passed for 5e33e195012786fa, messageID: 1767741771900-5e33e195012786fa-137015874\
2026-01-06 19:08:26.466 12950-12978 PacketProcessor         com.gap.droid                        D  Processing packet type MESSAGE from 5e33e195012786fa (anon4648)\
2026-01-06 19:08:26.466 12950-12978 PacketProcessor         com.gap.droid                        D  Processing message from 5e33e195012786fa (anon4648)\
2026-01-06 19:08:26.467 12950-12978 PacketRelayManager      com.gap.droid                        D  Evaluating relay for packet type 2 from 5e33e195012786fa (TTL: 0)\
2026-01-06 19:08:26.467 12950-12978 PacketRelayManager      com.gap.droid                        D  TTL expired, not relaying packet\
2026-01-06 19:08:26.467 12950-12978 PacketProcessor         com.gap.droid                        D  Completed packet type 2 from 5e33e195012786fa (anon4648)\
2026-01-06 19:08:26.468 12950-12978 MessageHandler          com.gap.droid                        D  Received message from anon4648\
2026-01-06 19:08:26.469 12950-12978 PeerManager             com.gap.droid                        D  Updated peer: 5e33e195012786fa (anon4648)\
2026-01-06 19:08:26.469 12950-12978 BitchatFilePacket       com.gap.droid                        D  \uc0\u55357 \u56580  Decoding 5 bytes\
2026-01-06 19:08:26.473 12950-12950 zygote64                com.gap.droid                        I  Deoptimizing void ob.f0.run() due to JIT inline cache\
2026-01-06 19:08:26.474 12950-12950 zygote64                com.gap.droid                        I  Deoptimizing void ob.d1.J(ob.t0, java.lang.Object) due to JIT inline cache\
2026-01-06 19:08:26.483 12950-12950 Vibrator                com.gap.droid                        V  Called vibrate(int, String, VibrationEffect, AudioAttributes) API - PUID: 10253, PackageName: com.gap.droid\
2026-01-06 19:08:26.483 12950-12950 Vibrator                com.gap.droid                        V  semVibrate - PUID: 10253, PackageName: com.gap.droid, token: android.os.Binder@4c3bfa6, effect: OneShot\{mTiming=50, mAmplitude=-1\}, AudioAttr: null, Mag: -1, TYPE_EXTRA\
2026-01-06 19:08:26.537 12950-13092 BluetoothG...verManager com.gap.droid                        I  Server: Received packet from 45:BA:73:AF:7C:1E, size: 256 bytes\
2026-01-06 19:08:26.538 12950-13092 BluetoothG...verManager com.gap.droid                        D  Server: Parsed packet type 1 from d609cd9429f593ed\
2026-01-06 19:08:26.538 12950-13092 BluetoothC...ionManager com.gap.droid                        D  onPacketReceived: Packet received from 45:BA:73:AF:7C:1E (d609cd9429f593ed)\
2026-01-06 19:08:26.538 12950-13092 PacketProcessor         com.gap.droid                        D  processPacket 1\
2026-01-06 19:08:26.541 12950-12978 PacketProcessor         com.gap.droid                        D  \uc0\u55357 \u56550  Processing packet type 1 from d609cd9429f593ed (anon6956) (serialized)\
2026-01-06 19:08:26.541 12950-12978 SecurityManager         com.gap.droid                        D  Dropping duplicate packet: 1767744504955-d609cd9429f593ed-394789133\
2026-01-06 19:08:26.541 12950-12978 PacketProcessor         com.gap.droid                        D  Packet failed security validation from d609cd9429f593ed (anon6956)\
2026-01-06 19:08:26.541 12950-12978 PacketProcessor         com.gap.droid                        D  Completed packet type 1 from d609cd9429f593ed (anon6956)\
2026-01-06 19:08:26.544 12950-13092 BluetoothG...verManager com.gap.droid                        I  Server: Received packet from 45:BA:73:AF:7C:1E, size: 256 bytes\
2026-01-06 19:08:26.544 12950-13092 BluetoothG...verManager com.gap.droid                        D  Server: Parsed packet type 1 from d609cd9429f593ed\
2026-01-06 19:08:26.544 12950-13092 BluetoothC...ionManager com.gap.droid                        D  onPacketReceived: Packet received from 45:BA:73:AF:7C:1E (d609cd9429f593ed)\
2026-01-06 19:08:26.544 12950-13092 PacketProcessor         com.gap.droid                        D  processPacket 1\
2026-01-06 19:08:26.546 12950-12973 PacketProcessor         com.gap.droid                        D  \uc0\u55357 \u56550  Processing packet type 1 from d609cd9429f593ed (anon6956) (serialized)\
2026-01-06 19:08:26.546 12950-12973 SecurityManager         com.gap.droid                        D  Dropping duplicate packet: 1767744505169-d609cd9429f593ed-394789133\
2026-01-06 19:08:26.547 12950-12973 PacketProcessor         com.gap.droid                        D  Packet failed security validation from d609cd9429f593ed (anon6956)\
2026-01-06 19:08:26.547 12950-12973 PacketProcessor         com.gap.droid                        D  Completed packet type 1 from d609cd9429f593ed (anon6956)\
2026-01-06 19:08:26.561 12950-12950 zygote64                com.gap.droid                        I  Deoptimizing boolean ob.d1.b() due to JIT inline cache\
2026-01-06 19:08:26.581 12950-13092 BluetoothG...verManager com.gap.droid                        I  Server: Received packet from 5D:35:93:E2:B3:F3, size: 256 bytes\
2026-01-06 19:08:26.581 12950-13092 BluetoothG...verManager com.gap.droid                        D  Server: Parsed packet type 2 from d609cd9429f593ed\
2026-01-06 19:08:26.581 12950-13092 BluetoothC...ionManager com.gap.droid                        D  onPacketReceived: Packet received from 5D:35:93:E2:B3:F3 (d609cd9429f593ed)\
2026-01-06 19:08:26.582 12950-13092 PacketProcessor         com.gap.droid                        D  processPacket 2\
2026-01-06 19:08:26.583 12950-12974 PacketProcessor         com.gap.droid                        D  \uc0\u55357 \u56550  Processing packet type 2 from d609cd9429f593ed (anon6956) (serialized)\
2026-01-06 19:08:26.613 12950-12974 EncryptionService       com.gap.droid                        D  \uc0\u9989  Ed25519 signature verification: true\
2026-01-06 19:08:26.613 12950-12974 SecurityManager         com.gap.droid                        D  Packet validation passed for d609cd9429f593ed, messageID: 1767741750732-d609cd9429f593ed-107463202\
2026-01-06 19:08:26.613 12950-12974 PacketProcessor         com.gap.droid                        D  Processing packet type MESSAGE from d609cd9429f593ed (anon6956)\
2026-01-06 19:08:26.613 12950-12974 PacketProcessor         com.gap.droid                        D  Processing message from d609cd9429f593ed (anon6956)\
2026-01-06 19:08:26.613 12950-12978 MessageHandler          com.gap.droid                        D  Received message from anon6956\
2026-01-06 19:08:26.614 12950-12974 PacketRelayManager      com.gap.droid                        D  Evaluating relay for packet type 2 from d609cd9429f593ed (TTL: 0)\
2026-01-06 19:08:26.614 12950-12974 PacketRelayManager      com.gap.droid                        D  TTL expired, not relaying packet\
2026-01-06 19:08:26.614 12950-12974 PacketProcessor         com.gap.droid                        D  Completed packet type 2 from d609cd9429f593ed (anon6956)\
2026-01-06 19:08:26.614 12950-12978 PeerManager             com.gap.droid                        D  Updated peer: d609cd9429f593ed (anon6956)\
2026-01-06 19:08:26.614 12950-12978 BitchatFilePacket       com.gap.droid                        D  \uc0\u55357 \u56580  Decoding 5 bytes\
2026-01-06 19:08:26.623 12950-12950 Vibrator                com.gap.droid                        V  Called vibrate(int, String, VibrationEffect, AudioAttributes) API - PUID: 10253, PackageName: com.gap.droid\
2026-01-06 19:08:26.623 12950-12950 Vibrator                com.gap.droid                        V  semVibrate - PUID: 10253, PackageName: com.gap.droid, token: android.os.Binder@4c3bfa6, effect: OneShot\{mTiming=50, mAmplitude=-1\}, AudioAttr: null, Mag: -1, TYPE_EXTRA\
2026-01-06 19:08:26.683 12950-13092 BluetoothG...verManager com.gap.droid                        D  Server: Parsed packet type 2 from 5e33e195012786fa\
2026-01-06 19:08:26.683 12950-13092 BluetoothC...ionManager com.gap.droid                        D  onPacketReceived: Packet received from 5D:35:93:E2:B3:F3 (5e33e195012786fa)\
2026-01-06 19:08:26.684 12950-13092 PacketProcessor         com.gap.droid                        D  processPacket 2\
2026-01-06 19:08:26.685 12950-12973 PacketProcessor         com.gap.droid                        D  \uc0\u55357 \u56550  Processing packet type 2 from 5e33e195012786fa (anon4648) (serialized)\
2026-01-06 19:08:26.701 12950-12973 EncryptionService       com.gap.droid                        D  \uc0\u9989  Ed25519 signature verification: true\
2026-01-06 19:08:26.701 12950-12973 SecurityManager         com.gap.droid                        D  Packet validation passed for 5e33e195012786fa, messageID: 1767741780387-5e33e195012786fa-94918298\
2026-01-06 19:08:26.701 12950-12973 PacketProcessor         com.gap.droid                        D  Processing packet type MESSAGE from 5e33e195012786fa (anon4648)\
2026-01-06 19:08:26.701 12950-12973 PacketProcessor         com.gap.droid                        D  Processing message from 5e33e195012786fa (anon4648)\
2026-01-06 19:08:26.702 12950-12974 MessageHandler          com.gap.droid                        D  Received message from anon4648\
2026-01-06 19:08:26.702 12950-12974 PeerManager             com.gap.droid                        D  Updated peer: 5e33e195012786fa (anon4648)\
2026-01-06 19:08:26.702 12950-12974 BitchatFilePacket       com.gap.droid                        D  \uc0\u55357 \u56580  Decoding 5 bytes\
2026-01-06 19:08:26.709 12950-12973 PacketRelayManager      com.gap.droid                        D  Evaluating relay for packet type 2 from 5e33e195012786fa (TTL: 0)\
2026-01-06 19:08:26.709 12950-12973 PacketRelayManager      com.gap.droid                        D  TTL expired, not relaying packet\
2026-01-06 19:08:26.709 12950-12973 PacketProcessor         com.gap.droid                        D  Completed packet type 2 from 5e33e195012786fa (anon4648)\
2026-01-06 19:08:26.710 12950-12950 Vibrator                com.gap.droid                        V  Called vibrate(int, String, VibrationEffect, AudioAttributes) API - PUID: 10253, PackageName: com.gap.droid\
2026-01-06 19:08:26.710 12950-12950 Vibrator                com.gap.droid                        V  semVibrate - PUID: 10253, PackageName: com.gap.droid, token: android.os.Binder@4c3bfa6, effect: OneShot\{mTiming=50, mAmplitude=-1\}, AudioAttr: null, Mag: -1, TYPE_EXTRA\
2026-01-06 19:08:26.819 12950-12973 BluetoothGatt           com.gap.droid                        D  close()\
2026-01-06 19:08:26.820 12950-12973 BluetoothGatt           com.gap.droid                        D  unregisterApp() - mClientIf=10\
2026-01-06 19:08:26.825 12950-13092 BluetoothG...verManager com.gap.droid                        I  Server: Received packet from 5D:35:93:E2:B3:F3, size: 256 bytes\
2026-01-06 19:08:26.826 12950-13092 BluetoothG...verManager com.gap.droid                        D  Server: Parsed packet type 2 from 5e33e195012786fa\
2026-01-06 19:08:26.826 12950-13092 BluetoothC...ionManager com.gap.droid                        D  onPacketReceived: Packet received from 5D:35:93:E2:B3:F3 (5e33e195012786fa)\
2026-01-06 19:08:26.828 12950-13092 PacketProcessor         com.gap.droid                        D  processPacket 2\
2026-01-06 19:08:26.830 12950-12974 PacketProcessor         com.gap.droid                        D  \uc0\u55357 \u56550  Processing packet type 2 from 5e33e195012786fa (anon4648) (serialized)\
2026-01-06 19:08:26.850 12950-12974 EncryptionService       com.gap.droid                        D  \uc0\u9989  Ed25519 signature verification: true\
2026-01-06 19:08:26.850 12950-12974 SecurityManager         com.gap.droid                        D  Packet validation passed for 5e33e195012786fa, messageID: 1767741916103-5e33e195012786fa-4172\
2026-01-06 19:08:26.850 12950-12974 PacketProcessor         com.gap.droid                        D  Processing packet type MESSAGE from 5e33e195012786fa (anon4648)\
2026-01-06 19:08:26.850 12950-12974 PacketProcessor         com.gap.droid                        D  Processing message from 5e33e195012786fa (anon4648)\
2026-01-06 19:08:26.851 12950-12973 MessageHandler          com.gap.droid                        D  Received message from anon4648\
2026-01-06 19:08:26.851 12950-12974 PacketRelayManager      com.gap.droid                        D  Evaluating relay for packet type 2 from 5e33e195012786fa (TTL: 0)\
2026-01-06 19:08:26.851 12950-12974 PacketRelayManager      com.gap.droid                        D  TTL expired, not relaying packet\
2026-01-06 19:08:26.851 12950-12974 PacketProcessor         com.gap.droid                        D  Completed packet type 2 from 5e33e195012786fa (anon4648)\
2026-01-06 19:08:26.851 12950-12973 PeerManager             com.gap.droid                        D  Updated peer: 5e33e195012786fa (anon4648)\
2026-01-06 19:08:26.851 12950-12973 BitchatFilePacket       com.gap.droid                        D  \uc0\u55357 \u56580  Decoding 2 bytes\
2026-01-06 19:08:26.853 12950-12950 Vibrator                com.gap.droid                        V  Called vibrate(int, String, VibrationEffect, AudioAttributes) API - PUID: 10253, PackageName: com.gap.droid\
2026-01-06 19:08:26.853 12950-12950 Vibrator                com.gap.droid                        V  semVibrate - PUID: 10253, PackageName: com.gap.droid, token: android.os.Binder@4c3bfa6, effect: OneShot\{mTiming=50, mAmplitude=-1\}, AudioAttr: null, Mag: -1, TYPE_EXTRA\
2026-01-06 19:08:26.897 12950-12955 zygote64                com.gap.droid                        I  Compiler allocated 6MB to compile java.lang.Object a2.k.o(java.lang.Object)\
2026-01-06 19:08:26.932 12950-13092 BluetoothG...verManager com.gap.droid                        I  Server: Received packet from 45:BA:73:AF:7C:1E, size: 512 bytes\
2026-01-06 19:08:26.935 12950-13092 BluetoothG...verManager com.gap.droid                        D  Server: Parsed packet type 32 from b233b2819085bf73\
2026-01-06 19:08:26.935 12950-13092 BluetoothC...ionManager com.gap.droid                        D  onPacketReceived: Packet received from 45:BA:73:AF:7C:1E (b233b2819085bf73)\
2026-01-06 19:08:26.957 12950-13092 BluetoothG...verManager com.gap.droid                        I  Server: Received packet from 66:2A:EA:66:BC:22, size: 512 bytes\
2026-01-06 19:08:26.958 12950-13092 BluetoothG...verManager com.gap.droid                        D  Server: Parsed packet type 32 from b233b2819085bf73\
2026-01-06 19:08:26.958 12950-13092 BluetoothC...ionManager com.gap.droid                        D  onPacketReceived: Packet received from 66:2A:EA:66:BC:22 (b233b2819085bf73)\
2026-01-06 19:08:27.122 12950-13092 BluetoothG...verManager com.gap.droid                        I  Server: Received packet from 45:BA:73:AF:7C:1E, size: 256 bytes\
2026-01-06 19:08:27.123 12950-13092 BluetoothG...verManager com.gap.droid                        D  Server: Parsed packet type 1 from e5f62181a9a53bf9\
2026-01-06 19:08:27.124 12950-13092 BluetoothC...ionManager com.gap.droid                        D  onPacketReceived: Packet received from 45:BA:73:AF:7C:1E (e5f62181a9a53bf9)\
2026-01-06 19:08:27.124 12950-13092 PacketProcessor         com.gap.droid                        D  processPacket 1\
2026-01-06 19:08:27.127 12950-12974 PacketProcessor         com.gap.droid                        D  \uc0\u55357 \u56550  Processing packet type 1 from e5f62181a9a53bf9 (anon8764) (serialized)\
2026-01-06 19:08:27.127 12950-12974 SecurityManager         com.gap.droid                        D  Dropping duplicate packet: 1767744505139-e5f62181a9a53bf9-1159125072\
2026-01-06 19:08:27.128 12950-12974 PacketProcessor         com.gap.droid                        D  Packet failed security validation from e5f62181a9a53bf9 (anon8764)\
2026-01-06 19:08:27.128 12950-12974 PacketProcessor         com.gap.droid                        D  Completed packet type 1 from e5f62181a9a53bf9 (anon8764)\
2026-01-06 19:08:27.167 12950-13092 BluetoothG...verManager com.gap.droid                        I  Server: Received packet from 5D:35:93:E2:B3:F3, size: 256 bytes\
2026-01-06 19:08:27.169 12950-13092 BluetoothG...verManager com.gap.droid                        D  Server: Parsed packet type 2 from d609cd9429f593ed\
2026-01-06 19:08:27.169 12950-13092 BluetoothC...ionManager com.gap.droid                        D  onPacketReceived: Packet received from 5D:35:93:E2:B3:F3 (d609cd9429f593ed)\
2026-01-06 19:08:27.170 12950-13092 PacketProcessor         com.gap.droid                        D  processPacket 2\
2026-01-06 19:08:27.172 12950-12978 PacketProcessor         com.gap.droid                        D  \uc0\u55357 \u56550  Processing packet type 2 from d609cd9429f593ed (anon6956) (serialized)\
2026-01-06 19:08:27.204 12950-12978 EncryptionService       com.gap.droid                        D  \uc0\u9989  Ed25519 signature verification: true\
2026-01-06 19:08:27.204 12950-12978 SecurityManager         com.gap.droid                        D  Packet validation passed for d609cd9429f593ed, messageID: 1767743235027-d609cd9429f593ed-3180\
2026-01-06 19:08:27.204 12950-12978 PacketProcessor         com.gap.droid                        D  Processing packet type MESSAGE from d609cd9429f593ed (anon6956)\
2026-01-06 19:08:27.204 12950-12978 PacketProcessor         com.gap.droid                        D  Processing message from d609cd9429f593ed (anon6956)\
2026-01-06 19:08:27.205 12950-12974 MessageHandler          com.gap.droid                        D  Received message from anon6956\
2026-01-06 19:08:27.205 12950-12974 PeerManager             com.gap.droid                        D  Updated peer: d609cd9429f593ed (anon6956)\
2026-01-06 19:08:27.205 12950-12978 PacketRelayManager      com.gap.droid                        D  Evaluating relay for packet type 2 from d609cd9429f593ed (TTL: 0)\
2026-01-06 19:08:27.205 12950-12974 BitchatFilePacket       com.gap.droid                        D  \uc0\u55357 \u56580  Decoding 2 bytes\
2026-01-06 19:08:27.205 12950-12978 PacketRelayManager      com.gap.droid                        D  TTL expired, not relaying packet\
2026-01-06 19:08:27.206 12950-12978 PacketProcessor         com.gap.droid                        D  Completed packet type 2 from d609cd9429f593ed (anon6956)\
2026-01-06 19:08:27.207 12950-12950 Vibrator                com.gap.droid                        V  Called vibrate(int, String, VibrationEffect, AudioAttributes) API - PUID: 10253, PackageName: com.gap.droid\
2026-01-06 19:08:27.207 12950-12950 Vibrator                com.gap.droid                        V  semVibrate - PUID: 10253, PackageName: com.gap.droid, token: android.os.Binder@4c3bfa6, effect: OneShot\{mTiming=50, mAmplitude=-1\}, AudioAttr: null, Mag: -1, TYPE_EXTRA\
2026-01-06 19:08:27.253 12950-13092 BluetoothG...verManager com.gap.droid                        I  Server: Received packet from 66:2A:EA:66:BC:22, size: 79 bytes\
2026-01-06 19:08:27.254 12950-13092 BluetoothG...verManager com.gap.droid                        D  Server: Parsed packet type 32 from b233b2819085bf73\
2026-01-06 19:08:27.254 12950-13092 BluetoothC...ionManager com.gap.droid                        D  onPacketReceived: Packet received from 66:2A:EA:66:BC:22 (b233b2819085bf73)\
2026-01-06 19:08:27.266 12950-13092 BluetoothG...verManager com.gap.droid                        I  Server: Received packet from 5D:35:93:E2:B3:F3, size: 256 bytes\
2026-01-06 19:08:27.267 12950-13092 BluetoothG...verManager com.gap.droid                        D  Server: Parsed packet type 2 from e5f62181a9a53bf9\
2026-01-06 19:08:27.267 12950-13092 BluetoothC...ionManager com.gap.droid                        D  onPacketReceived: Packet received from 5D:35:93:E2:B3:F3 (e5f62181a9a53bf9)\
2026-01-06 19:08:27.268 12950-13092 PacketProcessor         com.gap.droid                        D  processPacket 2\
2026-01-06 19:08:27.269 12950-12974 PacketProcessor         com.gap.droid                        D  \uc0\u55357 \u56550  Processing packet type 2 from e5f62181a9a53bf9 (anon8764) (serialized)\
2026-01-06 19:08:27.289 12950-12974 EncryptionService       com.gap.droid                        D  \uc0\u9989  Ed25519 signature verification: true\
2026-01-06 19:08:27.289 12950-12974 SecurityManager         com.gap.droid                        D  Packet validation passed for e5f62181a9a53bf9, messageID: 1767743262461-e5f62181a9a53bf9-3298\
2026-01-06 19:08:27.289 12950-12974 PacketProcessor         com.gap.droid                        D  Processing packet type MESSAGE from e5f62181a9a53bf9 (anon8764)\
2026-01-06 19:08:27.289 12950-12974 PacketProcessor         com.gap.droid                        D  Processing message from e5f62181a9a53bf9 (anon8764)\
2026-01-06 19:08:27.290 12950-12978 MessageHandler          com.gap.droid                        D  Received message from anon8764\
2026-01-06 19:08:27.290 12950-12974 PacketRelayManager      com.gap.droid                        D  Evaluating relay for packet type 2 from e5f62181a9a53bf9 (TTL: 0)\
2026-01-06 19:08:27.290 12950-12974 PacketRelayManager      com.gap.droid                        D  TTL expired, not relaying packet\
2026-01-06 19:08:27.290 12950-12974 PacketProcessor         com.gap.droid                        D  Completed packet type 2 from e5f62181a9a53bf9 (anon8764)\
2026-01-06 19:08:27.290 12950-12978 PeerManager             com.gap.droid                        D  Updated peer: e5f62181a9a53bf9 (anon8764)\
2026-01-06 19:08:27.291 12950-12978 BitchatFilePacket       com.gap.droid                        D  \uc0\u55357 \u56580  Decoding 2 bytes\
2026-01-06 19:08:27.349 12950-13092 BluetoothG...verManager com.gap.droid                        I  Server: Received packet from 66:2A:EA:66:BC:22, size: 512 bytes\
2026-01-06 19:08:27.350 12950-13092 BluetoothG...verManager com.gap.droid                        D  Server: Parsed packet type 32 from b233b2819085bf73\
2026-01-06 19:08:27.350 12950-13092 BluetoothC...ionManager com.gap.droid                        D  onPacketReceived: Packet received from 66:2A:EA:66:BC:22 (b233b2819085bf73)\
2026-01-06 19:08:27.353 12950-12950 Vibrator                com.gap.droid                        V  Called vibrate(int, String, VibrationEffect, AudioAttributes) API - PUID: 10253, PackageName: com.gap.droid\
2026-01-06 19:08:27.354 12950-12950 Vibrator                com.gap.droid                        V  semVibrate - PUID: 10253, PackageName: com.gap.droid, token: android.os.Binder@4c3bfa6, effect: OneShot\{mTiming=50, mAmplitude=-1\}, AudioAttr: null, Mag: -1, TYPE_EXTRA\
2026-01-06 19:08:27.373 12950-13092 BluetoothG...verManager com.gap.droid                        I  Server: Received packet from 66:2A:EA:66:BC:22, size: 108 bytes\
2026-01-06 19:08:27.373 12950-13092 BluetoothG...verManager com.gap.droid                        D  Server: Parsed packet type 2 from 04f4812dfdeb3635\
2026-01-06 19:08:27.373 12950-13092 BluetoothC...ionManager com.gap.droid                        D  onPacketReceived: Packet received from 66:2A:EA:66:BC:22 (04f4812dfdeb3635)\
2026-01-06 19:08:27.374 12950-13092 PacketProcessor         com.gap.droid                        D  processPacket 2\
2026-01-06 19:08:27.375 12950-12978 PacketProcessor         com.gap.droid                        D  \uc0\u55357 \u56550  Processing packet type 2 from 04f4812dfdeb3635 (anon9120) (serialized)\
2026-01-06 19:08:27.397 12950-12978 EncryptionService       com.gap.droid                        D  \uc0\u9989  Ed25519 signature verification: true\
2026-01-06 19:08:27.397 12950-12978 SecurityManager         com.gap.droid                        D  Packet validation passed for 04f4812dfdeb3635, messageID: 1767744504333-04f4812dfdeb3635--766826884\
2026-01-06 19:08:27.397 12950-12978 PacketProcessor         com.gap.droid                        D  Processing packet type MESSAGE from 04f4812dfdeb3635 (anon9120)\
2026-01-06 19:08:27.397 12950-12978 PacketProcessor         com.gap.droid                        D  Processing message from 04f4812dfdeb3635 (anon9120)\
2026-01-06 19:08:27.398 12950-12974 MessageHandler          com.gap.droid                        D  Received message from anon9120\
2026-01-06 19:08:27.398 12950-12974 PeerManager             com.gap.droid                        D  Updated peer: 04f4812dfdeb3635 (anon9120)\
2026-01-06 19:08:27.398 12950-12978 PacketRelayManager      com.gap.droid                        D  Evaluating relay for packet type 2 from 04f4812dfdeb3635 (TTL: 4)\
2026-01-06 19:08:27.398 12950-12978 PacketRelayManager      com.gap.droid                        D  Decremented TTL from 4 to 3\
2026-01-06 19:08:27.398 12950-12974 BitchatFilePacket       com.gap.droid                        D  \uc0\u55357 \u56580  Decoding 14 bytes\
2026-01-06 19:08:27.399 12950-12978 PacketRelayManager      com.gap.droid                        D  Network size: 4, Relay probability: 1.0, Decision: true\
2026-01-06 19:08:27.399 12950-12978 PacketRelayManager      com.gap.droid                        D  \uc0\u55357 \u56580  Relaying packet type 2 with TTL 3\
2026-01-06 19:08:27.399 12950-12978 FragmentManager         com.gap.droid                        D  \uc0\u55357 \u56576  Creating fragments for packet type 2, payload: 14 bytes\
2026-01-06 19:08:27.399 12950-12978 FragmentManager         com.gap.droid                        D  \uc0\u55357 \u56550  Encoded to 256 bytes\
2026-01-06 19:08:27.399 12950-12978 FragmentManager         com.gap.droid                        D  \uc0\u55357 \u56527  Unpadded to 108 bytes\
2026-01-06 19:08:27.399 12950-12978 PacketProcessor         com.gap.droid                        D  Completed packet type 2 from 04f4812dfdeb3635 (anon9120)\
2026-01-06 19:08:27.400 12950-12973 BluetoothP...roadcaster com.gap.droid                        I  Broadcasting packet type 2 to 2 server + 4 client connections\
2026-01-06 19:08:27.400 12950-12973 BluetoothP...roadcaster com.gap.droid                        D  Skipping broadcast to client back to relayer: 66:2A:EA:66:BC:22\
2026-01-06 19:08:27.403 12950-12973 BluetoothP...roadcaster com.gap.droid                        D  Skipping broadcast to server back to relayer: 66:2A:EA:66:BC:22\
2026-01-06 19:08:27.410 12950-13092 BluetoothG...verManager com.gap.droid                        I  Server: Received packet from 5D:35:93:E2:B3:F3, size: 256 bytes\
2026-01-06 19:08:27.410 12950-13092 BluetoothG...verManager com.gap.droid                        D  Server: Parsed packet type 2 from e5f62181a9a53bf9\
2026-01-06 19:08:27.410 12950-13092 BluetoothC...ionManager com.gap.droid                        D  onPacketReceived: Packet received from 5D:35:93:E2:B3:F3 (e5f62181a9a53bf9)\
2026-01-06 19:08:27.411 12950-13092 PacketProcessor         com.gap.droid                        D  processPacket 2\
2026-01-06 19:08:27.412 12950-12973 PacketProcessor         com.gap.droid                        D  \uc0\u55357 \u56550  Processing packet type 2 from e5f62181a9a53bf9 (anon8764) (serialized)\
2026-01-06 19:08:27.431 12950-12973 EncryptionService       com.gap.droid                        D  \uc0\u9989  Ed25519 signature verification: true\
2026-01-06 19:08:27.431 12950-12973 SecurityManager         com.gap.droid                        D  Packet validation passed for e5f62181a9a53bf9, messageID: 1767743346716-e5f62181a9a53bf9-3111\
2026-01-06 19:08:27.431 12950-12973 PacketProcessor         com.gap.droid                        D  Processing packet type MESSAGE from e5f62181a9a53bf9 (anon8764)\
2026-01-06 19:08:27.431 12950-12973 PacketProcessor         com.gap.droid                        D  Processing message from e5f62181a9a53bf9 (anon8764)\
2026-01-06 19:08:27.432 12950-12978 MessageHandler          com.gap.droid                        D  Received message from anon8764\
2026-01-06 19:08:27.432 12950-12973 PacketRelayManager      com.gap.droid                        D  Evaluating relay for packet type 2 from e5f62181a9a53bf9 (TTL: 0)\
2026-01-06 19:08:27.432 12950-12978 PeerManager             com.gap.droid                        D  Updated peer: e5f62181a9a53bf9 (anon8764)\
2026-01-06 19:08:27.432 12950-12973 PacketRelayManager      com.gap.droid                        D  TTL expired, not relaying packet\
2026-01-06 19:08:27.432 12950-12978 BitchatFilePacket       com.gap.droid                        D  \uc0\u55357 \u56580  Decoding 2 bytes\
2026-01-06 19:08:27.432 12950-12973 PacketProcessor         com.gap.droid                        D  Completed packet type 2 from e5f62181a9a53bf9 (anon8764)\
2026-01-06 19:08:27.493 12950-13092 BluetoothG...verManager com.gap.droid                        I  Server: Received packet from 66:2A:EA:66:BC:22, size: 512 bytes\
2026-01-06 19:08:27.494 12950-13092 BluetoothG...verManager com.gap.droid                        D  Server: Parsed packet type 32 from b233b2819085bf73\
2026-01-06 19:08:27.494 12950-13092 BluetoothC...ionManager com.gap.droid                        D  onPacketReceived: Packet received from 66:2A:EA:66:BC:22 (b233b2819085bf73)\
2026-01-06 19:08:27.498 12950-12950 Vibrator                com.gap.droid                        V  Called vibrate(int, String, VibrationEffect, AudioAttributes) API - PUID: 10253, PackageName: com.gap.droid\
2026-01-06 19:08:27.498 12950-12950 Vibrator                com.gap.droid                        V  semVibrate - PUID: 10253, PackageName: com.gap.droid, token: android.os.Binder@4c3bfa6, effect: OneShot\{mTiming=50, mAmplitude=-1\}, AudioAttr: null, Mag: -1, TYPE_EXTRA\
2026-01-06 19:08:27.514 12950-12950 Vibrator                com.gap.droid                        V  Called vibrate(int, String, VibrationEffect, AudioAttributes) API - PUID: 10253, PackageName: com.gap.droid\
2026-01-06 19:08:27.514 12950-12950 Vibrator                com.gap.droid                        V  semVibrate - PUID: 10253, PackageName: com.gap.droid, token: android.os.Binder@4c3bfa6, effect: OneShot\{mTiming=50, mAmplitude=-1\}, AudioAttr: null, Mag: -1, TYPE_EXTRA\
2026-01-06 19:08:27.558 12950-13092 BluetoothG...verManager com.gap.droid                        I  Server: Received packet from 5D:35:93:E2:B3:F3, size: 256 bytes\
2026-01-06 19:08:27.559 12950-13092 BluetoothG...verManager com.gap.droid                        D  Server: Parsed packet type 2 from 5e33e195012786fa\
2026-01-06 19:08:27.559 12950-13092 BluetoothC...ionManager com.gap.droid                        D  onPacketReceived: Packet received from 5D:35:93:E2:B3:F3 (5e33e195012786fa)\
2026-01-06 19:08:27.560 12950-13092 PacketProcessor         com.gap.droid                        D  processPacket 2\
2026-01-06 19:08:27.561 12950-12973 PacketProcessor         com.gap.droid                        D  \uc0\u55357 \u56550  Processing packet type 2 from 5e33e195012786fa (anon4648) (serialized)\
2026-01-06 19:08:27.578 12950-12973 EncryptionService       com.gap.droid                        D  \uc0\u9989  Ed25519 signature verification: true\
2026-01-06 19:08:27.578 12950-12973 SecurityManager         com.gap.droid                        D  Packet validation passed for 5e33e195012786fa, messageID: 1767743362021-5e33e195012786fa-132070\
2026-01-06 19:08:27.578 12950-12973 PacketProcessor         com.gap.droid                        D  Processing packet type MESSAGE from 5e33e195012786fa (anon4648)\
2026-01-06 19:08:27.578 12950-12973 PacketProcessor         com.gap.droid                        D  Processing message from 5e33e195012786fa (anon4648)\
2026-01-06 19:08:27.579 12950-12972 MessageHandler          com.gap.droid                        D  Received message from anon4648\
2026-01-06 19:08:27.579 12950-12973 PacketRelayManager      com.gap.droid                        D  Evaluating relay for packet type 2 from 5e33e195012786fa (TTL: 0)\
2026-01-06 19:08:27.579 12950-12973 PacketRelayManager      com.gap.droid                        D  TTL expired, not relaying packet\
2026-01-06 19:08:27.579 12950-12973 PacketProcessor         com.gap.droid                        D  Completed packet type 2 from 5e33e195012786fa (anon4648)\
2026-01-06 19:08:27.579 12950-12972 PeerManager             com.gap.droid                        D  Updated peer: 5e33e195012786fa (anon4648)\
2026-01-06 19:08:27.579 12950-12972 BitchatFilePacket       com.gap.droid                        D  \uc0\u55357 \u56580  Decoding 3 bytes\
2026-01-06 19:08:27.647 12950-13092 BluetoothG...verManager com.gap.droid                        I  Server: Received packet from 66:2A:EA:66:BC:22, size: 512 bytes\
2026-01-06 19:08:27.648 12950-13092 BluetoothG...verManager com.gap.droid                        D  Server: Parsed packet type 32 from b233b2819085bf73\
2026-01-06 19:08:27.648 12950-13092 BluetoothC...ionManager com.gap.droid                        D  onPacketReceived: Packet received from 66:2A:EA:66:BC:22 (b233b2819085bf73)\
2026-01-06 19:08:27.654 12950-13092 BluetoothG...verManager com.gap.droid                        I  Server: Received packet from 5D:35:93:E2:B3:F3, size: 256 bytes\
2026-01-06 19:08:27.656 12950-13092 BluetoothG...verManager com.gap.droid                        D  Server: Parsed packet type 2 from d609cd9429f593ed\
2026-01-06 19:08:27.656 12950-13092 BluetoothC...ionManager com.gap.droid                        D  onPacketReceived: Packet received from 5D:35:93:E2:B3:F3 (d609cd9429f593ed)\
2026-01-06 19:08:27.656 12950-13092 PacketProcessor         com.gap.droid                        D  processPacket 2\
2026-01-06 19:08:27.658 12950-12978 PacketProcessor         com.gap.droid                        D  \uc0\u55357 \u56550  Processing packet type 2 from d609cd9429f593ed (anon6956) (serialized)\
2026-01-06 19:08:27.668 12950-12950 Vibrator                com.gap.droid                        V  Called vibrate(int, String, VibrationEffect, AudioAttributes) API - PUID: 10253, PackageName: com.gap.droid\
2026-01-06 19:08:27.669 12950-12950 Vibrator                com.gap.droid                        V  semVibrate - PUID: 10253, PackageName: com.gap.droid, token: android.os.Binder@4c3bfa6, effect: OneShot\{mTiming=50, mAmplitude=-1\}, AudioAttr: null, Mag: -1, TYPE_EXTRA\
2026-01-06 19:08:27.685 12950-12978 EncryptionService       com.gap.droid                        D  \uc0\u9989  Ed25519 signature verification: true\
2026-01-06 19:08:27.685 12950-12978 SecurityManager         com.gap.droid                        D  Packet validation passed for d609cd9429f593ed, messageID: 1767743369044-d609cd9429f593ed-101319\
2026-01-06 19:08:27.686 12950-12978 PacketProcessor         com.gap.droid                        D  Processing packet type MESSAGE from d609cd9429f593ed (anon6956)\
2026-01-06 19:08:27.686 12950-12978 PacketProcessor         com.gap.droid                        D  Processing message from d609cd9429f593ed (anon6956)\
2026-01-06 19:08:27.686 12950-12972 MessageHandler          com.gap.droid                        D  Received message from anon6956\
