2026-01-06 19:08:15.048 12950-12976 PacketRelayManager      com.gap.droid                        D  Network size: 4, Relay probability: 1.0, Decision: true\
2026-01-06 19:08:15.049 12950-12976 PacketRelayManager      com.gap.droid                        D  \uc0\u55357 \u56580  Relaying packet type 32 with TTL 3\
2026-01-06 19:08:15.049 12950-12976 FragmentManager         com.gap.droid                        D  \uc0\u55357 \u56576  Creating fragments for packet type 32, payload: 482 bytes\
2026-01-06 19:08:15.050 12950-12976 FragmentManager         com.gap.droid                        D  \uc0\u55357 \u56550  Encoded to 504 bytes\
2026-01-06 19:08:15.050 12950-12976 FragmentManager         com.gap.droid                        D  \uc0\u55357 \u56527  Unpadded to 504 bytes\
2026-01-06 19:08:15.050 12950-12976 PacketProcessor         com.gap.droid                        D  Completed packet type 32 from d609cd9429f593ed (anon6956)\
2026-01-06 19:08:15.052 12950-12976 BluetoothP...roadcaster com.gap.droid                        I  Broadcasting packet type 32 to 1 server + 3 client connections\
2026-01-06 19:08:15.052 12950-12976 BluetoothP...roadcaster com.gap.droid                        D  Skipping broadcast to client back to relayer: 66:2A:EA:66:BC:22\
2026-01-06 19:08:15.052 12950-12976 BluetoothP...roadcaster com.gap.droid                        D  Skipping broadcast to server back to relayer: 66:2A:EA:66:BC:22\
2026-01-06 19:08:15.133 12950-13164 BluetoothG...verManager com.gap.droid                        I  Server: Received packet from 66:2A:EA:66:BC:22, size: 504 bytes\
2026-01-06 19:08:15.135 12950-13164 BluetoothG...verManager com.gap.droid                        D  Server: Parsed packet type 32 from d609cd9429f593ed\
2026-01-06 19:08:15.135 12950-13164 BluetoothC...ionManager com.gap.droid                        D  onPacketReceived: Packet received from 66:2A:EA:66:BC:22 (d609cd9429f593ed)\
2026-01-06 19:08:15.137 12950-13164 PacketProcessor         com.gap.droid                        D  processPacket 32\
2026-01-06 19:08:15.140 12950-12969 PacketProcessor         com.gap.droid                        D  \uc0\u55357 \u56550  Processing packet type 32 from d609cd9429f593ed (anon6956) (serialized)\
2026-01-06 19:08:15.140 12950-12969 SecurityManager         com.gap.droid                        D  Dropping duplicate packet: 1767744490170-d609cd9429f593ed-32-542931705\
2026-01-06 19:08:15.141 12950-12969 PacketProcessor         com.gap.droid                        D  Packet failed security validation from d609cd9429f593ed (anon6956)\
2026-01-06 19:08:15.141 12950-12969 PacketProcessor         com.gap.droid                        D  Completed packet type 32 from d609cd9429f593ed (anon6956)\
2026-01-06 19:08:15.142 12950-13164 BluetoothG...verManager com.gap.droid                        I  Server: Received packet from 66:2A:EA:66:BC:22, size: 504 bytes\
2026-01-06 19:08:15.144 12950-13164 BluetoothG...verManager com.gap.droid                        D  Server: Parsed packet type 32 from d609cd9429f593ed\
2026-01-06 19:08:15.144 12950-13164 BluetoothC...ionManager com.gap.droid                        D  onPacketReceived: Packet received from 66:2A:EA:66:BC:22 (d609cd9429f593ed)\
2026-01-06 19:08:15.144 12950-13164 PacketProcessor         com.gap.droid                        D  processPacket 32\
2026-01-06 19:08:15.148 12950-12973 PacketProcessor         com.gap.droid                        D  \uc0\u55357 \u56550  Processing packet type 32 from d609cd9429f593ed (anon6956) (serialized)\
2026-01-06 19:08:15.148 12950-12973 SecurityManager         com.gap.droid                        D  Dropping duplicate packet: 1767744490170-d609cd9429f593ed-32--1763556523\
2026-01-06 19:08:15.148 12950-12973 PacketProcessor         com.gap.droid                        D  Packet failed security validation from d609cd9429f593ed (anon6956)\
2026-01-06 19:08:15.148 12950-12973 PacketProcessor         com.gap.droid                        D  Completed packet type 32 from d609cd9429f593ed (anon6956)\
2026-01-06 19:08:15.166 12950-13164 BluetoothG...verManager com.gap.droid                        I  Server: Received packet from 66:2A:EA:66:BC:22, size: 504 bytes\
2026-01-06 19:08:15.169 12950-13164 BluetoothG...verManager com.gap.droid                        D  Server: Parsed packet type 32 from d609cd9429f593ed\
2026-01-06 19:08:15.170 12950-13164 BluetoothC...ionManager com.gap.droid                        D  onPacketReceived: Packet received from 66:2A:EA:66:BC:22 (d609cd9429f593ed)\
2026-01-06 19:08:15.171 12950-13164 PacketProcessor         com.gap.droid                        D  processPacket 32\
2026-01-06 19:08:15.174 12950-12969 PacketProcessor         com.gap.droid                        D  \uc0\u55357 \u56550  Processing packet type 32 from d609cd9429f593ed (anon6956) (serialized)\
2026-01-06 19:08:15.175 12950-12969 SecurityManager         com.gap.droid                        D  Packet validation passed for d609cd9429f593ed, messageID: 1767744490170-d609cd9429f593ed-32--138567974\
2026-01-06 19:08:15.175 12950-12969 PacketProcessor         com.gap.droid                        D  Processing packet type FRAGMENT from d609cd9429f593ed (anon6956)\
2026-01-06 19:08:15.175 12950-12969 PacketProcessor         com.gap.droid                        D  Processing fragment from d609cd9429f593ed (anon6956)\
2026-01-06 19:08:15.176 12950-12969 FragmentManager         com.gap.droid                        D  Received fragment 60/64 for fragmentID: 71496afbd1d9f84d, originalType: 34\
2026-01-06 19:08:15.177 12950-12969 FragmentManager         com.gap.droid                        D  Fragment 60 stored, have 61/64 fragments for 71496afbd1d9f84d\
2026-01-06 19:08:15.178 12950-12969 PacketRelayManager      com.gap.droid                        D  Evaluating relay for packet type 32 from d609cd9429f593ed (TTL: 4)\
2026-01-06 19:08:15.178 12950-12969 PacketRelayManager      com.gap.droid                        D  Decremented TTL from 4 to 3\
2026-01-06 19:08:15.179 12950-12969 PacketRelayManager      com.gap.droid                        D  Network size: 4, Relay probability: 1.0, Decision: true\
2026-01-06 19:08:15.179 12950-12969 PacketRelayManager      com.gap.droid                        D  \uc0\u55357 \u56580  Relaying packet type 32 with TTL 3\
2026-01-06 19:08:15.179 12950-12969 FragmentManager         com.gap.droid                        D  \uc0\u55357 \u56576  Creating fragments for packet type 32, payload: 482 bytes\
2026-01-06 19:08:15.181 12950-12969 FragmentManager         com.gap.droid                        D  \uc0\u55357 \u56550  Encoded to 504 bytes\
2026-01-06 19:08:15.181 12950-12969 FragmentManager         com.gap.droid                        D  \uc0\u55357 \u56527  Unpadded to 504 bytes\
2026-01-06 19:08:15.182 12950-12969 PacketProcessor         com.gap.droid                        D  Completed packet type 32 from d609cd9429f593ed (anon6956)\
2026-01-06 19:08:15.185 12950-12978 BluetoothP...roadcaster com.gap.droid                        I  Broadcasting packet type 32 to 1 server + 3 client connections\
2026-01-06 19:08:15.185 12950-12978 BluetoothP...roadcaster com.gap.droid                        D  Skipping broadcast to client back to relayer: 66:2A:EA:66:BC:22\
2026-01-06 19:08:15.185 12950-12978 BluetoothP...roadcaster com.gap.droid                        D  Skipping broadcast to server back to relayer: 66:2A:EA:66:BC:22\
2026-01-06 19:08:15.253 12950-13164 BluetoothG...verManager com.gap.droid                        I  Server: Received packet from 66:2A:EA:66:BC:22, size: 504 bytes\
2026-01-06 19:08:15.255 12950-13164 BluetoothG...verManager com.gap.droid                        D  Server: Parsed packet type 32 from d609cd9429f593ed\
2026-01-06 19:08:15.255 12950-13164 BluetoothC...ionManager com.gap.droid                        D  onPacketReceived: Packet received from 66:2A:EA:66:BC:22 (d609cd9429f593ed)\
2026-01-06 19:08:15.256 12950-13164 PacketProcessor         com.gap.droid                        D  processPacket 32\
2026-01-06 19:08:15.261 12950-12969 PacketProcessor         com.gap.droid                        D  \uc0\u55357 \u56550  Processing packet type 32 from d609cd9429f593ed (anon6956) (serialized)\
2026-01-06 19:08:15.262 12950-12969 SecurityManager         com.gap.droid                        D  Dropping duplicate packet: 1767744490170-d609cd9429f593ed-32--138567974\
2026-01-06 19:08:15.262 12950-12969 PacketProcessor         com.gap.droid                        D  Packet failed security validation from d609cd9429f593ed (anon6956)\
2026-01-06 19:08:15.263 12950-12969 PacketProcessor         com.gap.droid                        D  Completed packet type 32 from d609cd9429f593ed (anon6956)\
2026-01-06 19:08:15.289 12950-13164 BluetoothG...verManager com.gap.droid                        I  Server: Received packet from 66:2A:EA:66:BC:22, size: 504 bytes\
2026-01-06 19:08:15.290 12950-13164 BluetoothG...verManager com.gap.droid                        D  Server: Parsed packet type 32 from d609cd9429f593ed\
2026-01-06 19:08:15.290 12950-13164 BluetoothC...ionManager com.gap.droid                        D  onPacketReceived: Packet received from 66:2A:EA:66:BC:22 (d609cd9429f593ed)\
2026-01-06 19:08:15.291 12950-13164 PacketProcessor         com.gap.droid                        D  processPacket 32\
2026-01-06 19:08:15.293 12950-12978 PacketProcessor         com.gap.droid                        D  \uc0\u55357 \u56550  Processing packet type 32 from d609cd9429f593ed (anon6956) (serialized)\
2026-01-06 19:08:15.294 12950-12978 SecurityManager         com.gap.droid                        D  Packet validation passed for d609cd9429f593ed, messageID: 1767744490170-d609cd9429f593ed-32--935473366\
2026-01-06 19:08:15.294 12950-12978 PacketProcessor         com.gap.droid                        D  Processing packet type FRAGMENT from d609cd9429f593ed (anon6956)\
2026-01-06 19:08:15.294 12950-12978 PacketProcessor         com.gap.droid                        D  Processing fragment from d609cd9429f593ed (anon6956)\
2026-01-06 19:08:15.295 12950-12978 FragmentManager         com.gap.droid                        D  Received fragment 62/64 for fragmentID: 71496afbd1d9f84d, originalType: 34\
2026-01-06 19:08:15.295 12950-12978 FragmentManager         com.gap.droid                        D  Fragment 62 stored, have 62/64 fragments for 71496afbd1d9f84d\
2026-01-06 19:08:15.295 12950-12978 PacketRelayManager      com.gap.droid                        D  Evaluating relay for packet type 32 from d609cd9429f593ed (TTL: 4)\
2026-01-06 19:08:15.295 12950-12978 PacketRelayManager      com.gap.droid                        D  Decremented TTL from 4 to 3\
2026-01-06 19:08:15.296 12950-12978 PacketRelayManager      com.gap.droid                        D  Network size: 4, Relay probability: 1.0, Decision: true\
2026-01-06 19:08:15.296 12950-12978 PacketRelayManager      com.gap.droid                        D  \uc0\u55357 \u56580  Relaying packet type 32 with TTL 3\
2026-01-06 19:08:15.296 12950-12978 FragmentManager         com.gap.droid                        D  \uc0\u55357 \u56576  Creating fragments for packet type 32, payload: 482 bytes\
2026-01-06 19:08:15.297 12950-12978 FragmentManager         com.gap.droid                        D  \uc0\u55357 \u56550  Encoded to 504 bytes\
2026-01-06 19:08:15.299 12950-12978 FragmentManager         com.gap.droid                        D  \uc0\u55357 \u56527  Unpadded to 503 bytes\
2026-01-06 19:08:15.300 12950-12978 PacketProcessor         com.gap.droid                        D  Completed packet type 32 from d609cd9429f593ed (anon6956)\
2026-01-06 19:08:15.302 12950-12973 BluetoothP...roadcaster com.gap.droid                        I  Broadcasting packet type 32 to 1 server + 3 client connections\
2026-01-06 19:08:15.302 12950-12973 BluetoothP...roadcaster com.gap.droid                        D  Skipping broadcast to client back to relayer: 66:2A:EA:66:BC:22\
2026-01-06 19:08:15.303 12950-12973 BluetoothP...roadcaster com.gap.droid                        D  Skipping broadcast to server back to relayer: 66:2A:EA:66:BC:22\
2026-01-06 19:08:15.343 12950-13164 BluetoothG...verManager com.gap.droid                        I  Server: Received packet from 66:2A:EA:66:BC:22, size: 504 bytes\
2026-01-06 19:08:15.345 12950-13164 BluetoothG...verManager com.gap.droid                        D  Server: Parsed packet type 32 from d609cd9429f593ed\
2026-01-06 19:08:15.345 12950-13164 BluetoothC...ionManager com.gap.droid                        D  onPacketReceived: Packet received from 66:2A:EA:66:BC:22 (d609cd9429f593ed)\
2026-01-06 19:08:15.346 12950-13164 PacketProcessor         com.gap.droid                        D  processPacket 32\
2026-01-06 19:08:15.349 12950-12973 PacketProcessor         com.gap.droid                        D  \uc0\u55357 \u56550  Processing packet type 32 from d609cd9429f593ed (anon6956) (serialized)\
2026-01-06 19:08:15.349 12950-12973 SecurityManager         com.gap.droid                        D  Dropping duplicate packet: 1767744490170-d609cd9429f593ed-32--935473366\
2026-01-06 19:08:15.349 12950-12973 PacketProcessor         com.gap.droid                        D  Packet failed security validation from d609cd9429f593ed (anon6956)\
2026-01-06 19:08:15.349 12950-12973 PacketProcessor         com.gap.droid                        D  Completed packet type 32 from d609cd9429f593ed (anon6956)\
2026-01-06 19:08:15.409 12950-13164 BluetoothG...verManager com.gap.droid                        I  Server: Received packet from 66:2A:EA:66:BC:22, size: 504 bytes\
2026-01-06 19:08:15.410 12950-13164 BluetoothG...verManager com.gap.droid                        D  Server: Parsed packet type 32 from d609cd9429f593ed\
2026-01-06 19:08:15.410 12950-13164 BluetoothC...ionManager com.gap.droid                        D  onPacketReceived: Packet received from 66:2A:EA:66:BC:22 (d609cd9429f593ed)\
2026-01-06 19:08:15.411 12950-13164 PacketProcessor         com.gap.droid                        D  processPacket 32\
2026-01-06 19:08:15.412 12950-12978 PacketProcessor         com.gap.droid                        D  \uc0\u55357 \u56550  Processing packet type 32 from d609cd9429f593ed (anon6956) (serialized)\
2026-01-06 19:08:15.413 12950-12978 SecurityManager         com.gap.droid                        D  Packet validation passed for d609cd9429f593ed, messageID: 1767744490170-d609cd9429f593ed-32--321175010\
2026-01-06 19:08:15.413 12950-12978 PacketProcessor         com.gap.droid                        D  Processing packet type FRAGMENT from d609cd9429f593ed (anon6956)\
2026-01-06 19:08:15.413 12950-12978 PacketProcessor         com.gap.droid                        D  Processing fragment from d609cd9429f593ed (anon6956)\
2026-01-06 19:08:15.415 12950-12978 FragmentManager         com.gap.droid                        D  Received fragment 61/64 for fragmentID: 71496afbd1d9f84d, originalType: 34\
2026-01-06 19:08:15.416 12950-12978 FragmentManager         com.gap.droid                        D  Fragment 61 stored, have 63/64 fragments for 71496afbd1d9f84d\
2026-01-06 19:08:15.416 12950-12978 PacketRelayManager      com.gap.droid                        D  Evaluating relay for packet type 32 from d609cd9429f593ed (TTL: 4)\
2026-01-06 19:08:15.416 12950-12978 PacketRelayManager      com.gap.droid                        D  Decremented TTL from 4 to 3\
2026-01-06 19:08:15.416 12950-12978 PacketRelayManager      com.gap.droid                        D  Network size: 4, Relay probability: 1.0, Decision: true\
2026-01-06 19:08:15.416 12950-12978 PacketRelayManager      com.gap.droid                        D  \uc0\u55357 \u56580  Relaying packet type 32 with TTL 3\
2026-01-06 19:08:15.416 12950-12978 FragmentManager         com.gap.droid                        D  \uc0\u55357 \u56576  Creating fragments for packet type 32, payload: 482 bytes\
2026-01-06 19:08:15.417 12950-12978 FragmentManager         com.gap.droid                        D  \uc0\u55357 \u56550  Encoded to 504 bytes\
2026-01-06 19:08:15.417 12950-12978 FragmentManager         com.gap.droid                        D  \uc0\u55357 \u56527  Unpadded to 504 bytes\
2026-01-06 19:08:15.417 12950-12978 PacketProcessor         com.gap.droid                        D  Completed packet type 32 from d609cd9429f593ed (anon6956)\
2026-01-06 19:08:15.419 12950-12978 BluetoothP...roadcaster com.gap.droid                        I  Broadcasting packet type 32 to 1 server + 3 client connections\
2026-01-06 19:08:15.419 12950-12978 BluetoothP...roadcaster com.gap.droid                        D  Skipping broadcast to client back to relayer: 66:2A:EA:66:BC:22\
2026-01-06 19:08:15.419 12950-12978 BluetoothP...roadcaster com.gap.droid                        D  Skipping broadcast to server back to relayer: 66:2A:EA:66:BC:22\
2026-01-06 19:08:15.429 12950-12978 BluetoothG...entManager com.gap.droid                        D  Requesting RSSI from 66:2A:EA:66:BC:22\
2026-01-06 19:08:15.429 12950-12978 BluetoothGatt           com.gap.droid                        D  readRssi() - device: 66:2A:EA:66:BC:22\
2026-01-06 19:08:15.435 12950-13164 BluetoothG...verManager com.gap.droid                        I  Server: Received packet from 66:2A:EA:66:BC:22, size: 504 bytes\
2026-01-06 19:08:15.436 12950-13092 BluetoothG...entManager com.gap.droid                        D  Client: RSSI updated for 66:2A:EA:66:BC:22: -60 dBm\
2026-01-06 19:08:15.436 12950-13164 BluetoothG...verManager com.gap.droid                        D  Server: Parsed packet type 32 from d609cd9429f593ed\
2026-01-06 19:08:15.436 12950-13164 BluetoothC...ionManager com.gap.droid                        D  onPacketReceived: Packet received from 66:2A:EA:66:BC:22 (d609cd9429f593ed)\
2026-01-06 19:08:15.437 12950-13164 PacketProcessor         com.gap.droid                        D  processPacket 32\
2026-01-06 19:08:15.439 12950-12969 PacketProcessor         com.gap.droid                        D  \uc0\u55357 \u56550  Processing packet type 32 from d609cd9429f593ed (anon6956) (serialized)\
2026-01-06 19:08:15.439 12950-12969 SecurityManager         com.gap.droid                        D  Dropping duplicate packet: 1767744490170-d609cd9429f593ed-32--321175010\
2026-01-06 19:08:15.439 12950-12969 PacketProcessor         com.gap.droid                        D  Packet failed security validation from d609cd9429f593ed (anon6956)\
2026-01-06 19:08:15.439 12950-12969 PacketProcessor         com.gap.droid                        D  Completed packet type 32 from d609cd9429f593ed (anon6956)\
2026-01-06 19:08:15.464 12950-13164 BluetoothG...verManager com.gap.droid                        I  Server: Received packet from 66:2A:EA:66:BC:22, size: 178 bytes\
2026-01-06 19:08:15.464 12950-13164 BluetoothG...verManager com.gap.droid                        D  Server: Parsed packet type 32 from d609cd9429f593ed\
2026-01-06 19:08:15.465 12950-13164 BluetoothC...ionManager com.gap.droid                        D  onPacketReceived: Packet received from 66:2A:EA:66:BC:22 (d609cd9429f593ed)\
2026-01-06 19:08:15.465 12950-13164 PacketProcessor         com.gap.droid                        D  processPacket 32\
2026-01-06 19:08:15.466 12950-12969 PacketProcessor         com.gap.droid                        D  \uc0\u55357 \u56550  Processing packet type 32 from d609cd9429f593ed (anon6956) (serialized)\
2026-01-06 19:08:15.466 12950-12969 SecurityManager         com.gap.droid                        D  Packet validation passed for d609cd9429f593ed, messageID: 1767744490170-d609cd9429f593ed-32--2012582929\
2026-01-06 19:08:15.467 12950-12969 PacketProcessor         com.gap.droid                        D  Processing packet type FRAGMENT from d609cd9429f593ed (anon6956)\
2026-01-06 19:08:15.467 12950-12969 PacketProcessor         com.gap.droid                        D  Processing fragment from d609cd9429f593ed (anon6956)\
2026-01-06 19:08:15.468 12950-12969 FragmentManager         com.gap.droid                        D  Received fragment 63/64 for fragmentID: 71496afbd1d9f84d, originalType: 34\
2026-01-06 19:08:15.469 12950-12969 FragmentManager         com.gap.droid                        D  All fragments received for 71496afbd1d9f84d, reassembling...\
2026-01-06 19:08:15.477 12950-12969 FragmentManager         com.gap.droid                        D  Successfully reassembled original (29690 bytes); set TTL=0 to suppress relay\
2026-01-06 19:08:15.478 12950-12969 PacketProcessor         com.gap.droid                        D  Fragment reassembled, processing complete message\
2026-01-06 19:08:15.478 12950-12969 SecurityManager         com.gap.droid                        W  \uc0\u10060  Signature check for d609cd9429f593ed: NO_SIGNATURE (packet type 34)\
2026-01-06 19:08:15.479 12950-12969 SecurityManager         com.gap.droid                        W  Dropping packet from d609cd9429f593ed due to signature verification failure\
2026-01-06 19:08:15.479 12950-12969 PacketProcessor         com.gap.droid                        D  Packet failed security validation from d609cd9429f593ed (anon6956)\
2026-01-06 19:08:15.480 12950-12969 PacketRelayManager      com.gap.droid                        D  Evaluating relay for packet type 32 from d609cd9429f593ed (TTL: 4)\
2026-01-06 19:08:15.481 12950-12969 PacketRelayManager      com.gap.droid                        D  Decremented TTL from 4 to 3\
2026-01-06 19:08:15.482 12950-12969 PacketRelayManager      com.gap.droid                        D  Network size: 4, Relay probability: 1.0, Decision: true\
2026-01-06 19:08:15.482 12950-12969 PacketRelayManager      com.gap.droid                        D  \uc0\u55357 \u56580  Relaying packet type 32 with TTL 3\
2026-01-06 19:08:15.483 12950-12969 FragmentManager         com.gap.droid                        D  \uc0\u55357 \u56576  Creating fragments for packet type 32, payload: 156 bytes\
2026-01-06 19:08:15.486 12950-12969 FragmentManager         com.gap.droid                        D  \uc0\u55357 \u56550  Encoded to 256 bytes\
2026-01-06 19:08:15.486 12950-12969 FragmentManager         com.gap.droid                        D  \uc0\u55357 \u56527  Unpadded to 178 bytes\
2026-01-06 19:08:15.486 12950-12969 PacketProcessor         com.gap.droid                        D  Completed packet type 32 from d609cd9429f593ed (anon6956)\
2026-01-06 19:08:15.488 12950-12969 BluetoothP...roadcaster com.gap.droid                        I  Broadcasting packet type 32 to 1 server + 3 client connections\
2026-01-06 19:08:15.488 12950-12969 BluetoothP...roadcaster com.gap.droid                        D  Skipping broadcast to client back to relayer: 66:2A:EA:66:BC:22\
2026-01-06 19:08:15.488 12950-12969 BluetoothP...roadcaster com.gap.droid                        D  Skipping broadcast to server back to relayer: 66:2A:EA:66:BC:22\
2026-01-06 19:08:15.526 12950-13164 BluetoothG...verManager com.gap.droid                        I  Server: Received packet from 66:2A:EA:66:BC:22, size: 178 bytes\
2026-01-06 19:08:15.528 12950-13164 BluetoothG...verManager com.gap.droid                        D  Server: Parsed packet type 32 from d609cd9429f593ed\
2026-01-06 19:08:15.528 12950-13164 BluetoothC...ionManager com.gap.droid                        D  onPacketReceived: Packet received from 66:2A:EA:66:BC:22 (d609cd9429f593ed)\
2026-01-06 19:08:15.530 12950-13164 PacketProcessor         com.gap.droid                        D  processPacket 32\
2026-01-06 19:08:15.535 12950-12974 PacketProcessor         com.gap.droid                        D  \uc0\u55357 \u56550  Processing packet type 32 from d609cd9429f593ed (anon6956) (serialized)\
2026-01-06 19:08:15.536 12950-12974 SecurityManager         com.gap.droid                        D  Dropping duplicate packet: 1767744490170-d609cd9429f593ed-32--2012582929\
2026-01-06 19:08:15.536 12950-12974 PacketProcessor         com.gap.droid                        D  Packet failed security validation from d609cd9429f593ed (anon6956)\
2026-01-06 19:08:15.536 12950-12974 PacketProcessor         com.gap.droid                        D  Completed packet type 32 from d609cd9429f593ed (anon6956)\
2026-01-06 19:08:16.150 12950-12950 BluetoothC...ionTracker com.gap.droid                        D  Tracker: Adding pending connection for 6D:38:36:30:E1:78\
2026-01-06 19:08:16.150 12950-12950 BluetoothC...ionTracker com.gap.droid                        D  Tracker: current attempt: ConnectionAttempt(attempts=1, lastAttempt=1767744481890)\
2026-01-06 19:08:16.150 12950-12950 BluetoothC...ionTracker com.gap.droid                        D  Tracker: Added pending connection for 6D:38:36:30:E1:78 (attempts: 1)\
2026-01-06 19:08:16.152 12950-12950 BluetoothG...entManager com.gap.droid                        I  Connecting to bitchat device: 6D:38:36:30:E1:78\
2026-01-06 19:08:16.153 12950-12950 BluetoothG...entManager com.gap.droid                        D  Client: Attempting GATT connection to 6D:38:36:30:E1:78 with autoConnect=false\
2026-01-06 19:08:16.157 12950-12950 BluetoothGatt           com.gap.droid                        D  connect() - device: 6D:38:36:30:E1:78, auto: false\
2026-01-06 19:08:16.157 12950-12950 BluetoothAdapter        com.gap.droid                        D  isSecureModeEnabled\
2026-01-06 19:08:16.158 12950-12950 BluetoothGatt           com.gap.droid                        D  registerApp()\
2026-01-06 19:08:16.158 12950-12950 BluetoothGatt           com.gap.droid                        D  registerApp() - UUID=28b13996-0987-410a-b702-eeb965c1082d\
2026-01-06 19:08:16.165 12950-12950 BluetoothG...entManager com.gap.droid                        D  Client: GATT connection initiated successfully for 6D:38:36:30:E1:78\
2026-01-06 19:08:16.169 12950-13164 BluetoothGatt           com.gap.droid                        D  onClientRegistered() - status=0 clientIf=11\
2026-01-06 19:08:16.291 12950-13164 BluetoothGattServer     com.gap.droid                        D  onServerConnectionState() - status=0 serverIf=6 device=51:CA:FD:EB:38:6B\
2026-01-06 19:08:16.292 12950-13164 BluetoothG...verManager com.gap.droid                        I  Server: Device disconnected 51:CA:FD:EB:38:6B\
2026-01-06 19:08:16.292 12950-13164 BluetoothC...ionTracker com.gap.droid                        D  Cleaned up device connection for 51:CA:FD:EB:38:6B\
2026-01-06 19:08:16.292 12950-13164 BluetoothMeshService    com.gap.droid                        D  Device disconnected: 51:CA:FD:EB:38:6B\
2026-01-06 19:08:16.300 12950-13164 BluetoothGatt           com.gap.droid                        D  onClientConnectionState() - status=133 clientIf=10 device=51:CA:FD:EB:38:6B\
2026-01-06 19:08:16.304 12950-13164 BluetoothG...entManager com.gap.droid                        D  Client: Connection state change - Device: 51:CA:FD:EB:38:6B, Status: 133, NewState: 0\
2026-01-06 19:08:16.305 12950-13164 BluetoothG...entManager com.gap.droid                        W  Client: Disconnected from 51:CA:FD:EB:38:6B with error status 133\
2026-01-06 19:08:16.305 12950-13164 BluetoothMeshService    com.gap.droid                        D  Device disconnected: 51:CA:FD:EB:38:6B\
2026-01-06 19:08:16.809 12950-12969 BluetoothGatt           com.gap.droid                        D  close()\
2026-01-06 19:08:16.812 12950-12969 BluetoothGatt           com.gap.droid                        D  unregisterApp() - mClientIf=10\
2026-01-06 19:08:17.212 12950-13164 BluetoothG...verManager com.gap.droid                        I  Server: Received packet from 66:2A:EA:66:BC:22, size: 174 bytes\
2026-01-06 19:08:17.213 12950-13164 BluetoothG...verManager com.gap.droid                        D  Server: Parsed packet type 1 from d609cd9429f593ed\
2026-01-06 19:08:17.213 12950-13164 BluetoothC...ionManager com.gap.droid                        D  onPacketReceived: Packet received from 66:2A:EA:66:BC:22 (d609cd9429f593ed)\
2026-01-06 19:08:17.214 12950-13164 PacketProcessor         com.gap.droid                        D  processPacket 1\
2026-01-06 19:08:17.217 12950-12978 PacketProcessor         com.gap.droid                        D  \uc0\u55357 \u56550  Processing packet type 1 from d609cd9429f593ed (anon6956) (serialized)\
2026-01-06 19:08:17.262 12950-12978 EncryptionService       com.gap.droid                        D  \uc0\u9989  Ed25519 signature verification: true\
2026-01-06 19:08:17.262 12950-12978 SecurityManager         com.gap.droid                        D  Packet validation passed for d609cd9429f593ed, messageID: 1767744496619-d609cd9429f593ed-394789133\
2026-01-06 19:08:17.263 12950-12978 PacketProcessor         com.gap.droid                        D  Processing packet type ANNOUNCE from d609cd9429f593ed (anon6956)\
2026-01-06 19:08:17.263 12950-12978 PacketProcessor         com.gap.droid                        D  Processing announce from d609cd9429f593ed (anon6956)\
2026-01-06 19:08:17.263 12950-12978 PacketRelayManager      com.gap.droid                        D  Evaluating relay for packet type 1 from d609cd9429f593ed (TTL: 0)\
2026-01-06 19:08:17.263 12950-12978 PacketRelayManager      com.gap.droid                        D  TTL expired, not relaying packet\
2026-01-06 19:08:17.263 12950-12978 PacketProcessor         com.gap.droid                        D  Completed packet type 1 from d609cd9429f593ed (anon6956)\
2026-01-06 19:08:17.263 12950-13164 BluetoothG...verManager com.gap.droid                        I  Server: Received packet from 66:2A:EA:66:BC:22, size: 174 bytes\
2026-01-06 19:08:17.265 12950-13164 BluetoothG...verManager com.gap.droid                        D  Server: Parsed packet type 1 from d609cd9429f593ed\
2026-01-06 19:08:17.265 12950-13164 BluetoothC...ionManager com.gap.droid                        D  onPacketReceived: Packet received from 66:2A:EA:66:BC:22 (d609cd9429f593ed)\
2026-01-06 19:08:17.265 12950-13164 PacketProcessor         com.gap.droid                        D  processPacket 1\
2026-01-06 19:08:17.268 12950-12973 PacketProcessor         com.gap.droid                        D  \uc0\u55357 \u56550  Processing packet type 1 from d609cd9429f593ed (anon6956) (serialized)\
2026-01-06 19:08:17.268 12950-12973 SecurityManager         com.gap.droid                        D  Dropping duplicate packet: 1767744496619-d609cd9429f593ed-394789133\
2026-01-06 19:08:17.268 12950-12973 PacketProcessor         com.gap.droid                        D  Packet failed security validation from d609cd9429f593ed (anon6956)\
2026-01-06 19:08:17.268 12950-12973 PacketProcessor         com.gap.droid                        D  Completed packet type 1 from d609cd9429f593ed (anon6956)\
2026-01-06 19:08:17.287 12950-12978 EncryptionService       com.gap.droid                        D  \uc0\u9989  Ed25519 signature verification: true\
2026-01-06 19:08:17.289 12950-12978 MessageHandler          com.gap.droid                        D  \uc0\u9989  Verified announce from d609cd9429f593ed: nickname=anon6956, noisePublicKey=c47f7c83c539339b..., signingPublicKey=b2b2dab651df968b...\
2026-01-06 19:08:17.289 12950-12978 PeerManager             com.gap.droid                        D  \uc0\u55357 \u56580  Updated verified peer: anon6956 (d609cd9429f593ed)\
2026-01-06 19:08:17.290 12950-12978 BluetoothMeshService    com.gap.droid                        D  Updating peer ID binding: d609cd9429f593ed (was: null) with nickname: anon6956 and public key: c47f7c83c539339b...\
2026-01-06 19:08:17.290 12950-12978 PeerManager             com.gap.droid                        D  Updated peer: d609cd9429f593ed (anon6956)\
2026-01-06 19:08:17.291 12950-12978 PeerFingerprintManager  com.gap.droid                        D  Stored fingerprint for peer d609cd9429f593ed: d609cd9429f593ed...\
2026-01-06 19:08:17.292 12950-12978 BluetoothMeshService    com.gap.droid                        D  Updated peer ID binding: d609cd9429f593ed (was: null), fingerprint: d609cd9429f593ed...\
2026-01-06 19:08:17.292 12950-12978 MessageHandler          com.gap.droid                        D  \uc0\u9989  Processed verified TLV announce: stored identity for d609cd9429f593ed\
2026-01-06 19:08:17.991 12950-13164 BluetoothG...verManager com.gap.droid                        I  Server: Received packet from 66:2A:EA:66:BC:22, size: 512 bytes\
2026-01-06 19:08:17.993 12950-13164 BluetoothG...verManager com.gap.droid                        D  Server: Parsed packet type 32 from b233b2819085bf73\
2026-01-06 19:08:17.993 12950-13164 BluetoothC...ionManager com.gap.droid                        D  onPacketReceived: Packet received from 66:2A:EA:66:BC:22 (b233b2819085bf73)\
2026-01-06 19:08:18.258 12950-13164 BluetoothG...verManager com.gap.droid                        I  Server: Received packet from 66:2A:EA:66:BC:22, size: 512 bytes\
2026-01-06 19:08:18.259 12950-13164 BluetoothG...verManager com.gap.droid                        D  Server: Parsed packet type 32 from b233b2819085bf73\
2026-01-06 19:08:18.260 12950-13164 BluetoothC...ionManager com.gap.droid                        D  onPacketReceived: Packet received from 66:2A:EA:66:BC:22 (b233b2819085bf73)\
2026-01-06 19:08:20.023 12950-13164 BluetoothG...verManager com.gap.droid                        I  Server: Received packet from 66:2A:EA:66:BC:22, size: 512 bytes\
2026-01-06 19:08:20.025 12950-13164 BluetoothG...verManager com.gap.droid                        D  Server: Parsed packet type 32 from b233b2819085bf73\
2026-01-06 19:08:20.025 12950-13164 BluetoothC...ionManager com.gap.droid                        D  onPacketReceived: Packet received from 66:2A:EA:66:BC:22 (b233b2819085bf73)\
2026-01-06 19:08:20.207 12950-13164 BluetoothG...verManager com.gap.droid                        I  Server: Received packet from 66:2A:EA:66:BC:22, size: 182 bytes\
2026-01-06 19:08:20.209 12950-13164 BluetoothG...verManager com.gap.droid                        D  Server: Parsed packet type 1 from e5f62181a9a53bf9\
2026-01-06 19:08:20.209 12950-13164 BluetoothC...ionManager com.gap.droid                        D  onPacketReceived: Packet received from 66:2A:EA:66:BC:22 (e5f62181a9a53bf9)\
2026-01-06 19:08:20.210 12950-13164 PacketProcessor         com.gap.droid                        D  processPacket 1\
2026-01-06 19:08:20.212 12950-12974 PacketProcessor         com.gap.droid                        D  \uc0\u55357 \u56550  Processing packet type 1 from e5f62181a9a53bf9 (anon8764) (serialized)\
2026-01-06 19:08:20.239 12950-13164 BluetoothG...verManager com.gap.droid                        I  Server: Received packet from 66:2A:EA:66:BC:22, size: 112 bytes\
2026-01-06 19:08:20.241 12950-13164 BluetoothG...verManager com.gap.droid                        D  Server: Parsed packet type 33 from e5f62181a9a53bf9\
2026-01-06 19:08:20.242 12950-13164 BluetoothC...ionManager com.gap.droid                        D  onPacketReceived: Packet received from 66:2A:EA:66:BC:22 (e5f62181a9a53bf9)\
2026-01-06 19:08:20.242 12950-13164 PacketProcessor         com.gap.droid                        D  processPacket 33\
2026-01-06 19:08:20.266 12950-12974 EncryptionService       com.gap.droid                        D  \uc0\u9989  Ed25519 signature verification: true\
2026-01-06 19:08:20.266 12950-12974 SecurityManager         com.gap.droid                        D  Packet validation passed for e5f62181a9a53bf9, messageID: 1767744499454-e5f62181a9a53bf9-1159125072\
2026-01-06 19:08:20.266 12950-12974 PacketProcessor         com.gap.droid                        D  Processing packet type ANNOUNCE from e5f62181a9a53bf9 (anon8764)\
2026-01-06 19:08:20.266 12950-12974 PacketProcessor         com.gap.droid                        D  Processing announce from e5f62181a9a53bf9 (anon8764)\
2026-01-06 19:08:20.267 12950-12974 PacketRelayManager      com.gap.droid                        D  Evaluating relay for packet type 1 from e5f62181a9a53bf9 (TTL: 7)\
2026-01-06 19:08:20.267 12950-12974 PacketRelayManager      com.gap.droid                        D  Decremented TTL from 7 to 6\
2026-01-06 19:08:20.267 12950-12974 PacketRelayManager      com.gap.droid                        D  High TTL (6), relaying\
2026-01-06 19:08:20.268 12950-12974 PacketRelayManager      com.gap.droid                        D  \uc0\u55357 \u56580  Relaying packet type 1 with TTL 6\
2026-01-06 19:08:20.271 12950-12974 FragmentManager         com.gap.droid                        D  \uc0\u55357 \u56576  Creating fragments for packet type 1, payload: 96 bytes\
2026-01-06 19:08:20.272 12950-12974 FragmentManager         com.gap.droid                        D  \uc0\u55357 \u56550  Encoded to 256 bytes\
2026-01-06 19:08:20.272 12950-12974 FragmentManager         com.gap.droid                        D  \uc0\u55357 \u56527  Unpadded to 182 bytes\
2026-01-06 19:08:20.273 12950-12974 PacketProcessor         com.gap.droid                        D  Completed packet type 1 from e5f62181a9a53bf9 (anon8764)\
2026-01-06 19:08:20.273 12950-12974 PacketProcessor         com.gap.droid                        D  \uc0\u55357 \u56550  Processing packet type 33 from e5f62181a9a53bf9 (anon8764) (serialized)\
2026-01-06 19:08:20.273 12950-12974 SecurityManager         com.gap.droid                        D  Packet validation passed for e5f62181a9a53bf9, messageID: 1767744499456-e5f62181a9a53bf9--1355871493\
2026-01-06 19:08:20.273 12950-12974 PacketProcessor         com.gap.droid                        D  Processing packet type REQUEST_SYNC from e5f62181a9a53bf9 (anon8764)\
2026-01-06 19:08:20.274 12950-12974 PacketProcessor         com.gap.droid                        D  Processing REQUEST_SYNC from e5f62181a9a53bf9 (anon8764)\
2026-01-06 19:08:20.274 12950-12978 BluetoothP...roadcaster com.gap.droid                        I  Broadcasting packet type 1 to 1 server + 3 client connections\
2026-01-06 19:08:20.274 12950-12978 BluetoothP...roadcaster com.gap.droid                        D  Skipping broadcast to client back to relayer: 66:2A:EA:66:BC:22\
2026-01-06 19:08:20.274 12950-12978 BluetoothP...roadcaster com.gap.droid                        D  Skipping broadcast to server back to relayer: 66:2A:EA:66:BC:22\
2026-01-06 19:08:20.280 12950-12974 GossipSyncManager       com.gap.droid                        D  Sent sync announce: Type 1 from 04f4812dfdeb3635 to e5f62181a9a53bf9 packet id 4a2be741570c3caf14380d37c6672e53\
2026-01-06 19:08:20.285 12950-12974 GossipSyncManager       com.gap.droid                        D  Sent sync announce: Type 1 from 5e33e195012786fa to e5f62181a9a53bf9 packet id 0d2f2a871e9e36c5d8d4eec83ac743d3\
2026-01-06 19:08:20.290 12950-12974 GossipSyncManager       com.gap.droid                        D  Sent sync message: Type 2 to e5f62181a9a53bf9 packet id 69f49b9c0a0ec983cd7f5b0dc254ab1d\
2026-01-06 19:08:20.296 12950-12974 GossipSyncManager       com.gap.droid                        D  Sent sync message: Type 2 to e5f62181a9a53bf9 packet id b65a3904e63dea9895b31bac2dbe27a2\
2026-01-06 19:08:20.299 12950-12974 GossipSyncManager       com.gap.droid                        D  Sent sync message: Type 2 to e5f62181a9a53bf9 packet id 677c1ee7db1d4f2b4ea561482b0cc85a\
2026-01-06 19:08:20.300 12950-12974 PacketRelayManager      com.gap.droid                        D  Evaluating relay for packet type 33 from e5f62181a9a53bf9 (TTL: 0)\
2026-01-06 19:08:20.300 12950-12974 PacketRelayManager      com.gap.droid                        D  TTL expired, not relaying packet\
2026-01-06 19:08:20.300 12950-12974 PacketProcessor         com.gap.droid                        D  Completed packet type 33 from e5f62181a9a53bf9 (anon8764)\
2026-01-06 19:08:20.310 12950-12975 EncryptionService       com.gap.droid                        D  \uc0\u9989  Ed25519 signature verification: true\
2026-01-06 19:08:20.312 12950-12975 MessageHandler          com.gap.droid                        D  \uc0\u9989  Verified announce from e5f62181a9a53bf9: nickname=anon8764, noisePublicKey=fb036b89f840f616..., signingPublicKey=5f0c2ec599b20542...\
2026-01-06 19:08:20.312 12950-12975 PeerManager             com.gap.droid                        D  \uc0\u55357 \u56580  Updated verified peer: anon8764 (e5f62181a9a53bf9)\
2026-01-06 19:08:20.313 12950-12975 BluetoothMeshService    com.gap.droid                        D  Updating peer ID binding: e5f62181a9a53bf9 (was: null) with nickname: anon8764 and public key: fb036b89f840f616...\
2026-01-06 19:08:20.313 12950-12975 PeerManager             com.gap.droid                        D  Updated peer: e5f62181a9a53bf9 (anon8764)\
2026-01-06 19:08:20.314 12950-12975 PeerFingerprintManager  com.gap.droid                        D  Stored fingerprint for peer e5f62181a9a53bf9: e5f62181a9a53bf9...\
2026-01-06 19:08:20.315 12950-12975 BluetoothMeshService    com.gap.droid                        D  Updated peer ID binding: e5f62181a9a53bf9 (was: null), fingerprint: e5f62181a9a53bf9...\
2026-01-06 19:08:20.315 12950-12975 MessageHandler          com.gap.droid                        D  \uc0\u9989  Processed verified TLV announce: stored identity for e5f62181a9a53bf9\
2026-01-06 19:08:20.349 12950-12960 zygote64                com.gap.droid                        I  Background concurrent copying GC freed 135859(5MB) AllocSpace objects, 7(164KB) LOS objects, 53% free, 5MB/11MB, paused 921us total 102.859ms\
2026-01-06 19:08:20.360 12950-12955 zygote64                com.gap.droid                        I  Do full code cache collection, code=2032KB, data=1155KB\
2026-01-06 19:08:20.362 12950-12955 zygote64                com.gap.droid                        I  After code cache collection, code=1777KB, data=982KB\
2026-01-06 19:08:20.433 12950-12975 BluetoothG...entManager com.gap.droid                        D  Requesting RSSI from 66:2A:EA:66:BC:22\
2026-01-06 19:08:20.433 12950-12975 BluetoothGatt           com.gap.droid                        D  readRssi() - device: 66:2A:EA:66:BC:22\
2026-01-06 19:08:20.441 12950-13164 BluetoothG...entManager com.gap.droid                        D  Client: RSSI updated for 66:2A:EA:66:BC:22: -62 dBm\
2026-01-06 19:08:20.837 12950-13164 BluetoothG...verManager com.gap.droid                        I  Server: Received packet from 66:2A:EA:66:BC:22, size: 512 bytes\
2026-01-06 19:08:20.839 12950-13164 BluetoothG...verManager com.gap.droid                        D  Server: Parsed packet type 32 from b233b2819085bf73\
2026-01-06 19:08:20.840 12950-13164 BluetoothC...ionManager com.gap.droid                        D  onPacketReceived: Packet received from 66:2A:EA:66:BC:22 (b233b2819085bf73)\
2026-01-06 19:08:20.870 12950-13164 BluetoothG...verManager com.gap.droid                        I  Server: Received packet from 66:2A:EA:66:BC:22, size: 512 bytes\
2026-01-06 19:08:20.872 12950-13164 BluetoothG...verManager com.gap.droid                        D  Server: Parsed packet type 32 from b233b2819085bf73\
2026-01-06 19:08:20.872 12950-13164 BluetoothC...ionManager com.gap.droid                        D  onPacketReceived: Packet received from 66:2A:EA:66:BC:22 (b233b2819085bf73)\
2026-01-06 19:08:21.154 12950-12950 BluetoothC...ionTracker com.gap.droid                        D  Tracker: Adding pending connection for 51:CA:FD:EB:38:6B\
2026-01-06 19:08:21.154 12950-12950 BluetoothC...ionTracker com.gap.droid                        D  Tracker: current attempt: ConnectionAttempt(attempts=1, lastAttempt=1767744491245)\
2026-01-06 19:08:21.154 12950-12950 BluetoothC...ionTracker com.gap.droid                        D  Tracker: Added pending connection for 51:CA:FD:EB:38:6B (attempts: 2)\
2026-01-06 19:08:21.157 12950-12950 BluetoothG...entManager com.gap.droid                        I  Connecting to bitchat device: 51:CA:FD:EB:38:6B\
2026-01-06 19:08:21.157 12950-12950 BluetoothG...entManager com.gap.droid                        D  Client: Attempting GATT connection to 51:CA:FD:EB:38:6B with autoConnect=false\
2026-01-06 19:08:21.161 12950-12950 BluetoothGatt           com.gap.droid                        D  connect() - device: 51:CA:FD:EB:38:6B, auto: false\
2026-01-06 19:08:21.161 12950-12950 BluetoothAdapter        com.gap.droid                        D  isSecureModeEnabled\
2026-01-06 19:08:21.162 12950-12950 BluetoothGatt           com.gap.droid                        D  registerApp()\
2026-01-06 19:08:21.162 12950-12950 BluetoothGatt           com.gap.droid                        D  registerApp() - UUID=b4b56a61-2ec3-4e43-a220-62948c4c428e\
2026-01-06 19:08:21.169 12950-12950 BluetoothG...entManager com.gap.droid                        D  Client: GATT connection initiated successfully for 51:CA:FD:EB:38:6B\
2026-01-06 19:08:21.171 12950-13164 BluetoothGatt           com.gap.droid                        D  onClientRegistered() - status=0 clientIf=10\
2026-01-06 19:08:21.260 12950-13164 BluetoothG...verManager com.gap.droid                        I  Server: Received packet from 66:2A:EA:66:BC:22, size: 308 bytes\
2026-01-06 19:08:21.262 12950-13164 BluetoothG...verManager com.gap.droid                        D  Server: Parsed packet type 32 from b233b2819085bf73\
2026-01-06 19:08:21.262 12950-13164 BluetoothC...ionManager com.gap.droid                        D  onPacketReceived: Packet received from 66:2A:EA:66:BC:22 (b233b2819085bf73)\
2026-01-06 19:08:21.299 12950-13092 BluetoothGatt           com.gap.droid                        D  onClientConnectionState() - status=133 clientIf=11 device=6D:38:36:30:E1:78\
2026-01-06 19:08:21.299 12950-13164 BluetoothGattServer     com.gap.droid                        D  onServerConnectionState() - status=0 serverIf=6 device=6D:38:36:30:E1:78\
2026-01-06 19:08:21.300 12950-13164 BluetoothG...verManager com.gap.droid                        I  Server: Device disconnected 6D:38:36:30:E1:78\
2026-01-06 19:08:21.301 12950-13164 BluetoothC...ionTracker com.gap.droid                        D  Cleaned up device connection for 6D:38:36:30:E1:78\
2026-01-06 19:08:21.301 12950-13164 BluetoothMeshService    com.gap.droid                        D  Device disconnected: 6D:38:36:30:E1:78\
2026-01-06 19:08:21.303 12950-13092 BluetoothG...entManager com.gap.droid                        D  Client: Connection state change - Device: 6D:38:36:30:E1:78, Status: 133, NewState: 0\
2026-01-06 19:08:21.304 12950-13092 BluetoothG...entManager com.gap.droid                        W  Client: Disconnected from 6D:38:36:30:E1:78 with error status 133\
2026-01-06 19:08:21.304 12950-13092 BluetoothMeshService    com.gap.droid                        D  Device disconnected: 6D:38:36:30:E1:78\
2026-01-06 19:08:21.379 12950-13092 BluetoothG...verManager com.gap.droid                        I  Server: Received packet from 66:2A:EA:66:BC:22, size: 512 bytes\
2026-01-06 19:08:21.380 12950-13092 BluetoothG...verManager com.gap.droid                        D  Server: Parsed packet type 32 from b233b2819085bf73\
2026-01-06 19:08:21.380 12950-13092 BluetoothC...ionManager com.gap.droid                        D  onPacketReceived: Packet received from 66:2A:EA:66:BC:22 (b233b2819085bf73)\
2026-01-06 19:08:21.584 12950-13092 BluetoothG...verManager com.gap.droid                        I  Server: Received packet from 66:2A:EA:66:BC:22, size: 512 bytes\
2026-01-06 19:08:21.586 12950-13092 BluetoothG...verManager com.gap.droid                        D  Server: Parsed packet type 32 from b233b2819085bf73\
2026-01-06 19:08:21.586 12950-13092 BluetoothC...ionManager com.gap.droid                        D  onPacketReceived: Packet received from 66:2A:EA:66:BC:22 (b233b2819085bf73)\
2026-01-06 19:08:21.649 12950-13092 BluetoothG...verManager com.gap.droid                        I  Server: Received packet from 66:2A:EA:66:BC:22, size: 512 bytes\
2026-01-06 19:08:21.651 12950-13092 BluetoothG...verManager com.gap.droid                        D  Server: Parsed packet type 32 from b233b2819085bf73\
2026-01-06 19:08:21.651 12950-13092 BluetoothC...ionManager com.gap.droid                        D  onPacketReceived: Packet received from 66:2A:EA:66:BC:22 (b233b2819085bf73)\
2026-01-06 19:08:21.763 12950-13092 BluetoothG...verManager com.gap.droid                        I  Server: Received packet from 66:2A:EA:66:BC:22, size: 512 bytes\
2026-01-06 19:08:21.765 12950-13092 BluetoothG...verManager com.gap.droid                        D  Server: Parsed packet type 32 from b233b2819085bf73\
2026-01-06 19:08:21.765 12950-13092 BluetoothC...ionManager com.gap.droid                        D  onPacketReceived: Packet received from 66:2A:EA:66:BC:22 (b233b2819085bf73)\
2026-01-06 19:08:21.798 12950-13092 BluetoothG...verManager com.gap.droid                        I  Server: Received packet from 66:2A:EA:66:BC:22, size: 279 bytes\
2026-01-06 19:08:21.800 12950-13092 BluetoothG...verManager com.gap.droid                        D  Server: Parsed packet type 32 from b233b2819085bf73\
2026-01-06 19:08:21.800 12950-13092 BluetoothC...ionManager com.gap.droid                        D  onPacketReceived: Packet received from 66:2A:EA:66:BC:22 (b233b2819085bf73)\
2026-01-06 19:08:21.808 12950-12975 BluetoothGatt           com.gap.droid                        D  close()\
2026-01-06 19:08:21.810 12950-12975 BluetoothGatt           com.gap.droid                        D  unregisterApp() - mClientIf=11\
2026-01-06 19:08:22.094 12950-13092 BluetoothG...verManager com.gap.droid                        I  Server: Received packet from 66:2A:EA:66:BC:22, size: 512 bytes\
2026-01-06 19:08:22.095 12950-13092 BluetoothG...verManager com.gap.droid                        D  Server: Parsed packet type 32 from b233b2819085bf73\
2026-01-06 19:08:22.095 12950-13092 BluetoothC...ionManager com.gap.droid                        D  onPacketReceived: Packet received from 66:2A:EA:66:BC:22 (b233b2819085bf73)\
2026-01-06 19:08:22.281 12950-13092 BluetoothG...verManager com.gap.droid                        I  Server: Received packet from 66:2A:EA:66:BC:22, size: 79 bytes\
2026-01-06 19:08:22.282 12950-13092 BluetoothG...verManager com.gap.droid                        D  Server: Parsed packet type 32 from b233b2819085bf73\
