2026-01-06 19:08:22.282 12950-13092 BluetoothC...ionManager com.gap.droid                        D  onPacketReceived: Packet received from 66:2A:EA:66:BC:22 (b233b2819085bf73)\
2026-01-06 19:08:22.547 12950-13092 BluetoothG...verManager com.gap.droid                        I  Server: Received packet from 66:2A:EA:66:BC:22, size: 512 bytes\
2026-01-06 19:08:22.549 12950-13092 BluetoothG...verManager com.gap.droid                        D  Server: Parsed packet type 32 from b233b2819085bf73\
2026-01-06 19:08:22.549 12950-13092 BluetoothC...ionManager com.gap.droid                        D  onPacketReceived: Packet received from 66:2A:EA:66:BC:22 (b233b2819085bf73)\
2026-01-06 19:08:22.816 12950-13092 BluetoothG...verManager com.gap.droid                        I  Server: Received packet from 66:2A:EA:66:BC:22, size: 512 bytes\
2026-01-06 19:08:22.818 12950-13092 BluetoothG...verManager com.gap.droid                        D  Server: Parsed packet type 32 from b233b2819085bf73\
2026-01-06 19:08:22.818 12950-13092 BluetoothC...ionManager com.gap.droid                        D  onPacketReceived: Packet received from 66:2A:EA:66:BC:22 (b233b2819085bf73)\
2026-01-06 19:08:22.874 12950-13092 BluetoothG...verManager com.gap.droid                        I  Server: Received packet from 66:2A:EA:66:BC:22, size: 512 bytes\
2026-01-06 19:08:22.876 12950-13092 BluetoothG...verManager com.gap.droid                        D  Server: Parsed packet type 32 from b233b2819085bf73\
2026-01-06 19:08:22.876 12950-13092 BluetoothC...ionManager com.gap.droid                        D  onPacketReceived: Packet received from 66:2A:EA:66:BC:22 (b233b2819085bf73)\
2026-01-06 19:08:22.994 12950-13092 BluetoothG...verManager com.gap.droid                        I  Server: Received packet from 66:2A:EA:66:BC:22, size: 512 bytes\
2026-01-06 19:08:22.996 12950-13092 BluetoothG...verManager com.gap.droid                        D  Server: Parsed packet type 32 from b233b2819085bf73\
2026-01-06 19:08:22.996 12950-13092 BluetoothC...ionManager com.gap.droid                        D  onPacketReceived: Packet received from 66:2A:EA:66:BC:22 (b233b2819085bf73)\
2026-01-06 19:08:23.177 12950-13092 BluetoothG...verManager com.gap.droid                        I  Server: Received packet from 66:2A:EA:66:BC:22, size: 512 bytes\
2026-01-06 19:08:23.179 12950-13092 BluetoothG...verManager com.gap.droid                        D  Server: Parsed packet type 32 from b233b2819085bf73\
2026-01-06 19:08:23.181 12950-13092 BluetoothC...ionManager com.gap.droid                        D  onPacketReceived: Packet received from 66:2A:EA:66:BC:22 (b233b2819085bf73)\
2026-01-06 19:08:23.238 12950-13092 BluetoothG...verManager com.gap.droid                        I  Server: Received packet from 66:2A:EA:66:BC:22, size: 308 bytes\
2026-01-06 19:08:23.240 12950-13092 BluetoothG...verManager com.gap.droid                        D  Server: Parsed packet type 32 from b233b2819085bf73\
2026-01-06 19:08:23.241 12950-13092 BluetoothC...ionManager com.gap.droid                        D  onPacketReceived: Packet received from 66:2A:EA:66:BC:22 (b233b2819085bf73)\
2026-01-06 19:08:23.324 12950-13092 BluetoothG...verManager com.gap.droid                        I  Server: Received packet from 66:2A:EA:66:BC:22, size: 512 bytes\
2026-01-06 19:08:23.325 12950-13092 BluetoothG...verManager com.gap.droid                        D  Server: Parsed packet type 32 from b233b2819085bf73\
2026-01-06 19:08:23.326 12950-13092 BluetoothC...ionManager com.gap.droid                        D  onPacketReceived: Packet received from 66:2A:EA:66:BC:22 (b233b2819085bf73)\
2026-01-06 19:08:23.384 12950-13092 BluetoothG...verManager com.gap.droid                        I  Server: Received packet from 66:2A:EA:66:BC:22, size: 512 bytes\
2026-01-06 19:08:23.386 12950-13092 BluetoothG...verManager com.gap.droid                        D  Server: Parsed packet type 32 from b233b2819085bf73\
2026-01-06 19:08:23.386 12950-13092 BluetoothC...ionManager com.gap.droid                        D  onPacketReceived: Packet received from 66:2A:EA:66:BC:22 (b233b2819085bf73)\
2026-01-06 19:08:23.492 12950-13092 BluetoothGattServer     com.gap.droid                        D  onServerConnectionState() - status=0 serverIf=6 device=45:BA:73:AF:7C:1E\
2026-01-06 19:08:23.492 12950-13092 BluetoothG...verManager com.gap.droid                        I  Server: Device connected 45:BA:73:AF:7C:1E\
2026-01-06 19:08:23.493 12950-13092 BluetoothC...ionTracker com.gap.droid                        D  Tracker: Adding device connection for 45:BA:73:AF:7C:1E (isClient: false\
2026-01-06 19:08:23.934 12950-13092 BluetoothGattServer     com.gap.droid                        D  onConnectionUpdated() - Device=45:BA:73:AF:7C:1E interval=6 latency=0 timeout=500 status=0\
2026-01-06 19:08:24.145 12950-13092 BluetoothGattServer     com.gap.droid                        D  onMtuChanged() - device=45:BA:73:AF:7C:1E, mtu=517\
2026-01-06 19:08:24.175 12950-13092 BluetoothG...verManager com.gap.droid                        D  Server: Connection setup complete for 45:BA:73:AF:7C:1E\
2026-01-06 19:08:24.259 12950-13092 BluetoothG...verManager com.gap.droid                        I  Server: Received packet from 66:2A:EA:66:BC:22, size: 512 bytes\
2026-01-06 19:08:24.261 12950-13092 BluetoothG...verManager com.gap.droid                        D  Server: Parsed packet type 32 from b233b2819085bf73\
2026-01-06 19:08:24.262 12950-13092 BluetoothC...ionManager com.gap.droid                        D  onPacketReceived: Packet received from 66:2A:EA:66:BC:22 (b233b2819085bf73)\
2026-01-06 19:08:24.281 12950-12974 BluetoothMeshService    com.gap.droid                        D  Device connected: 45:BA:73:AF:7C:1E; scheduling announce\
2026-01-06 19:08:24.376 12950-13092 BluetoothG...verManager com.gap.droid                        I  Server: Received packet from 66:2A:EA:66:BC:22, size: 512 bytes\
2026-01-06 19:08:24.378 12950-13092 BluetoothG...verManager com.gap.droid                        D  Server: Parsed packet type 32 from b233b2819085bf73\
2026-01-06 19:08:24.378 12950-13092 BluetoothC...ionManager com.gap.droid                        D  onPacketReceived: Packet received from 66:2A:EA:66:BC:22 (b233b2819085bf73)\
2026-01-06 19:08:24.483 12950-12978 BluetoothMeshService    com.gap.droid                        D  Sending broadcast announce\
2026-01-06 19:08:24.496 12950-12975 BluetoothMeshService    com.gap.droid                        D  Device connected: 45:BA:73:AF:7C:1E; scheduling announce\
2026-01-06 19:08:24.511 12950-12973 EncryptionService       com.gap.droid                        D  \uc0\u9989  Generated Ed25519 signature (64 bytes)\
2026-01-06 19:08:24.512 12950-12973 FragmentManager         com.gap.droid                        D  \uc0\u55357 \u56576  Creating fragments for packet type 1, payload: 78 bytes\
2026-01-06 19:08:24.512 12950-12973 FragmentManager         com.gap.droid                        D  \uc0\u55357 \u56550  Encoded to 256 bytes\
2026-01-06 19:08:24.512 12950-12973 FragmentManager         com.gap.droid                        D  \uc0\u55357 \u56527  Unpadded to 164 bytes\
2026-01-06 19:08:24.513 12950-12973 BluetoothMeshService    com.gap.droid                        D  Sent iOS-compatible signed TLV announce (78 bytes)\
2026-01-06 19:08:24.514 12950-12973 BluetoothP...roadcaster com.gap.droid                        I  Broadcasting packet type 1 to 2 server + 4 client connections\
2026-01-06 19:08:24.528 12950-13092 BluetoothG...verManager com.gap.droid                        I  Server: Received packet from 66:2A:EA:66:BC:22, size: 512 bytes\
2026-01-06 19:08:24.529 12950-13092 BluetoothG...verManager com.gap.droid                        D  Server: Parsed packet type 32 from b233b2819085bf73\
2026-01-06 19:08:24.529 12950-13092 BluetoothC...ionManager com.gap.droid                        D  onPacketReceived: Packet received from 66:2A:EA:66:BC:22 (b233b2819085bf73)\
2026-01-06 19:08:24.540 12950-13092 BluetoothGattServer     com.gap.droid                        D  onConnectionUpdated() - Device=45:BA:73:AF:7C:1E interval=39 latency=0 timeout=500 status=0\
2026-01-06 19:08:24.681 12950-13092 BluetoothG...verManager com.gap.droid                        I  Server: Received packet from 5D:35:93:E2:B3:F3, size: 256 bytes\
2026-01-06 19:08:24.682 12950-13092 BluetoothG...verManager com.gap.droid                        D  Server: Parsed packet type 1 from 04f4812dfdeb3635\
2026-01-06 19:08:24.682 12950-13092 BluetoothC...ionManager com.gap.droid                        D  onPacketReceived: Packet received from 5D:35:93:E2:B3:F3 (04f4812dfdeb3635)\
2026-01-06 19:08:24.685 12950-13092 PacketProcessor         com.gap.droid                        D  processPacket 1\
2026-01-06 19:08:24.689 12950-13092 BluetoothG...verManager com.gap.droid                        I  Server: Received packet from 45:BA:73:AF:7C:1E, size: 256 bytes\
2026-01-06 19:08:24.690 12950-12978 PacketProcessor         com.gap.droid                        D  \uc0\u55357 \u56550  Processing packet type 1 from 04f4812dfdeb3635 (anon9120) (serialized)\
2026-01-06 19:08:24.691 12950-13092 BluetoothG...verManager com.gap.droid                        D  Server: Parsed packet type 1 from 04f4812dfdeb3635\
2026-01-06 19:08:24.691 12950-13092 BluetoothC...ionManager com.gap.droid                        D  onPacketReceived: Packet received from 45:BA:73:AF:7C:1E (04f4812dfdeb3635)\
2026-01-06 19:08:24.692 12950-13092 PacketProcessor         com.gap.droid                        D  processPacket 1\
2026-01-06 19:08:24.698 12950-12974 BluetoothMeshService    com.gap.droid                        D  Sending broadcast announce\
2026-01-06 19:08:24.714 12950-12974 EncryptionService       com.gap.droid                        D  \uc0\u9989  Generated Ed25519 signature (64 bytes)\
2026-01-06 19:08:24.714 12950-12974 FragmentManager         com.gap.droid                        D  \uc0\u55357 \u56576  Creating fragments for packet type 1, payload: 78 bytes\
2026-01-06 19:08:24.714 12950-12974 FragmentManager         com.gap.droid                        D  \uc0\u55357 \u56550  Encoded to 256 bytes\
2026-01-06 19:08:24.714 12950-12974 FragmentManager         com.gap.droid                        D  \uc0\u55357 \u56527  Unpadded to 164 bytes\
2026-01-06 19:08:24.715 12950-12974 BluetoothMeshService    com.gap.droid                        D  Sent iOS-compatible signed TLV announce (78 bytes)\
2026-01-06 19:08:24.716 12950-12973 BluetoothP...roadcaster com.gap.droid                        I  Broadcasting packet type 1 to 2 server + 4 client connections\
2026-01-06 19:08:24.733 12950-12978 EncryptionService       com.gap.droid                        D  \uc0\u9989  Ed25519 signature verification: true\
2026-01-06 19:08:24.733 12950-12978 SecurityManager         com.gap.droid                        D  Packet validation passed for 04f4812dfdeb3635, messageID: 1767744502609-04f4812dfdeb3635-272905753\
2026-01-06 19:08:24.733 12950-12978 PacketProcessor         com.gap.droid                        D  Processing packet type ANNOUNCE from 04f4812dfdeb3635 (anon9120)\
2026-01-06 19:08:24.734 12950-12978 PacketProcessor         com.gap.droid                        D  Processing announce from 04f4812dfdeb3635 (anon9120)\
2026-01-06 19:08:24.734 12950-12978 PacketRelayManager      com.gap.droid                        D  Evaluating relay for packet type 1 from 04f4812dfdeb3635 (TTL: 7)\
2026-01-06 19:08:24.734 12950-12978 PacketRelayManager      com.gap.droid                        D  Decremented TTL from 7 to 6\
2026-01-06 19:08:24.734 12950-12978 PacketRelayManager      com.gap.droid                        D  High TTL (6), relaying\
2026-01-06 19:08:24.734 12950-12978 PacketRelayManager      com.gap.droid                        D  \uc0\u55357 \u56580  Relaying packet type 1 with TTL 6\
2026-01-06 19:08:24.734 12950-12978 FragmentManager         com.gap.droid                        D  \uc0\u55357 \u56576  Creating fragments for packet type 1, payload: 78 bytes\
2026-01-06 19:08:24.734 12950-12978 FragmentManager         com.gap.droid                        D  \uc0\u55357 \u56550  Encoded to 256 bytes\
2026-01-06 19:08:24.734 12950-12978 FragmentManager         com.gap.droid                        D  \uc0\u55357 \u56527  Unpadded to 164 bytes\
2026-01-06 19:08:24.735 12950-12978 PacketProcessor         com.gap.droid                        D  Completed packet type 1 from 04f4812dfdeb3635 (anon9120)\
2026-01-06 19:08:24.735 12950-12978 PacketProcessor         com.gap.droid                        D  \uc0\u55357 \u56550  Processing packet type 1 from 04f4812dfdeb3635 (anon9120) (serialized)\
2026-01-06 19:08:24.735 12950-12978 SecurityManager         com.gap.droid                        D  Allowing duplicate ANNOUNCE from direct neighbor: 1767744502609-04f4812dfdeb3635-272905753\
2026-01-06 19:08:24.735 12950-12974 BluetoothP...roadcaster com.gap.droid                        I  Broadcasting packet type 1 to 2 server + 4 client connections\
2026-01-06 19:08:24.760 12950-12978 EncryptionService       com.gap.droid                        D  \uc0\u9989  Ed25519 signature verification: true\
2026-01-06 19:08:24.761 12950-12978 SecurityManager         com.gap.droid                        D  Packet validation passed for 04f4812dfdeb3635, messageID: 1767744502609-04f4812dfdeb3635-272905753\
2026-01-06 19:08:24.761 12950-12978 PacketProcessor         com.gap.droid                        D  Processing packet type ANNOUNCE from 04f4812dfdeb3635 (anon9120)\
2026-01-06 19:08:24.761 12950-12978 PacketProcessor         com.gap.droid                        D  Processing announce from 04f4812dfdeb3635 (anon9120)\
2026-01-06 19:08:24.761 12950-12978 PacketRelayManager      com.gap.droid                        D  Evaluating relay for packet type 1 from 04f4812dfdeb3635 (TTL: 7)\
2026-01-06 19:08:24.761 12950-12978 PacketRelayManager      com.gap.droid                        D  Decremented TTL from 7 to 6\
2026-01-06 19:08:24.761 12950-12978 PacketRelayManager      com.gap.droid                        D  High TTL (6), relaying\
2026-01-06 19:08:24.761 12950-12978 PacketRelayManager      com.gap.droid                        D  \uc0\u55357 \u56580  Relaying packet type 1 with TTL 6\
2026-01-06 19:08:24.761 12950-12978 FragmentManager         com.gap.droid                        D  \uc0\u55357 \u56576  Creating fragments for packet type 1, payload: 78 bytes\
2026-01-06 19:08:24.762 12950-12978 FragmentManager         com.gap.droid                        D  \uc0\u55357 \u56550  Encoded to 256 bytes\
2026-01-06 19:08:24.762 12950-12978 FragmentManager         com.gap.droid                        D  \uc0\u55357 \u56527  Unpadded to 164 bytes\
2026-01-06 19:08:24.762 12950-12978 PacketProcessor         com.gap.droid                        D  Completed packet type 1 from 04f4812dfdeb3635 (anon9120)\
2026-01-06 19:08:24.763 12950-12978 BluetoothP...roadcaster com.gap.droid                        I  Broadcasting packet type 1 to 2 server + 4 client connections\
2026-01-06 19:08:24.765 12950-12978 BluetoothP...roadcaster com.gap.droid                        D  Skipping broadcast to client back to relayer: 45:BA:73:AF:7C:1E\
2026-01-06 19:08:24.777 12950-12973 EncryptionService       com.gap.droid                        D  \uc0\u9989  Ed25519 signature verification: true\
2026-01-06 19:08:24.780 12950-12973 MessageHandler          com.gap.droid                        D  \uc0\u9989  Verified announce from 04f4812dfdeb3635: nickname=anon9120, noisePublicKey=3f595f960b42dd79..., signingPublicKey=1215119713db1c62...\
2026-01-06 19:08:24.781 12950-12973 PeerManager             com.gap.droid                        D  \uc0\u55357 \u56580  Updated verified peer: anon9120 (04f4812dfdeb3635)\
2026-01-06 19:08:24.782 12950-12973 BluetoothMeshService    com.gap.droid                        D  Updating peer ID binding: 04f4812dfdeb3635 (was: null) with nickname: anon9120 and public key: 3f595f960b42dd79...\
2026-01-06 19:08:24.782 12950-12973 PeerManager             com.gap.droid                        D  Updated peer: 04f4812dfdeb3635 (anon9120)\
2026-01-06 19:08:24.784 12950-12973 PeerFingerprintManager  com.gap.droid                        D  Stored fingerprint for peer 04f4812dfdeb3635: 04f4812dfdeb3635...\
2026-01-06 19:08:24.784 12950-12974 EncryptionService       com.gap.droid                        D  \uc0\u9989  Ed25519 signature verification: true\
2026-01-06 19:08:24.786 12950-12973 BluetoothMeshService    com.gap.droid                        D  Updated peer ID binding: 04f4812dfdeb3635 (was: null), fingerprint: 04f4812dfdeb3635...\
2026-01-06 19:08:24.786 12950-12973 MessageHandler          com.gap.droid                        D  \uc0\u9989  Processed verified TLV announce: stored identity for 04f4812dfdeb3635\
2026-01-06 19:08:24.786 12950-12974 MessageHandler          com.gap.droid                        D  \uc0\u9989  Verified announce from 04f4812dfdeb3635: nickname=anon9120, noisePublicKey=3f595f960b42dd79..., signingPublicKey=1215119713db1c62...\
2026-01-06 19:08:24.786 12950-12974 PeerManager             com.gap.droid                        D  \uc0\u55357 \u56580  Updated verified peer: anon9120 (04f4812dfdeb3635)\
2026-01-06 19:08:24.787 12950-12974 BluetoothMeshService    com.gap.droid                        D  Updating peer ID binding: 04f4812dfdeb3635 (was: null) with nickname: anon9120 and public key: 3f595f960b42dd79...\
2026-01-06 19:08:24.788 12950-12974 PeerManager             com.gap.droid                        D  Updated peer: 04f4812dfdeb3635 (anon9120)\
2026-01-06 19:08:24.789 12950-12974 PeerFingerprintManager  com.gap.droid                        D  Stored fingerprint for peer 04f4812dfdeb3635: 04f4812dfdeb3635...\
2026-01-06 19:08:24.791 12950-12974 BluetoothMeshService    com.gap.droid                        D  Updated peer ID binding: 04f4812dfdeb3635 (was: null), fingerprint: 04f4812dfdeb3635...\
2026-01-06 19:08:24.791 12950-12974 MessageHandler          com.gap.droid                        D  \uc0\u9989  Processed verified TLV announce: stored identity for 04f4812dfdeb3635\
2026-01-06 19:08:24.792 12950-12974 BluetoothMeshService    com.gap.droid                        D  Mapped device 45:BA:73:AF:7C:1E to peer 04f4812dfdeb3635 on FIRST-ANNOUNCE for this connection\
2026-01-06 19:08:24.792 12950-12974 zygote64                com.gap.droid                        I  Deoptimizing sa.h ob.x.h(sa.h, sa.h, boolean) due to JIT inline cache\
2026-01-06 19:08:24.876 12950-13092 BluetoothG...verManager com.gap.droid                        I  Server: Received packet from 5D:35:93:E2:B3:F3, size: 256 bytes\
2026-01-06 19:08:24.878 12950-13092 BluetoothG...verManager com.gap.droid                        D  Server: Parsed packet type 1 from b233b2819085bf73\
2026-01-06 19:08:24.878 12950-13092 BluetoothC...ionManager com.gap.droid                        D  onPacketReceived: Packet received from 5D:35:93:E2:B3:F3 (b233b2819085bf73)\
2026-01-06 19:08:24.918 12950-13092 BluetoothG...verManager com.gap.droid                        I  Server: Received packet from 66:2A:EA:66:BC:22, size: 512 bytes\
2026-01-06 19:08:24.920 12950-13092 BluetoothG...verManager com.gap.droid                        D  Server: Parsed packet type 32 from b233b2819085bf73\
2026-01-06 19:08:24.921 12950-13092 BluetoothC...ionManager com.gap.droid                        D  onPacketReceived: Packet received from 66:2A:EA:66:BC:22 (b233b2819085bf73)\
2026-01-06 19:08:24.981 12950-13092 BluetoothG...verManager com.gap.droid                        I  Server: Received packet from 45:BA:73:AF:7C:1E, size: 256 bytes\
2026-01-06 19:08:24.983 12950-13092 BluetoothG...verManager com.gap.droid                        D  Server: Parsed packet type 1 from 04f4812dfdeb3635\
2026-01-06 19:08:24.983 12950-13092 BluetoothC...ionManager com.gap.droid                        D  onPacketReceived: Packet received from 45:BA:73:AF:7C:1E (04f4812dfdeb3635)\
2026-01-06 19:08:24.984 12950-13092 PacketProcessor         com.gap.droid                        D  processPacket 1\
2026-01-06 19:08:24.986 12950-12973 PacketProcessor         com.gap.droid                        D  \uc0\u55357 \u56550  Processing packet type 1 from 04f4812dfdeb3635 (anon9120) (serialized)\
2026-01-06 19:08:25.022 12950-12973 EncryptionService       com.gap.droid                        D  \uc0\u9989  Ed25519 signature verification: true\
2026-01-06 19:08:25.023 12950-12973 SecurityManager         com.gap.droid                        D  Packet validation passed for 04f4812dfdeb3635, messageID: 1767744502984-04f4812dfdeb3635-272905753\
2026-01-06 19:08:25.023 12950-12973 PacketProcessor         com.gap.droid                        D  Processing packet type ANNOUNCE from 04f4812dfdeb3635 (anon9120)\
2026-01-06 19:08:25.023 12950-12973 PacketProcessor         com.gap.droid                        D  Processing announce from 04f4812dfdeb3635 (anon9120)\
2026-01-06 19:08:25.024 12950-12973 PacketRelayManager      com.gap.droid                        D  Evaluating relay for packet type 1 from 04f4812dfdeb3635 (TTL: 7)\
2026-01-06 19:08:25.024 12950-12973 PacketRelayManager      com.gap.droid                        D  Decremented TTL from 7 to 6\
2026-01-06 19:08:25.024 12950-12973 PacketRelayManager      com.gap.droid                        D  High TTL (6), relaying\
2026-01-06 19:08:25.024 12950-12973 PacketRelayManager      com.gap.droid                        D  \uc0\u55357 \u56580  Relaying packet type 1 with TTL 6\
2026-01-06 19:08:25.024 12950-12973 FragmentManager         com.gap.droid                        D  \uc0\u55357 \u56576  Creating fragments for packet type 1, payload: 78 bytes\
2026-01-06 19:08:25.024 12950-12973 FragmentManager         com.gap.droid                        D  \uc0\u55357 \u56550  Encoded to 256 bytes\
2026-01-06 19:08:25.024 12950-12973 FragmentManager         com.gap.droid                        D  \uc0\u55357 \u56527  Unpadded to 164 bytes\
2026-01-06 19:08:25.024 12950-12973 PacketProcessor         com.gap.droid                        D  Completed packet type 1 from 04f4812dfdeb3635 (anon9120)\
2026-01-06 19:08:25.025 12950-12973 BluetoothP...roadcaster com.gap.droid                        I  Broadcasting packet type 1 to 2 server + 4 client connections\
2026-01-06 19:08:25.028 12950-12973 BluetoothP...roadcaster com.gap.droid                        D  Skipping broadcast to client back to relayer: 45:BA:73:AF:7C:1E\
2026-01-06 19:08:25.046 12950-12969 EncryptionService       com.gap.droid                        D  \uc0\u9989  Ed25519 signature verification: true\
2026-01-06 19:08:25.048 12950-12969 MessageHandler          com.gap.droid                        D  \uc0\u9989  Verified announce from 04f4812dfdeb3635: nickname=anon9120, noisePublicKey=3f595f960b42dd79..., signingPublicKey=1215119713db1c62...\
2026-01-06 19:08:25.048 12950-12969 PeerManager             com.gap.droid                        D  \uc0\u55357 \u56580  Updated verified peer: anon9120 (04f4812dfdeb3635)\
2026-01-06 19:08:25.048 12950-12969 BluetoothMeshService    com.gap.droid                        D  Updating peer ID binding: 04f4812dfdeb3635 (was: null) with nickname: anon9120 and public key: 3f595f960b42dd79...\
2026-01-06 19:08:25.048 12950-12969 PeerManager             com.gap.droid                        D  Updated peer: 04f4812dfdeb3635 (anon9120)\
2026-01-06 19:08:25.049 12950-12969 PeerFingerprintManager  com.gap.droid                        D  Stored fingerprint for peer 04f4812dfdeb3635: 04f4812dfdeb3635...\
2026-01-06 19:08:25.050 12950-12969 BluetoothMeshService    com.gap.droid                        D  Updated peer ID binding: 04f4812dfdeb3635 (was: null), fingerprint: 04f4812dfdeb3635...\
2026-01-06 19:08:25.050 12950-12969 MessageHandler          com.gap.droid                        D  \uc0\u9989  Processed verified TLV announce: stored identity for 04f4812dfdeb3635\
2026-01-06 19:08:25.072 12950-13092 BluetoothG...verManager com.gap.droid                        I  Server: Received packet from 5D:35:93:E2:B3:F3, size: 256 bytes\
2026-01-06 19:08:25.073 12950-13092 BluetoothG...verManager com.gap.droid                        D  Server: Parsed packet type 1 from b233b2819085bf73\
2026-01-06 19:08:25.073 12950-13092 BluetoothC...ionManager com.gap.droid                        D  onPacketReceived: Packet received from 5D:35:93:E2:B3:F3 (b233b2819085bf73)\
2026-01-06 19:08:25.218 12950-13092 BluetoothG...verManager com.gap.droid                        I  Server: Received packet from 5D:35:93:E2:B3:F3, size: 256 bytes\
2026-01-06 19:08:25.220 12950-13092 BluetoothG...verManager com.gap.droid                        D  Server: Parsed packet type 1 from 04f4812dfdeb3635\
2026-01-06 19:08:25.220 12950-13092 BluetoothC...ionManager com.gap.droid                        D  onPacketReceived: Packet received from 5D:35:93:E2:B3:F3 (04f4812dfdeb3635)\
2026-01-06 19:08:25.221 12950-13092 PacketProcessor         com.gap.droid                        D  processPacket 1\
2026-01-06 19:08:25.224 12950-12973 PacketProcessor         com.gap.droid                        D  \uc0\u55357 \u56550  Processing packet type 1 from 04f4812dfdeb3635 (anon9120) (serialized)\
2026-01-06 19:08:25.225 12950-12973 SecurityManager         com.gap.droid                        D  Allowing duplicate ANNOUNCE from direct neighbor: 1767744502984-04f4812dfdeb3635-272905753\
2026-01-06 19:08:25.262 12950-12973 EncryptionService       com.gap.droid                        D  \uc0\u9989  Ed25519 signature verification: true\
2026-01-06 19:08:25.262 12950-12973 SecurityManager         com.gap.droid                        D  Packet validation passed for 04f4812dfdeb3635, messageID: 1767744502984-04f4812dfdeb3635-272905753\
2026-01-06 19:08:25.262 12950-12973 PacketProcessor         com.gap.droid                        D  Processing packet type ANNOUNCE from 04f4812dfdeb3635 (anon9120)\
2026-01-06 19:08:25.263 12950-12973 PacketProcessor         com.gap.droid                        D  Processing announce from 04f4812dfdeb3635 (anon9120)\
2026-01-06 19:08:25.263 12950-12973 PacketRelayManager      com.gap.droid                        D  Evaluating relay for packet type 1 from 04f4812dfdeb3635 (TTL: 7)\
2026-01-06 19:08:25.263 12950-12973 PacketRelayManager      com.gap.droid                        D  Decremented TTL from 7 to 6\
2026-01-06 19:08:25.263 12950-12973 PacketRelayManager      com.gap.droid                        D  High TTL (6), relaying\
2026-01-06 19:08:25.263 12950-12973 PacketRelayManager      com.gap.droid                        D  \uc0\u55357 \u56580  Relaying packet type 1 with TTL 6\
2026-01-06 19:08:25.263 12950-12973 FragmentManager         com.gap.droid                        D  \uc0\u55357 \u56576  Creating fragments for packet type 1, payload: 78 bytes\
2026-01-06 19:08:25.264 12950-12973 FragmentManager         com.gap.droid                        D  \uc0\u55357 \u56550  Encoded to 256 bytes\
2026-01-06 19:08:25.264 12950-12973 FragmentManager         com.gap.droid                        D  \uc0\u55357 \u56527  Unpadded to 164 bytes\
2026-01-06 19:08:25.264 12950-12973 PacketProcessor         com.gap.droid                        D  Completed packet type 1 from 04f4812dfdeb3635 (anon9120)\
2026-01-06 19:08:25.266 12950-12973 BluetoothP...roadcaster com.gap.droid                        I  Broadcasting packet type 1 to 2 server + 4 client connections\
2026-01-06 19:08:25.292 12950-12974 EncryptionService       com.gap.droid                        D  \uc0\u9989  Ed25519 signature verification: true\
2026-01-06 19:08:25.294 12950-12974 MessageHandler          com.gap.droid                        D  \uc0\u9989  Verified announce from 04f4812dfdeb3635: nickname=anon9120, noisePublicKey=3f595f960b42dd79..., signingPublicKey=1215119713db1c62...\
2026-01-06 19:08:25.295 12950-12974 PeerManager             com.gap.droid                        D  \uc0\u55357 \u56580  Updated verified peer: anon9120 (04f4812dfdeb3635)\
2026-01-06 19:08:25.295 12950-12974 BluetoothMeshService    com.gap.droid                        D  Updating peer ID binding: 04f4812dfdeb3635 (was: null) with nickname: anon9120 and public key: 3f595f960b42dd79...\
2026-01-06 19:08:25.295 12950-12974 PeerManager             com.gap.droid                        D  Updated peer: 04f4812dfdeb3635 (anon9120)\
2026-01-06 19:08:25.297 12950-12974 PeerFingerprintManager  com.gap.droid                        D  Stored fingerprint for peer 04f4812dfdeb3635: 04f4812dfdeb3635...\
2026-01-06 19:08:25.298 12950-12974 BluetoothMeshService    com.gap.droid                        D  Updated peer ID binding: 04f4812dfdeb3635 (was: null), fingerprint: 04f4812dfdeb3635...\
2026-01-06 19:08:25.298 12950-12974 MessageHandler          com.gap.droid                        D  \uc0\u9989  Processed verified TLV announce: stored identity for 04f4812dfdeb3635\
2026-01-06 19:08:25.413 12950-13092 BluetoothG...verManager com.gap.droid                        I  Server: Received packet from 5D:35:93:E2:B3:F3, size: 512 bytes\
2026-01-06 19:08:25.414 12950-13092 BluetoothG...verManager com.gap.droid                        D  Server: Parsed packet type 32 from b233b2819085bf73\
2026-01-06 19:08:25.415 12950-13092 BluetoothC...ionManager com.gap.droid                        D  onPacketReceived: Packet received from 5D:35:93:E2:B3:F3 (b233b2819085bf73)\
2026-01-06 19:08:25.439 12950-12974 BluetoothG...entManager com.gap.droid                        D  Requesting RSSI from 66:2A:EA:66:BC:22\
2026-01-06 19:08:25.439 12950-12974 BluetoothGatt           com.gap.droid                        D  readRssi() - device: 66:2A:EA:66:BC:22\
2026-01-06 19:08:25.453 12950-13092 BluetoothG...entManager com.gap.droid                        D  Client: RSSI updated for 66:2A:EA:66:BC:22: -51 dBm\
2026-01-06 19:08:25.510 12950-13092 BluetoothG...verManager com.gap.droid                        I  Server: Received packet from 5D:35:93:E2:B3:F3, size: 256 bytes\
2026-01-06 19:08:25.511 12950-13092 BluetoothG...verManager com.gap.droid                        D  Server: Parsed packet type 1 from d609cd9429f593ed\
2026-01-06 19:08:25.512 12950-13092 BluetoothC...ionManager com.gap.droid                        D  onPacketReceived: Packet received from 5D:35:93:E2:B3:F3 (d609cd9429f593ed)\
2026-01-06 19:08:25.516 12950-13092 PacketProcessor         com.gap.droid                        D  processPacket 1\
2026-01-06 19:08:25.519 12950-12973 PacketProcessor         com.gap.droid                        D  \uc0\u55357 \u56550  Processing packet type 1 from d609cd9429f593ed (anon6956) (serialized)\
2026-01-06 19:08:25.561 12950-12973 EncryptionService       com.gap.droid                        D  \uc0\u9989  Ed25519 signature verification: true\
2026-01-06 19:08:25.561 12950-12973 SecurityManager         com.gap.droid                        D  Packet validation passed for d609cd9429f593ed, messageID: 1767744504955-d609cd9429f593ed-394789133\
2026-01-06 19:08:25.561 12950-12973 PacketProcessor         com.gap.droid                        D  Processing packet type ANNOUNCE from d609cd9429f593ed (anon6956)\
2026-01-06 19:08:25.561 12950-12973 PacketProcessor         com.gap.droid                        D  Processing announce from d609cd9429f593ed (anon6956)\
2026-01-06 19:08:25.562 12950-12973 PacketRelayManager      com.gap.droid                        D  Evaluating relay for packet type 1 from d609cd9429f593ed (TTL: 6)\
2026-01-06 19:08:25.562 12950-12973 PacketRelayManager      com.gap.droid                        D  Decremented TTL from 6 to 5\
2026-01-06 19:08:25.562 12950-12973 PacketRelayManager      com.gap.droid                        D  High TTL (5), relaying\
2026-01-06 19:08:25.562 12950-12973 PacketRelayManager      com.gap.droid                        D  \uc0\u55357 \u56580  Relaying packet type 1 with TTL 5\
2026-01-06 19:08:25.562 12950-12973 FragmentManager         com.gap.droid                        D  \uc0\u55357 \u56576  Creating fragments for packet type 1, payload: 96 bytes\
2026-01-06 19:08:25.562 12950-12973 FragmentManager         com.gap.droid                        D  \uc0\u55357 \u56550  Encoded to 256 bytes\
2026-01-06 19:08:25.562 12950-12973 FragmentManager         com.gap.droid                        D  \uc0\u55357 \u56527  Unpadded to 182 bytes\
2026-01-06 19:08:25.563 12950-12973 PacketProcessor         com.gap.droid                        D  Completed packet type 1 from d609cd9429f593ed (anon6956)\
2026-01-06 19:08:25.564 12950-12969 BluetoothP...roadcaster com.gap.droid                        I  Broadcasting packet type 1 to 2 server + 4 client connections\
2026-01-06 19:08:25.576 12950-13092 BluetoothG...verManager com.gap.droid                        I  Server: Received packet from 66:2A:EA:66:BC:22, size: 512 bytes\
2026-01-06 19:08:25.576 12950-13092 BluetoothG...verManager com.gap.droid                        D  Server: Parsed packet type 32 from b233b2819085bf73\
2026-01-06 19:08:25.576 12950-13092 BluetoothC...ionManager com.gap.droid                        D  onPacketReceived: Packet received from 66:2A:EA:66:BC:22 (b233b2819085bf73)\
2026-01-06 19:08:25.597 12950-12976 EncryptionService       com.gap.droid                        D  \uc0\u9989  Ed25519 signature verification: true\
2026-01-06 19:08:25.600 12950-12976 MessageHandler          com.gap.droid                        D  \uc0\u9989  Verified announce from d609cd9429f593ed: nickname=anon6956, noisePublicKey=c47f7c83c539339b..., signingPublicKey=b2b2dab651df968b...\
2026-01-06 19:08:25.600 12950-12976 PeerManager             com.gap.droid                        D  \uc0\u55357 \u56580  Updated verified peer: anon6956 (d609cd9429f593ed)\
2026-01-06 19:08:25.601 12950-12976 BluetoothMeshService    com.gap.droid                        D  Updating peer ID binding: d609cd9429f593ed (was: null) with nickname: anon6956 and public key: c47f7c83c539339b...\
2026-01-06 19:08:25.602 12950-12976 PeerManager             com.gap.droid                        D  Updated peer: d609cd9429f593ed (anon6956)\
2026-01-06 19:08:25.603 12950-12976 PeerFingerprintManager  com.gap.droid                        D  Stored fingerprint for peer d609cd9429f593ed: d609cd9429f593ed...\
2026-01-06 19:08:25.604 12950-12976 BluetoothMeshService    com.gap.droid                        D  Updated peer ID binding: d609cd9429f593ed (was: null), fingerprint: d609cd9429f593ed...\
2026-01-06 19:08:25.604 12950-12976 MessageHandler          com.gap.droid                        D  \uc0\u9989  Processed verified TLV announce: stored identity for d609cd9429f593ed\
2026-01-06 19:08:25.608 12950-13092 BluetoothG...verManager com.gap.droid                        I  Server: Received packet from 5D:35:93:E2:B3:F3, size: 256 bytes\
2026-01-06 19:08:25.609 12950-13092 BluetoothG...verManager com.gap.droid                        D  Server: Parsed packet type 1 from d609cd9429f593ed\
2026-01-06 19:08:25.609 12950-13092 BluetoothC...ionManager com.gap.droid                        D  onPacketReceived: Packet received from 5D:35:93:E2:B3:F3 (d609cd9429f593ed)\
2026-01-06 19:08:25.609 12950-13092 PacketProcessor         com.gap.droid                        D  processPacket 1\
2026-01-06 19:08:25.611 12950-12969 PacketProcessor         com.gap.droid                        D  \uc0\u55357 \u56550  Processing packet type 1 from d609cd9429f593ed (anon6956) (serialized)\
2026-01-06 19:08:25.652 12950-12969 EncryptionService       com.gap.droid                        D  \uc0\u9989  Ed25519 signature verification: true\
2026-01-06 19:08:25.653 12950-12969 SecurityManager         com.gap.droid                        D  Packet validation passed for d609cd9429f593ed, messageID: 1767744505169-d609cd9429f593ed-394789133\
2026-01-06 19:08:25.653 12950-12969 PacketProcessor         com.gap.droid                        D  Processing packet type ANNOUNCE from d609cd9429f593ed (anon6956)\
2026-01-06 19:08:25.653 12950-12969 PacketProcessor         com.gap.droid                        D  Processing announce from d609cd9429f593ed (anon6956)\
2026-01-06 19:08:25.653 12950-12969 PacketRelayManager      com.gap.droid                        D  Evaluating relay for packet type 1 from d609cd9429f593ed (TTL: 6)\
2026-01-06 19:08:25.653 12950-12969 PacketRelayManager      com.gap.droid                        D  Decremented TTL from 6 to 5\
2026-01-06 19:08:25.653 12950-12969 PacketRelayManager      com.gap.droid                        D  High TTL (5), relaying\
2026-01-06 19:08:25.654 12950-12969 PacketRelayManager      com.gap.droid                        D  \uc0\u55357 \u56580  Relaying packet type 1 with TTL 5\
2026-01-06 19:08:25.654 12950-12969 FragmentManager         com.gap.droid                        D  \uc0\u55357 \u56576  Creating fragments for packet type 1, payload: 96 bytes\
2026-01-06 19:08:25.654 12950-12969 FragmentManager         com.gap.droid                        D  \uc0\u55357 \u56550  Encoded to 256 bytes\
2026-01-06 19:08:25.654 12950-12969 FragmentManager         com.gap.droid                        D  \uc0\u55357 \u56527  Unpadded to 182 bytes\
2026-01-06 19:08:25.654 12950-12969 PacketProcessor         com.gap.droid                        D  Completed packet type 1 from d609cd9429f593ed (anon6956)\
2026-01-06 19:08:25.655 12950-12973 BluetoothP...roadcaster com.gap.droid                        I  Broadcasting packet type 1 to 2 server + 4 client connections\
2026-01-06 19:08:25.682 12950-12974 EncryptionService       com.gap.droid                        D  \uc0\u9989  Ed25519 signature verification: true\
2026-01-06 19:08:25.683 12950-12974 MessageHandler          com.gap.droid                        D  \uc0\u9989  Verified announce from d609cd9429f593ed: nickname=anon6956, noisePublicKey=c47f7c83c539339b..., signingPublicKey=b2b2dab651df968b...\
2026-01-06 19:08:25.683 12950-12974 PeerManager             com.gap.droid                        D  \uc0\u55357 \u56580  Updated verified peer: anon6956 (d609cd9429f593ed)\
2026-01-06 19:08:25.684 12950-12974 BluetoothMeshService    com.gap.droid                        D  Updating peer ID binding: d609cd9429f593ed (was: null) with nickname: anon6956 and public key: c47f7c83c539339b...\
2026-01-06 19:08:25.684 12950-12974 PeerManager             com.gap.droid                        D  Updated peer: d609cd9429f593ed (anon6956)\
2026-01-06 19:08:25.685 12950-12974 PeerFingerprintManager  com.gap.droid                        D  Stored fingerprint for peer d609cd9429f593ed: d609cd9429f593ed...\
2026-01-06 19:08:25.685 12950-12974 BluetoothMeshService    com.gap.droid                        D  Updated peer ID binding: d609cd9429f593ed (was: null), fingerprint: d609cd9429f593ed...\
2026-01-06 19:08:25.685 12950-12974 MessageHandler          com.gap.droid                        D  \uc0\u9989  Processed verified TLV announce: stored identity for d609cd9429f593ed\
2026-01-06 19:08:25.786 12950-13092 BluetoothG...verManager com.gap.droid                        I  Server: Received packet from 66:2A:EA:66:BC:22, size: 164 bytes\
2026-01-06 19:08:25.788 12950-13092 BluetoothG...verManager com.gap.droid                        D  Server: Parsed packet type 1 from 04f4812dfdeb3635\
2026-01-06 19:08:25.789 12950-13092 BluetoothC...ionManager com.gap.droid                        D  onPacketReceived: Packet received from 66:2A:EA:66:BC:22 (04f4812dfdeb3635)\
2026-01-06 19:08:25.789 12950-13092 PacketProcessor         com.gap.droid                        D  processPacket 1\
2026-01-06 19:08:25.792 12950-12974 PacketProcessor         com.gap.droid                        D  \uc0\u55357 \u56550  Processing packet type 1 from 04f4812dfdeb3635 (anon9120) (serialized)\
2026-01-06 19:08:25.793 12950-12974 SecurityManager         com.gap.droid                        D  Dropping duplicate packet: 1767744502609-04f4812dfdeb3635-272905753\
2026-01-06 19:08:25.793 12950-12974 PacketProcessor         com.gap.droid                        D  Packet failed security validation from 04f4812dfdeb3635 (anon9120)\
2026-01-06 19:08:25.794 12950-12974 PacketProcessor         com.gap.droid                        D  Completed packet type 1 from 04f4812dfdeb3635 (anon9120)\
2026-01-06 19:08:25.802 12950-12974 GossipSyncManager       com.gap.droid                        D  Sending sync request to 04f4812dfdeb3635 (27 bytes)\
2026-01-06 19:08:25.821 12950-13092 BluetoothG...verManager com.gap.droid                        I  Server: Received packet from 66:2A:EA:66:BC:22, size: 182 bytes\
2026-01-06 19:08:25.822 12950-13092 BluetoothG...verManager com.gap.droid                        D  Server: Parsed packet type 1 from d609cd9429f593ed\
2026-01-06 19:08:25.823 12950-13092 BluetoothC...ionManager com.gap.droid                        D  onPacketReceived: Packet received from 66:2A:EA:66:BC:22 (d609cd9429f593ed)\
2026-01-06 19:08:25.823 12950-13092 PacketProcessor         com.gap.droid                        D  processPacket 1\
2026-01-06 19:08:25.827 12950-12976 PacketProcessor         com.gap.droid                        D  \uc0\u55357 \u56550  Processing packet type 1 from d609cd9429f593ed (anon6956) (serialized)\
2026-01-06 19:08:25.827 12950-12976 SecurityManager         com.gap.droid                        D  Dropping duplicate packet: 1767744504955-d609cd9429f593ed-394789133\
2026-01-06 19:08:25.827 12950-12976 PacketProcessor         com.gap.droid                        D  Packet failed security validation from d609cd9429f593ed (anon6956)\
2026-01-06 19:08:25.827 12950-12976 PacketProcessor         com.gap.droid                        D  Completed packet type 1 from d609cd9429f593ed (anon6956)\
2026-01-06 19:08:25.828 12950-12974 EncryptionService       com.gap.droid                        D  \uc0\u9989  Generated Ed25519 signature (64 bytes)\
2026-01-06 19:08:25.828 12950-12974 BluetoothMeshService    com.gap.droid                        D  \uc0\u9989  Signed packet type 33 (signature 64 bytes)\
2026-01-06 19:08:25.851 12950-13092 BluetoothG...verManager com.gap.droid                        I  Server: Received packet from 5D:35:93:E2:B3:F3, size: 512 bytes\
2026-01-06 19:08:25.852 12950-13092 BluetoothG...verManager com.gap.droid                        D  Server: Parsed packet type 32 from b233b2819085bf73\
2026-01-06 19:08:25.852 12950-13092 BluetoothC...ionManager com.gap.droid                        D  onPacketReceived: Packet received from 5D:35:93:E2:B3:F3 (b233b2819085bf73)\
2026-01-06 19:08:25.949 12950-13092 BluetoothG...verManager com.gap.droid                        I  Server: Received packet from 5D:35:93:E2:B3:F3, size: 256 bytes\
2026-01-06 19:08:25.951 12950-13092 BluetoothG...verManager com.gap.droid                        D  Server: Parsed packet type 1 from e5f62181a9a53bf9\
2026-01-06 19:08:25.951 12950-13092 BluetoothC...ionManager com.gap.droid                        D  onPacketReceived: Packet received from 5D:35:93:E2:B3:F3 (e5f62181a9a53bf9)\
2026-01-06 19:08:25.952 12950-13092 PacketProcessor         com.gap.droid                        D  processPacket 1\
2026-01-06 19:08:25.954 12950-12975 PacketProcessor         com.gap.droid                        D  \uc0\u55357 \u56550  Processing packet type 1 from e5f62181a9a53bf9 (anon8764) (serialized)\
2026-01-06 19:08:25.967 12950-13092 BluetoothG...verManager com.gap.droid                        I  Server: Received packet from 66:2A:EA:66:BC:22, size: 182 bytes\
2026-01-06 19:08:25.970 12950-13092 BluetoothG...verManager com.gap.droid                        D  Server: Parsed packet type 1 from e5f62181a9a53bf9\
2026-01-06 19:08:25.970 12950-13092 BluetoothC...ionManager com.gap.droid                        D  onPacketReceived: Packet received from 66:2A:EA:66:BC:22 (e5f62181a9a53bf9)\
2026-01-06 19:08:25.971 12950-13092 PacketProcessor         com.gap.droid                        D  processPacket 1\
2026-01-06 19:08:26.001 12950-12975 EncryptionService       com.gap.droid                        D  \uc0\u9989  Ed25519 signature verification: true\
2026-01-06 19:08:26.001 12950-12975 SecurityManager         com.gap.droid                        D  Packet validation passed for e5f62181a9a53bf9, messageID: 1767744505139-e5f62181a9a53bf9-1159125072\
2026-01-06 19:08:26.002 12950-12975 PacketProcessor         com.gap.droid                        D  Processing packet type ANNOUNCE from e5f62181a9a53bf9 (anon8764)\
2026-01-06 19:08:26.002 12950-12975 PacketProcessor         com.gap.droid                        D  Processing announce from e5f62181a9a53bf9 (anon8764)\
2026-01-06 19:08:26.002 12950-12975 PacketRelayManager      com.gap.droid                        D  Evaluating relay for packet type 1 from e5f62181a9a53bf9 (TTL: 5)\
2026-01-06 19:08:26.002 12950-12975 PacketRelayManager      com.gap.droid                        D  Decremented TTL from 5 to 4\
2026-01-06 19:08:26.002 12950-12975 PacketRelayManager      com.gap.droid                        D  High TTL (4), relaying\
2026-01-06 19:08:26.002 12950-12975 PacketRelayManager      com.gap.droid                        D  \uc0\u55357 \u56580  Relaying packet type 1 with TTL 4\
2026-01-06 19:08:26.003 12950-12975 FragmentManager         com.gap.droid                        D  \uc0\u55357 \u56576  Creating fragments for packet type 1, payload: 96 bytes\
2026-01-06 19:08:26.003 12950-12975 FragmentManager         com.gap.droid                        D  \uc0\u55357 \u56550  Encoded to 256 bytes\
2026-01-06 19:08:26.003 12950-12975 FragmentManager         com.gap.droid                        D  \uc0\u55357 \u56527  Unpadded to 182 bytes\
2026-01-06 19:08:26.003 12950-12975 PacketProcessor         com.gap.droid                        D  Completed packet type 1 from e5f62181a9a53bf9 (anon8764)\
2026-01-06 19:08:26.003 12950-12975 PacketProcessor         com.gap.droid                        D  \uc0\u55357 \u56550  Processing packet type 1 from e5f62181a9a53bf9 (anon8764) (serialized)\
2026-01-06 19:08:26.003 12950-12975 SecurityManager         com.gap.droid                        D  Allowing duplicate ANNOUNCE from direct neighbor: 1767744505139-e5f62181a9a53bf9-1159125072\
2026-01-06 19:08:26.005 12950-12973 BluetoothP...roadcaster com.gap.droid                        I  Broadcasting packet type 1 to 2 server + 4 client connections\
2026-01-06 19:08:26.023 12950-12975 EncryptionService       com.gap.droid                        D  \uc0\u9989  Ed25519 signature verification: true\
2026-01-06 19:08:26.023 12950-12975 SecurityManager         com.gap.droid                        D  Packet validation passed for e5f62181a9a53bf9, messageID: 1767744505139-e5f62181a9a53bf9-1159125072\
2026-01-06 19:08:26.023 12950-12975 PacketProcessor         com.gap.droid                        D  Processing packet type ANNOUNCE from e5f62181a9a53bf9 (anon8764)\
2026-01-06 19:08:26.024 12950-12975 PacketProcessor         com.gap.droid                        D  Processing announce from e5f62181a9a53bf9 (anon8764)\
2026-01-06 19:08:26.024 12950-12975 PacketRelayManager      com.gap.droid                        D  Evaluating relay for packet type 1 from e5f62181a9a53bf9 (TTL: 7)\
2026-01-06 19:08:26.024 12950-12975 PacketRelayManager      com.gap.droid                        D  Decremented TTL from 7 to 6\
2026-01-06 19:08:26.024 12950-12975 PacketRelayManager      com.gap.droid                        D  High TTL (6), relaying\
2026-01-06 19:08:26.024 12950-12975 PacketRelayManager      com.gap.droid                        D  \uc0\u55357 \u56580  Relaying packet type 1 with TTL 6\
2026-01-06 19:08:26.024 12950-12975 FragmentManager         com.gap.droid                        D  \uc0\u55357 \u56576  Creating fragments for packet type 1, payload: 96 bytes\
2026-01-06 19:08:26.025 12950-12975 FragmentManager         com.gap.droid                        D  \uc0\u55357 \u56550  Encoded to 256 bytes\
2026-01-06 19:08:26.025 12950-12975 FragmentManager         com.gap.droid                        D  \uc0\u55357 \u56527  Unpadded to 182 bytes\
2026-01-06 19:08:26.025 12950-12975 PacketProcessor         com.gap.droid                        D  Completed packet type 1 from e5f62181a9a53bf9 (anon8764)\
2026-01-06 19:08:26.026 12950-12973 BluetoothP...roadcaster com.gap.droid                        I  Broadcasting packet type 1 to 2 server + 4 client connections\
2026-01-06 19:08:26.027 12950-12973 BluetoothP...roadcaster com.gap.droid                        D  Skipping broadcast to client back to relayer: 66:2A:EA:66:BC:22\
2026-01-06 19:08:26.031 12950-12973 BluetoothP...roadcaster com.gap.droid                        D  Skipping broadcast to server back to relayer: 66:2A:EA:66:BC:22\
2026-01-06 19:08:26.033 12950-12976 EncryptionService       com.gap.droid                        D  \uc0\u9989  Ed25519 signature verification: true\
2026-01-06 19:08:26.035 12950-12976 MessageHandler          com.gap.droid                        D  \uc0\u9989  Verified announce from e5f62181a9a53bf9: nickname=anon8764, noisePublicKey=fb036b89f840f616..., signingPublicKey=5f0c2ec599b20542...\
2026-01-06 19:08:26.035 12950-12976 PeerManager             com.gap.droid                        D  \uc0\u55357 \u56580  Updated verified peer: anon8764 (e5f62181a9a53bf9)\
2026-01-06 19:08:26.035 12950-12976 BluetoothMeshService    com.gap.droid                        D  Updating peer ID binding: e5f62181a9a53bf9 (was: null) with nickname: anon8764 and public key: fb036b89f840f616...\
2026-01-06 19:08:26.036 12950-12976 PeerManager             com.gap.droid                        D  Updated peer: e5f62181a9a53bf9 (anon8764)\
2026-01-06 19:08:26.037 12950-12976 PeerFingerprintManager  com.gap.droid                        D  Stored fingerprint for peer e5f62181a9a53bf9: e5f62181a9a53bf9...\
