2026-01-06 20:32:25.701 30357-30391 BluetoothGattServer     com.gap.droid                        D  registerCallback() - UUID=dfba13b7-72b5-4d6d-9622-35b9793b3494\
2026-01-06 20:32:25.725 30357-30399 BluetoothGattServer     com.gap.droid                        D  onServerRegistered() - status=0 serverIf=7\
2026-01-06 20:32:25.726 30357-30391 BluetoothGattServer     com.gap.droid                        D  addService() - service: f47b5e2d-4a9e-4c5a-9b3f-8e1d2c3a4b5c\
2026-01-06 20:32:25.728 30357-30391 BluetoothG...verManager com.gap.droid                        I  GATT server setup complete\
2026-01-06 20:32:25.739 30357-30399 BluetoothGattServer     com.gap.droid                        D  onServiceAdded() - handle=40 uuid=f47b5e2d-4a9e-4c5a-9b3f-8e1d2c3a4b5c status=0\
2026-01-06 20:32:25.740 30357-30399 BluetoothG...verManager com.gap.droid                        D  Server: Service added successfully: f47b5e2d-4a9e-4c5a-9b3f-8e1d2c3a4b5c\
2026-01-06 20:32:26.035 30357-30391 BluetoothAdapter        com.gap.droid                        D  246923068: getState(). Returning ON\
2026-01-06 20:32:26.041 30357-30391 BluetoothAdapter        com.gap.droid                        D  isLeEnabled(): ON\
2026-01-06 20:32:26.046 30357-30391 BluetoothAdapter        com.gap.droid                        D  isLeEnabled(): ON\
2026-01-06 20:32:26.046 30357-30391 CheckPermission         com.gap.droid                        E  _bluetooth code = 10 \
2026-01-06 20:32:26.067 30357-30357 ColorViewRootUtil       com.gap.droid                        D  nav bar mode ignore false downX 521 downY 1424 mScreenHeight 1600 mScreenWidth 720 mStatusBarHeight 36 globalScale 1.125 nav mode 0 rotation 0 event MotionEvent \{ action=ACTION_DOWN, actionButton=0, id[0]=0, x[0]=521.0, y[0]=1424.0, toolType[0]=TOOL_TYPE_FINGER, buttonState=0, classification=NONE, metaState=0, flags=0x0, edgeFlags=0x0, pointerCount=1, historySize=0, eventTime=12522872, downTime=12522872, deviceId=3, source=0x1002, displayId=0 \}\
2026-01-06 20:32:26.087 30357-30357 CheckPermission         com.gap.droid                        E  _bluetooth code = 10 \
2026-01-06 20:32:26.088 30357-30357 BluetoothG...verManager com.gap.droid                        I  Advertising started successfully (power mode: PERFORMANCE)\
2026-01-06 20:32:26.199 30357-30391 ArtiTorManager          com.gap.droid                        I  Starting Arti on port 9060\'85\
2026-01-06 20:32:26.199 30357-30391 ArtiProxy               com.gap.droid                        D  Registering log callback\
2026-01-06 20:32:26.202 30357-30357 MainActivity            com.gap.droid                        D  Proceeding with permission check\
2026-01-06 20:32:26.208 30357-30391 ArtiNative              com.gap.droid                        I  Arti: Log callback registered\
2026-01-06 20:32:26.209 30357-30391 ArtiTorManager          com.gap.droid                        I  arti: Log callback registered\
2026-01-06 20:32:26.215 30357-30391 ArtiProxy               com.gap.droid                        I  Initializing Arti with data directory: /data/user/0/com.gap.droid/files/arti\
2026-01-06 20:32:26.215 30357-30391 ArtiNative              com.gap.droid                        I  Arti: AMEx: state changed to Initialized\
2026-01-06 20:32:26.216 30357-30391 ArtiTorManager          com.gap.droid                        I  arti: AMEx: state changed to Initialized\
2026-01-06 20:32:26.216 30357-30391 ArtiNative              com.gap.droid                        I  Arti: Initializing Arti with data directory: /data/user/0/com.gap.droid/files/arti\
2026-01-06 20:32:26.216 30357-30391 ArtiTorManager          com.gap.droid                        I  arti: Initializing Arti with data directory: /data/user/0/com.gap.droid/files/arti\
2026-01-06 20:32:26.226 30357-30391 ArtiNative              com.gap.droid                        I  Arti: Tokio runtime created successfully\
2026-01-06 20:32:26.226 30357-30391 ArtiTorManager          com.gap.droid                        I  arti: Tokio runtime created successfully\
2026-01-06 20:32:26.227 30357-30391 ArtiNative              com.gap.droid                        I  Arti: Creating Arti client...\
2026-01-06 20:32:26.227 30357-30391 ArtiTorManager          com.gap.droid                        I  arti: Creating Arti client...\
2026-01-06 20:32:26.227 30357-30391 ArtiNative              com.gap.droid                        I  Arti: Cache dir: "/data/user/0/com.gap.droid/files/arti/cache"\
2026-01-06 20:32:26.227 30357-30391 ArtiTorManager          com.gap.droid                        I  arti: Cache dir: "/data/user/0/com.gap.droid/files/arti/cache"\
2026-01-06 20:32:26.227 30357-30391 ArtiNative              com.gap.droid                        I  Arti: State dir: "/data/user/0/com.gap.droid/files/arti/state"\
2026-01-06 20:32:26.228 30357-30391 ArtiTorManager          com.gap.droid                        I  arti: State dir: "/data/user/0/com.gap.droid/files/arti/state"\
2026-01-06 20:32:26.409 30357-30357 MainActivity            com.gap.droid                        D  Existing user with required permissions\
2026-01-06 20:32:26.621 30357-30357 Choreographer           com.gap.droid                        I  Skipped 9 frames!  The application may be doing too much work on its main thread.\
2026-01-06 20:32:29.996 30357-30385 NostrRelayManager       com.gap.droid                        V  Attempting to connect to Nostr relay: wss://offchain.pub\
2026-01-06 20:32:29.999 30357-30390 NostrRelayManager       com.gap.droid                        V  Attempting to connect to Nostr relay: wss://relay.primal.net\
2026-01-06 20:32:30.000 30357-30389 NostrRelayManager       com.gap.droid                        V  Attempting to connect to Nostr relay: wss://nostr21.com\
2026-01-06 20:32:30.003 30357-30385 NostrRelayManager       com.gap.droid                        V  Attempting to connect to Nostr relay: wss://relay.damus.io\
2026-01-06 20:32:30.011 30357-30526 System                  com.gap.droid                        W  ClassLoader referenced unknown path: system/framework/mediatek-cta.jar\
2026-01-06 20:32:30.017 30357-30395 System                  com.gap.droid                        W  ClassLoader referenced unknown path: system/framework/mediatek-cta.jar\
2026-01-06 20:32:30.020 30357-30528 System                  com.gap.droid                        W  ClassLoader referenced unknown path: system/framework/mediatek-cta.jar\
2026-01-06 20:32:30.023 30357-30527 System                  com.gap.droid                        W  ClassLoader referenced unknown path: system/framework/mediatek-cta.jar\
2026-01-06 20:32:30.025 30357-30526 NostrRelayManager       com.gap.droid                        E  \uc0\u10060  WebSocket failure for wss://relay.damus.io: failed to connect to /127.0.0.1 (port 9060) from /127.0.0.1 (port 53400) after 10000ms: isConnected failed: ECONNREFUSED (Connection refused)\
2026-01-06 20:32:30.026 30357-30526 NostrRelayManager       com.gap.droid                        D  Scheduling reconnection to wss://relay.damus.io in 32s (attempt 6)\
2026-01-06 20:32:30.039 30357-30395 NostrRelayManager       com.gap.droid                        E  \uc0\u10060  WebSocket failure for wss://nostr21.com: failed to connect to /127.0.0.1 (port 9060) from /127.0.0.1 (port 53402) after 10000ms: isConnected failed: ECONNREFUSED (Connection refused)\
2026-01-06 20:32:30.039 30357-30528 NostrRelayManager       com.gap.droid                        E  \uc0\u10060  WebSocket failure for wss://offchain.pub: failed to connect to /127.0.0.1 (port 9060) from /127.0.0.1 (port 53404) after 10000ms: isConnected failed: ECONNREFUSED (Connection refused)\
2026-01-06 20:32:30.040 30357-30528 NostrRelayManager       com.gap.droid                        D  Scheduling reconnection to wss://offchain.pub in 32s (attempt 6)\
2026-01-06 20:32:30.040 30357-30527 NostrRelayManager       com.gap.droid                        E  \uc0\u10060  WebSocket failure for wss://relay.primal.net: failed to connect to /127.0.0.1 (port 9060) from /127.0.0.1 (port 53406) after 10000ms: isConnected failed: ECONNREFUSED (Connection refused)\
2026-01-06 20:32:30.040 30357-30395 NostrRelayManager       com.gap.droid                        D  Scheduling reconnection to wss://nostr21.com in 32s (attempt 6)\
2026-01-06 20:32:30.040 30357-30527 NostrRelayManager       com.gap.droid                        D  Scheduling reconnection to wss://relay.primal.net in 32s (attempt 6)\
2026-01-06 20:32:30.605 30357-30389 MeshForegroundService   com.gap.droid                        D  Ensuring mesh service is started\
2026-01-06 20:32:30.605 30357-30389 BluetoothMeshService    com.gap.droid                        W  Mesh service already active, ignoring duplicate start request\
2026-01-06 20:32:31.299 30357-30357 BluetoothG...entManager com.gap.droid                        D  Unfiltered scan: batch received 8 devices\
2026-01-06 20:32:31.303 30357-30357 BluetoothC...ionTracker com.gap.droid                        D  Tracker: Adding pending connection for 51:CA:FD:EB:38:6B\
2026-01-06 20:32:31.304 30357-30357 BluetoothC...ionTracker com.gap.droid                        D  Tracker: Added pending connection for 51:CA:FD:EB:38:6B (attempts: 1)\
2026-01-06 20:32:31.308 30357-30357 BluetoothG...entManager com.gap.droid                        I  Connecting to bitchat device: 51:CA:FD:EB:38:6B\
2026-01-06 20:32:31.309 30357-30357 BluetoothG...entManager com.gap.droid                        D  Client: Attempting GATT connection to 51:CA:FD:EB:38:6B with autoConnect=false\
2026-01-06 20:32:31.309 30357-30357 CheckPermission         com.gap.droid                        E  _bluetooth code = 10 \
2026-01-06 20:32:31.311 30357-30357 BluetoothGatt           com.gap.droid                        D  connect() - device: 51:CA:FD:EB:38:6B, auto: false\
2026-01-06 20:32:31.312 30357-30357 BluetoothGatt           com.gap.droid                        D  registerApp()\
2026-01-06 20:32:31.312 30357-30357 BluetoothGatt           com.gap.droid                        D  registerApp() - UUID=7adfad1c-a7c3-4b76-8632-b6638883285f\
2026-01-06 20:32:31.318 30357-30357 BluetoothG...entManager com.gap.droid                        D  Client: GATT connection initiated successfully for 51:CA:FD:EB:38:6B\
2026-01-06 20:32:31.318 30357-30357 BluetoothG...entManager com.gap.droid                        D  Unfiltered scan: batch received 8 devices\
2026-01-06 20:32:31.318 30357-30399 BluetoothGatt           com.gap.droid                        D  onClientRegistered() - status=0 clientIf=9\
2026-01-06 20:32:31.320 30357-30357 BluetoothG...entManager com.gap.droid                        D  Connection to 51:CA:FD:EB:38:6B not allowed due to recent attempts\
2026-01-06 20:32:32.015 30357-30357 ColorViewRootUtil       com.gap.droid                        D  nav bar mode ignore false downX 401 downY 1311 mScreenHeight 1600 mScreenWidth 720 mStatusBarHeight 36 globalScale 1.125 nav mode 0 rotation 0 event MotionEvent \{ action=ACTION_DOWN, actionButton=0, id[0]=0, x[0]=401.0, y[0]=1311.0, toolType[0]=TOOL_TYPE_FINGER, buttonState=0, classification=NONE, metaState=0, flags=0x0, edgeFlags=0x0, pointerCount=1, historySize=0, eventTime=12528819, downTime=12528819, deviceId=3, source=0x1002, displayId=0 \}\
2026-01-06 20:32:32.133 30357-30357 OnboardingCoordinator   com.gap.droid                        D  Requesting background location permission\
2026-01-06 20:32:32.152 30357-30357 Choreographer           com.gap.droid                        I  Skipped 1 frames!  The application may be doing too much work on its main thread.\
2026-01-06 20:32:32.186 30357-30357 Choreographer           com.gap.droid                        I  Skipped 1 frames!  The application may be doing too much work on its main thread.\
2026-01-06 20:32:34.621 30357-30357 OnboardingCoordinator   com.gap.droid                        D  Background location permission granted\
2026-01-06 20:32:34.622 30357-30357 OnboardingCoordinator   com.gap.droid                        D  Completing onboarding process\
2026-01-06 20:32:34.622 30357-30357 PermissionManager       com.gap.droid                        D  First-time onboarding marked as complete\
2026-01-06 20:32:34.633 30357-30357 PermissionManager       com.gap.droid                        D  Permission Diagnostics:\
                                                                                                    Android SDK: 29\
                                                                                                    First time launch: false\
                                                                                                    Required permissions granted: true\
                                                                                                    \
                                                                                                    Nearby Devices: \uc0\u9989  GRANTED\
                                                                                                      - BLUETOOTH: \uc0\u9989 \
                                                                                                      - BLUETOOTH_ADMIN: \uc0\u9989 \
                                                                                                    \
                                                                                                    Precise Location: \uc0\u9989  GRANTED\
                                                                                                      - ACCESS_COARSE_LOCATION: \uc0\u9989 \
                                                                                                      - ACCESS_FINE_LOCATION: \uc0\u9989 \
                                                                                                    \
                                                                                                    Background Location: \uc0\u9989  GRANTED\
                                                                                                      - ACCESS_BACKGROUND_LOCATION: \uc0\u9989 \
                                                                                                    \
                                                                                                    Battery Optimization: \uc0\u10060  MISSING\
                                                                                                      - BATTERY_OPTIMIZATION: \uc0\u10060 \
2026-01-06 20:32:34.634 30357-30357 PhoneWindow             com.gap.droid                        V  DecorView setVisiblity: visibility = 0, Parent = android.view.ViewRootImpl@f4b86f3, this = DecorView@4b491d6[MainActivity]\
2026-01-06 20:32:34.734 30357-30357 MainActivity            com.gap.droid                        D  Onboarding completed, checking Bluetooth and Location before initializing app\
2026-01-06 20:32:34.736 30357-30357 LocationStatusManager   com.gap.droid                        D  Checking location services status\
2026-01-06 20:32:34.736 30357-30357 LocationStatusManager   com.gap.droid                        D  Location services are enabled and ready\
2026-01-06 20:32:34.737 30357-30357 BatteryOpt...ionManager com.gap.droid                        D  Battery optimization disabled: false\
2026-01-06 20:32:34.737 30357-30357 MainActivity            com.gap.droid                        D  Permissions granted, but battery optimization still enabled. Showing battery optimization screen.\
2026-01-06 20:32:34.815 30357-30357 Choreographer           com.gap.droid                        I  Skipped 3 frames!  The application may be doing too much work on its main thread.\
2026-01-06 20:32:35.628 30357-30389 MeshForegroundService   com.gap.droid                        D  Ensuring mesh service is started\
2026-01-06 20:32:35.628 30357-30389 BluetoothMeshService    com.gap.droid                        W  Mesh service already active, ignoring duplicate start request\
2026-01-06 20:32:36.066 30357-30357 ColorViewRootUtil       com.gap.droid                        D  nav bar mode ignore false downX 530 downY 1422 mScreenHeight 1600 mScreenWidth 720 mStatusBarHeight 36 globalScale 1.125 nav mode 0 rotation 0 event MotionEvent \{ action=ACTION_DOWN, actionButton=0, id[0]=0, x[0]=530.0, y[0]=1422.0, toolType[0]=TOOL_TYPE_FINGER, buttonState=0, classification=NONE, metaState=0, flags=0x0, edgeFlags=0x0, pointerCount=1, historySize=0, eventTime=12532872, downTime=12532872, deviceId=3, source=0x1002, displayId=0 \}\
2026-01-06 20:32:36.183 30357-30357 MainActivity            com.gap.droid                        D  Proceeding with permission check\
2026-01-06 20:32:36.337 30357-30357 BluetoothG...entManager com.gap.droid                        D  Unfiltered scan: batch received 8 devices\
2026-01-06 20:32:36.340 30357-30357 BluetoothC...ionTracker com.gap.droid                        D  Tracker: Adding pending connection for 51:CA:FD:EB:38:6B\
2026-01-06 20:32:36.340 30357-30357 BluetoothC...ionTracker com.gap.droid                        D  Tracker: current attempt: ConnectionAttempt(attempts=1, lastAttempt=1767749551304)\
2026-01-06 20:32:36.340 30357-30357 BluetoothC...ionTracker com.gap.droid                        D  Tracker: Added pending connection for 51:CA:FD:EB:38:6B (attempts: 2)\
2026-01-06 20:32:36.343 30357-30357 BluetoothG...entManager com.gap.droid                        I  Connecting to bitchat device: 51:CA:FD:EB:38:6B\
2026-01-06 20:32:36.343 30357-30357 BluetoothG...entManager com.gap.droid                        D  Client: Attempting GATT connection to 51:CA:FD:EB:38:6B with autoConnect=false\
2026-01-06 20:32:36.343 30357-30357 CheckPermission         com.gap.droid                        E  _bluetooth code = 10 \
2026-01-06 20:32:36.344 30357-30357 BluetoothGatt           com.gap.droid                        D  connect() - device: 51:CA:FD:EB:38:6B, auto: false\
2026-01-06 20:32:36.344 30357-30357 BluetoothGatt           com.gap.droid                        D  registerApp()\
2026-01-06 20:32:36.344 30357-30357 BluetoothGatt           com.gap.droid                        D  registerApp() - UUID=147e59ba-042d-4ab2-8347-bd1ab963bc4d\
2026-01-06 20:32:36.347 30357-30357 BluetoothG...entManager com.gap.droid                        D  Client: GATT connection initiated successfully for 51:CA:FD:EB:38:6B\
2026-01-06 20:32:36.347 30357-30357 BluetoothG...entManager com.gap.droid                        D  Unfiltered scan: batch received 8 devices\
2026-01-06 20:32:36.348 30357-30374 BluetoothGatt           com.gap.droid                        D  onClientRegistered() - status=0 clientIf=10\
2026-01-06 20:32:36.349 30357-30357 BluetoothG...entManager com.gap.droid                        D  Connection to 51:CA:FD:EB:38:6B not allowed due to recent attempts\
2026-01-06 20:32:36.387 30357-30357 MainActivity            com.gap.droid                        D  Existing user with required permissions\
2026-01-06 20:32:36.389 30357-30357 MainActivity            com.gap.droid                        D  Starting app initialization\
2026-01-06 20:32:36.611 30357-30357 Choreographer           com.gap.droid                        I  Skipped 7 frames!  The application may be doing too much work on its main thread.\
2026-01-06 20:32:36.763 30357-30363 com.gap.droid           com.gap.droid                        I  Compiler allocated 4164KB to compile void u6.k1.j(u6.g1, c2.o, int)\
2026-01-06 20:32:37.390 30357-30357 MainActivity            com.gap.droid                        D  Permissions verified, initializing chat system\
2026-01-06 20:32:37.393 30357-30357 MainActivity            com.gap.droid                        D  PoW preferences initialized\
2026-01-06 20:32:37.394 30357-30357 LocationNo...nitializer com.gap.droid                        D  \uc0\u9989  Location Notes Manager initialized\
2026-01-06 20:32:37.398 30357-30357 BluetoothMeshService    com.gap.droid                        W  Mesh service already active, ignoring duplicate start request\
2026-01-06 20:32:37.398 30357-30357 MainActivity            com.gap.droid                        D  Mesh service started successfully\
2026-01-06 20:32:37.899 30357-30357 MainActivity            com.gap.droid                        D  App initialization complete\
2026-01-06 20:32:37.899 30357-30357 MainActivity            com.gap.droid                        D  Onboarding completed - app ready\
2026-01-06 20:32:37.925 30357-30357 ColorViewRootUtil       com.gap.droid                        D  nav bar mode ignore false downX 282 downY 1483 mScreenHeight 1600 mScreenWidth 720 mStatusBarHeight 36 globalScale 1.125 nav mode 0 rotation 0 event MotionEvent \{ action=ACTION_DOWN, actionButton=0, id[0]=0, x[0]=282.0, y[0]=1483.0, toolType[0]=TOOL_TYPE_FINGER, buttonState=0, classification=NONE, metaState=0, flags=0x0, edgeFlags=0x0, pointerCount=1, historySize=0, eventTime=12534731, downTime=12534731, deviceId=3, source=0x1002, displayId=0 \}\
2026-01-06 20:32:38.107 30357-30357 Choreographer           com.gap.droid                        I  Skipped 1 frames!  The application may be doing too much work on its main thread.\
2026-01-06 20:32:38.160 30357-30357 AssistStructure         com.gap.droid                        I  Flattened final assist data: 676 bytes, containing 1 windows, 4 views\
2026-01-06 20:32:38.166 30357-30357 Choreographer           com.gap.droid                        I  Skipped 2 frames!  The application may be doing too much work on its main thread.\
2026-01-06 20:32:38.455 30357-30357 Autofill Status         com.gap.droid                        D  Autofill popup isn't shown because autofill is not available.\
                                                                                                    \
                                                                                                    Did you set up autofill?\
                                                                                                    1. Go to Settings > System > Languages&input > Advanced > Autofill Service\
                                                                                                    2. Pick a service\
                                                                                                    \
                                                                                                    Did you add an account?\
                                                                                                    1. Go to Settings > System > Languages&input > Advanced\
                                                                                                    2. Click on the settings icon next to the Autofill Service\
                                                                                                    3. Add your account\
2026-01-06 20:32:38.742 30357-30357 ColorViewRootUtil       com.gap.droid                        D  initSwipState, isDisplayCompatApp false\
2026-01-06 20:32:38.743 30357-30357 ColorViewRootUtil       com.gap.droid                        D  updateScreenSize, mScreenHeight 1600,mScreenWidth:720,height:1600,width:720\
2026-01-06 20:32:38.795 30357-30357 Choreographer           com.gap.droid                        I  Skipped 1 frames!  The application may be doing too much work on its main thread.\
2026-01-06 20:32:40.116 30357-30389 NostrRelayManager       com.gap.droid                        V  Attempting to connect to Nostr relay: wss://relay.damus.io\
2026-01-06 20:32:40.119 30357-30384 NostrRelayManager       com.gap.droid                        V  Attempting to connect to Nostr relay: wss://relay.primal.net\
2026-01-06 20:32:40.122 30357-30528 System                  com.gap.droid                        W  ClassLoader referenced unknown path: system/framework/mediatek-cta.jar\
2026-01-06 20:32:40.126 30357-30395 System                  com.gap.droid                        W  ClassLoader referenced unknown path: system/framework/mediatek-cta.jar\
2026-01-06 20:32:40.127 30357-30528 NostrRelayManager       com.gap.droid                        E  \uc0\u10060  WebSocket failure for wss://relay.damus.io: failed to connect to /127.0.0.1 (port 9060) from /127.0.0.1 (port 53412) after 10000ms: isConnected failed: ECONNREFUSED (Connection refused)\
2026-01-06 20:32:40.128 30357-30528 NostrRelayManager       com.gap.droid                        D  Scheduling reconnection to wss://relay.damus.io in 64s (attempt 7)\
2026-01-06 20:32:40.130 30357-30389 NostrRelayManager       com.gap.droid                        V  Attempting to connect to Nostr relay: wss://nostr21.com\
2026-01-06 20:32:40.133 30357-30384 NostrRelayManager       com.gap.droid                        V  Attempting to connect to Nostr relay: wss://offchain.pub\
2026-01-06 20:32:40.134 30357-30395 NostrRelayManager       com.gap.droid                        E  \uc0\u10060  WebSocket failure for wss://relay.primal.net: failed to connect to /127.0.0.1 (port 9060) from /127.0.0.1 (port 53414) after 10000ms: isConnected failed: ECONNREFUSED (Connection refused)\
2026-01-06 20:32:40.134 30357-30395 NostrRelayManager       com.gap.droid                        D  Scheduling reconnection to wss://relay.primal.net in 64s (attempt 7)\
2026-01-06 20:32:40.137 30357-30528 System                  com.gap.droid                        W  ClassLoader referenced unknown path: system/framework/mediatek-cta.jar\
2026-01-06 20:32:40.140 30357-30395 System                  com.gap.droid                        W  ClassLoader referenced unknown path: system/framework/mediatek-cta.jar\
2026-01-06 20:32:40.142 30357-30528 NostrRelayManager       com.gap.droid                        E  \uc0\u10060  WebSocket failure for wss://nostr21.com: failed to connect to /127.0.0.1 (port 9060) from /127.0.0.1 (port 53416) after 10000ms: isConnected failed: ECONNREFUSED (Connection refused)\
2026-01-06 20:32:40.142 30357-30528 NostrRelayManager       com.gap.droid                        D  Scheduling reconnection to wss://nostr21.com in 64s (attempt 7)\
2026-01-06 20:32:40.148 30357-30395 NostrRelayManager       com.gap.droid                        E  \uc0\u10060  WebSocket failure for wss://offchain.pub: failed to connect to /127.0.0.1 (port 9060) from /127.0.0.1 (port 53418) after 10000ms: isConnected failed: ECONNREFUSED (Connection refused)\
2026-01-06 20:32:40.149 30357-30395 NostrRelayManager       com.gap.droid                        D  Scheduling reconnection to wss://offchain.pub in 64s (attempt 7)\
2026-01-06 20:32:40.650 30357-30384 MeshForegroundService   com.gap.droid                        D  Ensuring mesh service is started\
2026-01-06 20:32:40.651 30357-30384 BluetoothMeshService    com.gap.droid                        W  Mesh service already active, ignoring duplicate start request\
2026-01-06 20:32:41.259 30357-30391 ArtiNative              com.gap.droid                        I  Arti: Arti client created successfully\
2026-01-06 20:32:41.259 30357-30391 ArtiTorManager          com.gap.droid                        I  arti: Arti client created successfully\
2026-01-06 20:32:41.260 30357-30391 ArtiNative              com.gap.droid                        I  Arti: Arti initialized successfully\
2026-01-06 20:32:41.260 30357-30391 ArtiTorManager          com.gap.droid                        I  arti: Arti initialized successfully\
2026-01-06 20:32:41.260 30357-30391 ArtiProxy               com.gap.droid                        I  Starting SOCKS proxy on port 9060 (DNS port: 9061)\
2026-01-06 20:32:41.261 30357-30391 ArtiNative              com.gap.droid                        I  Arti: AMEx: state changed to Starting\
2026-01-06 20:32:41.261 30357-30391 ArtiTorManager          com.gap.droid                        I  arti: AMEx: state changed to Starting\
2026-01-06 20:32:41.261 30357-30391 ArtiNative              com.gap.droid                        I  Arti: Starting SOCKS proxy on port 9060\
2026-01-06 20:32:41.261 30357-30391 ArtiTorManager          com.gap.droid                        I  arti: Starting SOCKS proxy on port 9060\
2026-01-06 20:32:41.261 30357-30391 ArtiNative              com.gap.droid                        I  Arti: SOCKS proxy bound to 127.0.0.1:9060\
2026-01-06 20:32:41.262 30357-30391 ArtiTorManager          com.gap.droid                        I  arti: SOCKS proxy bound to 127.0.0.1:9060\
2026-01-06 20:32:41.262 30357-30391 ArtiNative              com.gap.droid                        I  Arti: SOCKS proxy started on port 9060\
2026-01-06 20:32:41.262 30357-30391 ArtiTorManager          com.gap.droid                        I  arti: SOCKS proxy started on port 9060\
2026-01-06 20:32:41.262 30357-30610 ArtiNative              com.gap.droid                        I  Arti: SOCKS proxy listening on 127.0.0.1:9060\
2026-01-06 20:32:41.262 30357-30391 ArtiProxy               com.gap.droid                        I  Arti started successfully\
2026-01-06 20:32:41.263 30357-30610 ArtiTorManager          com.gap.droid                        I  arti: SOCKS proxy listening on 127.0.0.1:9060\
2026-01-06 20:32:41.263 30357-30610 ArtiNative              com.gap.droid                        I  Arti: Sufficiently bootstrapped; system SOCKS now functional\
2026-01-06 20:32:41.264 30357-30382 ArtiTorManager          com.gap.droid                        I  applyMode: already in progress/running mode=ON, state=RUNNING; skip\
2026-01-06 20:32:41.264 30357-30610 ArtiTorManager          com.gap.droid                        I  arti: Sufficiently bootstrapped; system SOCKS now functional\
2026-01-06 20:32:41.367 30357-30357 BluetoothG...entManager com.gap.droid                        D  Unfiltered scan: batch received 8 devices\
2026-01-06 20:32:41.369 30357-30357 BluetoothC...ionTracker com.gap.droid                        D  Tracker: Adding pending connection for 51:CA:FD:EB:38:6B\
2026-01-06 20:32:41.369 30357-30357 BluetoothC...ionTracker com.gap.droid                        D  Tracker: current attempt: ConnectionAttempt(attempts=2, lastAttempt=1767749556340)\
2026-01-06 20:32:41.369 30357-30357 BluetoothC...ionTracker com.gap.droid                        D  Tracker: Added pending connection for 51:CA:FD:EB:38:6B (attempts: 3)\
2026-01-06 20:32:41.372 30357-30357 BluetoothG...entManager com.gap.droid                        I  Connecting to bitchat device: 51:CA:FD:EB:38:6B\
2026-01-06 20:32:41.372 30357-30357 BluetoothG...entManager com.gap.droid                        D  Client: Attempting GATT connection to 51:CA:FD:EB:38:6B with autoConnect=false\
2026-01-06 20:32:41.372 30357-30357 CheckPermission         com.gap.droid                        E  _bluetooth code = 10 \
2026-01-06 20:32:41.373 30357-30357 BluetoothGatt           com.gap.droid                        D  connect() - device: 51:CA:FD:EB:38:6B, auto: false\
2026-01-06 20:32:41.373 30357-30357 BluetoothGatt           com.gap.droid                        D  registerApp()\
2026-01-06 20:32:41.373 30357-30357 BluetoothGatt           com.gap.droid                        D  registerApp() - UUID=4a20cf4b-a707-42fe-a8ef-db391b7f84a5\
2026-01-06 20:32:41.376 30357-30357 BluetoothG...entManager com.gap.droid                        D  Client: GATT connection initiated successfully for 51:CA:FD:EB:38:6B\
2026-01-06 20:32:41.376 30357-30357 BluetoothG...entManager com.gap.droid                        D  Unfiltered scan: batch received 8 devices\
2026-01-06 20:32:41.377 30357-30399 BluetoothGatt           com.gap.droid                        D  onClientRegistered() - status=0 clientIf=11\
2026-01-06 20:32:41.379 30357-30357 BluetoothG...entManager com.gap.droid                        D  Connection to 51:CA:FD:EB:38:6B not allowed due to recent attempts\
2026-01-06 20:32:41.766 30357-30605 ArtiNative              com.gap.droid                        I  Arti: We have found that guard [scrubbed] is usable.\
2026-01-06 20:32:41.767 30357-30605 ArtiTorManager          com.gap.droid                        I  arti: We have found that guard [scrubbed] is usable.\
2026-01-06 20:32:41.770 30357-30389 ArtiTorManager          com.gap.droid                        I  Tor ON: proxy set to /127.0.0.1:9060\
2026-01-06 20:32:41.771 30357-30389 NostrRelayManager       com.gap.droid                        D  Disconnecting from all relays\
2026-01-06 20:32:41.772 30357-30389 NostrRelayManager       com.gap.droid                        V  \uc0\u9209 \u65039  Stopped subscription validation\
2026-01-06 20:32:41.772 30357-30389 NostrRelayManager       com.gap.droid                        D  \uc0\u55356 \u57104  Connecting to 4 Nostr relays\
2026-01-06 20:32:41.773 30357-30389 NostrRelayManager       com.gap.droid                        V  \uc0\u9209 \u65039  Stopped subscription validation\
2026-01-06 20:32:41.774 30357-30389 NostrRelayManager       com.gap.droid                        D  \uc0\u55357 \u56580  Started periodic subscription validation (30s interval)\
2026-01-06 20:32:41.774 30357-30391 NostrRelayManager       com.gap.droid                        V  Attempting to connect to Nostr relay: wss://relay.damus.io\
2026-01-06 20:32:41.775 30357-30382 NostrRelayManager       com.gap.droid                        V  Attempting to connect to Nostr relay: wss://relay.primal.net\
2026-01-06 20:32:41.776 30357-30389 NostrRelayManager       com.gap.droid                        V  Attempting to connect to Nostr relay: wss://offchain.pub\
2026-01-06 20:32:41.776 30357-30384 NostrRelayManager       com.gap.droid                        V  Attempting to connect to Nostr relay: wss://nostr21.com\
2026-01-06 20:32:41.784 30357-30637 System                  com.gap.droid                        W  ClassLoader referenced unknown path: system/framework/mediatek-cta.jar\
2026-01-06 20:32:41.787 30357-30639 System                  com.gap.droid                        W  ClassLoader referenced unknown path: system/framework/mediatek-cta.jar\
2026-01-06 20:32:41.788 30357-30605 ArtiNative              com.gap.droid                        I  Arti: SOCKS connection from: 127.0.0.1:53420\
2026-01-06 20:32:41.789 30357-30638 System                  com.gap.droid                        W  ClassLoader referenced unknown path: system/framework/mediatek-cta.jar\
2026-01-06 20:32:41.790 30357-30605 ArtiTorManager          com.gap.droid                        I  arti: SOCKS connection from: 127.0.0.1:53420\
2026-01-06 20:32:41.790 30357-30640 System                  com.gap.droid                        W  ClassLoader referenced unknown path: system/framework/mediatek-cta.jar\
2026-01-06 20:32:41.792 30357-30605 ArtiNative              com.gap.droid                        I  Arti: SOCKS connection from: 127.0.0.1:53422\
2026-01-06 20:32:41.792 30357-30605 ArtiTorManager          com.gap.droid                        I  arti: SOCKS connection from: 127.0.0.1:53422\
2026-01-06 20:32:41.793 30357-30605 ArtiNative              com.gap.droid                        I  Arti: SOCKS connection from: 127.0.0.1:53424\
2026-01-06 20:32:41.794 30357-30605 ArtiTorManager          com.gap.droid                        I  arti: SOCKS connection from: 127.0.0.1:53424\
2026-01-06 20:32:41.795 30357-30605 ArtiNative              com.gap.droid                        I  Arti: SOCKS connection from: 127.0.0.1:53426\
2026-01-06 20:32:41.796 30357-30611 ArtiNative              com.gap.droid                        I  Arti: SOCKS5 CONNECT to offchain.pub:443\
2026-01-06 20:32:41.796 30357-30605 ArtiTorManager          com.gap.droid                        I  arti: SOCKS connection from: 127.0.0.1:53426\
2026-01-06 20:32:41.798 30357-30609 ArtiNative              com.gap.droid                        I  Arti: SOCKS5 CONNECT to relay.damus.io:443\
2026-01-06 20:32:41.798 30357-30610 ArtiNative              com.gap.droid                        I  Arti: SOCKS5 CONNECT to relay.primal.net:443\
2026-01-06 20:32:41.798 30357-30605 ArtiNative              com.gap.droid                        I  Arti: SOCKS5 CONNECT to nostr21.com:443\
2026-01-06 20:32:41.798 30357-30611 ArtiTorManager          com.gap.droid                        I  arti: SOCKS5 CONNECT to offchain.pub:443\
2026-01-06 20:32:41.799 30357-30610 ArtiTorManager          com.gap.droid                        I  arti: SOCKS5 CONNECT to relay.primal.net:443\
2026-01-06 20:32:41.801 30357-30609 ArtiTorManager          com.gap.droid                        I  arti: SOCKS5 CONNECT to relay.damus.io:443\
2026-01-06 20:32:41.803 30357-30605 ArtiTorManager          com.gap.droid                        I  arti: SOCKS5 CONNECT to nostr21.com:443\
2026-01-06 20:32:43.650 30357-30605 ArtiNative              com.gap.droid                        I  Arti: Tor connection established to relay.primal.net:443\
2026-01-06 20:32:43.650 30357-30609 ArtiNative              com.gap.droid                        I  Arti: Tor connection established to relay.damus.io:443\
2026-01-06 20:32:43.652 30357-30605 ArtiTorManager          com.gap.droid                        I  arti: Tor connection established to relay.primal.net:443\
2026-01-06 20:32:43.655 30357-30609 ArtiTorManager          com.gap.droid                        I  arti: Tor connection established to relay.damus.io:443\
2026-01-06 20:32:43.753 30357-30605 ArtiNative              com.gap.droid                        I  Arti: Tor connection established to offchain.pub:443\
2026-01-06 20:32:43.754 30357-30605 ArtiTorManager          com.gap.droid                        I  arti: Tor connection established to offchain.pub:443\
2026-01-06 20:32:43.856 30357-30611 ArtiNative              com.gap.droid                        I  Arti: Tor connection established to nostr21.com:443\
2026-01-06 20:32:43.857 30357-30611 ArtiTorManager          com.gap.droid                        I  arti: Tor connection established to nostr21.com:443\
2026-01-06 20:32:44.630 30357-30640 NostrRelayManager       com.gap.droid                        D  \uc0\u9989  Connected to Nostr relay: wss://relay.primal.net\
2026-01-06 20:32:44.631 30357-30640 NostrRelayManager       com.gap.droid                        D  \uc0\u55357 \u56580  Restoring 1 subscriptions for relay: wss://relay.primal.net\
2026-01-06 20:32:44.636 30357-30640 NostrRelayManager       com.gap.droid                        V  \uc0\u9989  Restored subscription 'chat-messages' to relay: wss://relay.primal.net\
2026-01-06 20:32:44.733 30357-30639 NostrRelayManager       com.gap.droid                        D  \uc0\u9989  Connected to Nostr relay: wss://relay.damus.io\
2026-01-06 20:32:44.733 30357-30639 NostrRelayManager       com.gap.droid                        D  \uc0\u55357 \u56580  Restoring 1 subscriptions for relay: wss://relay.damus.io\
2026-01-06 20:32:44.737 30357-30639 NostrRelayManager       com.gap.droid                        V  \uc0\u9989  Restored subscription 'chat-messages' to relay: wss://relay.damus.io\
2026-01-06 20:32:44.831 30357-30637 NostrRelayManager       com.gap.droid                        D  \uc0\u9989  Connected to Nostr relay: wss://offchain.pub\
2026-01-06 20:32:44.831 30357-30637 NostrRelayManager       com.gap.droid                        D  \uc0\u55357 \u56580  Restoring 1 subscriptions for relay: wss://offchain.pub\
2026-01-06 20:32:44.833 30357-30637 NostrRelayManager       com.gap.droid                        V  \uc0\u9989  Restored subscription 'chat-messages' to relay: wss://offchain.pub\
2026-01-06 20:32:44.945 30357-30638 NostrRelayManager       com.gap.droid                        D  \uc0\u9989  Connected to Nostr relay: wss://nostr21.com\
2026-01-06 20:32:44.945 30357-30640 NostrRelayManager       com.gap.droid                        V  End of stored events for subscription: chat-messages\
2026-01-06 20:32:44.945 30357-30638 NostrRelayManager       com.gap.droid                        D  \uc0\u55357 \u56580  Restoring 1 subscriptions for relay: wss://nostr21.com\
2026-01-06 20:32:44.950 30357-30638 NostrRelayManager       com.gap.droid                        V  \uc0\u9989  Restored subscription 'chat-messages' to relay: wss://nostr21.com\
2026-01-06 20:32:45.102 30357-30639 NostrRelayManager       com.gap.droid                        V  End of stored events for subscription: chat-messages\
2026-01-06 20:32:45.251 30357-30637 NostrRelayManager       com.gap.droid                        V  End of stored events for subscription: chat-messages\
2026-01-06 20:32:45.358 30357-30638 NostrRelayManager       com.gap.droid                        V  End of stored events for subscription: chat-messages\
2026-01-06 20:32:45.672 30357-30382 MeshForegroundService   com.gap.droid                        D  Ensuring mesh service is started\
2026-01-06 20:32:45.672 30357-30382 BluetoothMeshService    com.gap.droid                        W  Mesh service already active, ignoring duplicate start request\
2026-01-06 20:32:46.411 30357-30357 BluetoothG...entManager com.gap.droid                        D  Unfiltered scan: batch received 8 devices\
2026-01-06 20:32:46.415 30357-30357 BluetoothG...entManager com.gap.droid                        D  Connection to 51:CA:FD:EB:38:6B not allowed due to recent attempts\
2026-01-06 20:32:46.415 30357-30357 BluetoothG...entManager com.gap.droid                        D  Unfiltered scan: batch received 8 devices\
2026-01-06 20:32:46.419 30357-30357 BluetoothG...entManager com.gap.droid                        D  Connection to 51:CA:FD:EB:38:6B not allowed due to recent attempts\
2026-01-06 20:32:50.686 30357-30382 BluetoothG...entManager com.gap.droid                        D  Scan restart timer triggered - restarting scan to prevent stalling\
2026-01-06 20:32:50.693 30357-30382 BluetoothAdapter        com.gap.droid                        D  isLeEnabled(): ON\
2026-01-06 20:32:50.696 30357-30391 MeshForegroundService   com.gap.droid                        D  Ensuring mesh service is started\
2026-01-06 20:32:50.696 30357-30391 BluetoothMeshService    com.gap.droid                        W  Mesh service already active, ignoring duplicate start request\
2026-01-06 20:32:50.705 30357-30382 BluetoothG...entManager com.gap.droid                        D  Filtered BLE scan stopped\
2026-01-06 20:32:50.707 30357-30382 BluetoothAdapter        com.gap.droid                        D  isLeEnabled(): ON\
2026-01-06 20:32:50.719 30357-30382 BluetoothG...entManager com.gap.droid                        D  Unfiltered fallback BLE scan stopped\
2026-01-06 20:32:50.719 30357-30382 BluetoothG...entManager com.gap.droid                        D  All BLE scans stopped successfully\
2026-01-06 20:32:55.585 30357-30391 BluetoothMeshService    com.gap.droid                        D  Sending broadcast announce\
2026-01-06 20:32:55.586 30357-30382 BluetoothC...ionTracker com.gap.droid                        D  Cleaned up 1 expired connection attempts\
2026-01-06 20:32:55.586 30357-30382 BluetoothC...ionTracker com.gap.droid                        D  Periodic cleanup: 0 connections, 0 pending\
2026-01-06 20:32:55.626 30357-30384 EncryptionService       com.gap.droid                        D  \uc0\u9989  Generated Ed25519 signature (64 bytes)\
2026-01-06 20:32:55.626 30357-30384 BluetoothMeshService    com.gap.droid                        D  \uc0\u9989  Signed packet type 33 (signature 64 bytes)\
2026-01-06 20:32:55.627 30357-30384 FragmentManager         com.gap.droid                        D  \uc0\u55357 \u56576  Creating fragments for packet type 33, payload: 14 bytes\
2026-01-06 20:32:55.628 30357-30382 EncryptionService       com.gap.droid                        D  \uc0\u9989  Generated Ed25519 signature (64 bytes)\
2026-01-06 20:32:55.628 30357-30382 FragmentManager         com.gap.droid                        D  \uc0\u55357 \u56576  Creating fragments for packet type 1, payload: 78 bytes\
2026-01-06 20:32:55.630 30357-30384 FragmentManager         com.gap.droid                        D  \uc0\u55357 \u56550  Encoded to 256 bytes\
2026-01-06 20:32:55.630 30357-30384 FragmentManager         com.gap.droid                        D  \uc0\u55357 \u56527  Unpadded to 100 bytes\
2026-01-06 20:32:55.630 30357-30382 FragmentManager         com.gap.droid                        D  \uc0\u55357 \u56550  Encoded to 256 bytes\
2026-01-06 20:32:55.631 30357-30382 FragmentManager         com.gap.droid                        D  \uc0\u55357 \u56527  Unpadded to 164 bytes\
2026-01-06 20:32:55.632 30357-30382 BluetoothMeshService    com.gap.droid                        D  Sent iOS-compatible signed TLV announce (78 bytes)\
2026-01-06 20:32:55.636 30357-30391 BluetoothP...roadcaster com.gap.droid                        I  Broadcasting packet type 33 to 0 server + 0 client connections\
2026-01-06 20:32:55.639 30357-30391 BluetoothP...roadcaster com.gap.droid                        I  Broadcasting packet type 1 to 0 server + 0 client connections\
2026-01-06 20:32:55.730 30357-30391 MeshForegroundService   com.gap.droid                        D  Ensuring mesh service is started\
2026-01-06 20:32:55.730 30357-30391 BluetoothMeshService    com.gap.droid                        W  Mesh service already active, ignoring duplicate start request\
2026-01-06 20:32:56.092 30357-30391 BluetoothG...verManager com.gap.droid                        D  Advertising restart timer triggered - restarting to maintain visibility\
2026-01-06 20:32:56.098 30357-30391 CheckPermission         com.gap.droid                        E  _bluetooth code = 10 \
2026-01-06 20:32:56.610 30357-30391 BluetoothAdapter        com.gap.droid                        D  246923068: getState(). Returning ON\
2026-01-06 20:32:56.614 30357-30391 BluetoothAdapter        com.gap.droid                        D  isLeEnabled(): ON\
2026-01-06 20:32:56.616 30357-30391 BluetoothAdapter        com.gap.droid                        D  isLeEnabled(): ON\
2026-01-06 20:32:56.616 30357-30391 CheckPermission         com.gap.droid                        E  _bluetooth code = 10 \
2026-01-06 20:32:56.648 30357-30357 CheckPermission         com.gap.droid                        E  _bluetooth code = 10 \
2026-01-06 20:32:56.650 30357-30357 BluetoothG...verManager com.gap.droid                        I  Advertising started successfully (power mode: PERFORMANCE)\
2026-01-06 20:33:00.752 30357-30391 MeshForegroundService   com.gap.droid                        D  Ensuring mesh service is started\
2026-01-06 20:33:00.752 30357-30391 BluetoothMeshService    com.gap.droid                        W  Mesh service already active, ignoring duplicate start request\
2026-01-06 20:33:01.340 30357-30399 BluetoothGattServer     com.gap.droid                        D  onServerConnectionState() - status=0 serverIf=7 device=51:CA:FD:EB:38:6B\
2026-01-06 20:33:01.340 30357-30399 BluetoothG...verManager com.gap.droid                        I  Server: Device disconnected 51:CA:FD:EB:38:6B\
2026-01-06 20:33:01.340 30357-30399 BluetoothC...ionTracker com.gap.droid                        D  Cleaned up device connection for 51:CA:FD:EB:38:6B\
2026-01-06 20:33:01.340 30357-30399 BluetoothMeshService    com.gap.droid                        D  Device disconnected: 51:CA:FD:EB:38:6B\
2026-01-06 20:33:01.354 30357-30399 BluetoothGatt           com.gap.droid                        D  onClientConnectionState() - status=133 clientIf=9 device=51:CA:FD:EB:38:6B\
2026-01-06 20:33:01.356 30357-30399 BluetoothG...entManager com.gap.droid                        D  Client: Connection state change - Device: 51:CA:FD:EB:38:6B, Status: 133, NewState: 0\
2026-01-06 20:33:01.356 30357-30399 BluetoothG...entManager com.gap.droid                        W  Client: Disconnected from 51:CA:FD:EB:38:6B with error status 133\
2026-01-06 20:33:01.357 30357-30399 BluetoothMeshService    com.gap.droid                        D  Device disconnected: 51:CA:FD:EB:38:6B\
2026-01-06 20:33:01.369 30357-30399 BluetoothGatt           com.gap.droid                        D  onClientConnectionState() - status=133 clientIf=10 device=51:CA:FD:EB:38:6B\
2026-01-06 20:33:01.370 30357-30399 BluetoothG...entManager com.gap.droid                        D  Client: Connection state change - Device: 51:CA:FD:EB:38:6B, Status: 133, NewState: 0\
2026-01-06 20:33:01.370 30357-30399 BluetoothG...entManager com.gap.droid                        W  Client: Disconnected from 51:CA:FD:EB:38:6B with error status 133\
2026-01-06 20:33:01.370 30357-30399 BluetoothMeshService    com.gap.droid                        D  Device disconnected: 51:CA:FD:EB:38:6B\
2026-01-06 20:33:01.389 30357-30399 BluetoothGatt           com.gap.droid                        D  onClientConnectionState() - status=133 clientIf=11 device=51:CA:FD:EB:38:6B\
2026-01-06 20:33:01.389 30357-30399 BluetoothG...entManager com.gap.droid                        D  Client: Connection state change - Device: 51:CA:FD:EB:38:6B, Status: 133, NewState: 0\
2026-01-06 20:33:01.390 30357-30399 BluetoothG...entManager com.gap.droid                        W  Client: Disconnected from 51:CA:FD:EB:38:6B with error status 133\
2026-01-06 20:33:01.390 30357-30399 BluetoothMeshService    com.gap.droid                        D  Device disconnected: 51:CA:FD:EB:38:6B\
2026-01-06 20:33:01.861 30357-30385 BluetoothGatt           com.gap.droid                        D  close()\
2026-01-06 20:33:01.861 30357-30385 BluetoothGatt           com.gap.droid                        D  unregisterApp() - mClientIf=9\
2026-01-06 20:33:01.873 30357-30385 BluetoothGatt           com.gap.droid                        D  close()\
2026-01-06 20:33:01.873 30357-30385 BluetoothGatt           com.gap.droid                        D  unregisterApp() - mClientIf=10\
2026-01-06 20:33:01.893 30357-30385 BluetoothGatt           com.gap.droid                        D  close()\
2026-01-06 20:33:01.893 30357-30385 BluetoothGatt           com.gap.droid                        D  unregisterApp() - mClientIf=11\
