2026-01-06 20:33:21.469 30357-30385 PeerManager             com.gap.droid                        D  \uc0\u55357 \u56580  Updated verified peer: anon8764 (9a1ee4341423cb59)\
2026-01-06 20:33:21.469 30357-30385 BluetoothMeshService    com.gap.droid                        D  Updating peer ID binding: 9a1ee4341423cb59 (was: null) with nickname: anon8764 and public key: bab65cfaf8ba8df3...\
2026-01-06 20:33:21.469 30357-30385 PeerManager             com.gap.droid                        D  Updated peer: 9a1ee4341423cb59 (anon8764)\
2026-01-06 20:33:21.470 30357-30385 PeerFingerprintManager  com.gap.droid                        D  Stored fingerprint for peer 9a1ee4341423cb59: 9a1ee4341423cb59...\
2026-01-06 20:33:21.470 30357-30385 BluetoothMeshService    com.gap.droid                        D  Updated peer ID binding: 9a1ee4341423cb59 (was: null), fingerprint: 9a1ee4341423cb59...\
2026-01-06 20:33:21.470 30357-30385 MessageHandler          com.gap.droid                        D  \uc0\u9989  Processed verified TLV announce: stored identity for 9a1ee4341423cb59\
2026-01-06 20:33:22.076 30357-30399 BluetoothG...verManager com.gap.droid                        I  Server: Received packet from 41:D7:4B:D6:02:9A, size: 256 bytes\
2026-01-06 20:33:22.078 30357-30399 BluetoothG...verManager com.gap.droid                        D  Server: Parsed packet type 1 from d609cd9429f593ed\
2026-01-06 20:33:22.078 30357-30399 BluetoothC...ionManager com.gap.droid                        D  onPacketReceived: Packet received from 41:D7:4B:D6:02:9A (d609cd9429f593ed)\
2026-01-06 20:33:22.079 30357-30399 PacketProcessor         com.gap.droid                        D  processPacket 1\
2026-01-06 20:33:22.082 30357-30381 PacketProcessor         com.gap.droid                        D  \uc0\u55357 \u56550  Processing packet type 1 from d609cd9429f593ed (anon6956) (serialized)\
2026-01-06 20:33:22.163 30357-30381 EncryptionService       com.gap.droid                        D  \uc0\u9989  Ed25519 signature verification: true\
2026-01-06 20:33:22.163 30357-30381 SecurityManager         com.gap.droid                        D  Packet validation passed for d609cd9429f593ed, messageID: 1767749603695-d609cd9429f593ed-394789133\
2026-01-06 20:33:22.163 30357-30381 PacketProcessor         com.gap.droid                        D  Processing packet type ANNOUNCE from d609cd9429f593ed (anon6956)\
2026-01-06 20:33:22.163 30357-30381 PacketProcessor         com.gap.droid                        D  Processing announce from d609cd9429f593ed (anon6956)\
2026-01-06 20:33:22.164 30357-30381 PacketRelayManager      com.gap.droid                        D  Evaluating relay for packet type 1 from d609cd9429f593ed (TTL: 6)\
2026-01-06 20:33:22.165 30357-30381 PacketRelayManager      com.gap.droid                        D  Decremented TTL from 6 to 5\
2026-01-06 20:33:22.165 30357-30381 PacketRelayManager      com.gap.droid                        D  High TTL (5), relaying\
2026-01-06 20:33:22.165 30357-30381 PacketRelayManager      com.gap.droid                        D  \uc0\u55357 \u56580  Relaying packet type 1 with TTL 5\
2026-01-06 20:33:22.165 30357-30381 FragmentManager         com.gap.droid                        D  \uc0\u55357 \u56576  Creating fragments for packet type 1, payload: 96 bytes\
2026-01-06 20:33:22.166 30357-30381 FragmentManager         com.gap.droid                        D  \uc0\u55357 \u56550  Encoded to 256 bytes\
2026-01-06 20:33:22.166 30357-30381 FragmentManager         com.gap.droid                        D  \uc0\u55357 \u56527  Unpadded to 182 bytes\
2026-01-06 20:33:22.167 30357-30381 PacketProcessor         com.gap.droid                        D  Completed packet type 1 from d609cd9429f593ed (anon6956)\
2026-01-06 20:33:22.169 30357-30385 BluetoothP...roadcaster com.gap.droid                        I  Broadcasting packet type 1 to 1 server + 1 client connections\
2026-01-06 20:33:22.169 30357-30385 BluetoothP...roadcaster com.gap.droid                        D  Skipping broadcast to client back to relayer: 41:D7:4B:D6:02:9A\
2026-01-06 20:33:22.223 30357-30384 EncryptionService       com.gap.droid                        D  \uc0\u9989  Ed25519 signature verification: true\
2026-01-06 20:33:22.226 30357-30384 MessageHandler          com.gap.droid                        D  \uc0\u9989  Verified announce from d609cd9429f593ed: nickname=anon6956, noisePublicKey=c47f7c83c539339b..., signingPublicKey=b2b2dab651df968b...\
2026-01-06 20:33:22.226 30357-30384 PeerManager             com.gap.droid                        D  \uc0\u55357 \u56580  Updated verified peer: anon6956 (d609cd9429f593ed)\
2026-01-06 20:33:22.227 30357-30384 BluetoothMeshService    com.gap.droid                        D  Updating peer ID binding: d609cd9429f593ed (was: null) with nickname: anon6956 and public key: c47f7c83c539339b...\
2026-01-06 20:33:22.228 30357-30384 PeerManager             com.gap.droid                        D  Updated peer: d609cd9429f593ed (anon6956)\
2026-01-06 20:33:22.230 30357-30384 PeerFingerprintManager  com.gap.droid                        D  Stored fingerprint for peer d609cd9429f593ed: d609cd9429f593ed...\
2026-01-06 20:33:22.231 30357-30384 BluetoothMeshService    com.gap.droid                        D  Updated peer ID binding: d609cd9429f593ed (was: null), fingerprint: d609cd9429f593ed...\
2026-01-06 20:33:22.232 30357-30384 MessageHandler          com.gap.droid                        D  \uc0\u9989  Processed verified TLV announce: stored identity for d609cd9429f593ed\
2026-01-06 20:33:22.565 30357-30399 BluetoothG...verManager com.gap.droid                        I  Server: Received packet from 41:D7:4B:D6:02:9A, size: 256 bytes\
2026-01-06 20:33:22.566 30357-30399 BluetoothG...verManager com.gap.droid                        D  Server: Parsed packet type 1 from d609cd9429f593ed\
2026-01-06 20:33:22.567 30357-30399 BluetoothC...ionManager com.gap.droid                        D  onPacketReceived: Packet received from 41:D7:4B:D6:02:9A (d609cd9429f593ed)\
2026-01-06 20:33:22.567 30357-30399 PacketProcessor         com.gap.droid                        D  processPacket 1\
2026-01-06 20:33:22.570 30357-30385 PacketProcessor         com.gap.droid                        D  \uc0\u55357 \u56550  Processing packet type 1 from d609cd9429f593ed (anon6956) (serialized)\
2026-01-06 20:33:22.638 30357-30385 EncryptionService       com.gap.droid                        D  \uc0\u9989  Ed25519 signature verification: true\
2026-01-06 20:33:22.639 30357-30385 SecurityManager         com.gap.droid                        D  Packet validation passed for d609cd9429f593ed, messageID: 1767749604234-d609cd9429f593ed-394789133\
2026-01-06 20:33:22.639 30357-30385 PacketProcessor         com.gap.droid                        D  Processing packet type ANNOUNCE from d609cd9429f593ed (anon6956)\
2026-01-06 20:33:22.639 30357-30385 PacketProcessor         com.gap.droid                        D  Processing announce from d609cd9429f593ed (anon6956)\
2026-01-06 20:33:22.640 30357-30385 PacketRelayManager      com.gap.droid                        D  Evaluating relay for packet type 1 from d609cd9429f593ed (TTL: 6)\
2026-01-06 20:33:22.641 30357-30385 PacketRelayManager      com.gap.droid                        D  Decremented TTL from 6 to 5\
2026-01-06 20:33:22.641 30357-30385 PacketRelayManager      com.gap.droid                        D  High TTL (5), relaying\
2026-01-06 20:33:22.641 30357-30385 PacketRelayManager      com.gap.droid                        D  \uc0\u55357 \u56580  Relaying packet type 1 with TTL 5\
2026-01-06 20:33:22.641 30357-30385 FragmentManager         com.gap.droid                        D  \uc0\u55357 \u56576  Creating fragments for packet type 1, payload: 96 bytes\
2026-01-06 20:33:22.642 30357-30385 FragmentManager         com.gap.droid                        D  \uc0\u55357 \u56550  Encoded to 256 bytes\
2026-01-06 20:33:22.642 30357-30385 FragmentManager         com.gap.droid                        D  \uc0\u55357 \u56527  Unpadded to 182 bytes\
2026-01-06 20:33:22.643 30357-30385 PacketProcessor         com.gap.droid                        D  Completed packet type 1 from d609cd9429f593ed (anon6956)\
2026-01-06 20:33:22.645 30357-30381 BluetoothP...roadcaster com.gap.droid                        I  Broadcasting packet type 1 to 1 server + 1 client connections\
2026-01-06 20:33:22.645 30357-30381 BluetoothP...roadcaster com.gap.droid                        D  Skipping broadcast to client back to relayer: 41:D7:4B:D6:02:9A\
2026-01-06 20:33:22.701 30357-30390 EncryptionService       com.gap.droid                        D  \uc0\u9989  Ed25519 signature verification: true\
2026-01-06 20:33:22.704 30357-30390 MessageHandler          com.gap.droid                        D  \uc0\u9989  Verified announce from d609cd9429f593ed: nickname=anon6956, noisePublicKey=c47f7c83c539339b..., signingPublicKey=b2b2dab651df968b...\
2026-01-06 20:33:22.704 30357-30390 PeerManager             com.gap.droid                        D  \uc0\u55357 \u56580  Updated verified peer: anon6956 (d609cd9429f593ed)\
2026-01-06 20:33:22.706 30357-30390 BluetoothMeshService    com.gap.droid                        D  Updating peer ID binding: d609cd9429f593ed (was: null) with nickname: anon6956 and public key: c47f7c83c539339b...\
2026-01-06 20:33:22.706 30357-30390 PeerManager             com.gap.droid                        D  Updated peer: d609cd9429f593ed (anon6956)\
2026-01-06 20:33:22.708 30357-30390 PeerFingerprintManager  com.gap.droid                        D  Stored fingerprint for peer d609cd9429f593ed: d609cd9429f593ed...\
2026-01-06 20:33:22.710 30357-30390 BluetoothMeshService    com.gap.droid                        D  Updated peer ID binding: d609cd9429f593ed (was: null), fingerprint: d609cd9429f593ed...\
2026-01-06 20:33:22.710 30357-30390 MessageHandler          com.gap.droid                        D  \uc0\u9989  Processed verified TLV announce: stored identity for d609cd9429f593ed\
2026-01-06 20:33:24.723 30357-30369 com.gap.droid           com.gap.droid                        I  Background concurrent copying GC freed 184242(6946KB) AllocSpace objects, 13(644KB) LOS objects, 66% free, 4787KB/14MB, paused 155us total 139.408ms\
2026-01-06 20:33:25.588 30357-30390 BluetoothMeshService    com.gap.droid                        D  Sending broadcast announce\
2026-01-06 20:33:25.588 30357-30381 BluetoothC...ionTracker com.gap.droid                        D  Periodic cleanup: 1 connections, 0 pending\
2026-01-06 20:33:25.603 30357-30385 EncryptionService       com.gap.droid                        D  \uc0\u9989  Generated Ed25519 signature (64 bytes)\
2026-01-06 20:33:25.603 30357-30385 FragmentManager         com.gap.droid                        D  \uc0\u55357 \u56576  Creating fragments for packet type 1, payload: 78 bytes\
2026-01-06 20:33:25.603 30357-30385 FragmentManager         com.gap.droid                        D  \uc0\u55357 \u56550  Encoded to 256 bytes\
2026-01-06 20:33:25.603 30357-30385 FragmentManager         com.gap.droid                        D  \uc0\u55357 \u56527  Unpadded to 164 bytes\
2026-01-06 20:33:25.604 30357-30385 BluetoothMeshService    com.gap.droid                        D  Sent iOS-compatible signed TLV announce (78 bytes)\
2026-01-06 20:33:25.606 30357-30382 BluetoothP...roadcaster com.gap.droid                        I  Broadcasting packet type 1 to 1 server + 1 client connections\
2026-01-06 20:33:25.648 30357-30382 EncryptionService       com.gap.droid                        D  \uc0\u9989  Generated Ed25519 signature (64 bytes)\
2026-01-06 20:33:25.648 30357-30382 BluetoothMeshService    com.gap.droid                        D  \uc0\u9989  Signed packet type 33 (signature 64 bytes)\
2026-01-06 20:33:25.648 30357-30382 FragmentManager         com.gap.droid                        D  \uc0\u55357 \u56576  Creating fragments for packet type 33, payload: 21 bytes\
2026-01-06 20:33:25.648 30357-30382 FragmentManager         com.gap.droid                        D  \uc0\u55357 \u56550  Encoded to 256 bytes\
2026-01-06 20:33:25.648 30357-30382 FragmentManager         com.gap.droid                        D  \uc0\u55357 \u56527  Unpadded to 107 bytes\
2026-01-06 20:33:25.651 30357-30390 BluetoothP...roadcaster com.gap.droid                        I  Broadcasting packet type 33 to 1 server + 1 client connections\
2026-01-06 20:33:25.854 30357-30390 MeshForegroundService   com.gap.droid                        D  Ensuring mesh service is started\
2026-01-06 20:33:25.854 30357-30390 BluetoothMeshService    com.gap.droid                        W  Mesh service already active, ignoring duplicate start request\
2026-01-06 20:33:25.878 30357-30399 BluetoothG...verManager com.gap.droid                        I  Server: Received packet from 41:D7:4B:D6:02:9A, size: 256 bytes\
2026-01-06 20:33:25.879 30357-30399 BluetoothG...verManager com.gap.droid                        D  Server: Parsed packet type 2 from d609cd9429f593ed\
2026-01-06 20:33:25.880 30357-30399 BluetoothC...ionManager com.gap.droid                        D  onPacketReceived: Packet received from 41:D7:4B:D6:02:9A (d609cd9429f593ed)\
2026-01-06 20:33:25.881 30357-30399 PacketProcessor         com.gap.droid                        D  processPacket 2\
2026-01-06 20:33:25.884 30357-30385 PacketProcessor         com.gap.droid                        D  \uc0\u55357 \u56550  Processing packet type 2 from d609cd9429f593ed (anon6956) (serialized)\
2026-01-06 20:33:25.958 30357-30385 EncryptionService       com.gap.droid                        D  \uc0\u9989  Ed25519 signature verification: true\
2026-01-06 20:33:25.958 30357-30385 SecurityManager         com.gap.droid                        D  Packet validation passed for d609cd9429f593ed, messageID: 1767748811132-d609cd9429f593ed-102235\
2026-01-06 20:33:25.958 30357-30385 PacketProcessor         com.gap.droid                        D  Processing packet type MESSAGE from d609cd9429f593ed (anon6956)\
2026-01-06 20:33:25.959 30357-30385 PacketProcessor         com.gap.droid                        D  Processing message from d609cd9429f593ed (anon6956)\
2026-01-06 20:33:25.960 30357-30382 MessageHandler          com.gap.droid                        D  Received message from anon6956\
2026-01-06 20:33:25.961 30357-30382 PeerManager             com.gap.droid                        D  Updated peer: d609cd9429f593ed (anon6956)\
2026-01-06 20:33:25.961 30357-30382 BitchatFilePacket       com.gap.droid                        D  \uc0\u55357 \u56580  Decoding 3 bytes\
2026-01-06 20:33:25.962 30357-30385 PacketRelayManager      com.gap.droid                        D  Evaluating relay for packet type 2 from d609cd9429f593ed (TTL: 0)\
2026-01-06 20:33:25.962 30357-30385 PacketRelayManager      com.gap.droid                        D  TTL expired, not relaying packet\
2026-01-06 20:33:25.963 30357-30385 PacketProcessor         com.gap.droid                        D  Completed packet type 2 from d609cd9429f593ed (anon6956)\
2026-01-06 20:33:25.998 30357-30357 Choreographer           com.gap.droid                        I  Skipped 1 frames!  The application may be doing too much work on its main thread.\
2026-01-06 20:33:26.169 30357-30399 BluetoothG...verManager com.gap.droid                        I  Server: Received packet from 41:D7:4B:D6:02:9A, size: 256 bytes\
2026-01-06 20:33:26.169 30357-30399 BluetoothG...verManager com.gap.droid                        D  Server: Parsed packet type 1 from 9a1ee4341423cb59\
2026-01-06 20:33:26.169 30357-30399 BluetoothC...ionManager com.gap.droid                        D  onPacketReceived: Packet received from 41:D7:4B:D6:02:9A (9a1ee4341423cb59)\
2026-01-06 20:33:26.170 30357-30399 PacketProcessor         com.gap.droid                        D  processPacket 1\
2026-01-06 20:33:26.171 30357-30385 PacketProcessor         com.gap.droid                        D  \uc0\u55357 \u56550  Processing packet type 1 from 9a1ee4341423cb59 (anon8764) (serialized)\
2026-01-06 20:33:26.240 30357-30385 EncryptionService       com.gap.droid                        D  \uc0\u9989  Ed25519 signature verification: true\
2026-01-06 20:33:26.240 30357-30385 SecurityManager         com.gap.droid                        D  Packet validation passed for 9a1ee4341423cb59, messageID: 1767749607811-9a1ee4341423cb59--1451812509\
2026-01-06 20:33:26.240 30357-30385 PacketProcessor         com.gap.droid                        D  Processing packet type ANNOUNCE from 9a1ee4341423cb59 (anon8764)\
2026-01-06 20:33:26.241 30357-30385 PacketProcessor         com.gap.droid                        D  Processing announce from 9a1ee4341423cb59 (anon8764)\
2026-01-06 20:33:26.242 30357-30385 PacketRelayManager      com.gap.droid                        D  Evaluating relay for packet type 1 from 9a1ee4341423cb59 (TTL: 5)\
2026-01-06 20:33:26.242 30357-30385 PacketRelayManager      com.gap.droid                        D  Decremented TTL from 5 to 4\
2026-01-06 20:33:26.242 30357-30385 PacketRelayManager      com.gap.droid                        D  High TTL (4), relaying\
2026-01-06 20:33:26.242 30357-30385 PacketRelayManager      com.gap.droid                        D  \uc0\u55357 \u56580  Relaying packet type 1 with TTL 4\
2026-01-06 20:33:26.242 30357-30385 FragmentManager         com.gap.droid                        D  \uc0\u55357 \u56576  Creating fragments for packet type 1, payload: 88 bytes\
2026-01-06 20:33:26.242 30357-30385 FragmentManager         com.gap.droid                        D  \uc0\u55357 \u56550  Encoded to 256 bytes\
2026-01-06 20:33:26.243 30357-30385 FragmentManager         com.gap.droid                        D  \uc0\u55357 \u56527  Unpadded to 174 bytes\
2026-01-06 20:33:26.244 30357-30385 PacketProcessor         com.gap.droid                        D  Completed packet type 1 from 9a1ee4341423cb59 (anon8764)\
2026-01-06 20:33:26.246 30357-30385 BluetoothP...roadcaster com.gap.droid                        I  Broadcasting packet type 1 to 1 server + 1 client connections\
2026-01-06 20:33:26.246 30357-30385 BluetoothP...roadcaster com.gap.droid                        D  Skipping broadcast to client back to relayer: 41:D7:4B:D6:02:9A\
2026-01-06 20:33:26.315 30357-30390 EncryptionService       com.gap.droid                        D  \uc0\u9989  Ed25519 signature verification: true\
2026-01-06 20:33:26.318 30357-30390 MessageHandler          com.gap.droid                        D  \uc0\u9989  Verified announce from 9a1ee4341423cb59: nickname=anon8764, noisePublicKey=bab65cfaf8ba8df3..., signingPublicKey=6b74302f42694598...\
2026-01-06 20:33:26.318 30357-30390 PeerManager             com.gap.droid                        D  \uc0\u55357 \u56580  Updated verified peer: anon8764 (9a1ee4341423cb59)\
2026-01-06 20:33:26.319 30357-30390 BluetoothMeshService    com.gap.droid                        D  Updating peer ID binding: 9a1ee4341423cb59 (was: null) with nickname: anon8764 and public key: bab65cfaf8ba8df3...\
2026-01-06 20:33:26.320 30357-30390 PeerManager             com.gap.droid                        D  Updated peer: 9a1ee4341423cb59 (anon8764)\
2026-01-06 20:33:26.322 30357-30390 PeerFingerprintManager  com.gap.droid                        D  Stored fingerprint for peer 9a1ee4341423cb59: 9a1ee4341423cb59...\
2026-01-06 20:33:26.323 30357-30390 BluetoothMeshService    com.gap.droid                        D  Updated peer ID binding: 9a1ee4341423cb59 (was: null), fingerprint: 9a1ee4341423cb59...\
2026-01-06 20:33:26.323 30357-30390 MessageHandler          com.gap.droid                        D  \uc0\u9989  Processed verified TLV announce: stored identity for 9a1ee4341423cb59\
2026-01-06 20:33:26.653 30357-30390 BluetoothG...verManager com.gap.droid                        D  Advertising restart timer triggered - restarting to maintain visibility\
2026-01-06 20:33:26.658 30357-30390 CheckPermission         com.gap.droid                        E  _bluetooth code = 10 \
2026-01-06 20:33:26.855 30357-30399 BluetoothG...verManager com.gap.droid                        I  Server: Received packet from 41:D7:4B:D6:02:9A, size: 256 bytes\
2026-01-06 20:33:26.856 30357-30399 BluetoothG...verManager com.gap.droid                        D  Server: Parsed packet type 1 from 9a1ee4341423cb59\
2026-01-06 20:33:26.856 30357-30399 BluetoothC...ionManager com.gap.droid                        D  onPacketReceived: Packet received from 41:D7:4B:D6:02:9A (9a1ee4341423cb59)\
2026-01-06 20:33:26.857 30357-30399 PacketProcessor         com.gap.droid                        D  processPacket 1\
2026-01-06 20:33:26.860 30357-30385 PacketProcessor         com.gap.droid                        D  \uc0\u55357 \u56550  Processing packet type 1 from 9a1ee4341423cb59 (anon8764) (serialized)\
2026-01-06 20:33:26.939 30357-30385 EncryptionService       com.gap.droid                        D  \uc0\u9989  Ed25519 signature verification: true\
2026-01-06 20:33:26.939 30357-30385 SecurityManager         com.gap.droid                        D  Packet validation passed for 9a1ee4341423cb59, messageID: 1767749608418-9a1ee4341423cb59--1451812509\
2026-01-06 20:33:26.939 30357-30385 PacketProcessor         com.gap.droid                        D  Processing packet type ANNOUNCE from 9a1ee4341423cb59 (anon8764)\
2026-01-06 20:33:26.939 30357-30385 PacketProcessor         com.gap.droid                        D  Processing announce from 9a1ee4341423cb59 (anon8764)\
2026-01-06 20:33:26.940 30357-30385 PacketRelayManager      com.gap.droid                        D  Evaluating relay for packet type 1 from 9a1ee4341423cb59 (TTL: 5)\
2026-01-06 20:33:26.941 30357-30385 PacketRelayManager      com.gap.droid                        D  Decremented TTL from 5 to 4\
2026-01-06 20:33:26.941 30357-30385 PacketRelayManager      com.gap.droid                        D  High TTL (4), relaying\
2026-01-06 20:33:26.941 30357-30385 PacketRelayManager      com.gap.droid                        D  \uc0\u55357 \u56580  Relaying packet type 1 with TTL 4\
2026-01-06 20:33:26.941 30357-30385 FragmentManager         com.gap.droid                        D  \uc0\u55357 \u56576  Creating fragments for packet type 1, payload: 88 bytes\
2026-01-06 20:33:26.941 30357-30385 FragmentManager         com.gap.droid                        D  \uc0\u55357 \u56550  Encoded to 256 bytes\
2026-01-06 20:33:26.941 30357-30385 FragmentManager         com.gap.droid                        D  \uc0\u55357 \u56527  Unpadded to 174 bytes\
2026-01-06 20:33:26.942 30357-30385 PacketProcessor         com.gap.droid                        D  Completed packet type 1 from 9a1ee4341423cb59 (anon8764)\
2026-01-06 20:33:26.944 30357-30390 BluetoothP...roadcaster com.gap.droid                        I  Broadcasting packet type 1 to 1 server + 1 client connections\
2026-01-06 20:33:26.945 30357-30390 BluetoothP...roadcaster com.gap.droid                        D  Skipping broadcast to client back to relayer: 41:D7:4B:D6:02:9A\
2026-01-06 20:33:27.018 30357-30381 EncryptionService       com.gap.droid                        D  \uc0\u9989  Ed25519 signature verification: true\
2026-01-06 20:33:27.020 30357-30381 MessageHandler          com.gap.droid                        D  \uc0\u9989  Verified announce from 9a1ee4341423cb59: nickname=anon8764, noisePublicKey=bab65cfaf8ba8df3..., signingPublicKey=6b74302f42694598...\
2026-01-06 20:33:27.021 30357-30381 PeerManager             com.gap.droid                        D  \uc0\u55357 \u56580  Updated verified peer: anon8764 (9a1ee4341423cb59)\
2026-01-06 20:33:27.022 30357-30381 BluetoothMeshService    com.gap.droid                        D  Updating peer ID binding: 9a1ee4341423cb59 (was: null) with nickname: anon8764 and public key: bab65cfaf8ba8df3...\
2026-01-06 20:33:27.023 30357-30381 PeerManager             com.gap.droid                        D  Updated peer: 9a1ee4341423cb59 (anon8764)\
2026-01-06 20:33:27.025 30357-30381 PeerFingerprintManager  com.gap.droid                        D  Stored fingerprint for peer 9a1ee4341423cb59: 9a1ee4341423cb59...\
2026-01-06 20:33:27.027 30357-30381 BluetoothMeshService    com.gap.droid                        D  Updated peer ID binding: 9a1ee4341423cb59 (was: null), fingerprint: 9a1ee4341423cb59...\
2026-01-06 20:33:27.027 30357-30381 MessageHandler          com.gap.droid                        D  \uc0\u9989  Processed verified TLV announce: stored identity for 9a1ee4341423cb59\
2026-01-06 20:33:27.170 30357-30381 BluetoothAdapter        com.gap.droid                        D  246923068: getState(). Returning ON\
2026-01-06 20:33:27.176 30357-30381 BluetoothAdapter        com.gap.droid                        D  isLeEnabled(): ON\
2026-01-06 20:33:27.179 30357-30381 BluetoothAdapter        com.gap.droid                        D  isLeEnabled(): ON\
2026-01-06 20:33:27.180 30357-30381 CheckPermission         com.gap.droid                        E  _bluetooth code = 10 \
2026-01-06 20:33:27.237 30357-30357 CheckPermission         com.gap.droid                        E  _bluetooth code = 10 \
2026-01-06 20:33:27.239 30357-30357 BluetoothG...verManager com.gap.droid                        I  Advertising started successfully (power mode: PERFORMANCE)\
2026-01-06 20:33:27.537 30357-30399 BluetoothG...verManager com.gap.droid                        I  Server: Received packet from 41:D7:4B:D6:02:9A, size: 256 bytes\
2026-01-06 20:33:27.538 30357-30399 BluetoothG...verManager com.gap.droid                        D  Server: Parsed packet type 33 from 783232aaec6adfa8\
2026-01-06 20:33:27.538 30357-30399 BluetoothC...ionManager com.gap.droid                        D  onPacketReceived: Packet received from 41:D7:4B:D6:02:9A (783232aaec6adfa8)\
2026-01-06 20:33:27.539 30357-30399 PacketProcessor         com.gap.droid                        D  processPacket 33\
2026-01-06 20:33:27.543 30357-30382 PacketProcessor         com.gap.droid                        D  \uc0\u55357 \u56550  Processing packet type 33 from 783232aaec6adfa8 (anon2891) (serialized)\
2026-01-06 20:33:27.543 30357-30382 SecurityManager         com.gap.droid                        D  Packet validation passed for 783232aaec6adfa8, messageID: 1767749609313-783232aaec6adfa8--1523602141\
2026-01-06 20:33:27.544 30357-30382 PacketProcessor         com.gap.droid                        D  Processing packet type REQUEST_SYNC from 783232aaec6adfa8 (anon2891)\
2026-01-06 20:33:27.544 30357-30382 PacketProcessor         com.gap.droid                        D  Processing REQUEST_SYNC from 783232aaec6adfa8 (anon2891)\
2026-01-06 20:33:27.551 30357-30382 PacketRelayManager      com.gap.droid                        D  Evaluating relay for packet type 33 from 783232aaec6adfa8 (TTL: 0)\
2026-01-06 20:33:27.551 30357-30382 PacketRelayManager      com.gap.droid                        D  TTL expired, not relaying packet\
2026-01-06 20:33:27.551 30357-30382 PacketProcessor         com.gap.droid                        D  Completed packet type 33 from 783232aaec6adfa8 (anon2891)\
2026-01-06 20:33:27.634 30357-30399 BluetoothG...verManager com.gap.droid                        I  Server: Received packet from 41:D7:4B:D6:02:9A, size: 256 bytes\
2026-01-06 20:33:27.635 30357-30399 BluetoothG...verManager com.gap.droid                        D  Server: Parsed packet type 1 from 783232aaec6adfa8\
2026-01-06 20:33:27.635 30357-30399 BluetoothC...ionManager com.gap.droid                        D  onPacketReceived: Packet received from 41:D7:4B:D6:02:9A (783232aaec6adfa8)\
2026-01-06 20:33:27.636 30357-30399 PacketProcessor         com.gap.droid                        D  processPacket 1\
2026-01-06 20:33:27.639 30357-30390 PacketProcessor         com.gap.droid                        D  \uc0\u55357 \u56550  Processing packet type 1 from 783232aaec6adfa8 (anon2891) (serialized)\
2026-01-06 20:33:27.719 30357-30390 EncryptionService       com.gap.droid                        D  \uc0\u9989  Ed25519 signature verification: true\
2026-01-06 20:33:27.719 30357-30390 SecurityManager         com.gap.droid                        D  Packet validation passed for 783232aaec6adfa8, messageID: 1767749609315-783232aaec6adfa8--339468087\
2026-01-06 20:33:27.720 30357-30390 PacketProcessor         com.gap.droid                        D  Processing packet type ANNOUNCE from 783232aaec6adfa8 (anon2891)\
2026-01-06 20:33:27.720 30357-30390 PacketProcessor         com.gap.droid                        D  Processing announce from 783232aaec6adfa8 (anon2891)\
2026-01-06 20:33:27.721 30357-30390 PacketRelayManager      com.gap.droid                        D  Evaluating relay for packet type 1 from 783232aaec6adfa8 (TTL: 7)\
2026-01-06 20:33:27.721 30357-30390 PacketRelayManager      com.gap.droid                        D  Decremented TTL from 7 to 6\
2026-01-06 20:33:27.722 30357-30390 PacketRelayManager      com.gap.droid                        D  High TTL (6), relaying\
2026-01-06 20:33:27.722 30357-30390 PacketRelayManager      com.gap.droid                        D  \uc0\u55357 \u56580  Relaying packet type 1 with TTL 6\
2026-01-06 20:33:27.722 30357-30390 FragmentManager         com.gap.droid                        D  \uc0\u55357 \u56576  Creating fragments for packet type 1, payload: 78 bytes\
2026-01-06 20:33:27.722 30357-30390 FragmentManager         com.gap.droid                        D  \uc0\u55357 \u56550  Encoded to 256 bytes\
2026-01-06 20:33:27.722 30357-30390 FragmentManager         com.gap.droid                        D  \uc0\u55357 \u56527  Unpadded to 164 bytes\
2026-01-06 20:33:27.723 30357-30390 PacketProcessor         com.gap.droid                        D  Completed packet type 1 from 783232aaec6adfa8 (anon2891)\
2026-01-06 20:33:27.724 30357-30382 BluetoothP...roadcaster com.gap.droid                        I  Broadcasting packet type 1 to 1 server + 1 client connections\
2026-01-06 20:33:27.725 30357-30382 BluetoothP...roadcaster com.gap.droid                        D  Skipping broadcast to client back to relayer: 41:D7:4B:D6:02:9A\
2026-01-06 20:33:27.790 30357-30381 EncryptionService       com.gap.droid                        D  \uc0\u9989  Ed25519 signature verification: true\
2026-01-06 20:33:27.793 30357-30381 MessageHandler          com.gap.droid                        D  \uc0\u9989  Verified announce from 783232aaec6adfa8: nickname=anon2891, noisePublicKey=f6b0fa968c4a1e2e..., signingPublicKey=3a191b0e572870dc...\
2026-01-06 20:33:27.793 30357-30381 PeerManager             com.gap.droid                        D  \uc0\u55357 \u56580  Updated verified peer: anon2891 (783232aaec6adfa8)\
2026-01-06 20:33:27.794 30357-30381 BluetoothMeshService    com.gap.droid                        D  Updating peer ID binding: 783232aaec6adfa8 (was: null) with nickname: anon2891 and public key: f6b0fa968c4a1e2e...\
2026-01-06 20:33:27.795 30357-30381 PeerManager             com.gap.droid                        D  Updated peer: 783232aaec6adfa8 (anon2891)\
2026-01-06 20:33:27.797 30357-30381 PeerFingerprintManager  com.gap.droid                        D  Stored fingerprint for peer 783232aaec6adfa8: 783232aaec6adfa8...\
2026-01-06 20:33:27.798 30357-30381 BluetoothMeshService    com.gap.droid                        D  Updated peer ID binding: 783232aaec6adfa8 (was: null), fingerprint: 783232aaec6adfa8...\
2026-01-06 20:33:27.799 30357-30381 MessageHandler          com.gap.droid                        D  \uc0\u9989  Processed verified TLV announce: stored identity for 783232aaec6adfa8\
2026-01-06 20:33:28.816 30357-30399 BluetoothGattServer     com.gap.droid                        D  onConnectionUpdated() - Device=41:D7:4B:D6:02:9A interval=6 latency=0 timeout=500 status=0\
2026-01-06 20:33:29.095 30357-30399 BluetoothGattServer     com.gap.droid                        D  onMtuChanged() - device=41:D7:4B:D6:02:9A, mtu=517\
2026-01-06 20:33:29.141 30357-30399 BluetoothGattServer     com.gap.droid                        D  onConnectionUpdated() - Device=41:D7:4B:D6:02:9A interval=39 latency=0 timeout=500 status=0\
2026-01-06 20:33:29.239 30357-30399 BluetoothG...verManager com.gap.droid                        D  Server: Connection setup complete for 41:D7:4B:D6:02:9A\
2026-01-06 20:33:29.342 30357-30382 BluetoothMeshService    com.gap.droid                        D  Device connected: 41:D7:4B:D6:02:9A; scheduling announce\
2026-01-06 20:33:29.544 30357-30382 BluetoothMeshService    com.gap.droid                        D  Sending broadcast announce\
2026-01-06 20:33:29.579 30357-30382 EncryptionService       com.gap.droid                        D  \uc0\u9989  Generated Ed25519 signature (64 bytes)\
2026-01-06 20:33:29.580 30357-30382 FragmentManager         com.gap.droid                        D  \uc0\u55357 \u56576  Creating fragments for packet type 1, payload: 78 bytes\
2026-01-06 20:33:29.580 30357-30382 FragmentManager         com.gap.droid                        D  \uc0\u55357 \u56550  Encoded to 256 bytes\
2026-01-06 20:33:29.580 30357-30382 FragmentManager         com.gap.droid                        D  \uc0\u55357 \u56527  Unpadded to 164 bytes\
2026-01-06 20:33:29.582 30357-30382 BluetoothMeshService    com.gap.droid                        D  Sent iOS-compatible signed TLV announce (78 bytes)\
2026-01-06 20:33:29.585 30357-30381 BluetoothP...roadcaster com.gap.droid                        I  Broadcasting packet type 1 to 2 server + 1 client connections\
2026-01-06 20:33:30.165 30357-30399 BluetoothG...verManager com.gap.droid                        I  Server: Received packet from 41:D7:4B:D6:02:9A, size: 256 bytes\
2026-01-06 20:33:30.165 30357-30399 BluetoothG...verManager com.gap.droid                        D  Server: Parsed packet type 1 from 783232aaec6adfa8\
2026-01-06 20:33:30.165 30357-30399 BluetoothC...ionManager com.gap.droid                        D  onPacketReceived: Packet received from 41:D7:4B:D6:02:9A (783232aaec6adfa8)\
2026-01-06 20:33:30.166 30357-30399 PacketProcessor         com.gap.droid                        D  processPacket 1\
2026-01-06 20:33:30.168 30357-30382 PacketProcessor         com.gap.droid                        D  \uc0\u55357 \u56550  Processing packet type 1 from 783232aaec6adfa8 (anon2891) (serialized)\
2026-01-06 20:33:30.247 30357-30382 EncryptionService       com.gap.droid                        D  \uc0\u9989  Ed25519 signature verification: true\
2026-01-06 20:33:30.247 30357-30382 SecurityManager         com.gap.droid                        D  Packet validation passed for 783232aaec6adfa8, messageID: 1767749611399-783232aaec6adfa8--339468087\
2026-01-06 20:33:30.248 30357-30382 PacketProcessor         com.gap.droid                        D  Processing packet type ANNOUNCE from 783232aaec6adfa8 (anon2891)\
2026-01-06 20:33:30.248 30357-30382 PacketProcessor         com.gap.droid                        D  Processing announce from 783232aaec6adfa8 (anon2891)\
2026-01-06 20:33:30.249 30357-30382 PacketRelayManager      com.gap.droid                        D  Evaluating relay for packet type 1 from 783232aaec6adfa8 (TTL: 7)\
2026-01-06 20:33:30.249 30357-30382 PacketRelayManager      com.gap.droid                        D  Decremented TTL from 7 to 6\
2026-01-06 20:33:30.250 30357-30382 PacketRelayManager      com.gap.droid                        D  High TTL (6), relaying\
2026-01-06 20:33:30.250 30357-30382 PacketRelayManager      com.gap.droid                        D  \uc0\u55357 \u56580  Relaying packet type 1 with TTL 6\
2026-01-06 20:33:30.250 30357-30382 FragmentManager         com.gap.droid                        D  \uc0\u55357 \u56576  Creating fragments for packet type 1, payload: 78 bytes\
2026-01-06 20:33:30.250 30357-30382 FragmentManager         com.gap.droid                        D  \uc0\u55357 \u56550  Encoded to 256 bytes\
2026-01-06 20:33:30.250 30357-30382 FragmentManager         com.gap.droid                        D  \uc0\u55357 \u56527  Unpadded to 164 bytes\
2026-01-06 20:33:30.252 30357-30382 PacketProcessor         com.gap.droid                        D  Completed packet type 1 from 783232aaec6adfa8 (anon2891)\
2026-01-06 20:33:30.253 30357-30382 BluetoothP...roadcaster com.gap.droid                        I  Broadcasting packet type 1 to 2 server + 1 client connections\
2026-01-06 20:33:30.253 30357-30382 BluetoothP...roadcaster com.gap.droid                        D  Skipping broadcast to client back to relayer: 41:D7:4B:D6:02:9A\
2026-01-06 20:33:30.253 30357-30382 BluetoothP...roadcaster com.gap.droid                        D  Skipping broadcast to client back to relayer: 41:D7:4B:D6:02:9A\
2026-01-06 20:33:30.264 30357-30390 EncryptionService       com.gap.droid                        D  \uc0\u9989  Ed25519 signature verification: true\
2026-01-06 20:33:30.265 30357-30390 MessageHandler          com.gap.droid                        D  \uc0\u9989  Verified announce from 783232aaec6adfa8: nickname=anon2891, noisePublicKey=f6b0fa968c4a1e2e..., signingPublicKey=3a191b0e572870dc...\
2026-01-06 20:33:30.266 30357-30390 PeerManager             com.gap.droid                        D  \uc0\u55357 \u56580  Updated verified peer: anon2891 (783232aaec6adfa8)\
2026-01-06 20:33:30.266 30357-30390 BluetoothMeshService    com.gap.droid                        D  Updating peer ID binding: 783232aaec6adfa8 (was: null) with nickname: anon2891 and public key: f6b0fa968c4a1e2e...\
2026-01-06 20:33:30.266 30357-30390 PeerManager             com.gap.droid                        D  Updated peer: 783232aaec6adfa8 (anon2891)\
2026-01-06 20:33:30.267 30357-30390 PeerFingerprintManager  com.gap.droid                        D  Stored fingerprint for peer 783232aaec6adfa8: 783232aaec6adfa8...\
2026-01-06 20:33:30.267 30357-30390 BluetoothMeshService    com.gap.droid                        D  Updated peer ID binding: 783232aaec6adfa8 (was: null), fingerprint: 783232aaec6adfa8...\
2026-01-06 20:33:30.268 30357-30390 MessageHandler          com.gap.droid                        D  \uc0\u9989  Processed verified TLV announce: stored identity for 783232aaec6adfa8\
2026-01-06 20:33:30.702 30357-30399 BluetoothG...verManager com.gap.droid                        I  Server: Received packet from 41:D7:4B:D6:02:9A, size: 256 bytes\
2026-01-06 20:33:30.703 30357-30399 BluetoothG...verManager com.gap.droid                        D  Server: Parsed packet type 1 from 783232aaec6adfa8\
2026-01-06 20:33:30.703 30357-30399 BluetoothC...ionManager com.gap.droid                        D  onPacketReceived: Packet received from 41:D7:4B:D6:02:9A (783232aaec6adfa8)\
2026-01-06 20:33:30.703 30357-30399 PacketProcessor         com.gap.droid                        D  processPacket 1\
2026-01-06 20:33:30.705 30357-30390 PacketProcessor         com.gap.droid                        D  \uc0\u55357 \u56550  Processing packet type 1 from 783232aaec6adfa8 (anon2891) (serialized)\
2026-01-06 20:33:30.785 30357-30390 EncryptionService       com.gap.droid                        D  \uc0\u9989  Ed25519 signature verification: true\
2026-01-06 20:33:30.785 30357-30390 SecurityManager         com.gap.droid                        D  Packet validation passed for 783232aaec6adfa8, messageID: 1767749611529-783232aaec6adfa8--339468087\
2026-01-06 20:33:30.786 30357-30390 PacketProcessor         com.gap.droid                        D  Processing packet type ANNOUNCE from 783232aaec6adfa8 (anon2891)\
2026-01-06 20:33:30.786 30357-30390 PacketProcessor         com.gap.droid                        D  Processing announce from 783232aaec6adfa8 (anon2891)\
2026-01-06 20:33:30.787 30357-30390 PacketRelayManager      com.gap.droid                        D  Evaluating relay for packet type 1 from 783232aaec6adfa8 (TTL: 7)\
2026-01-06 20:33:30.787 30357-30390 PacketRelayManager      com.gap.droid                        D  Decremented TTL from 7 to 6\
2026-01-06 20:33:30.787 30357-30390 PacketRelayManager      com.gap.droid                        D  High TTL (6), relaying\
2026-01-06 20:33:30.788 30357-30390 PacketRelayManager      com.gap.droid                        D  \uc0\u55357 \u56580  Relaying packet type 1 with TTL 6\
2026-01-06 20:33:30.788 30357-30390 FragmentManager         com.gap.droid                        D  \uc0\u55357 \u56576  Creating fragments for packet type 1, payload: 78 bytes\
2026-01-06 20:33:30.788 30357-30390 FragmentManager         com.gap.droid                        D  \uc0\u55357 \u56550  Encoded to 256 bytes\
2026-01-06 20:33:30.788 30357-30390 FragmentManager         com.gap.droid                        D  \uc0\u55357 \u56527  Unpadded to 164 bytes\
2026-01-06 20:33:30.790 30357-30390 PacketProcessor         com.gap.droid                        D  Completed packet type 1 from 783232aaec6adfa8 (anon2891)\
2026-01-06 20:33:30.791 30357-30382 BluetoothP...roadcaster com.gap.droid                        I  Broadcasting packet type 1 to 2 server + 1 client connections\
2026-01-06 20:33:30.791 30357-30382 BluetoothP...roadcaster com.gap.droid                        D  Skipping broadcast to client back to relayer: 41:D7:4B:D6:02:9A\
2026-01-06 20:33:30.791 30357-30382 BluetoothP...roadcaster com.gap.droid                        D  Skipping broadcast to client back to relayer: 41:D7:4B:D6:02:9A\
2026-01-06 20:33:30.861 30357-30381 EncryptionService       com.gap.droid                        D  \uc0\u9989  Ed25519 signature verification: true\
2026-01-06 20:33:30.864 30357-30381 MessageHandler          com.gap.droid                        D  \uc0\u9989  Verified announce from 783232aaec6adfa8: nickname=anon2891, noisePublicKey=f6b0fa968c4a1e2e..., signingPublicKey=3a191b0e572870dc...\
2026-01-06 20:33:30.864 30357-30381 PeerManager             com.gap.droid                        D  \uc0\u55357 \u56580  Updated verified peer: anon2891 (783232aaec6adfa8)\
2026-01-06 20:33:30.865 30357-30381 BluetoothMeshService    com.gap.droid                        D  Updating peer ID binding: 783232aaec6adfa8 (was: null) with nickname: anon2891 and public key: f6b0fa968c4a1e2e...\
2026-01-06 20:33:30.866 30357-30381 PeerManager             com.gap.droid                        D  Updated peer: 783232aaec6adfa8 (anon2891)\
2026-01-06 20:33:30.868 30357-30381 PeerFingerprintManager  com.gap.droid                        D  Stored fingerprint for peer 783232aaec6adfa8: 783232aaec6adfa8...\
2026-01-06 20:33:30.869 30357-30381 BluetoothMeshService    com.gap.droid                        D  Updated peer ID binding: 783232aaec6adfa8 (was: null), fingerprint: 783232aaec6adfa8...\
2026-01-06 20:33:30.869 30357-30381 MessageHandler          com.gap.droid                        D  \uc0\u9989  Processed verified TLV announce: stored identity for 783232aaec6adfa8\
2026-01-06 20:33:30.877 30357-30381 MeshForegroundService   com.gap.droid                        D  Ensuring mesh service is started\
2026-01-06 20:33:30.877 30357-30381 BluetoothMeshService    com.gap.droid                        W  Mesh service already active, ignoring duplicate start request\
2026-01-06 20:33:33.090 30357-30399 BluetoothG...verManager com.gap.droid                        I  Server: Received packet from 41:D7:4B:D6:02:9A, size: 256 bytes\
2026-01-06 20:33:33.091 30357-30399 BluetoothG...verManager com.gap.droid                        D  Server: Parsed packet type 1 from d609cd9429f593ed\
2026-01-06 20:33:33.091 30357-30399 BluetoothC...ionManager com.gap.droid                        D  onPacketReceived: Packet received from 41:D7:4B:D6:02:9A (d609cd9429f593ed)\
2026-01-06 20:33:33.092 30357-30399 PacketProcessor         com.gap.droid                        D  processPacket 1\
2026-01-06 20:33:33.095 30357-30382 PacketProcessor         com.gap.droid                        D  \uc0\u55357 \u56550  Processing packet type 1 from d609cd9429f593ed (anon6956) (serialized)\
2026-01-06 20:33:33.175 30357-30382 EncryptionService       com.gap.droid                        D  \uc0\u9989  Ed25519 signature verification: true\
2026-01-06 20:33:33.176 30357-30382 SecurityManager         com.gap.droid                        D  Packet validation passed for d609cd9429f593ed, messageID: 1767749614385-d609cd9429f593ed-394789133\
2026-01-06 20:33:33.176 30357-30382 PacketProcessor         com.gap.droid                        D  Processing packet type ANNOUNCE from d609cd9429f593ed (anon6956)\
2026-01-06 20:33:33.176 30357-30382 PacketProcessor         com.gap.droid                        D  Processing announce from d609cd9429f593ed (anon6956)\
2026-01-06 20:33:33.177 30357-30382 PacketRelayManager      com.gap.droid                        D  Evaluating relay for packet type 1 from d609cd9429f593ed (TTL: 6)\
2026-01-06 20:33:33.178 30357-30382 PacketRelayManager      com.gap.droid                        D  Decremented TTL from 6 to 5\
2026-01-06 20:33:33.178 30357-30382 PacketRelayManager      com.gap.droid                        D  High TTL (5), relaying\
2026-01-06 20:33:33.178 30357-30382 PacketRelayManager      com.gap.droid                        D  \uc0\u55357 \u56580  Relaying packet type 1 with TTL 5\
2026-01-06 20:33:33.178 30357-30382 FragmentManager         com.gap.droid                        D  \uc0\u55357 \u56576  Creating fragments for packet type 1, payload: 96 bytes\
2026-01-06 20:33:33.178 30357-30382 FragmentManager         com.gap.droid                        D  \uc0\u55357 \u56550  Encoded to 256 bytes\
2026-01-06 20:33:33.179 30357-30382 FragmentManager         com.gap.droid                        D  \uc0\u55357 \u56527  Unpadded to 182 bytes\
2026-01-06 20:33:33.180 30357-30382 PacketProcessor         com.gap.droid                        D  Completed packet type 1 from d609cd9429f593ed (anon6956)\
2026-01-06 20:33:33.181 30357-30382 BluetoothP...roadcaster com.gap.droid                        I  Broadcasting packet type 1 to 2 server + 1 client connections\
2026-01-06 20:33:33.181 30357-30382 BluetoothP...roadcaster com.gap.droid                        D  Skipping broadcast to client back to relayer: 41:D7:4B:D6:02:9A\
2026-01-06 20:33:33.181 30357-30382 BluetoothP...roadcaster com.gap.droid                        D  Skipping broadcast to client back to relayer: 41:D7:4B:D6:02:9A\
2026-01-06 20:33:33.213 30357-30381 EncryptionService       com.gap.droid                        D  \uc0\u9989  Ed25519 signature verification: true\
2026-01-06 20:33:33.215 30357-30381 MessageHandler          com.gap.droid                        D  \uc0\u9989  Verified announce from d609cd9429f593ed: nickname=anon6956, noisePublicKey=c47f7c83c539339b..., signingPublicKey=b2b2dab651df968b...\
2026-01-06 20:33:33.215 30357-30381 PeerManager             com.gap.droid                        D  \uc0\u55357 \u56580  Updated verified peer: anon6956 (d609cd9429f593ed)\
2026-01-06 20:33:33.215 30357-30381 BluetoothMeshService    com.gap.droid                        D  Updating peer ID binding: d609cd9429f593ed (was: null) with nickname: anon6956 and public key: c47f7c83c539339b...\
2026-01-06 20:33:33.216 30357-30381 PeerManager             com.gap.droid                        D  Updated peer: d609cd9429f593ed (anon6956)\
2026-01-06 20:33:33.217 30357-30381 PeerFingerprintManager  com.gap.droid                        D  Stored fingerprint for peer d609cd9429f593ed: d609cd9429f593ed...\
2026-01-06 20:33:33.218 30357-30381 BluetoothMeshService    com.gap.droid                        D  Updated peer ID binding: d609cd9429f593ed (was: null), fingerprint: d609cd9429f593ed...\
2026-01-06 20:33:33.218 30357-30381 MessageHandler          com.gap.droid                        D  \uc0\u9989  Processed verified TLV announce: stored identity for d609cd9429f593ed\
2026-01-06 20:33:35.480 30357-30357 ColorViewRootUtil       com.gap.droid                        D  nav bar mode ignore false downX 102 downY 246 mScreenHeight 1600 mScreenWidth 720 mStatusBarHeight 36 globalScale 1.125 nav mode 0 rotation 0 event MotionEvent \{ action=ACTION_DOWN, actionButton=0, id[0]=0, x[0]=102.0, y[0]=246.0, toolType[0]=TOOL_TYPE_FINGER, buttonState=0, classification=NONE, metaState=0, flags=0x0, edgeFlags=0x0, pointerCount=1, historySize=0, eventTime=12592285, downTime=12592285, deviceId=3, source=0x1002, displayId=0 \}\
2026-01-06 20:33:35.645 30357-30357 Choreographer           com.gap.droid                        I  Skipped 1 frames!  The application may be doing too much work on its main thread.\
2026-01-06 20:33:35.896 30357-30381 MeshForegroundService   com.gap.droid                        D  Ensuring mesh service is started\
2026-01-06 20:33:35.896 30357-30381 BluetoothMeshService    com.gap.droid                        W  Mesh service already active, ignoring duplicate start request\
2026-01-06 20:33:36.803 30357-30357 ColorViewRootUtil       com.gap.droid                        D  nav bar mode ignore false downX 90 downY 239 mScreenHeight 1600 mScreenWidth 720 mStatusBarHeight 36 globalScale 1.125 nav mode 0 rotation 0 event MotionEvent \{ action=ACTION_DOWN, actionButton=0, id[0]=0, x[0]=90.0, y[0]=239.0, toolType[0]=TOOL_TYPE_FINGER, buttonState=0, classification=NONE, metaState=0, flags=0x0, edgeFlags=0x0, pointerCount=1, historySize=0, eventTime=12593608, downTime=12593608, deviceId=3, source=0x1002, displayId=0 \}\
2026-01-06 20:33:37.247 30357-30357 ColorViewRootUtil       com.gap.droid                        D  initSwipState, isDisplayCompatApp false\
2026-01-06 20:33:37.248 30357-30357 ColorViewRootUtil       com.gap.droid                        D  updateScreenSize, mScreenHeight 1600,mScreenWidth:720,height:1600,width:720\
2026-01-06 20:33:37.249 30357-30357 WindowManager           com.gap.droid                        D  Add to mViews: DecorView@8f5becd[MainActivity], this = android.view.WindowManagerGlobal@6d57c57,pkg= com.gap.droid\
2026-01-06 20:33:37.253 30357-30357 ViewRootIm...nActivity] com.gap.droid                        D  hardware acceleration = true , fakeHwAccelerated = false, sRendererDisabled = false, forceHwAccelerated = false, sSystemRendererDisabled = false\
