2026-01-06 19:08:37.189 12950-12972 PeerManager             com.gap.droid                        D  Updated peer: d609cd9429f593ed (anon6956)\
2026-01-06 19:08:37.190 12950-12972 PeerFingerprintManager  com.gap.droid                        D  Stored fingerprint for peer d609cd9429f593ed: d609cd9429f593ed...\
2026-01-06 19:08:37.191 12950-12972 BluetoothMeshService    com.gap.droid                        D  Updated peer ID binding: d609cd9429f593ed (was: null), fingerprint: d609cd9429f593ed...\
2026-01-06 19:08:37.191 12950-12972 MessageHandler          com.gap.droid                        D  \uc0\u9989  Processed verified TLV announce: stored identity for d609cd9429f593ed\
2026-01-06 19:08:37.210 12950-13164 BluetoothG...verManager com.gap.droid                        I  Server: Received packet from 5D:35:93:E2:B3:F3, size: 256 bytes\
2026-01-06 19:08:37.212 12950-13164 BluetoothG...verManager com.gap.droid                        D  Server: Parsed packet type 1 from d609cd9429f593ed\
2026-01-06 19:08:37.213 12950-13164 BluetoothC...ionManager com.gap.droid                        D  onPacketReceived: Packet received from 5D:35:93:E2:B3:F3 (d609cd9429f593ed)\
2026-01-06 19:08:37.215 12950-13164 PacketProcessor         com.gap.droid                        D  processPacket 1\
2026-01-06 19:08:37.217 12950-12969 PacketProcessor         com.gap.droid                        D  \uc0\u55357 \u56550  Processing packet type 1 from d609cd9429f593ed (anon6956) (serialized)\
2026-01-06 19:08:37.218 12950-12969 SecurityManager         com.gap.droid                        D  Dropping duplicate packet: 1767744516984-d609cd9429f593ed-394789133\
2026-01-06 19:08:37.218 12950-12969 PacketProcessor         com.gap.droid                        D  Packet failed security validation from d609cd9429f593ed (anon6956)\
2026-01-06 19:08:37.218 12950-12969 PacketProcessor         com.gap.droid                        D  Completed packet type 1 from d609cd9429f593ed (anon6956)\
2026-01-06 19:08:37.267 12950-13164 BluetoothG...verManager com.gap.droid                        I  Server: Received packet from 45:BA:73:AF:7C:1E, size: 256 bytes\
2026-01-06 19:08:37.269 12950-13164 BluetoothG...verManager com.gap.droid                        D  Server: Parsed packet type 1 from d609cd9429f593ed\
2026-01-06 19:08:37.270 12950-13164 BluetoothC...ionManager com.gap.droid                        D  onPacketReceived: Packet received from 45:BA:73:AF:7C:1E (d609cd9429f593ed)\
2026-01-06 19:08:37.271 12950-13164 PacketProcessor         com.gap.droid                        D  processPacket 1\
2026-01-06 19:08:37.273 12950-12972 PacketProcessor         com.gap.droid                        D  \uc0\u55357 \u56550  Processing packet type 1 from d609cd9429f593ed (anon6956) (serialized)\
2026-01-06 19:08:37.273 12950-12972 SecurityManager         com.gap.droid                        D  Dropping duplicate packet: 1767744516984-d609cd9429f593ed-394789133\
2026-01-06 19:08:37.274 12950-12972 PacketProcessor         com.gap.droid                        D  Packet failed security validation from d609cd9429f593ed (anon6956)\
2026-01-06 19:08:37.274 12950-12972 PacketProcessor         com.gap.droid                        D  Completed packet type 1 from d609cd9429f593ed (anon6956)\
2026-01-06 19:08:38.215 12950-12950 BluetoothG...entManager com.gap.droid                        D  Connection to 51:CA:FD:EB:38:6B not allowed due to recent attempts\
2026-01-06 19:08:38.331 12950-12950 BluetoothC...ionTracker com.gap.droid                        D  Tracker: Adding pending connection for 51:CA:FD:EB:38:6B\
2026-01-06 19:08:38.331 12950-12950 BluetoothC...ionTracker com.gap.droid                        D  Tracker: current attempt: ConnectionAttempt(attempts=3, lastAttempt=1767744508271)\
2026-01-06 19:08:38.331 12950-12950 BluetoothC...ionTracker com.gap.droid                        D  Tracker: Added pending connection for 51:CA:FD:EB:38:6B (attempts: 1)\
2026-01-06 19:08:38.335 12950-12950 BluetoothG...entManager com.gap.droid                        I  Connecting to bitchat device: 51:CA:FD:EB:38:6B\
2026-01-06 19:08:38.335 12950-12950 BluetoothG...entManager com.gap.droid                        D  Client: Attempting GATT connection to 51:CA:FD:EB:38:6B with autoConnect=false\
2026-01-06 19:08:38.337 12950-12950 BluetoothGatt           com.gap.droid                        D  connect() - device: 51:CA:FD:EB:38:6B, auto: false\
2026-01-06 19:08:38.337 12950-12950 BluetoothAdapter        com.gap.droid                        D  isSecureModeEnabled\
2026-01-06 19:08:38.338 12950-12950 BluetoothGatt           com.gap.droid                        D  registerApp()\
2026-01-06 19:08:38.338 12950-12950 BluetoothGatt           com.gap.droid                        D  registerApp() - UUID=5bebfeb1-afd7-4965-959e-46e68bcb99e5\
2026-01-06 19:08:38.341 12950-12950 BluetoothG...entManager com.gap.droid                        D  Client: GATT connection initiated successfully for 51:CA:FD:EB:38:6B\
2026-01-06 19:08:38.353 12950-12950 BluetoothG...entManager com.gap.droid                        D  Connection to 51:CA:FD:EB:38:6B not allowed due to recent attempts\
2026-01-06 19:08:38.355 12950-13092 BluetoothGatt           com.gap.droid                        D  onClientRegistered() - status=0 clientIf=10\
2026-01-06 19:08:38.364 12950-12950 BluetoothG...entManager com.gap.droid                        D  Connection to 51:CA:FD:EB:38:6B not allowed due to recent attempts\
2026-01-06 19:08:39.916 12950-13092 BluetoothG...verManager com.gap.droid                        I  Server: Received packet from 66:2A:EA:66:BC:22, size: 182 bytes\
2026-01-06 19:08:39.918 12950-13092 BluetoothG...verManager com.gap.droid                        D  Server: Parsed packet type 1 from e5f62181a9a53bf9\
2026-01-06 19:08:39.919 12950-13092 BluetoothC...ionManager com.gap.droid                        D  onPacketReceived: Packet received from 66:2A:EA:66:BC:22 (e5f62181a9a53bf9)\
2026-01-06 19:08:39.919 12950-13092 PacketProcessor         com.gap.droid                        D  processPacket 1\
2026-01-06 19:08:39.922 12950-12972 PacketProcessor         com.gap.droid                        D  \uc0\u55357 \u56550  Processing packet type 1 from e5f62181a9a53bf9 (anon8764) (serialized)\
2026-01-06 19:08:39.948 12950-12972 EncryptionService       com.gap.droid                        D  \uc0\u9989  Ed25519 signature verification: true\
2026-01-06 19:08:39.948 12950-12972 SecurityManager         com.gap.droid                        D  Packet validation passed for e5f62181a9a53bf9, messageID: 1767744519854-e5f62181a9a53bf9-1159125072\
2026-01-06 19:08:39.948 12950-12972 PacketProcessor         com.gap.droid                        D  Processing packet type ANNOUNCE from e5f62181a9a53bf9 (anon8764)\
2026-01-06 19:08:39.948 12950-12972 PacketProcessor         com.gap.droid                        D  Processing announce from e5f62181a9a53bf9 (anon8764)\
2026-01-06 19:08:39.948 12950-12972 PacketRelayManager      com.gap.droid                        D  Evaluating relay for packet type 1 from e5f62181a9a53bf9 (TTL: 7)\
2026-01-06 19:08:39.948 12950-12972 PacketRelayManager      com.gap.droid                        D  Decremented TTL from 7 to 6\
2026-01-06 19:08:39.949 12950-12972 PacketRelayManager      com.gap.droid                        D  High TTL (6), relaying\
2026-01-06 19:08:39.949 12950-12972 PacketRelayManager      com.gap.droid                        D  \uc0\u55357 \u56580  Relaying packet type 1 with TTL 6\
2026-01-06 19:08:39.949 12950-12972 FragmentManager         com.gap.droid                        D  \uc0\u55357 \u56576  Creating fragments for packet type 1, payload: 96 bytes\
2026-01-06 19:08:39.949 12950-12972 FragmentManager         com.gap.droid                        D  \uc0\u55357 \u56550  Encoded to 256 bytes\
2026-01-06 19:08:39.949 12950-12972 FragmentManager         com.gap.droid                        D  \uc0\u55357 \u56527  Unpadded to 182 bytes\
2026-01-06 19:08:39.949 12950-12972 PacketProcessor         com.gap.droid                        D  Completed packet type 1 from e5f62181a9a53bf9 (anon8764)\
2026-01-06 19:08:39.949 12950-12972 BluetoothP...roadcaster com.gap.droid                        I  Broadcasting packet type 1 to 2 server + 4 client connections\
2026-01-06 19:08:39.950 12950-12972 BluetoothP...roadcaster com.gap.droid                        D  Skipping broadcast to client back to relayer: 66:2A:EA:66:BC:22\
2026-01-06 19:08:39.952 12950-12972 BluetoothP...roadcaster com.gap.droid                        D  Skipping broadcast to server back to relayer: 66:2A:EA:66:BC:22\
2026-01-06 19:08:39.971 12950-12974 EncryptionService       com.gap.droid                        D  \uc0\u9989  Ed25519 signature verification: true\
2026-01-06 19:08:39.973 12950-12974 MessageHandler          com.gap.droid                        D  \uc0\u9989  Verified announce from e5f62181a9a53bf9: nickname=anon8764, noisePublicKey=fb036b89f840f616..., signingPublicKey=5f0c2ec599b20542...\
2026-01-06 19:08:39.973 12950-12974 PeerManager             com.gap.droid                        D  \uc0\u55357 \u56580  Updated verified peer: anon8764 (e5f62181a9a53bf9)\
2026-01-06 19:08:39.973 12950-12974 BluetoothMeshService    com.gap.droid                        D  Updating peer ID binding: e5f62181a9a53bf9 (was: null) with nickname: anon8764 and public key: fb036b89f840f616...\
2026-01-06 19:08:39.974 12950-12974 PeerManager             com.gap.droid                        D  Updated peer: e5f62181a9a53bf9 (anon8764)\
2026-01-06 19:08:39.974 12950-12974 PeerFingerprintManager  com.gap.droid                        D  Stored fingerprint for peer e5f62181a9a53bf9: e5f62181a9a53bf9...\
2026-01-06 19:08:39.975 12950-12974 BluetoothMeshService    com.gap.droid                        D  Updated peer ID binding: e5f62181a9a53bf9 (was: null), fingerprint: e5f62181a9a53bf9...\
2026-01-06 19:08:39.975 12950-12974 MessageHandler          com.gap.droid                        D  \uc0\u9989  Processed verified TLV announce: stored identity for e5f62181a9a53bf9\
2026-01-06 19:08:40.039 12950-13092 BluetoothG...verManager com.gap.droid                        I  Server: Received packet from 5D:35:93:E2:B3:F3, size: 256 bytes\
2026-01-06 19:08:40.040 12950-13092 BluetoothG...verManager com.gap.droid                        D  Server: Parsed packet type 1 from e5f62181a9a53bf9\
2026-01-06 19:08:40.041 12950-13092 BluetoothC...ionManager com.gap.droid                        D  onPacketReceived: Packet received from 5D:35:93:E2:B3:F3 (e5f62181a9a53bf9)\
2026-01-06 19:08:40.041 12950-13092 PacketProcessor         com.gap.droid                        D  processPacket 1\
2026-01-06 19:08:40.044 12950-12974 PacketProcessor         com.gap.droid                        D  \uc0\u55357 \u56550  Processing packet type 1 from e5f62181a9a53bf9 (anon8764) (serialized)\
2026-01-06 19:08:40.045 12950-12974 SecurityManager         com.gap.droid                        D  Dropping duplicate packet: 1767744519854-e5f62181a9a53bf9-1159125072\
2026-01-06 19:08:40.045 12950-12974 PacketProcessor         com.gap.droid                        D  Packet failed security validation from e5f62181a9a53bf9 (anon8764)\
2026-01-06 19:08:40.045 12950-12974 PacketProcessor         com.gap.droid                        D  Completed packet type 1 from e5f62181a9a53bf9 (anon8764)\
2026-01-06 19:08:40.046 12950-13092 BluetoothG...verManager com.gap.droid                        I  Server: Received packet from 45:BA:73:AF:7C:1E, size: 256 bytes\
2026-01-06 19:08:40.049 12950-13092 BluetoothG...verManager com.gap.droid                        D  Server: Parsed packet type 1 from e5f62181a9a53bf9\
2026-01-06 19:08:40.049 12950-13092 BluetoothC...ionManager com.gap.droid                        D  onPacketReceived: Packet received from 45:BA:73:AF:7C:1E (e5f62181a9a53bf9)\
2026-01-06 19:08:40.049 12950-13092 PacketProcessor         com.gap.droid                        D  processPacket 1\
2026-01-06 19:08:40.052 12950-12971 PacketProcessor         com.gap.droid                        D  \uc0\u55357 \u56550  Processing packet type 1 from e5f62181a9a53bf9 (anon8764) (serialized)\
2026-01-06 19:08:40.052 12950-12971 SecurityManager         com.gap.droid                        D  Dropping duplicate packet: 1767744519854-e5f62181a9a53bf9-1159125072\
2026-01-06 19:08:40.053 12950-12971 PacketProcessor         com.gap.droid                        D  Packet failed security validation from e5f62181a9a53bf9 (anon8764)\
2026-01-06 19:08:40.053 12950-12971 PacketProcessor         com.gap.droid                        D  Completed packet type 1 from e5f62181a9a53bf9 (anon8764)\
2026-01-06 19:08:40.460 12950-12971 BluetoothG...entManager com.gap.droid                        D  Requesting RSSI from 66:2A:EA:66:BC:22\
2026-01-06 19:08:40.460 12950-12971 BluetoothGatt           com.gap.droid                        D  readRssi() - device: 66:2A:EA:66:BC:22\
2026-01-06 19:08:40.472 12950-13092 BluetoothG...entManager com.gap.droid                        D  Client: RSSI updated for 66:2A:EA:66:BC:22: -62 dBm\
2026-01-06 19:08:41.179 12950-13092 BluetoothG...verManager com.gap.droid                        I  Server: Received packet from 66:2A:EA:66:BC:22, size: 88 bytes\
2026-01-06 19:08:41.181 12950-13092 BluetoothG...verManager com.gap.droid                        D  Server: Parsed packet type 2 from d609cd9429f593ed\
2026-01-06 19:08:41.181 12950-13092 BluetoothC...ionManager com.gap.droid                        D  onPacketReceived: Packet received from 66:2A:EA:66:BC:22 (d609cd9429f593ed)\
2026-01-06 19:08:41.182 12950-13092 PacketProcessor         com.gap.droid                        D  processPacket 2\
2026-01-06 19:08:41.186 12950-12971 PacketProcessor         com.gap.droid                        D  \uc0\u55357 \u56550  Processing packet type 2 from d609cd9429f593ed (anon6956) (serialized)\
2026-01-06 19:08:41.216 12950-13092 BluetoothG...verManager com.gap.droid                        I  Server: Received packet from 45:BA:73:AF:7C:1E, size: 256 bytes\
2026-01-06 19:08:41.217 12950-13092 BluetoothG...verManager com.gap.droid                        D  Server: Parsed packet type 2 from d609cd9429f593ed\
2026-01-06 19:08:41.217 12950-13092 BluetoothC...ionManager com.gap.droid                        D  onPacketReceived: Packet received from 45:BA:73:AF:7C:1E (d609cd9429f593ed)\
2026-01-06 19:08:41.218 12950-13092 PacketProcessor         com.gap.droid                        D  processPacket 2\
2026-01-06 19:08:41.240 12950-12971 EncryptionService       com.gap.droid                        D  \uc0\u9989  Ed25519 signature verification: true\
2026-01-06 19:08:41.240 12950-12971 SecurityManager         com.gap.droid                        D  Packet validation passed for d609cd9429f593ed, messageID: 1767744521097-d609cd9429f593ed-3645\
2026-01-06 19:08:41.240 12950-12971 PacketProcessor         com.gap.droid                        D  Processing packet type MESSAGE from d609cd9429f593ed (anon6956)\
2026-01-06 19:08:41.240 12950-12971 PacketProcessor         com.gap.droid                        D  Processing message from d609cd9429f593ed (anon6956)\
2026-01-06 19:08:41.242 12950-12971 PacketRelayManager      com.gap.droid                        D  Evaluating relay for packet type 2 from d609cd9429f593ed (TTL: 5)\
2026-01-06 19:08:41.242 12950-12972 MessageHandler          com.gap.droid                        D  Received message from anon6956\
2026-01-06 19:08:41.243 12950-12971 PacketRelayManager      com.gap.droid                        D  Decremented TTL from 5 to 4\
2026-01-06 19:08:41.243 12950-12972 PeerManager             com.gap.droid                        D  Updated peer: d609cd9429f593ed (anon6956)\
2026-01-06 19:08:41.243 12950-12971 PacketRelayManager      com.gap.droid                        D  High TTL (4), relaying\
2026-01-06 19:08:41.243 12950-12971 PacketRelayManager      com.gap.droid                        D  \uc0\u55357 \u56580  Relaying packet type 2 with TTL 4\
2026-01-06 19:08:41.243 12950-12972 BitchatFilePacket       com.gap.droid                        D  \uc0\u55357 \u56580  Decoding 2 bytes\
2026-01-06 19:08:41.243 12950-12971 FragmentManager         com.gap.droid                        D  \uc0\u55357 \u56576  Creating fragments for packet type 2, payload: 2 bytes\
2026-01-06 19:08:41.243 12950-12971 FragmentManager         com.gap.droid                        D  \uc0\u55357 \u56550  Encoded to 256 bytes\
2026-01-06 19:08:41.244 12950-12971 FragmentManager         com.gap.droid                        D  \uc0\u55357 \u56527  Unpadded to 88 bytes\
2026-01-06 19:08:41.244 12950-12971 PacketProcessor         com.gap.droid                        D  Completed packet type 2 from d609cd9429f593ed (anon6956)\
2026-01-06 19:08:41.245 12950-12971 PacketProcessor         com.gap.droid                        D  \uc0\u55357 \u56550  Processing packet type 2 from d609cd9429f593ed (anon6956) (serialized)\
2026-01-06 19:08:41.245 12950-12972 BluetoothP...roadcaster com.gap.droid                        I  Broadcasting packet type 2 to 2 server + 4 client connections\
2026-01-06 19:08:41.246 12950-12972 BluetoothP...roadcaster com.gap.droid                        D  Skipping broadcast to client back to relayer: 66:2A:EA:66:BC:22\
2026-01-06 19:08:41.246 12950-12950 Vibrator                com.gap.droid                        V  Called vibrate(int, String, VibrationEffect, AudioAttributes) API - PUID: 10253, PackageName: com.gap.droid\
2026-01-06 19:08:41.246 12950-12950 Vibrator                com.gap.droid                        V  semVibrate - PUID: 10253, PackageName: com.gap.droid, token: android.os.Binder@4c3bfa6, effect: OneShot\{mTiming=50, mAmplitude=-1\}, AudioAttr: null, Mag: -1, TYPE_EXTRA\
2026-01-06 19:08:41.248 12950-12971 SecurityManager         com.gap.droid                        D  Dropping duplicate packet: 1767744521097-d609cd9429f593ed-3645\
2026-01-06 19:08:41.248 12950-12971 PacketProcessor         com.gap.droid                        D  Packet failed security validation from d609cd9429f593ed (anon6956)\
2026-01-06 19:08:41.248 12950-12971 PacketProcessor         com.gap.droid                        D  Completed packet type 2 from d609cd9429f593ed (anon6956)\
2026-01-06 19:08:41.252 12950-12972 BluetoothP...roadcaster com.gap.droid                        D  Skipping broadcast to server back to relayer: 66:2A:EA:66:BC:22\
2026-01-06 19:08:41.451 12950-13092 BluetoothG...verManager com.gap.droid                        I  Server: Received packet from 5D:35:93:E2:B3:F3, size: 256 bytes\
2026-01-06 19:08:41.459 12950-13092 BluetoothG...verManager com.gap.droid                        D  Server: Parsed packet type 2 from d609cd9429f593ed\
2026-01-06 19:08:41.460 12950-13092 BluetoothC...ionManager com.gap.droid                        D  onPacketReceived: Packet received from 5D:35:93:E2:B3:F3 (d609cd9429f593ed)\
2026-01-06 19:08:41.461 12950-13092 PacketProcessor         com.gap.droid                        D  processPacket 2\
2026-01-06 19:08:41.464 12950-12971 PacketProcessor         com.gap.droid                        D  \uc0\u55357 \u56550  Processing packet type 2 from d609cd9429f593ed (anon6956) (serialized)\
2026-01-06 19:08:41.464 12950-12971 SecurityManager         com.gap.droid                        D  Dropping duplicate packet: 1767744521097-d609cd9429f593ed-3645\
2026-01-06 19:08:41.464 12950-12971 PacketProcessor         com.gap.droid                        D  Packet failed security validation from d609cd9429f593ed (anon6956)\
2026-01-06 19:08:41.464 12950-12971 PacketProcessor         com.gap.droid                        D  Completed packet type 2 from d609cd9429f593ed (anon6956)\
2026-01-06 19:08:41.492 12950-12950 zygote64                com.gap.droid                        I  Deoptimizing void ua.a.i(java.lang.Object) due to JIT same target\
2026-01-06 19:08:43.330 12950-12950 BluetoothG...entManager com.gap.droid                        D  Connection to 51:CA:FD:EB:38:6B not allowed due to recent attempts\
2026-01-06 19:08:43.460 12950-13092 BluetoothGattServer     com.gap.droid                        D  onServerConnectionState() - status=0 serverIf=6 device=51:CA:FD:EB:38:6B\
2026-01-06 19:08:43.461 12950-13092 BluetoothG...verManager com.gap.droid                        I  Server: Device connected 51:CA:FD:EB:38:6B\
2026-01-06 19:08:43.461 12950-13092 BluetoothC...ionTracker com.gap.droid                        D  Tracker: Adding device connection for 51:CA:FD:EB:38:6B (isClient: false\
2026-01-06 19:08:43.494 12950-13092 BluetoothGatt           com.gap.droid                        D  onClientConnectionState() - status=0 clientIf=10 device=51:CA:FD:EB:38:6B\
2026-01-06 19:08:43.501 12950-13092 BluetoothG...entManager com.gap.droid                        D  Client: Connection state change - Device: 51:CA:FD:EB:38:6B, Status: 0, NewState: 2\
2026-01-06 19:08:43.504 12950-13092 BluetoothG...entManager com.gap.droid                        I  Client: Successfully connected to 51:CA:FD:EB:38:6B. Requesting MTU...\
2026-01-06 19:08:43.707 12950-12971 BluetoothGatt           com.gap.droid                        D  configureMTU() - device: 51:CA:FD:EB:38:6B mtu: 517\
2026-01-06 19:08:44.336 12950-13092 BluetoothGattServer     com.gap.droid                        D  onConnectionUpdated() - Device=51:CA:FD:EB:38:6B interval=6 latency=0 timeout=500 status=0\
2026-01-06 19:08:44.338 12950-13164 BluetoothGatt           com.gap.droid                        D  onConnectionUpdated() - Device=51:CA:FD:EB:38:6B interval=6 latency=0 timeout=500 status=0\
2026-01-06 19:08:44.467 12950-12973 BluetoothMeshService    com.gap.droid                        D  Device connected: 51:CA:FD:EB:38:6B; scheduling announce\
2026-01-06 19:08:44.670 12950-12973 BluetoothMeshService    com.gap.droid                        D  Sending broadcast announce\
2026-01-06 19:08:44.686 12950-12973 EncryptionService       com.gap.droid                        D  \uc0\u9989  Generated Ed25519 signature (64 bytes)\
2026-01-06 19:08:44.686 12950-12973 FragmentManager         com.gap.droid                        D  \uc0\u55357 \u56576  Creating fragments for packet type 1, payload: 78 bytes\
2026-01-06 19:08:44.686 12950-12973 FragmentManager         com.gap.droid                        D  \uc0\u55357 \u56550  Encoded to 256 bytes\
2026-01-06 19:08:44.687 12950-12973 FragmentManager         com.gap.droid                        D  \uc0\u55357 \u56527  Unpadded to 164 bytes\
2026-01-06 19:08:44.687 12950-12973 BluetoothMeshService    com.gap.droid                        D  Sent iOS-compatible signed TLV announce (78 bytes)\
2026-01-06 19:08:44.690 12950-12969 BluetoothP...roadcaster com.gap.droid                        I  Broadcasting packet type 1 to 2 server + 5 client connections\
2026-01-06 19:08:44.963 12950-13164 BluetoothG...verManager com.gap.droid                        I  Server: Received packet from 5D:35:93:E2:B3:F3, size: 256 bytes\
2026-01-06 19:08:44.964 12950-13164 BluetoothG...verManager com.gap.droid                        D  Server: Parsed packet type 1 from b233b2819085bf73\
2026-01-06 19:08:44.965 12950-13164 BluetoothC...ionManager com.gap.droid                        D  onPacketReceived: Packet received from 5D:35:93:E2:B3:F3 (b233b2819085bf73)\
2026-01-06 19:08:45.333 12950-13164 BluetoothGatt           com.gap.droid                        D  onConfigureMTU() - Device=51:CA:FD:EB:38:6B mtu=517 status=0\
2026-01-06 19:08:45.333 12950-13164 BluetoothG...entManager com.gap.droid                        I  Client: MTU changed for 51:CA:FD:EB:38:6B to 517 with status 0\
2026-01-06 19:08:45.334 12950-13164 BluetoothG...entManager com.gap.droid                        I  MTU successfully negotiated for 51:CA:FD:EB:38:6B. Discovering services.\
2026-01-06 19:08:45.334 12950-13164 BluetoothC...ionTracker com.gap.droid                        D  Tracker: Adding device connection for 51:CA:FD:EB:38:6B (isClient: true\
2026-01-06 19:08:45.334 12950-13164 BluetoothGatt           com.gap.droid                        D  discoverServices() - device: 51:CA:FD:EB:38:6B\
2026-01-06 19:08:45.354 12950-13164 BluetoothGatt           com.gap.droid                        D  onSearchComplete() = Device=51:CA:FD:EB:38:6B Status=0\
2026-01-06 19:08:45.355 12950-13164 BluetoothG...entManager com.gap.droid                        D  Client: Updated device connection with characteristic for 51:CA:FD:EB:38:6B\
2026-01-06 19:08:45.355 12950-13164 BluetoothGatt           com.gap.droid                        D  setCharacteristicNotification() - uuid: a1b2c3d4-e5f6-4a5b-8c9d-0e1f2a3b4c5d enable: true\
2026-01-06 19:08:45.461 12950-13092 BluetoothGatt           com.gap.droid                        D  onConnectionUpdated() - Device=51:CA:FD:EB:38:6B interval=39 latency=0 timeout=500 status=0\
2026-01-06 19:08:45.461 12950-13164 BluetoothGattServer     com.gap.droid                        D  onConnectionUpdated() - Device=51:CA:FD:EB:38:6B interval=39 latency=0 timeout=500 status=0\
2026-01-06 19:08:45.461 12950-13092 BluetoothGatt           com.gap.droid                        D  onConnectionUpdated() - Device=51:CA:FD:EB:38:6B interval=39 latency=0 timeout=500 status=0\
2026-01-06 19:08:45.469 12950-12972 BluetoothG...entManager com.gap.droid                        D  Requesting RSSI from 51:CA:FD:EB:38:6B\
2026-01-06 19:08:45.469 12950-12972 BluetoothGatt           com.gap.droid                        D  readRssi() - device: 51:CA:FD:EB:38:6B\
2026-01-06 19:08:45.474 12950-12972 BluetoothG...entManager com.gap.droid                        D  Requesting RSSI from 66:2A:EA:66:BC:22\
2026-01-06 19:08:45.475 12950-12972 BluetoothGatt           com.gap.droid                        D  readRssi() - device: 66:2A:EA:66:BC:22\
2026-01-06 19:08:45.480 12950-13164 BluetoothG...entManager com.gap.droid                        D  Client: RSSI updated for 51:CA:FD:EB:38:6B: -63 dBm\
2026-01-06 19:08:45.490 12950-13164 BluetoothG...entManager com.gap.droid                        D  Client: RSSI updated for 66:2A:EA:66:BC:22: -63 dBm\
2026-01-06 19:08:45.569 12950-12972 BluetoothG...entManager com.gap.droid                        I  Client: Connection setup complete for 51:CA:FD:EB:38:6B\
2026-01-06 19:08:45.571 12950-12973 BluetoothMeshService    com.gap.droid                        D  Device connected: 51:CA:FD:EB:38:6B; scheduling announce\
2026-01-06 19:08:45.772 12950-12973 BluetoothMeshService    com.gap.droid                        D  Sending broadcast announce\
2026-01-06 19:08:45.780 12950-12971 EncryptionService       com.gap.droid                        D  \uc0\u9989  Generated Ed25519 signature (64 bytes)\
2026-01-06 19:08:45.780 12950-12971 FragmentManager         com.gap.droid                        D  \uc0\u55357 \u56576  Creating fragments for packet type 1, payload: 78 bytes\
2026-01-06 19:08:45.781 12950-12971 FragmentManager         com.gap.droid                        D  \uc0\u55357 \u56550  Encoded to 256 bytes\
2026-01-06 19:08:45.781 12950-12971 FragmentManager         com.gap.droid                        D  \uc0\u55357 \u56527  Unpadded to 164 bytes\
2026-01-06 19:08:45.782 12950-12969 BluetoothP...roadcaster com.gap.droid                        I  Broadcasting packet type 1 to 2 server + 5 client connections\
2026-01-06 19:08:45.784 12950-12971 BluetoothMeshService    com.gap.droid                        D  Sent iOS-compatible signed TLV announce (78 bytes)\
2026-01-06 19:08:45.802 12950-13164 BluetoothG...entManager com.gap.droid                        I  Client: Received packet from 51:CA:FD:EB:38:6B, size: 182 bytes\
2026-01-06 19:08:45.802 12950-13164 BluetoothG...entManager com.gap.droid                        D  Client: Parsed packet type 1 from d609cd9429f593ed\
2026-01-06 19:08:45.803 12950-13164 BluetoothC...ionManager com.gap.droid                        D  onPacketReceived: Packet received from 51:CA:FD:EB:38:6B (d609cd9429f593ed)\
2026-01-06 19:08:45.803 12950-13164 PacketProcessor         com.gap.droid                        D  processPacket 1\
2026-01-06 19:08:45.806 12950-12969 PacketProcessor         com.gap.droid                        D  \uc0\u55357 \u56550  Processing packet type 1 from d609cd9429f593ed (anon6956) (serialized)\
2026-01-06 19:08:45.815 12950-12960 zygote64                com.gap.droid                        I  Background concurrent copying GC freed 151574(5MB) AllocSpace objects, 7(140KB) LOS objects, 51% free, 5MB/11MB, paused 1.558ms total 102.845ms\
2026-01-06 19:08:45.830 12950-12969 EncryptionService       com.gap.droid                        D  \uc0\u9989  Ed25519 signature verification: true\
2026-01-06 19:08:45.831 12950-12969 SecurityManager         com.gap.droid                        D  Packet validation passed for d609cd9429f593ed, messageID: 1767744525790-d609cd9429f593ed-394789133\
2026-01-06 19:08:45.831 12950-12969 PacketProcessor         com.gap.droid                        D  Processing packet type ANNOUNCE from d609cd9429f593ed (anon6956)\
2026-01-06 19:08:45.831 12950-12969 PacketProcessor         com.gap.droid                        D  Processing announce from d609cd9429f593ed (anon6956)\
2026-01-06 19:08:45.831 12950-12969 PacketRelayManager      com.gap.droid                        D  Evaluating relay for packet type 1 from d609cd9429f593ed (TTL: 7)\
2026-01-06 19:08:45.831 12950-12969 PacketRelayManager      com.gap.droid                        D  Decremented TTL from 7 to 6\
2026-01-06 19:08:45.831 12950-12969 PacketRelayManager      com.gap.droid                        D  High TTL (6), relaying\
2026-01-06 19:08:45.831 12950-12969 PacketRelayManager      com.gap.droid                        D  \uc0\u55357 \u56580  Relaying packet type 1 with TTL 6\
2026-01-06 19:08:45.831 12950-12969 FragmentManager         com.gap.droid                        D  \uc0\u55357 \u56576  Creating fragments for packet type 1, payload: 96 bytes\
2026-01-06 19:08:45.831 12950-12969 FragmentManager         com.gap.droid                        D  \uc0\u55357 \u56550  Encoded to 256 bytes\
2026-01-06 19:08:45.832 12950-12969 FragmentManager         com.gap.droid                        D  \uc0\u55357 \u56527  Unpadded to 182 bytes\
2026-01-06 19:08:45.832 12950-12969 PacketProcessor         com.gap.droid                        D  Completed packet type 1 from d609cd9429f593ed (anon6956)\
2026-01-06 19:08:45.833 12950-12969 BluetoothP...roadcaster com.gap.droid                        I  Broadcasting packet type 1 to 2 server + 5 client connections\
2026-01-06 19:08:45.839 12950-12969 BluetoothP...roadcaster com.gap.droid                        D  Skipping broadcast to server back to relayer: 51:CA:FD:EB:38:6B\
2026-01-06 19:08:45.854 12950-12971 EncryptionService       com.gap.droid                        D  \uc0\u9989  Ed25519 signature verification: true\
2026-01-06 19:08:45.855 12950-12971 MessageHandler          com.gap.droid                        D  \uc0\u9989  Verified announce from d609cd9429f593ed: nickname=anon6956, noisePublicKey=c47f7c83c539339b..., signingPublicKey=b2b2dab651df968b...\
2026-01-06 19:08:45.855 12950-12971 PeerManager             com.gap.droid                        D  \uc0\u55357 \u56580  Updated verified peer: anon6956 (d609cd9429f593ed)\
2026-01-06 19:08:45.856 12950-12971 BluetoothMeshService    com.gap.droid                        D  Updating peer ID binding: d609cd9429f593ed (was: null) with nickname: anon6956 and public key: c47f7c83c539339b...\
2026-01-06 19:08:45.856 12950-12971 PeerManager             com.gap.droid                        D  Updated peer: d609cd9429f593ed (anon6956)\
2026-01-06 19:08:45.857 12950-12971 PeerFingerprintManager  com.gap.droid                        D  Stored fingerprint for peer d609cd9429f593ed: d609cd9429f593ed...\
2026-01-06 19:08:45.858 12950-12971 BluetoothMeshService    com.gap.droid                        D  Updated peer ID binding: d609cd9429f593ed (was: null), fingerprint: d609cd9429f593ed...\
2026-01-06 19:08:45.858 12950-12971 MessageHandler          com.gap.droid                        D  \uc0\u9989  Processed verified TLV announce: stored identity for d609cd9429f593ed\
2026-01-06 19:08:45.858 12950-12971 BluetoothMeshService    com.gap.droid                        D  Mapped device 51:CA:FD:EB:38:6B to peer d609cd9429f593ed on FIRST-ANNOUNCE for this connection\
2026-01-06 19:08:45.859 12950-12950 NotificationManager     com.gap.droid                        D  Skipping notification - app in foreground or it has been less than 5 minutes since last active peer notification\
2026-01-06 19:08:46.008 12950-13164 BluetoothG...verManager com.gap.droid                        I  Server: Received packet from 66:2A:EA:66:BC:22, size: 182 bytes\
2026-01-06 19:08:46.010 12950-13164 BluetoothG...verManager com.gap.droid                        D  Server: Parsed packet type 1 from d609cd9429f593ed\
2026-01-06 19:08:46.010 12950-13164 BluetoothC...ionManager com.gap.droid                        D  onPacketReceived: Packet received from 66:2A:EA:66:BC:22 (d609cd9429f593ed)\
2026-01-06 19:08:46.013 12950-13164 PacketProcessor         com.gap.droid                        D  processPacket 1\
2026-01-06 19:08:46.016 12950-12971 PacketProcessor         com.gap.droid                        D  \uc0\u55357 \u56550  Processing packet type 1 from d609cd9429f593ed (anon6956) (serialized)\
2026-01-06 19:08:46.016 12950-12971 SecurityManager         com.gap.droid                        D  Dropping duplicate packet: 1767744525790-d609cd9429f593ed-394789133\
2026-01-06 19:08:46.017 12950-12971 PacketProcessor         com.gap.droid                        D  Packet failed security validation from d609cd9429f593ed (anon6956)\
2026-01-06 19:08:46.017 12950-12971 PacketProcessor         com.gap.droid                        D  Completed packet type 1 from d609cd9429f593ed (anon6956)\
2026-01-06 19:08:46.038 12950-13164 BluetoothG...verManager com.gap.droid                        I  Server: Received packet from 45:BA:73:AF:7C:1E, size: 256 bytes\
2026-01-06 19:08:46.040 12950-13164 BluetoothG...verManager com.gap.droid                        D  Server: Parsed packet type 1 from d609cd9429f593ed\
2026-01-06 19:08:46.040 12950-13164 BluetoothC...ionManager com.gap.droid                        D  onPacketReceived: Packet received from 45:BA:73:AF:7C:1E (d609cd9429f593ed)\
2026-01-06 19:08:46.040 12950-13164 PacketProcessor         com.gap.droid                        D  processPacket 1\
2026-01-06 19:08:46.042 12950-12971 PacketProcessor         com.gap.droid                        D  \uc0\u55357 \u56550  Processing packet type 1 from d609cd9429f593ed (anon6956) (serialized)\
2026-01-06 19:08:46.042 12950-12971 SecurityManager         com.gap.droid                        D  Dropping duplicate packet: 1767744525790-d609cd9429f593ed-394789133\
2026-01-06 19:08:46.042 12950-12971 PacketProcessor         com.gap.droid                        D  Packet failed security validation from d609cd9429f593ed (anon6956)\
2026-01-06 19:08:46.042 12950-12971 PacketProcessor         com.gap.droid                        D  Completed packet type 1 from d609cd9429f593ed (anon6956)\
2026-01-06 19:08:46.083 12950-13164 BluetoothG...verManager com.gap.droid                        I  Server: Received packet from 5D:35:93:E2:B3:F3, size: 256 bytes\
2026-01-06 19:08:46.086 12950-13164 BluetoothG...verManager com.gap.droid                        D  Server: Parsed packet type 1 from d609cd9429f593ed\
2026-01-06 19:08:46.086 12950-13164 BluetoothC...ionManager com.gap.droid                        D  onPacketReceived: Packet received from 5D:35:93:E2:B3:F3 (d609cd9429f593ed)\
2026-01-06 19:08:46.091 12950-13164 PacketProcessor         com.gap.droid                        D  processPacket 1\
2026-01-06 19:08:46.096 12950-13092 BluetoothG...verManager com.gap.droid                        I  Server: Received packet from 66:2A:EA:66:BC:22, size: 164 bytes\
2026-01-06 19:08:46.097 12950-12971 PacketProcessor         com.gap.droid                        D  \uc0\u55357 \u56550  Processing packet type 1 from d609cd9429f593ed (anon6956) (serialized)\
2026-01-06 19:08:46.097 12950-13092 BluetoothG...verManager com.gap.droid                        D  Server: Parsed packet type 1 from b233b2819085bf73\
2026-01-06 19:08:46.098 12950-12971 SecurityManager         com.gap.droid                        D  Dropping duplicate packet: 1767744525790-d609cd9429f593ed-394789133\
2026-01-06 19:08:46.098 12950-13092 BluetoothC...ionManager com.gap.droid                        D  onPacketReceived: Packet received from 66:2A:EA:66:BC:22 (b233b2819085bf73)\
2026-01-06 19:08:46.098 12950-12971 PacketProcessor         com.gap.droid                        D  Packet failed security validation from d609cd9429f593ed (anon6956)\
2026-01-06 19:08:46.098 12950-12971 PacketProcessor         com.gap.droid                        D  Completed packet type 1 from d609cd9429f593ed (anon6956)\
2026-01-06 19:08:46.230 12950-13092 BluetoothG...verManager com.gap.droid                        I  Server: Received packet from 5D:35:93:E2:B3:F3, size: 256 bytes\
2026-01-06 19:08:46.231 12950-13092 BluetoothG...verManager com.gap.droid                        D  Server: Parsed packet type 1 from b233b2819085bf73\
2026-01-06 19:08:46.232 12950-13092 BluetoothC...ionManager com.gap.droid                        D  onPacketReceived: Packet received from 5D:35:93:E2:B3:F3 (b233b2819085bf73)\
2026-01-06 19:08:46.873 12950-12971 GossipSyncManager       com.gap.droid                        D  Sending sync request to d609cd9429f593ed (43 bytes)\
2026-01-06 19:08:46.891 12950-12971 EncryptionService       com.gap.droid                        D  \uc0\u9989  Generated Ed25519 signature (64 bytes)\
2026-01-06 19:08:46.891 12950-12971 BluetoothMeshService    com.gap.droid                        D  \uc0\u9989  Signed packet type 33 (signature 64 bytes)\
2026-01-06 19:08:46.974 12950-13092 BluetoothG...entManager com.gap.droid                        I  Client: Received packet from 51:CA:FD:EB:38:6B, size: 115 bytes\
2026-01-06 19:08:46.975 12950-13092 BluetoothG...entManager com.gap.droid                        D  Client: Parsed packet type 33 from d609cd9429f593ed\
2026-01-06 19:08:46.975 12950-13092 BluetoothC...ionManager com.gap.droid                        D  onPacketReceived: Packet received from 51:CA:FD:EB:38:6B (d609cd9429f593ed)\
2026-01-06 19:08:46.976 12950-13092 PacketProcessor         com.gap.droid                        D  processPacket 33\
2026-01-06 19:08:46.978 12950-12966 PacketProcessor         com.gap.droid                        D  \uc0\u55357 \u56550  Processing packet type 33 from d609cd9429f593ed (anon6956) (serialized)\
2026-01-06 19:08:46.979 12950-12966 SecurityManager         com.gap.droid                        D  Packet validation passed for d609cd9429f593ed, messageID: 1767744526941-d609cd9429f593ed-1018156322\
2026-01-06 19:08:46.979 12950-12966 PacketProcessor         com.gap.droid                        D  Processing packet type REQUEST_SYNC from d609cd9429f593ed (anon6956)\
2026-01-06 19:08:46.980 12950-12966 PacketProcessor         com.gap.droid                        D  Processing REQUEST_SYNC from d609cd9429f593ed (anon6956)\
2026-01-06 19:08:46.996 12950-12966 GossipSyncManager       com.gap.droid                        D  Sent sync announce: Type 1 from 5e33e195012786fa to d609cd9429f593ed packet id 0d2f2a871e9e36c5d8d4eec83ac743d3\
2026-01-06 19:08:47.001 12950-12966 GossipSyncManager       com.gap.droid                        D  Sent sync message: Type 2 to d609cd9429f593ed packet id 69f49b9c0a0ec983cd7f5b0dc254ab1d\
2026-01-06 19:08:47.009 12950-12966 GossipSyncManager       com.gap.droid                        D  Sent sync message: Type 2 to d609cd9429f593ed packet id b65a3904e63dea9895b31bac2dbe27a2\
2026-01-06 19:08:47.011 12950-12966 GossipSyncManager       com.gap.droid                        D  Sent sync message: Type 2 to d609cd9429f593ed packet id 677c1ee7db1d4f2b4ea561482b0cc85a\
2026-01-06 19:08:47.013 12950-12966 GossipSyncManager       com.gap.droid                        D  Sent sync message: Type 2 to d609cd9429f593ed packet id 8cddcbc31f2e98b729cf5570f6f40646\
2026-01-06 19:08:47.014 12950-12966 GossipSyncManager       com.gap.droid                        D  Sent sync message: Type 2 to d609cd9429f593ed packet id f535150858f9e0fc0e137897413a38fe\
2026-01-06 19:08:47.016 12950-12966 GossipSyncManager       com.gap.droid                        D  Sent sync message: Type 2 to d609cd9429f593ed packet id 87a0ee200efde08f0243121b261bbd83\
2026-01-06 19:08:47.021 12950-12966 GossipSyncManager       com.gap.droid                        D  Sent sync message: Type 2 to d609cd9429f593ed packet id e26ad1b5adeec5d113e0940e688bedd2\
2026-01-06 19:08:47.023 12950-12966 GossipSyncManager       com.gap.droid                        D  Sent sync message: Type 2 to d609cd9429f593ed packet id 4982adb274119cf096e83d305502b900\
2026-01-06 19:08:47.029 12950-12966 GossipSyncManager       com.gap.droid                        D  Sent sync message: Type 2 to d609cd9429f593ed packet id 7740d9e8aedf68a8f48d93131e22c7c5\
2026-01-06 19:08:47.032 12950-12966 GossipSyncManager       com.gap.droid                        D  Sent sync message: Type 2 to d609cd9429f593ed packet id 3d39f3689f80df0619187e4f93abaa71\
2026-01-06 19:08:47.036 12950-12966 GossipSyncManager       com.gap.droid                        D  Sent sync message: Type 2 to d609cd9429f593ed packet id 4fc2916d2ff5e56897a05d7f124d2b48\
2026-01-06 19:08:47.040 12950-12966 GossipSyncManager       com.gap.droid                        D  Sent sync message: Type 2 to d609cd9429f593ed packet id f12395f7f9e3b9d10df553b70428f977\
2026-01-06 19:08:47.044 12950-12966 GossipSyncManager       com.gap.droid                        D  Sent sync message: Type 2 to d609cd9429f593ed packet id 6aacfc8ca04bb940505564f62b3a504c\
2026-01-06 19:08:47.048 12950-12966 GossipSyncManager       com.gap.droid                        D  Sent sync message: Type 2 to d609cd9429f593ed packet id d2f3a607230038f49334b4efa5cd3813\
2026-01-06 19:08:47.053 12950-12966 GossipSyncManager       com.gap.droid                        D  Sent sync message: Type 2 to d609cd9429f593ed packet id da181d4f73a144f376ee649c9f523939\
2026-01-06 19:08:47.054 12950-12966 GossipSyncManager       com.gap.droid                        D  Sent sync message: Type 2 to d609cd9429f593ed packet id cac51e7acbc0196f072de62596dbd85a\
2026-01-06 19:08:47.054 12950-12966 PacketRelayManager      com.gap.droid                        D  Evaluating relay for packet type 33 from d609cd9429f593ed (TTL: 0)\
2026-01-06 19:08:47.054 12950-12966 PacketRelayManager      com.gap.droid                        D  TTL expired, not relaying packet\
2026-01-06 19:08:47.054 12950-12966 PacketProcessor         com.gap.droid                        D  Completed packet type 33 from d609cd9429f593ed (anon6956)\
2026-01-06 19:08:47.070 12950-13092 BluetoothG...entManager com.gap.droid                        I  Client: Received packet from 51:CA:FD:EB:38:6B, size: 416 bytes\
2026-01-06 19:08:47.071 12950-13092 BluetoothG...entManager com.gap.droid                        D  Client: Parsed packet type 33 from d609cd9429f593ed\
2026-01-06 19:08:47.071 12950-13092 BluetoothC...ionManager com.gap.droid                        D  onPacketReceived: Packet received from 51:CA:FD:EB:38:6B (d609cd9429f593ed)\
2026-01-06 19:08:47.072 12950-13092 PacketProcessor         com.gap.droid                        D  processPacket 33\
2026-01-06 19:08:47.073 12950-12966 PacketProcessor         com.gap.droid                        D  \uc0\u55357 \u56550  Processing packet type 33 from d609cd9429f593ed (anon6956) (serialized)\
2026-01-06 19:08:47.073 12950-12966 SecurityManager         com.gap.droid                        D  Packet validation passed for d609cd9429f593ed, messageID: 1767744526948-d609cd9429f593ed-1850106418\
2026-01-06 19:08:47.074 12950-12966 PacketProcessor         com.gap.droid                        D  Processing packet type REQUEST_SYNC from d609cd9429f593ed (anon6956)\
2026-01-06 19:08:47.074 12950-12966 PacketProcessor         com.gap.droid                        D  Processing REQUEST_SYNC from d609cd9429f593ed (anon6956)\
2026-01-06 19:08:47.079 12950-12966 GossipSyncManager       com.gap.droid                        D  Sent sync announce: Type 1 from d609cd9429f593ed to d609cd9429f593ed packet id 2751762b927fe7e5a919cc7c8de65fa6\
2026-01-06 19:08:47.086 12950-12966 GossipSyncManager       com.gap.droid                        D  Sent sync announce: Type 1 from 04f4812dfdeb3635 to d609cd9429f593ed packet id cc75d0bfe51527a81baf7540ae28a1f6\
2026-01-06 19:08:47.090 12950-12966 GossipSyncManager       com.gap.droid                        D  Sent sync announce: Type 1 from b233b2819085bf73 to d609cd9429f593ed packet id ac6397a834bced6f684a9c1606079b87\
2026-01-06 19:08:47.091 12950-12966 GossipSyncManager       com.gap.droid                        D  Sent sync announce: Type 1 from e5f62181a9a53bf9 to d609cd9429f593ed packet id e8d35c59d6cbfd3b89e392626d92320d\
2026-01-06 19:08:47.094 12950-12966 GossipSyncManager       com.gap.droid                        D  Sent sync announce: Type 1 from 5e33e195012786fa to d609cd9429f593ed packet id 0d2f2a871e9e36c5d8d4eec83ac743d3\
2026-01-06 19:08:47.097 12950-12966 GossipSyncManager       com.gap.droid                        D  Sent sync message: Type 2 to d609cd9429f593ed packet id 8449de1cf1d7bdc190c274e5b384e6f2\
2026-01-06 19:08:47.103 12950-12966 GossipSyncManager       com.gap.droid                        D  Sent sync message: Type 2 to d609cd9429f593ed packet id 9d02530ff8d12299e77c695bd65ba8e7\
2026-01-06 19:08:47.108 12950-12966 GossipSyncManager       com.gap.droid                        D  Sent sync message: Type 2 to d609cd9429f593ed packet id 43e72f0d94e444466d75e3c6b00585cf\
2026-01-06 19:08:47.109 12950-12966 GossipSyncManager       com.gap.droid                        D  Sent sync message: Type 2 to d609cd9429f593ed packet id b65a3904e63dea9895b31bac2dbe27a2\
2026-01-06 19:08:47.113 12950-12966 GossipSyncManager       com.gap.droid                        D  Sent sync message: Type 2 to d609cd9429f593ed packet id 677c1ee7db1d4f2b4ea561482b0cc85a\
2026-01-06 19:08:47.118 12950-12966 GossipSyncManager       com.gap.droid                        D  Sent sync message: Type 2 to d609cd9429f593ed packet id f3fea899221362354bdfe2dba7621b3a\
2026-01-06 19:08:47.120 12950-13092 BluetoothG...entManager com.gap.droid                        I  Client: Received packet from 51:CA:FD:EB:38:6B, size: 110 bytes\
2026-01-06 19:08:47.121 12950-13092 BluetoothG...entManager com.gap.droid                        D  Client: Parsed packet type 33 from d609cd9429f593ed\
2026-01-06 19:08:47.121 12950-13092 BluetoothC...ionManager com.gap.droid                        D  onPacketReceived: Packet received from 51:CA:FD:EB:38:6B (d609cd9429f593ed)\
2026-01-06 19:08:47.121 12950-13092 PacketProcessor         com.gap.droid                        D  processPacket 33\
2026-01-06 19:08:47.123 12950-13092 BluetoothG...entManager com.gap.droid                        I  Client: Received packet from 51:CA:FD:EB:38:6B, size: 123 bytes\
2026-01-06 19:08:47.124 12950-12966 GossipSyncManager       com.gap.droid                        D  Sent sync message: Type 2 to d609cd9429f593ed packet id 8cddcbc31f2e98b729cf5570f6f40646\
2026-01-06 19:08:47.124 12950-13092 BluetoothG...entManager com.gap.droid                        D  Client: Parsed packet type 33 from d609cd9429f593ed\
2026-01-06 19:08:47.125 12950-13092 BluetoothC...ionManager com.gap.droid                        D  onPacketReceived: Packet received from 51:CA:FD:EB:38:6B (d609cd9429f593ed)\
2026-01-06 19:08:47.125 12950-13092 PacketProcessor         com.gap.droid                        D  processPacket 33\
2026-01-06 19:08:47.125 12950-12966 GossipSyncManager       com.gap.droid                        D  Sent sync message: Type 2 to d609cd9429f593ed packet id f535150858f9e0fc0e137897413a38fe\
2026-01-06 19:08:47.126 12950-12966 GossipSyncManager       com.gap.droid                        D  Sent sync message: Type 2 to d609cd9429f593ed packet id 87a0ee200efde08f0243121b261bbd83\
2026-01-06 19:08:47.129 12950-12966 GossipSyncManager       com.gap.droid                        D  Sent sync message: Type 2 to d609cd9429f593ed packet id e26ad1b5adeec5d113e0940e688bedd2\
2026-01-06 19:08:47.132 12950-12966 GossipSyncManager       com.gap.droid                        D  Sent sync message: Type 2 to d609cd9429f593ed packet id 4982adb274119cf096e83d305502b900\
2026-01-06 19:08:47.136 12950-12966 GossipSyncManager       com.gap.droid                        D  Sent sync message: Type 2 to d609cd9429f593ed packet id 7740d9e8aedf68a8f48d93131e22c7c5\
2026-01-06 19:08:47.140 12950-12966 GossipSyncManager       com.gap.droid                        D  Sent sync message: Type 2 to d609cd9429f593ed packet id 3d39f3689f80df0619187e4f93abaa71\
2026-01-06 19:08:47.144 12950-12966 GossipSyncManager       com.gap.droid                        D  Sent sync message: Type 2 to d609cd9429f593ed packet id 4fc2916d2ff5e56897a05d7f124d2b48\
2026-01-06 19:08:47.149 12950-12966 GossipSyncManager       com.gap.droid                        D  Sent sync message: Type 2 to d609cd9429f593ed packet id 134ed81820195683d60d7166bc3eeead\
2026-01-06 19:08:47.153 12950-12966 GossipSyncManager       com.gap.droid                        D  Sent sync message: Type 2 to d609cd9429f593ed packet id f12395f7f9e3b9d10df553b70428f977\
2026-01-06 19:08:47.154 12950-13092 BluetoothG...verManager com.gap.droid                        I  Server: Received packet from 5D:35:93:E2:B3:F3, size: 256 bytes\
